候选域 34653
  解析 5000/34653
  解析 10000/34653
  解析 15000/34653
  解析 20000/34653
  解析 25000/34653
  解析 30000/34653
有效域 34612, charge@7.4 mean=-2.76

分层抽样统计（[区间]: 箱内总数 → 抽取数）:
  [ -20,  -15):    634 →  300
  [ -15,  -10):   2333 →  300
  [ -10,   -5):   7379 →  300
  [  -5,   +0):  13504 →  300
  [  +0,   +5):   8254 →  300
  [  +5,  +10):   1801 →  300
  [ +10,  +15):    308 →  300
  [ +15,  +20):     76 →   76
  合计 2176 域
选中 2176 域
  标签 200/2176
  标签 400/2176
  标签 600/2176
  标签 800/2176
  标签 1000/2176
  标签 1200/2176
  标签 1400/2176
  标签 1600/2176
  标签 1800/2176
  标签 2000/2176
已写 /data/nfs/IC/baokun_yu/ConfuMPNN/data/cath/labels_balanced_v5.npz（17408 样本）

条件向量 μ: [ 6.9874  1.     -0.1253  0.      0.      0.      0.    ]
条件向量 σ: [ 1.731   0.     11.3429  0.      0.      0.      0.    ]
μ/σ 已写入 /data/nfs/IC/baokun_yu/ConfuMPNN/code/configs/condition_defaults.yaml
