候选域 34653
  解析 5000/34653
  解析 10000/34653
  解析 15000/34653
  解析 20000/34653
  解析 25000/34653
  解析 30000/34653
有效域 34612, charge@7.4 mean=-2.76

分层抽样统计（[区间]: 箱内总数 → 抽取数）:
  [ -20,  -15):    634 →  100
  [ -15,  -10):   2333 →  100
  [ -10,   -5):   7379 →  100
  [  -5,   +0):  13504 →  100
  [  +0,   +5):   8254 →  100
  [  +5,  +10):   1801 →  100
  [ +10,  +15):    308 →  100
  [ +15,  +20):     76 →   76
  合计 776 域
选中 776 域
  标签 200/776
  标签 400/776
  标签 600/776
已写 /data/nfs/IC/baokun_yu/ConfuMPNN/data/cath/labels_balanced.npz（6208 样本）

条件向量 μ: [6.9783 1.     1.0674 0.     0.     0.     0.    ]
条件向量 σ: [ 1.7378  0.     11.988   0.      0.      0.      0.    ]
μ/σ 已写入 /data/nfs/IC/baokun_yu/ConfuMPNN/code/configs/condition_defaults.yaml
