候选域 34653
  解析 5000/34653
  解析 10000/34653
  解析 15000/34653
  解析 20000/34653
  解析 25000/34653
  解析 30000/34653
有效域 34612, charge@7.4 mean=-2.76

三类等量抽样统计（[类]: 总数 → 抽取数）:
  acid    :  10645 → 2500
  neutral :  21758 → 2500
  basic   :   2209 → 2209
  合计 7209 域
选中 7209 域
  标签 200/7209
  标签 400/7209
  标签 600/7209
  标签 800/7209
  标签 1000/7209
  标签 1200/7209
  标签 1400/7209
  标签 1600/7209
  标签 1800/7209
  标签 2000/7209
  标签 2200/7209
  标签 2400/7209
  标签 2600/7209
  标签 2800/7209
  标签 3000/7209
  标签 3200/7209
  标签 3400/7209
  标签 3600/7209
  标签 3800/7209
  标签 4000/7209
  标签 4200/7209
  标签 4400/7209
  标签 4600/7209
  标签 4800/7209
  标签 5000/7209
  标签 5200/7209
  标签 5400/7209
  标签 5600/7209
  标签 5800/7209
  标签 6000/7209
  标签 6200/7209
  标签 6400/7209
  标签 6600/7209
  标签 6800/7209
  标签 7000/7209
  标签 7200/7209
已写 /data/nfs/IC/baokun_yu/ConfuMPNN/data/cath/labels_balanced_v6.npz（57672 样本）

条件向量 μ: [6.9976 1.     0.5296 0.     0.     0.     0.    ]
条件向量 σ: [1.7304 0.     9.1992 0.     0.     0.     0.    ]
μ/σ 已写入 /data/nfs/IC/baokun_yu/ConfuMPNN/code/configs/condition_defaults.yaml
