ESMFold 加载完成（cuda）
批量模式：找到 9 个 seqs.fa
[output/ph_scan/1BC8_chainC/pH5/seqs.fa] 共 51 条序列
  seed_111 pH=5.0 target=+11 cha   L=  93  mean_pLDDT= 78.90
  seed_112 pH=5.0 target=+11 cha   L=  93  mean_pLDDT= 83.48
  seed_113 pH=5.0 target=+11 cha   L=  93  mean_pLDDT= 81.31
  seed_114 pH=5.0 target=+11 cha   L=  93  mean_pLDDT= 80.43
  seed_115 pH=5.0 target=+11 cha   L=  93  mean_pLDDT= 78.74
  seed_116 pH=5.0 target=+11 cha   L=  93  mean_pLDDT= 82.27
  seed_117 pH=5.0 target=+11 cha   L=  93  mean_pLDDT= 80.99
  seed_118 pH=5.0 target=+11 cha   L=  93  mean_pLDDT= 82.36
  seed_119 pH=5.0 target=+11 cha   L=  93  mean_pLDDT= 72.01
  seed_120 pH=5.0 target=+11 cha   L=  93  mean_pLDDT= 55.32
  seed_121 pH=5.0 target=+11 cha   L=  93  mean_pLDDT= 81.10
  seed_122 pH=5.0 target=+11 cha   L=  93  mean_pLDDT= 79.92
  seed_123 pH=5.0 target=+11 cha   L=  93  mean_pLDDT= 78.71
  seed_124 pH=5.0 target=+11 cha   L=  93  mean_pLDDT= 67.44
  seed_125 pH=5.0 target=+11 cha   L=  93  mean_pLDDT= 74.48
  seed_126 pH=5.0 target=+11 cha   L=  93  mean_pLDDT= 81.07
  seed_127 pH=5.0 target=+11 cha   L=  93  mean_pLDDT= 83.66
  seed_128 pH=5.0 target=+11 cha   L=  93  mean_pLDDT= 78.98
  seed_129 pH=5.0 target=+11 cha   L=  93  mean_pLDDT= 78.42
  seed_130 pH=5.0 target=+11 cha   L=  93  mean_pLDDT= 77.87
  seed_131 pH=5.0 target=+11 cha   L=  93  mean_pLDDT= 80.04
  seed_132 pH=5.0 target=+11 cha   L=  93  mean_pLDDT= 84.73
  seed_133 pH=5.0 target=+11 cha   L=  93  mean_pLDDT= 79.80
  seed_134 pH=5.0 target=+11 cha   L=  93  mean_pLDDT= 78.59
  seed_135 pH=5.0 target=+11 cha   L=  93  mean_pLDDT= 78.39
  seed_136 pH=5.0 target=+11 cha   L=  93  mean_pLDDT= 79.85
  seed_137 pH=5.0 target=+11 cha   L=  93  mean_pLDDT= 79.49
  seed_138 pH=5.0 target=+11 cha   L=  93  mean_pLDDT= 79.14
  seed_139 pH=5.0 target=+11 cha   L=  93  mean_pLDDT= 83.24
  seed_140 pH=5.0 target=+11 cha   L=  93  mean_pLDDT= 78.28
  seed_141 pH=5.0 target=+11 cha   L=  93  mean_pLDDT= 50.15
  seed_142 pH=5.0 target=+11 cha   L=  93  mean_pLDDT= 82.32
  seed_143 pH=5.0 target=+11 cha   L=  93  mean_pLDDT= 78.71
  seed_144 pH=5.0 target=+11 cha   L=  93  mean_pLDDT= 81.05
  seed_145 pH=5.0 target=+11 cha   L=  93  mean_pLDDT= 77.13
  seed_146 pH=5.0 target=+11 cha   L=  93  mean_pLDDT= 81.58
  seed_147 pH=5.0 target=+11 cha   L=  93  mean_pLDDT= 70.05
  seed_148 pH=5.0 target=+11 cha   L=  93  mean_pLDDT= 79.91
  seed_149 pH=5.0 target=+11 cha   L=  93  mean_pLDDT= 70.30
  seed_150 pH=5.0 target=+11 cha   L=  93  mean_pLDDT= 56.00
  seed_151 pH=5.0 target=+11 cha   L=  93  mean_pLDDT= 47.33
  seed_152 pH=5.0 target=+11 cha   L=  93  mean_pLDDT= 79.99
  seed_153 pH=5.0 target=+11 cha   L=  93  mean_pLDDT= 73.26
  seed_154 pH=5.0 target=+11 cha   L=  93  mean_pLDDT= 81.16
  seed_155 pH=5.0 target=+11 cha   L=  93  mean_pLDDT= 78.35
  seed_156 pH=5.0 target=+11 cha   L=  93  mean_pLDDT= 79.20
  seed_157 pH=5.0 target=+11 cha   L=  93  mean_pLDDT= 81.49
  seed_158 pH=5.0 target=+11 cha   L=  93  mean_pLDDT= 82.07
  seed_159 pH=5.0 target=+11 cha   L=  93  mean_pLDDT= 79.82
  seed_160 pH=5.0 target=+11 cha   L=  93  mean_pLDDT= 55.97
  native pH=5.0 charge=+10.63      L=  93  mean_pLDDT= 80.45
  已写入 output/ph_scan/1BC8_chainC/pH5/plddt.csv
[output/ph_scan/1BC8_chainC/pH7.4/seqs.fa] 共 51 条序列
  seed_111 pH=7.4 target=+9 char   L=  93  mean_pLDDT= 79.65
  seed_112 pH=7.4 target=+9 char   L=  93  mean_pLDDT= 83.49
  seed_113 pH=7.4 target=+9 char   L=  93  mean_pLDDT= 80.78
  seed_114 pH=7.4 target=+9 char   L=  93  mean_pLDDT= 80.97
  seed_115 pH=7.4 target=+9 char   L=  93  mean_pLDDT= 79.56
  seed_116 pH=7.4 target=+9 char   L=  93  mean_pLDDT= 81.55
  seed_117 pH=7.4 target=+9 char   L=  93  mean_pLDDT= 81.58
  seed_118 pH=7.4 target=+9 char   L=  93  mean_pLDDT= 82.86
  seed_119 pH=7.4 target=+9 char   L=  93  mean_pLDDT= 78.77
  seed_120 pH=7.4 target=+9 char   L=  93  mean_pLDDT= 57.87
  seed_121 pH=7.4 target=+9 char   L=  93  mean_pLDDT= 81.20
  seed_122 pH=7.4 target=+9 char   L=  93  mean_pLDDT= 81.72
  seed_123 pH=7.4 target=+9 char   L=  93  mean_pLDDT= 79.67
  seed_124 pH=7.4 target=+9 char   L=  93  mean_pLDDT= 69.13
  seed_125 pH=7.4 target=+9 char   L=  93  mean_pLDDT= 70.18
  seed_126 pH=7.4 target=+9 char   L=  93  mean_pLDDT= 81.35
  seed_127 pH=7.4 target=+9 char   L=  93  mean_pLDDT= 82.00
  seed_128 pH=7.4 target=+9 char   L=  93  mean_pLDDT= 77.29
  seed_129 pH=7.4 target=+9 char   L=  93  mean_pLDDT= 80.55
  seed_130 pH=7.4 target=+9 char   L=  93  mean_pLDDT= 80.68
  seed_131 pH=7.4 target=+9 char   L=  93  mean_pLDDT= 80.46
  seed_132 pH=7.4 target=+9 char   L=  93  mean_pLDDT= 84.66
  seed_133 pH=7.4 target=+9 char   L=  93  mean_pLDDT= 79.87
  seed_134 pH=7.4 target=+9 char   L=  93  mean_pLDDT= 83.35
  seed_135 pH=7.4 target=+9 char   L=  93  mean_pLDDT= 77.96
  seed_136 pH=7.4 target=+9 char   L=  93  mean_pLDDT= 82.62
  seed_137 pH=7.4 target=+9 char   L=  93  mean_pLDDT= 79.20
  seed_138 pH=7.4 target=+9 char   L=  93  mean_pLDDT= 82.52
  seed_139 pH=7.4 target=+9 char   L=  93  mean_pLDDT= 81.96
  seed_140 pH=7.4 target=+9 char   L=  93  mean_pLDDT= 77.66
  seed_141 pH=7.4 target=+9 char   L=  93  mean_pLDDT= 50.66
  seed_142 pH=7.4 target=+9 char   L=  93  mean_pLDDT= 80.80
  seed_143 pH=7.4 target=+9 char   L=  93  mean_pLDDT= 77.60
  seed_144 pH=7.4 target=+9 char   L=  93  mean_pLDDT= 82.99
  seed_145 pH=7.4 target=+9 char   L=  93  mean_pLDDT= 65.59
  seed_146 pH=7.4 target=+9 char   L=  93  mean_pLDDT= 80.47
  seed_147 pH=7.4 target=+9 char   L=  93  mean_pLDDT= 67.86
  seed_148 pH=7.4 target=+9 char   L=  93  mean_pLDDT= 77.24
  seed_149 pH=7.4 target=+9 char   L=  93  mean_pLDDT= 66.22
  seed_150 pH=7.4 target=+9 char   L=  93  mean_pLDDT= 59.85
  seed_151 pH=7.4 target=+9 char   L=  93  mean_pLDDT= 77.43
  seed_152 pH=7.4 target=+9 char   L=  93  mean_pLDDT= 81.93
  seed_153 pH=7.4 target=+9 char   L=  93  mean_pLDDT= 53.44
  seed_154 pH=7.4 target=+9 char   L=  93  mean_pLDDT= 79.43
  seed_155 pH=7.4 target=+9 char   L=  93  mean_pLDDT= 78.77
  seed_156 pH=7.4 target=+9 char   L=  93  mean_pLDDT= 81.38
  seed_157 pH=7.4 target=+9 char   L=  93  mean_pLDDT= 81.79
  seed_158 pH=7.4 target=+9 char   L=  93  mean_pLDDT= 82.17
  seed_159 pH=7.4 target=+9 char   L=  93  mean_pLDDT= 79.77
  seed_160 pH=7.4 target=+9 char   L=  93  mean_pLDDT= 48.68
  native pH=7.4 charge=+8.90       L=  93  mean_pLDDT= 80.45
  已写入 output/ph_scan/1BC8_chainC/pH7.4/plddt.csv
[output/ph_scan/1BC8_chainC/pH9/seqs.fa] 共 51 条序列
  seed_111 pH=9.0 target=+7 char   L=  93  mean_pLDDT= 77.80
  seed_112 pH=9.0 target=+7 char   L=  93  mean_pLDDT= 83.90
  seed_113 pH=9.0 target=+7 char   L=  93  mean_pLDDT= 81.91
  seed_114 pH=9.0 target=+7 char   L=  93  mean_pLDDT= 82.39
  seed_115 pH=9.0 target=+7 char   L=  93  mean_pLDDT= 68.83
  seed_116 pH=9.0 target=+7 char   L=  93  mean_pLDDT= 81.60
  seed_117 pH=9.0 target=+7 char   L=  93  mean_pLDDT= 81.54
  seed_118 pH=9.0 target=+7 char   L=  93  mean_pLDDT= 83.13
  seed_119 pH=9.0 target=+7 char   L=  93  mean_pLDDT= 75.53
  seed_120 pH=9.0 target=+7 char   L=  93  mean_pLDDT= 80.35
  seed_121 pH=9.0 target=+7 char   L=  93  mean_pLDDT= 80.53
  seed_122 pH=9.0 target=+7 char   L=  93  mean_pLDDT= 83.23
  seed_123 pH=9.0 target=+7 char   L=  93  mean_pLDDT= 69.43
  seed_124 pH=9.0 target=+7 char   L=  93  mean_pLDDT= 69.53
  seed_125 pH=9.0 target=+7 char   L=  93  mean_pLDDT= 76.87
  seed_126 pH=9.0 target=+7 char   L=  93  mean_pLDDT= 84.08
  seed_127 pH=9.0 target=+7 char   L=  93  mean_pLDDT= 77.27
  seed_128 pH=9.0 target=+7 char   L=  93  mean_pLDDT= 69.29
  seed_129 pH=9.0 target=+7 char   L=  93  mean_pLDDT= 79.33
  seed_130 pH=9.0 target=+7 char   L=  93  mean_pLDDT= 81.38
  seed_131 pH=9.0 target=+7 char   L=  93  mean_pLDDT= 82.51
  seed_132 pH=9.0 target=+7 char   L=  93  mean_pLDDT= 85.35
  seed_133 pH=9.0 target=+7 char   L=  93  mean_pLDDT= 54.25
  seed_134 pH=9.0 target=+7 char   L=  93  mean_pLDDT= 79.68
  seed_135 pH=9.0 target=+7 char   L=  93  mean_pLDDT= 78.37
  seed_136 pH=9.0 target=+7 char   L=  93  mean_pLDDT= 78.91
  seed_137 pH=9.0 target=+7 char   L=  93  mean_pLDDT= 81.09
  seed_138 pH=9.0 target=+7 char   L=  93  mean_pLDDT= 67.47
  seed_139 pH=9.0 target=+7 char   L=  93  mean_pLDDT= 82.13
  seed_140 pH=9.0 target=+7 char   L=  93  mean_pLDDT= 70.10
  seed_141 pH=9.0 target=+7 char   L=  93  mean_pLDDT= 77.99
  seed_142 pH=9.0 target=+7 char   L=  93  mean_pLDDT= 74.98
  seed_143 pH=9.0 target=+7 char   L=  93  mean_pLDDT= 80.65
  seed_144 pH=9.0 target=+7 char   L=  93  mean_pLDDT= 81.57
  seed_145 pH=9.0 target=+7 char   L=  93  mean_pLDDT= 72.28
  seed_146 pH=9.0 target=+7 char   L=  93  mean_pLDDT= 68.30
  seed_147 pH=9.0 target=+7 char   L=  93  mean_pLDDT= 82.44
  seed_148 pH=9.0 target=+7 char   L=  93  mean_pLDDT= 77.93
  seed_149 pH=9.0 target=+7 char   L=  93  mean_pLDDT= 70.73
  seed_150 pH=9.0 target=+7 char   L=  93  mean_pLDDT= 79.56
  seed_151 pH=9.0 target=+7 char   L=  93  mean_pLDDT= 81.53
  seed_152 pH=9.0 target=+7 char   L=  93  mean_pLDDT= 82.07
  seed_153 pH=9.0 target=+7 char   L=  93  mean_pLDDT= 73.21
  seed_154 pH=9.0 target=+7 char   L=  93  mean_pLDDT= 80.55
  seed_155 pH=9.0 target=+7 char   L=  93  mean_pLDDT= 80.56
  seed_156 pH=9.0 target=+7 char   L=  93  mean_pLDDT= 82.77
  seed_157 pH=9.0 target=+7 char   L=  93  mean_pLDDT= 81.29
  seed_158 pH=9.0 target=+7 char   L=  93  mean_pLDDT= 80.88
  seed_159 pH=9.0 target=+7 char   L=  93  mean_pLDDT= 80.33
  seed_160 pH=9.0 target=+7 char   L=  93  mean_pLDDT= 76.59
  native pH=9.0 charge=+7.22       L=  93  mean_pLDDT= 80.45
  已写入 output/ph_scan/1BC8_chainC/pH9/plddt.csv
[output/ph_scan/1FQG/pH5/seqs.fa] 共 51 条序列
  seed_111 pH=5.0 target=+4 char   L= 263  mean_pLDDT= 89.24
  seed_112 pH=5.0 target=+4 char   L= 263  mean_pLDDT= 90.62
  seed_113 pH=5.0 target=+4 char   L= 263  mean_pLDDT= 89.02
  seed_114 pH=5.0 target=+4 char   L= 263  mean_pLDDT= 90.14
  seed_115 pH=5.0 target=+4 char   L= 263  mean_pLDDT= 91.71
  seed_116 pH=5.0 target=+4 char   L= 263  mean_pLDDT= 88.93
  seed_117 pH=5.0 target=+4 char   L= 263  mean_pLDDT= 91.41
  seed_118 pH=5.0 target=+4 char   L= 263  mean_pLDDT= 90.58
  seed_119 pH=5.0 target=+4 char   L= 263  mean_pLDDT= 88.11
  seed_120 pH=5.0 target=+4 char   L= 263  mean_pLDDT= 90.78
  seed_121 pH=5.0 target=+4 char   L= 263  mean_pLDDT= 90.46
  seed_122 pH=5.0 target=+4 char   L= 263  mean_pLDDT= 90.15
  seed_123 pH=5.0 target=+4 char   L= 263  mean_pLDDT= 90.05
  seed_124 pH=5.0 target=+4 char   L= 263  mean_pLDDT= 91.69
  seed_125 pH=5.0 target=+4 char   L= 263  mean_pLDDT= 90.66
  seed_126 pH=5.0 target=+4 char   L= 263  mean_pLDDT= 91.68
  seed_127 pH=5.0 target=+4 char   L= 263  mean_pLDDT= 89.62
  seed_128 pH=5.0 target=+4 char   L= 263  mean_pLDDT= 90.97
  seed_129 pH=5.0 target=+4 char   L= 263  mean_pLDDT= 90.03
  seed_130 pH=5.0 target=+4 char   L= 263  mean_pLDDT= 89.80
  seed_131 pH=5.0 target=+4 char   L= 263  mean_pLDDT= 89.40
  seed_132 pH=5.0 target=+4 char   L= 263  mean_pLDDT= 94.50
  seed_133 pH=5.0 target=+4 char   L= 263  mean_pLDDT= 89.94
  seed_134 pH=5.0 target=+4 char   L= 263  mean_pLDDT= 87.82
  seed_135 pH=5.0 target=+4 char   L= 263  mean_pLDDT= 93.71
  seed_136 pH=5.0 target=+4 char   L= 263  mean_pLDDT= 90.32
  seed_137 pH=5.0 target=+4 char   L= 263  mean_pLDDT= 89.39
  seed_138 pH=5.0 target=+4 char   L= 263  mean_pLDDT= 90.18
  seed_139 pH=5.0 target=+4 char   L= 263  mean_pLDDT= 88.41
  seed_140 pH=5.0 target=+4 char   L= 263  mean_pLDDT= 89.91
  seed_141 pH=5.0 target=+4 char   L= 263  mean_pLDDT= 89.71
  seed_142 pH=5.0 target=+4 char   L= 263  mean_pLDDT= 90.07
  seed_143 pH=5.0 target=+4 char   L= 263  mean_pLDDT= 90.97
  seed_144 pH=5.0 target=+4 char   L= 263  mean_pLDDT= 91.03
  seed_145 pH=5.0 target=+4 char   L= 263  mean_pLDDT= 93.46
  seed_146 pH=5.0 target=+4 char   L= 263  mean_pLDDT= 93.47
  seed_147 pH=5.0 target=+4 char   L= 263  mean_pLDDT= 92.54
  seed_148 pH=5.0 target=+4 char   L= 263  mean_pLDDT= 85.46
  seed_149 pH=5.0 target=+4 char   L= 263  mean_pLDDT= 88.20
  seed_150 pH=5.0 target=+4 char   L= 263  mean_pLDDT= 91.16
  seed_151 pH=5.0 target=+4 char   L= 263  mean_pLDDT= 90.40
  seed_152 pH=5.0 target=+4 char   L= 263  mean_pLDDT= 91.45
  seed_153 pH=5.0 target=+4 char   L= 263  mean_pLDDT= 90.82
  seed_154 pH=5.0 target=+4 char   L= 263  mean_pLDDT= 89.37
  seed_155 pH=5.0 target=+4 char   L= 263  mean_pLDDT= 89.70
  seed_156 pH=5.0 target=+4 char   L= 263  mean_pLDDT= 90.24
  seed_157 pH=5.0 target=+4 char   L= 263  mean_pLDDT= 87.94
  seed_158 pH=5.0 target=+4 char   L= 263  mean_pLDDT= 86.57
  seed_159 pH=5.0 target=+4 char   L= 263  mean_pLDDT= 87.27
  seed_160 pH=5.0 target=+4 char   L= 263  mean_pLDDT= 89.89
  native pH=5.0 charge=+3.79       L= 263  mean_pLDDT= 90.54
  已写入 output/ph_scan/1FQG/pH5/plddt.csv
[output/ph_scan/1FQG/pH7.4/seqs.fa] 共 51 条序列
  seed_111 pH=7.4 target=-6 char   L= 263  mean_pLDDT= 91.85
  seed_112 pH=7.4 target=-6 char   L= 263  mean_pLDDT= 86.95
  seed_113 pH=7.4 target=-6 char   L= 263  mean_pLDDT= 89.07
  seed_114 pH=7.4 target=-6 char   L= 263  mean_pLDDT= 90.66
  seed_115 pH=7.4 target=-6 char   L= 263  mean_pLDDT= 89.50
  seed_116 pH=7.4 target=-6 char   L= 263  mean_pLDDT= 87.75
  seed_117 pH=7.4 target=-6 char   L= 263  mean_pLDDT= 87.73
  seed_118 pH=7.4 target=-6 char   L= 263  mean_pLDDT= 87.72
  seed_119 pH=7.4 target=-6 char   L= 263  mean_pLDDT= 90.23
  seed_120 pH=7.4 target=-6 char   L= 263  mean_pLDDT= 92.38
  seed_121 pH=7.4 target=-6 char   L= 263  mean_pLDDT= 92.45
  seed_122 pH=7.4 target=-6 char   L= 263  mean_pLDDT= 93.49
  seed_123 pH=7.4 target=-6 char   L= 263  mean_pLDDT= 85.91
  seed_124 pH=7.4 target=-6 char   L= 263  mean_pLDDT= 90.04
  seed_125 pH=7.4 target=-6 char   L= 263  mean_pLDDT= 92.93
  seed_126 pH=7.4 target=-6 char   L= 263  mean_pLDDT= 88.39
  seed_127 pH=7.4 target=-6 char   L= 263  mean_pLDDT= 94.96
  seed_128 pH=7.4 target=-6 char   L= 263  mean_pLDDT= 91.00
  seed_129 pH=7.4 target=-6 char   L= 263  mean_pLDDT= 89.57
  seed_130 pH=7.4 target=-6 char   L= 263  mean_pLDDT= 87.81
  seed_131 pH=7.4 target=-6 char   L= 263  mean_pLDDT= 88.94
  seed_132 pH=7.4 target=-6 char   L= 263  mean_pLDDT= 89.47
  seed_133 pH=7.4 target=-6 char   L= 263  mean_pLDDT= 91.24
  seed_134 pH=7.4 target=-6 char   L= 263  mean_pLDDT= 88.90
  seed_135 pH=7.4 target=-6 char   L= 263  mean_pLDDT= 92.88
  seed_136 pH=7.4 target=-6 char   L= 263  mean_pLDDT= 91.36
  seed_137 pH=7.4 target=-6 char   L= 263  mean_pLDDT= 86.11
  seed_138 pH=7.4 target=-6 char   L= 263  mean_pLDDT= 92.38
  seed_139 pH=7.4 target=-6 char   L= 263  mean_pLDDT= 92.57
  seed_140 pH=7.4 target=-6 char   L= 263  mean_pLDDT= 92.19
  seed_141 pH=7.4 target=-6 char   L= 263  mean_pLDDT= 93.90
  seed_142 pH=7.4 target=-6 char   L= 263  mean_pLDDT= 92.66
  seed_143 pH=7.4 target=-6 char   L= 263  mean_pLDDT= 92.54
  seed_144 pH=7.4 target=-6 char   L= 263  mean_pLDDT= 93.88
  seed_145 pH=7.4 target=-6 char   L= 263  mean_pLDDT= 92.88
  seed_146 pH=7.4 target=-6 char   L= 263  mean_pLDDT= 89.88
  seed_147 pH=7.4 target=-6 char   L= 263  mean_pLDDT= 92.35
  seed_148 pH=7.4 target=-6 char   L= 263  mean_pLDDT= 86.11
  seed_149 pH=7.4 target=-6 char   L= 263  mean_pLDDT= 93.93
  seed_150 pH=7.4 target=-6 char   L= 263  mean_pLDDT= 88.01
  seed_151 pH=7.4 target=-6 char   L= 263  mean_pLDDT= 91.88
  seed_152 pH=7.4 target=-6 char   L= 263  mean_pLDDT= 87.37
  seed_153 pH=7.4 target=-6 char   L= 263  mean_pLDDT= 93.09
  seed_154 pH=7.4 target=-6 char   L= 263  mean_pLDDT= 89.03
  seed_155 pH=7.4 target=-6 char   L= 263  mean_pLDDT= 92.72
  seed_156 pH=7.4 target=-6 char   L= 263  mean_pLDDT= 89.78
  seed_157 pH=7.4 target=-6 char   L= 263  mean_pLDDT= 91.49
  seed_158 pH=7.4 target=-6 char   L= 263  mean_pLDDT= 84.39
  seed_159 pH=7.4 target=-6 char   L= 263  mean_pLDDT= 92.84
  seed_160 pH=7.4 target=-6 char   L= 263  mean_pLDDT= 90.41
  native pH=7.4 charge=-6.00       L= 263  mean_pLDDT= 90.54
  已写入 output/ph_scan/1FQG/pH7.4/plddt.csv
[output/ph_scan/1FQG/pH9/seqs.fa] 共 51 条序列
  seed_111 pH=9.0 target=-8 char   L= 263  mean_pLDDT= 90.39
  seed_112 pH=9.0 target=-8 char   L= 263  mean_pLDDT= 93.00
  seed_113 pH=9.0 target=-8 char   L= 263  mean_pLDDT= 90.63
  seed_114 pH=9.0 target=-8 char   L= 263  mean_pLDDT= 92.53
  seed_115 pH=9.0 target=-8 char   L= 263  mean_pLDDT= 92.67
  seed_116 pH=9.0 target=-8 char   L= 263  mean_pLDDT= 93.04
  seed_117 pH=9.0 target=-8 char   L= 263  mean_pLDDT= 87.48
  seed_118 pH=9.0 target=-8 char   L= 263  mean_pLDDT= 93.16
  seed_119 pH=9.0 target=-8 char   L= 263  mean_pLDDT= 88.46
  seed_120 pH=9.0 target=-8 char   L= 263  mean_pLDDT= 92.37
  seed_121 pH=9.0 target=-8 char   L= 263  mean_pLDDT= 92.25
  seed_122 pH=9.0 target=-8 char   L= 263  mean_pLDDT= 92.37
  seed_123 pH=9.0 target=-8 char   L= 263  mean_pLDDT= 93.48
  seed_124 pH=9.0 target=-8 char   L= 263  mean_pLDDT= 90.39
  seed_125 pH=9.0 target=-8 char   L= 263  mean_pLDDT= 93.56
  seed_126 pH=9.0 target=-8 char   L= 263  mean_pLDDT= 92.09
  seed_127 pH=9.0 target=-8 char   L= 263  mean_pLDDT= 91.35
  seed_128 pH=9.0 target=-8 char   L= 263  mean_pLDDT= 89.48
  seed_129 pH=9.0 target=-8 char   L= 263  mean_pLDDT= 92.49
  seed_130 pH=9.0 target=-8 char   L= 263  mean_pLDDT= 88.55
  seed_131 pH=9.0 target=-8 char   L= 263  mean_pLDDT= 87.54
  seed_132 pH=9.0 target=-8 char   L= 263  mean_pLDDT= 89.14
  seed_133 pH=9.0 target=-8 char   L= 263  mean_pLDDT= 91.93
  seed_134 pH=9.0 target=-8 char   L= 263  mean_pLDDT= 91.89
  seed_135 pH=9.0 target=-8 char   L= 263  mean_pLDDT= 92.67
  seed_136 pH=9.0 target=-8 char   L= 263  mean_pLDDT= 91.45
  seed_137 pH=9.0 target=-8 char   L= 263  mean_pLDDT= 90.71
  seed_138 pH=9.0 target=-8 char   L= 263  mean_pLDDT= 91.96
  seed_139 pH=9.0 target=-8 char   L= 263  mean_pLDDT= 90.94
  seed_140 pH=9.0 target=-8 char   L= 263  mean_pLDDT= 91.69
  seed_141 pH=9.0 target=-8 char   L= 263  mean_pLDDT= 90.54
  seed_142 pH=9.0 target=-8 char   L= 263  mean_pLDDT= 92.24
  seed_143 pH=9.0 target=-8 char   L= 263  mean_pLDDT= 91.92
  seed_144 pH=9.0 target=-8 char   L= 263  mean_pLDDT= 93.96
  seed_145 pH=9.0 target=-8 char   L= 263  mean_pLDDT= 90.68
  seed_146 pH=9.0 target=-8 char   L= 263  mean_pLDDT= 91.09
  seed_147 pH=9.0 target=-8 char   L= 263  mean_pLDDT= 91.50
  seed_148 pH=9.0 target=-8 char   L= 263  mean_pLDDT= 86.43
  seed_149 pH=9.0 target=-8 char   L= 263  mean_pLDDT= 92.69
  seed_150 pH=9.0 target=-8 char   L= 263  mean_pLDDT= 92.78
  seed_151 pH=9.0 target=-8 char   L= 263  mean_pLDDT= 93.07
  seed_152 pH=9.0 target=-8 char   L= 263  mean_pLDDT= 88.75
  seed_153 pH=9.0 target=-8 char   L= 263  mean_pLDDT= 92.94
  seed_154 pH=9.0 target=-8 char   L= 263  mean_pLDDT= 86.69
  seed_155 pH=9.0 target=-8 char   L= 263  mean_pLDDT= 92.90
  seed_156 pH=9.0 target=-8 char   L= 263  mean_pLDDT= 88.99
  seed_157 pH=9.0 target=-8 char   L= 263  mean_pLDDT= 91.20
  seed_158 pH=9.0 target=-8 char   L= 263  mean_pLDDT= 84.61
  seed_159 pH=9.0 target=-8 char   L= 263  mean_pLDDT= 91.08
  seed_160 pH=9.0 target=-8 char   L= 263  mean_pLDDT= 89.53
  native pH=9.0 charge=-8.46       L= 263  mean_pLDDT= 90.54
  已写入 output/ph_scan/1FQG/pH9/plddt.csv
[output/ph_scan/1UBQ/pH5/seqs.fa] 共 51 条序列
  seed_111 pH=5.0 target=+2 char   L=  76  mean_pLDDT= 92.47
  seed_112 pH=5.0 target=+2 char   L=  76  mean_pLDDT= 89.97
  seed_113 pH=5.0 target=+2 char   L=  76  mean_pLDDT= 87.62
  seed_114 pH=5.0 target=+2 char   L=  76  mean_pLDDT= 89.56
  seed_115 pH=5.0 target=+2 char   L=  76  mean_pLDDT= 89.39
  seed_116 pH=5.0 target=+2 char   L=  76  mean_pLDDT= 87.79
  seed_117 pH=5.0 target=+2 char   L=  76  mean_pLDDT= 89.59
  seed_118 pH=5.0 target=+2 char   L=  76  mean_pLDDT= 90.10
  seed_119 pH=5.0 target=+2 char   L=  76  mean_pLDDT= 89.67
  seed_120 pH=5.0 target=+2 char   L=  76  mean_pLDDT= 89.72
  seed_121 pH=5.0 target=+2 char   L=  76  mean_pLDDT= 88.29
  seed_122 pH=5.0 target=+2 char   L=  76  mean_pLDDT= 89.39
  seed_123 pH=5.0 target=+2 char   L=  76  mean_pLDDT= 87.74
  seed_124 pH=5.0 target=+2 char   L=  76  mean_pLDDT= 91.41
  seed_125 pH=5.0 target=+2 char   L=  76  mean_pLDDT= 88.16
  seed_126 pH=5.0 target=+2 char   L=  76  mean_pLDDT= 90.50
  seed_127 pH=5.0 target=+2 char   L=  76  mean_pLDDT= 89.54
  seed_128 pH=5.0 target=+2 char   L=  76  mean_pLDDT= 89.32
  seed_129 pH=5.0 target=+2 char   L=  76  mean_pLDDT= 88.48
  seed_130 pH=5.0 target=+2 char   L=  76  mean_pLDDT= 89.36
  seed_131 pH=5.0 target=+2 char   L=  76  mean_pLDDT= 88.55
  seed_132 pH=5.0 target=+2 char   L=  76  mean_pLDDT= 88.45
  seed_133 pH=5.0 target=+2 char   L=  76  mean_pLDDT= 89.38
  seed_134 pH=5.0 target=+2 char   L=  76  mean_pLDDT= 90.40
  seed_135 pH=5.0 target=+2 char   L=  76  mean_pLDDT= 87.38
  seed_136 pH=5.0 target=+2 char   L=  76  mean_pLDDT= 90.71
  seed_137 pH=5.0 target=+2 char   L=  76  mean_pLDDT= 89.44
  seed_138 pH=5.0 target=+2 char   L=  76  mean_pLDDT= 87.29
  seed_139 pH=5.0 target=+2 char   L=  76  mean_pLDDT= 88.41
  seed_140 pH=5.0 target=+2 char   L=  76  mean_pLDDT= 87.65
  seed_141 pH=5.0 target=+2 char   L=  76  mean_pLDDT= 89.30
  seed_142 pH=5.0 target=+2 char   L=  76  mean_pLDDT= 89.53
  seed_143 pH=5.0 target=+2 char   L=  76  mean_pLDDT= 89.19
  seed_144 pH=5.0 target=+2 char   L=  76  mean_pLDDT= 89.63
  seed_145 pH=5.0 target=+2 char   L=  76  mean_pLDDT= 88.31
  seed_146 pH=5.0 target=+2 char   L=  76  mean_pLDDT= 88.34
  seed_147 pH=5.0 target=+2 char   L=  76  mean_pLDDT= 88.25
  seed_148 pH=5.0 target=+2 char   L=  76  mean_pLDDT= 89.49
  seed_149 pH=5.0 target=+2 char   L=  76  mean_pLDDT= 87.59
  seed_150 pH=5.0 target=+2 char   L=  76  mean_pLDDT= 88.37
  seed_151 pH=5.0 target=+2 char   L=  76  mean_pLDDT= 88.43
  seed_152 pH=5.0 target=+2 char   L=  76  mean_pLDDT= 90.98
  seed_153 pH=5.0 target=+2 char   L=  76  mean_pLDDT= 89.36
  seed_154 pH=5.0 target=+2 char   L=  76  mean_pLDDT= 89.26
  seed_155 pH=5.0 target=+2 char   L=  76  mean_pLDDT= 88.86
  seed_156 pH=5.0 target=+2 char   L=  76  mean_pLDDT= 89.90
  seed_157 pH=5.0 target=+2 char   L=  76  mean_pLDDT= 89.45
  seed_158 pH=5.0 target=+2 char   L=  76  mean_pLDDT= 88.82
  seed_159 pH=5.0 target=+2 char   L=  76  mean_pLDDT= 89.27
  seed_160 pH=5.0 target=+2 char   L=  76  mean_pLDDT= 88.98
  native pH=5.0 charge=+2.28       L=  76  mean_pLDDT= 85.83
  已写入 output/ph_scan/1UBQ/pH5/plddt.csv
[output/ph_scan/1UBQ/pH7.4/seqs.fa] 共 51 条序列
  seed_111 pH=7.4 target=+0 char   L=  76  mean_pLDDT= 92.96
  seed_112 pH=7.4 target=+0 char   L=  76  mean_pLDDT= 89.34
  seed_113 pH=7.4 target=+0 char   L=  76  mean_pLDDT= 87.64
  seed_114 pH=7.4 target=+0 char   L=  76  mean_pLDDT= 89.56
  seed_115 pH=7.4 target=+0 char   L=  76  mean_pLDDT= 89.93
  seed_116 pH=7.4 target=+0 char   L=  76  mean_pLDDT= 87.54
  seed_117 pH=7.4 target=+0 char   L=  76  mean_pLDDT= 90.00
  seed_118 pH=7.4 target=+0 char   L=  76  mean_pLDDT= 89.36
  seed_119 pH=7.4 target=+0 char   L=  76  mean_pLDDT= 90.50
  seed_120 pH=7.4 target=+0 char   L=  76  mean_pLDDT= 90.14
  seed_121 pH=7.4 target=+0 char   L=  76  mean_pLDDT= 89.24
  seed_122 pH=7.4 target=+0 char   L=  76  mean_pLDDT= 89.15
  seed_123 pH=7.4 target=+0 char   L=  76  mean_pLDDT= 87.93
  seed_124 pH=7.4 target=+0 char   L=  76  mean_pLDDT= 92.01
  seed_125 pH=7.4 target=+0 char   L=  76  mean_pLDDT= 87.74
  seed_126 pH=7.4 target=+0 char   L=  76  mean_pLDDT= 90.98
  seed_127 pH=7.4 target=+0 char   L=  76  mean_pLDDT= 90.28
  seed_128 pH=7.4 target=+0 char   L=  76  mean_pLDDT= 89.82
  seed_129 pH=7.4 target=+0 char   L=  76  mean_pLDDT= 88.69
  seed_130 pH=7.4 target=+0 char   L=  76  mean_pLDDT= 89.67
  seed_131 pH=7.4 target=+0 char   L=  76  mean_pLDDT= 88.65
  seed_132 pH=7.4 target=+0 char   L=  76  mean_pLDDT= 89.43
  seed_133 pH=7.4 target=+0 char   L=  76  mean_pLDDT= 89.28
  seed_134 pH=7.4 target=+0 char   L=  76  mean_pLDDT= 88.66
  seed_135 pH=7.4 target=+0 char   L=  76  mean_pLDDT= 87.88
  seed_136 pH=7.4 target=+0 char   L=  76  mean_pLDDT= 89.99
  seed_137 pH=7.4 target=+0 char   L=  76  mean_pLDDT= 89.74
  seed_138 pH=7.4 target=+0 char   L=  76  mean_pLDDT= 87.23
  seed_139 pH=7.4 target=+0 char   L=  76  mean_pLDDT= 88.14
  seed_140 pH=7.4 target=+0 char   L=  76  mean_pLDDT= 87.32
  seed_141 pH=7.4 target=+0 char   L=  76  mean_pLDDT= 89.48
  seed_142 pH=7.4 target=+0 char   L=  76  mean_pLDDT= 89.17
  seed_143 pH=7.4 target=+0 char   L=  76  mean_pLDDT= 89.44
  seed_144 pH=7.4 target=+0 char   L=  76  mean_pLDDT= 89.73
  seed_145 pH=7.4 target=+0 char   L=  76  mean_pLDDT= 89.44
  seed_146 pH=7.4 target=+0 char   L=  76  mean_pLDDT= 91.08
  seed_147 pH=7.4 target=+0 char   L=  76  mean_pLDDT= 89.49
  seed_148 pH=7.4 target=+0 char   L=  76  mean_pLDDT= 90.54
  seed_149 pH=7.4 target=+0 char   L=  76  mean_pLDDT= 87.49
  seed_150 pH=7.4 target=+0 char   L=  76  mean_pLDDT= 88.51
  seed_151 pH=7.4 target=+0 char   L=  76  mean_pLDDT= 87.96
  seed_152 pH=7.4 target=+0 char   L=  76  mean_pLDDT= 87.99
  seed_153 pH=7.4 target=+0 char   L=  76  mean_pLDDT= 89.32
  seed_154 pH=7.4 target=+0 char   L=  76  mean_pLDDT= 88.88
  seed_155 pH=7.4 target=+0 char   L=  76  mean_pLDDT= 88.66
  seed_156 pH=7.4 target=+0 char   L=  76  mean_pLDDT= 90.58
  seed_157 pH=7.4 target=+0 char   L=  76  mean_pLDDT= 89.29
  seed_158 pH=7.4 target=+0 char   L=  76  mean_pLDDT= 88.90
  seed_159 pH=7.4 target=+0 char   L=  76  mean_pLDDT= 90.79
  seed_160 pH=7.4 target=+0 char   L=  76  mean_pLDDT= 89.29
  native pH=7.4 charge=+0.03       L=  76  mean_pLDDT= 85.83
  已写入 output/ph_scan/1UBQ/pH7.4/plddt.csv
[output/ph_scan/1UBQ/pH9/seqs.fa] 共 51 条序列
  seed_111 pH=9.0 target=+0 char   L=  76  mean_pLDDT= 92.65
  seed_112 pH=9.0 target=+0 char   L=  76  mean_pLDDT= 87.66
  seed_113 pH=9.0 target=+0 char   L=  76  mean_pLDDT= 88.10
  seed_114 pH=9.0 target=+0 char   L=  76  mean_pLDDT= 88.69
  seed_115 pH=9.0 target=+0 char   L=  76  mean_pLDDT= 88.63
  seed_116 pH=9.0 target=+0 char   L=  76  mean_pLDDT= 88.94
  seed_117 pH=9.0 target=+0 char   L=  76  mean_pLDDT= 88.71
  seed_118 pH=9.0 target=+0 char   L=  76  mean_pLDDT= 88.61
  seed_119 pH=9.0 target=+0 char   L=  76  mean_pLDDT= 90.11
  seed_120 pH=9.0 target=+0 char   L=  76  mean_pLDDT= 90.28
  seed_121 pH=9.0 target=+0 char   L=  76  mean_pLDDT= 88.10
  seed_122 pH=9.0 target=+0 char   L=  76  mean_pLDDT= 89.50
  seed_123 pH=9.0 target=+0 char   L=  76  mean_pLDDT= 87.45
  seed_124 pH=9.0 target=+0 char   L=  76  mean_pLDDT= 90.90
  seed_125 pH=9.0 target=+0 char   L=  76  mean_pLDDT= 87.24
  seed_126 pH=9.0 target=+0 char   L=  76  mean_pLDDT= 90.33
  seed_127 pH=9.0 target=+0 char   L=  76  mean_pLDDT= 88.95
  seed_128 pH=9.0 target=+0 char   L=  76  mean_pLDDT= 89.10
  seed_129 pH=9.0 target=+0 char   L=  76  mean_pLDDT= 87.25
  seed_130 pH=9.0 target=+0 char   L=  76  mean_pLDDT= 89.67
  seed_131 pH=9.0 target=+0 char   L=  76  mean_pLDDT= 87.97
  seed_132 pH=9.0 target=+0 char   L=  76  mean_pLDDT= 87.91
  seed_133 pH=9.0 target=+0 char   L=  76  mean_pLDDT= 88.01
  seed_134 pH=9.0 target=+0 char   L=  76  mean_pLDDT= 89.55
  seed_135 pH=9.0 target=+0 char   L=  76  mean_pLDDT= 87.93
  seed_136 pH=9.0 target=+0 char   L=  76  mean_pLDDT= 88.68
  seed_137 pH=9.0 target=+0 char   L=  76  mean_pLDDT= 90.39
  seed_138 pH=9.0 target=+0 char   L=  76  mean_pLDDT= 87.50
  seed_139 pH=9.0 target=+0 char   L=  76  mean_pLDDT= 86.20
  seed_140 pH=9.0 target=+0 char   L=  76  mean_pLDDT= 87.99
  seed_141 pH=9.0 target=+0 char   L=  76  mean_pLDDT= 89.95
  seed_142 pH=9.0 target=+0 char   L=  76  mean_pLDDT= 89.30
  seed_143 pH=9.0 target=+0 char   L=  76  mean_pLDDT= 88.69
  seed_144 pH=9.0 target=+0 char   L=  76  mean_pLDDT= 89.51
  seed_145 pH=9.0 target=+0 char   L=  76  mean_pLDDT= 88.22
  seed_146 pH=9.0 target=+0 char   L=  76  mean_pLDDT= 89.21
  seed_147 pH=9.0 target=+0 char   L=  76  mean_pLDDT= 89.65
  seed_148 pH=9.0 target=+0 char   L=  76  mean_pLDDT= 89.50
  seed_149 pH=9.0 target=+0 char   L=  76  mean_pLDDT= 87.33
  seed_150 pH=9.0 target=+0 char   L=  76  mean_pLDDT= 88.81
  seed_151 pH=9.0 target=+0 char   L=  76  mean_pLDDT= 88.44
  seed_152 pH=9.0 target=+0 char   L=  76  mean_pLDDT= 87.43
  seed_153 pH=9.0 target=+0 char   L=  76  mean_pLDDT= 87.05
  seed_154 pH=9.0 target=+0 char   L=  76  mean_pLDDT= 88.50
  seed_155 pH=9.0 target=+0 char   L=  76  mean_pLDDT= 88.59
  seed_156 pH=9.0 target=+0 char   L=  76  mean_pLDDT= 90.36
  seed_157 pH=9.0 target=+0 char   L=  76  mean_pLDDT= 89.05
  seed_158 pH=9.0 target=+0 char   L=  76  mean_pLDDT= 88.24
  seed_159 pH=9.0 target=+0 char   L=  76  mean_pLDDT= 90.07
  seed_160 pH=9.0 target=+0 char   L=  76  mean_pLDDT= 88.34
  native pH=9.0 charge=-0.45       L=  76  mean_pLDDT= 85.83
  已写入 output/ph_scan/1UBQ/pH9/plddt.csv
