待回折 13 目录: ['_native', 'ligand_q10', 'ligand_q12', 'ligand_q6.87', 'ligand_q8', 'protein_q10', 'protein_q12', 'protein_q6.87', 'protein_q8', 'lig_C1', 'lig_C2', 'prot_C1', 'prot_C2']
[10:13:22] 暂无空闲卡，45s 后再试
[10:14:08] 暂无空闲卡，45s 后再试
[10:14:53] 暂无空闲卡，45s 后再试
[10:15:38] 暂无空闲卡，45s 后再试
[10:16:23] 暂无空闲卡，45s 后再试
[10:17:09] 暂无空闲卡，45s 后再试
[10:17:54] 暂无空闲卡，45s 后再试
[10:18:39] 暂无空闲卡，45s 后再试
[10:19:24] 暂无空闲卡，45s 后再试
[10:20:10] 暂无空闲卡，45s 后再试
[10:20:55] 暂无空闲卡，45s 后再试
[10:21:40] 暂无空闲卡，45s 后再试
[10:22:25] 暂无空闲卡，45s 后再试
[10:23:11] 暂无空闲卡，45s 后再试
[10:23:56] 暂无空闲卡，45s 后再试
[10:24:41] 暂无空闲卡，45s 后再试
[10:25:26] 暂无空闲卡，45s 后再试
[10:26:12] 暂无空闲卡，45s 后再试
[10:26:57] 暂无空闲卡，45s 后再试
[10:27:42] 暂无空闲卡，45s 后再试
[10:28:27] 暂无空闲卡，45s 后再试
[10:29:13] 回折 data/exp3/_native on GPU1 (n=1)
[10:30:47] GPU1 完成 _native rc=0 el=17.4min
[10:30:47] 回折 data/exp3/ligand_q10 on GPU4 (n=300)
[10:33:48] 回折 data/exp3/ligand_q12 on GPU1 (n=300)
[10:33:50] 回折 data/exp3/ligand_q6.87 on GPU2 (n=300)
[10:33:50] 回折 data/exp3/ligand_q8 on GPU6 (n=300)
[10:33:50] 回折 data/exp3/protein_q10 on GPU7 (n=300)
[10:42:08] GPU1 完成 ligand_q12 rc=0 el=28.8min
[10:42:53] GPU4 完成 ligand_q10 rc=0 el=29.5min
[10:42:53] GPU2 完成 ligand_q6.87 rc=0 el=29.5min
[10:42:53] GPU7 完成 protein_q10 rc=0 el=29.5min
[10:45:54] 回折 data/exp3/protein_q12 on GPU1 (n=300)
[10:46:00] 回折 data/exp3/protein_q6.87 on GPU2 (n=300)
[10:46:00] 回折 data/exp3/protein_q8 on GPU4 (n=300)
[10:46:00] 回折 data/exp4/lig_C1 on GPU7 (n=101)
[10:50:07] GPU7 完成 lig_C1 rc=0 el=36.7min
[10:50:07] 回折 data/exp4/lig_C2 on GPU7 (n=101)
[10:51:38] GPU6 完成 ligand_q8 rc=0 el=38.3min
[10:53:53] GPU7 完成 lig_C2 rc=0 el=40.5min
[10:54:39] GPU1 完成 protein_q12 rc=0 el=41.3min
[10:54:39] GPU2 完成 protein_q6.87 rc=0 el=41.3min
[10:58:25] GPU4 完成 protein_q8 rc=0 el=45.0min
[10:58:25] 暂无空闲卡，45s 后再试
[10:59:10] 暂无空闲卡，45s 后再试
[10:59:56] 暂无空闲卡，45s 后再试
[11:00:41] 暂无空闲卡，45s 后再试
[11:01:26] 暂无空闲卡，45s 后再试
[11:02:11] 暂无空闲卡，45s 后再试
[11:02:57] 暂无空闲卡，45s 后再试
[11:03:42] 暂无空闲卡，45s 后再试
[11:04:27] 暂无空闲卡，45s 后再试
[11:05:12] 暂无空闲卡，45s 后再试
[11:05:58] 暂无空闲卡，45s 后再试
[11:06:43] 暂无空闲卡，45s 后再试
[11:07:28] 暂无空闲卡，45s 后再试
[11:08:13] 暂无空闲卡，45s 后再试
[11:08:59] 暂无空闲卡，45s 后再试
[11:09:44] 暂无空闲卡，45s 后再试
[11:10:29] 暂无空闲卡，45s 后再试
[11:11:14] 暂无空闲卡，45s 后再试
[11:11:59] 暂无空闲卡，45s 后再试
[11:12:45] 暂无空闲卡，45s 后再试
[11:13:30] 暂无空闲卡，45s 后再试
[11:14:15] 暂无空闲卡，45s 后再试
[11:15:00] 暂无空闲卡，45s 后再试
[11:15:46] 回折 data/exp4/prot_C1 on GPU1 (n=101)
[11:18:46] GPU1 完成 prot_C1 rc=0 el=65.4min
[11:18:47] 暂无空闲卡，45s 后再试
[11:19:32] 暂无空闲卡，45s 后再试
[11:20:17] 暂无空闲卡，45s 后再试
[11:21:02] 暂无空闲卡，45s 后再试
[11:21:48] 暂无空闲卡，45s 后再试
[11:22:33] 暂无空闲卡，45s 后再试
[11:23:18] 暂无空闲卡，45s 后再试
[11:24:03] 暂无空闲卡，45s 后再试
[11:24:49] 回折 data/exp4/prot_C2 on GPU7 (n=101)
[11:27:49] GPU7 完成 prot_C2 rc=0 el=74.4min
回折全部结束。
