[11:25:38] == exp7b lig | device=cuda:6 n=60 pH=[5.0, 5.5, 6.0, 6.5, 7.0, 7.4, 8.0, 8.5, 9.0] T=['T1', 'T2', 'T3'] ==
[11:25:38] backbone=ligandmpnn_v_32_010_25.pt enc=finetune_epoch050.pt
    条件编码器已加载: finetune_epoch050.pt  (epoch=50, n_tokens=4, token_dim=128)
[11:25:42] 
=== 5O60_E L=209 q@pH: 5.0:+17.85 6.0:+13.76 7.4:+11.18 8.0:+10.95 9.0:+10.02 ===
[11:25:42]   [T2 cal] source=per-protein(5O60_E) slope=1.78 inter=-0.705
[11:26:34]   [T3 cal 5.0] slope=1.441 inter=0.5401 LOOCV=3.0
[11:27:26]   [T3 cal 5.5] slope=1.2953 inter=3.482 LOOCV=4.38
[11:28:17]   [T3 cal 6.0] slope=1.6548 inter=-2.0448 LOOCV=0.9
[11:29:09]   [T3 cal 6.5] slope=1.5592 inter=-1.8161 LOOCV=1.21
[11:30:00]   [T3 cal 7.0] slope=1.7119 inter=-2.246 LOOCV=2.26
[11:30:52]   [T3 cal 7.4] slope=1.6501 inter=-0.6175 LOOCV=1.62
[11:31:43]   [T3 cal 8.0] slope=1.6113 inter=-0.6391 LOOCV=0.56
[11:32:34]   [T3 cal 8.5] slope=1.7303 inter=-2.7327 LOOCV=2.9
[11:33:26]   [T3 cal 9.0] slope=1.5846 inter=-1.0181 LOOCV=1.18
[11:34:27]     [T1 5O60_E pH5.0 native] target=+18 eff=+18.000 n=60 (62s)
[11:35:29]     [T1 5O60_E pH5.0 n2] target=+16 eff=+16.000 n=60 (62s)
[11:36:32]     [T1 5O60_E pH5.0 p2] target=+20 eff=+20.000 n=60 (63s)
[11:37:33]     [T1 5O60_E pH5.0 n8] target=+10 eff=+10.000 n=60 (62s)
[11:38:35]     [T1 5O60_E pH5.0 p8] target=+26 eff=+26.000 n=60 (62s)
[11:39:37]     [T1 5O60_E pH5.5 native] target=+16 eff=+16.000 n=60 (62s)
[11:40:38]     [T1 5O60_E pH5.5 n2] target=+14 eff=+14.000 n=60 (62s)
[11:41:40]     [T1 5O60_E pH5.5 p2] target=+18 eff=+18.000 n=60 (62s)
[11:42:42]     [T1 5O60_E pH5.5 n8] target=+8 eff=+8.000 n=60 (62s)
[11:43:43]     [T1 5O60_E pH5.5 p8] target=+24 eff=+24.000 n=60 (62s)
[11:44:45]     [T1 5O60_E pH6.0 native] target=+14 eff=+14.000 n=60 (62s)
[11:45:46]     [T1 5O60_E pH6.0 n2] target=+12 eff=+12.000 n=60 (62s)
[11:46:48]     [T1 5O60_E pH6.0 p2] target=+16 eff=+16.000 n=60 (62s)
[11:47:49]     [T1 5O60_E pH6.0 n8] target=+6 eff=+6.000 n=60 (62s)
[11:48:51]     [T1 5O60_E pH6.0 p8] target=+22 eff=+22.000 n=60 (62s)
[11:49:53]     [T1 5O60_E pH6.5 native] target=+12 eff=+12.000 n=60 (62s)
[11:50:54]     [T1 5O60_E pH6.5 n2] target=+10 eff=+10.000 n=60 (62s)
[11:51:56]     [T1 5O60_E pH6.5 p2] target=+14 eff=+14.000 n=60 (62s)
[11:52:57]     [T1 5O60_E pH6.5 n8] target=+4 eff=+4.000 n=60 (62s)
[11:53:59]     [T1 5O60_E pH6.5 p8] target=+20 eff=+20.000 n=60 (62s)
[11:55:01]     [T1 5O60_E pH7.0 native] target=+11 eff=+11.000 n=60 (62s)
[11:56:02]     [T1 5O60_E pH7.0 n2] target=+9 eff=+9.000 n=60 (62s)
[11:57:04]     [T1 5O60_E pH7.0 p2] target=+13 eff=+13.000 n=60 (62s)
[11:58:05]     [T1 5O60_E pH7.0 n8] target=+3 eff=+3.000 n=60 (62s)
[11:59:07]     [T1 5O60_E pH7.0 p8] target=+19 eff=+19.000 n=60 (62s)
[12:00:09]     [T1 5O60_E pH7.4 native] target=+11 eff=+11.000 n=60 (62s)
[12:01:10]     [T1 5O60_E pH7.4 n2] target=+9 eff=+9.000 n=60 (62s)
[12:02:12]     [T1 5O60_E pH7.4 p2] target=+13 eff=+13.000 n=60 (62s)
[12:03:13]     [T1 5O60_E pH7.4 n8] target=+3 eff=+3.000 n=60 (62s)
[12:04:15]     [T1 5O60_E pH7.4 p8] target=+19 eff=+19.000 n=60 (62s)
[12:05:16]     [T1 5O60_E pH8.0 native] target=+11 eff=+11.000 n=60 (62s)
[12:06:18]     [T1 5O60_E pH8.0 n2] target=+9 eff=+9.000 n=60 (62s)
[12:07:20]     [T1 5O60_E pH8.0 p2] target=+13 eff=+13.000 n=60 (62s)
[12:08:21]     [T1 5O60_E pH8.0 n8] target=+3 eff=+3.000 n=60 (62s)
[12:09:23]     [T1 5O60_E pH8.0 p8] target=+19 eff=+19.000 n=60 (62s)
[12:10:25]     [T1 5O60_E pH8.5 native] target=+11 eff=+11.000 n=60 (62s)
[12:11:26]     [T1 5O60_E pH8.5 n2] target=+9 eff=+9.000 n=60 (61s)
[12:12:28]     [T1 5O60_E pH8.5 p2] target=+13 eff=+13.000 n=60 (62s)
[12:13:29]     [T1 5O60_E pH8.5 n8] target=+3 eff=+3.000 n=60 (62s)
[12:14:31]     [T1 5O60_E pH8.5 p8] target=+19 eff=+19.000 n=60 (62s)
[12:15:33]     [T1 5O60_E pH9.0 native] target=+10 eff=+10.000 n=60 (62s)
[12:16:35]     [T1 5O60_E pH9.0 n2] target=+8 eff=+8.000 n=60 (62s)
[12:17:37]     [T1 5O60_E pH9.0 p2] target=+12 eff=+12.000 n=60 (62s)
[12:18:39]     [T1 5O60_E pH9.0 n8] target=+2 eff=+2.000 n=60 (62s)
[12:19:40]     [T1 5O60_E pH9.0 p8] target=+18 eff=+18.000 n=60 (62s)
[12:20:42]     [T2 5O60_E pH5.0 native] target=+18 eff=+10.508 n=60 (61s)
[12:21:43]     [T2 5O60_E pH5.0 n2] target=+16 eff=+9.385 n=60 (62s)
[12:22:45]     [T2 5O60_E pH5.0 p2] target=+20 eff=+11.632 n=60 (62s)
[12:23:47]     [T2 5O60_E pH5.0 n8] target=+10 eff=+6.014 n=60 (62s)
[12:24:49]     [T2 5O60_E pH5.0 p8] target=+26 eff=+15.003 n=60 (62s)
[12:25:50]     [T2 5O60_E pH5.5 native] target=+16 eff=+9.385 n=60 (62s)
[12:26:43]     [T2 5O60_E pH5.5 n2] target=+14 eff=+8.261 n=60 (53s)
[12:27:35]     [T2 5O60_E pH5.5 p2] target=+18 eff=+10.508 n=60 (52s)
[12:28:29]     [T2 5O60_E pH5.5 n8] target=+8 eff=+4.890 n=60 (54s)
[12:29:24]     [T2 5O60_E pH5.5 p8] target=+24 eff=+13.879 n=60 (54s)
[12:30:18]     [T2 5O60_E pH6.0 native] target=+14 eff=+8.261 n=60 (55s)
[12:31:13]     [T2 5O60_E pH6.0 n2] target=+12 eff=+7.138 n=60 (55s)
[12:32:07]     [T2 5O60_E pH6.0 p2] target=+16 eff=+9.385 n=60 (54s)
[12:33:02]     [T2 5O60_E pH6.0 n8] target=+6 eff=+3.767 n=60 (55s)
[12:33:57]     [T2 5O60_E pH6.0 p8] target=+22 eff=+12.756 n=60 (55s)
[12:34:51]     [T2 5O60_E pH6.5 native] target=+12 eff=+7.138 n=60 (54s)
[12:35:45]     [T2 5O60_E pH6.5 n2] target=+10 eff=+6.014 n=60 (54s)
[12:36:40]     [T2 5O60_E pH6.5 p2] target=+14 eff=+8.261 n=60 (54s)
[12:37:34]     [T2 5O60_E pH6.5 n8] target=+4 eff=+2.643 n=60 (54s)
[12:38:29]     [T2 5O60_E pH6.5 p8] target=+20 eff=+11.632 n=60 (55s)
[12:39:23]     [T2 5O60_E pH7.0 native] target=+11 eff=+6.576 n=60 (54s)
[12:40:18]     [T2 5O60_E pH7.0 n2] target=+9 eff=+5.452 n=60 (54s)
[12:41:12]     [T2 5O60_E pH7.0 p2] target=+13 eff=+7.699 n=60 (55s)
[12:42:07]     [T2 5O60_E pH7.0 n8] target=+3 eff=+2.081 n=60 (54s)
[12:43:01]     [T2 5O60_E pH7.0 p8] target=+19 eff=+11.070 n=60 (54s)
[12:43:56]     [T2 5O60_E pH7.4 native] target=+11 eff=+6.576 n=60 (54s)
[12:44:50]     [T2 5O60_E pH7.4 n2] target=+9 eff=+5.452 n=60 (54s)
[12:45:44]     [T2 5O60_E pH7.4 p2] target=+13 eff=+7.699 n=60 (54s)
[12:46:39]     [T2 5O60_E pH7.4 n8] target=+3 eff=+2.081 n=60 (55s)
[12:47:33]     [T2 5O60_E pH7.4 p8] target=+19 eff=+11.070 n=60 (54s)
[12:48:28]     [T2 5O60_E pH8.0 native] target=+11 eff=+6.576 n=60 (55s)
[12:49:22]     [T2 5O60_E pH8.0 n2] target=+9 eff=+5.452 n=60 (54s)
[12:50:17]     [T2 5O60_E pH8.0 p2] target=+13 eff=+7.699 n=60 (54s)
[12:51:11]     [T2 5O60_E pH8.0 n8] target=+3 eff=+2.081 n=60 (54s)
[12:52:06]     [T2 5O60_E pH8.0 p8] target=+19 eff=+11.070 n=60 (54s)
[12:53:00]     [T2 5O60_E pH8.5 native] target=+11 eff=+6.576 n=60 (55s)
[12:53:55]     [T2 5O60_E pH8.5 n2] target=+9 eff=+5.452 n=60 (55s)
[12:54:49]     [T2 5O60_E pH8.5 p2] target=+13 eff=+7.699 n=60 (55s)
[12:55:44]     [T2 5O60_E pH8.5 n8] target=+3 eff=+2.081 n=60 (55s)
[12:56:39]     [T2 5O60_E pH8.5 p8] target=+19 eff=+11.070 n=60 (55s)
[12:57:33]     [T2 5O60_E pH9.0 native] target=+10 eff=+6.014 n=60 (55s)
[12:58:28]     [T2 5O60_E pH9.0 n2] target=+8 eff=+4.890 n=60 (55s)
[12:59:22]     [T2 5O60_E pH9.0 p2] target=+12 eff=+7.138 n=60 (55s)
[13:00:17]     [T2 5O60_E pH9.0 n8] target=+2 eff=+1.520 n=60 (55s)
[13:01:12]     [T2 5O60_E pH9.0 p8] target=+18 eff=+10.508 n=60 (55s)
[13:02:06]     [T3 5O60_E pH5.0 native] target=+18 eff=+12.117 n=60 (55s)
[13:03:01]     [T3 5O60_E pH5.0 n2] target=+16 eff=+10.729 n=60 (54s)
[13:03:55]     [T3 5O60_E pH5.0 p2] target=+20 eff=+13.504 n=60 (54s)
[13:04:50]     [T3 5O60_E pH5.0 n8] target=+10 eff=+6.565 n=60 (54s)
[13:05:44]     [T3 5O60_E pH5.0 p8] target=+26 eff=+17.668 n=60 (55s)
[13:06:39]     [T3 5O60_E pH5.5 native] target=+16 eff=+9.664 n=60 (54s)
[13:07:31]     [T3 5O60_E pH5.5 n2] target=+14 eff=+8.120 n=60 (52s)
[13:08:18]     [T3 5O60_E pH5.5 p2] target=+18 eff=+11.208 n=60 (47s)
[13:09:05]     [T3 5O60_E pH5.5 n8] target=+8 eff=+3.488 n=60 (47s)
[13:09:53]     [T3 5O60_E pH5.5 p8] target=+24 eff=+15.840 n=60 (47s)
[13:10:40]     [T3 5O60_E pH6.0 native] target=+14 eff=+9.696 n=60 (47s)
[13:11:27]     [T3 5O60_E pH6.0 n2] target=+12 eff=+8.487 n=60 (47s)
[13:12:15]     [T3 5O60_E pH6.0 p2] target=+16 eff=+10.905 n=60 (47s)
[13:13:02]     [T3 5O60_E pH6.0 n8] target=+6 eff=+4.861 n=60 (47s)
[13:13:42]     [T3 5O60_E pH6.0 p8] target=+22 eff=+14.530 n=60 (40s)
[13:14:22]     [T3 5O60_E pH6.5 native] target=+12 eff=+8.861 n=60 (40s)
[13:15:01]     [T3 5O60_E pH6.5 n2] target=+10 eff=+7.578 n=60 (40s)
[13:15:41]     [T3 5O60_E pH6.5 p2] target=+14 eff=+10.144 n=60 (40s)
[13:16:20]     [T3 5O60_E pH6.5 n8] target=+4 eff=+3.730 n=60 (40s)
[13:17:00]     [T3 5O60_E pH6.5 p8] target=+20 eff=+13.992 n=60 (40s)
[13:17:40]     [T3 5O60_E pH7.0 native] target=+11 eff=+7.738 n=60 (40s)
[13:18:19]     [T3 5O60_E pH7.0 n2] target=+9 eff=+6.569 n=60 (40s)
[13:18:59]     [T3 5O60_E pH7.0 p2] target=+13 eff=+8.906 n=60 (40s)
[13:19:39]     [T3 5O60_E pH7.0 n8] target=+3 eff=+3.064 n=60 (40s)
[13:20:18]     [T3 5O60_E pH7.0 p8] target=+19 eff=+12.411 n=60 (40s)
[13:20:58]     [T3 5O60_E pH7.4 native] target=+11 eff=+7.040 n=60 (40s)
[13:21:37]     [T3 5O60_E pH7.4 n2] target=+9 eff=+5.828 n=60 (40s)
[13:22:17]     [T3 5O60_E pH7.4 p2] target=+13 eff=+8.253 n=60 (39s)
[13:22:56]     [T3 5O60_E pH7.4 n8] target=+3 eff=+2.192 n=60 (40s)
[13:23:36]     [T3 5O60_E pH7.4 p8] target=+19 eff=+11.889 n=60 (40s)
[13:24:16]     [T3 5O60_E pH8.0 native] target=+11 eff=+7.223 n=60 (40s)
[13:24:55]     [T3 5O60_E pH8.0 n2] target=+9 eff=+5.982 n=60 (40s)
[13:25:35]     [T3 5O60_E pH8.0 p2] target=+13 eff=+8.465 n=60 (40s)
[13:26:15]     [T3 5O60_E pH8.0 n8] target=+3 eff=+2.258 n=60 (40s)
[13:26:54]     [T3 5O60_E pH8.0 p8] target=+19 eff=+12.188 n=60 (40s)
[13:27:34]     [T3 5O60_E pH8.5 native] target=+11 eff=+7.937 n=60 (40s)
[13:28:13]     [T3 5O60_E pH8.5 n2] target=+9 eff=+6.781 n=60 (40s)
[13:28:53]     [T3 5O60_E pH8.5 p2] target=+13 eff=+9.092 n=60 (40s)
[13:29:33]     [T3 5O60_E pH8.5 n8] target=+3 eff=+3.313 n=60 (40s)
[13:30:12]     [T3 5O60_E pH8.5 p8] target=+19 eff=+12.560 n=60 (40s)
[13:30:52]     [T3 5O60_E pH9.0 native] target=+10 eff=+6.953 n=60 (40s)
[13:31:32]     [T3 5O60_E pH9.0 n2] target=+8 eff=+5.691 n=60 (40s)
[13:32:11]     [T3 5O60_E pH9.0 p2] target=+12 eff=+8.215 n=60 (40s)
[13:32:51]     [T3 5O60_E pH9.0 n8] target=+2 eff=+1.905 n=60 (40s)
[13:33:31]     [T3 5O60_E pH9.0 p8] target=+18 eff=+12.002 n=60 (40s)
[13:33:31] === 5O60_E done (7669s) ===
[13:33:31] 
=== exp7b 采样完成 ===
