[load] model ... device=cuda:2
[load] condition encoder ...
    条件编码器已加载: finetune_epoch030.pt  (epoch=30, n_tokens=4, token_dim=128)

=== 1AZM L=258 native_q=-1.71 round=-2 (B, n=1000) ===
  [native] 200/1000 ...
  [native] 400/1000 ...
  [native] 600/1000 ...
  [native] 800/1000 ...
  [native] 1000/1000 ...
  [native] n=1000 mean=-2.21 mean_dev=2.97 per-seq|dev|≤2=0.400 rec=0.448
  [n2] 200/1000 ...
  [n2] 400/1000 ...
  [n2] 600/1000 ...
  [n2] 800/1000 ...
  [n2] 1000/1000 ...
  [n2] n=1000 mean=-4.14 mean_dev=3.00 per-seq|dev|≤2=0.401 rec=0.448
  [p2] 200/1000 ...
  [p2] 400/1000 ...
  [p2] 600/1000 ...
  [p2] 800/1000 ...
  [p2] 1000/1000 ...
  [p2] n=1000 mean=-0.11 mean_dev=3.25 per-seq|dev|≤2=0.390 rec=0.445
  [n8] 200/1000 ...
  [n8] 400/1000 ...
  [n8] 600/1000 ...
  [n8] 800/1000 ...
  [n8] 1000/1000 ...
  [n8] n=1000 mean=-10.84 mean_dev=3.35 per-seq|dev|≤2=0.358 rec=0.440
  [p8] 200/1000 ...
  [p8] 400/1000 ...
  [p8] 600/1000 ...
  [p8] 800/1000 ...
  [p8] 1000/1000 ...
  [p8] n=1000 mean=+4.89 mean_dev=3.69 per-seq|dev|≤2=0.319 rec=0.431
  route B done → /data/nfs/IC/baokun_yu/ConfuMPNN/output/exp_control_prot/1AZM/route_B/summary.json (2471s)

=== 1AS2 L=312 native_q=-2.69 round=-3 (B, n=1000) ===
  [native] 200/1000 ...
  [native] 400/1000 ...
  [native] 600/1000 ...
  [native] 800/1000 ...
  [native] 1000/1000 ...
  [native] n=1000 mean=-1.53 mean_dev=4.38 per-seq|dev|≤2=0.291 rec=0.341
  [n2] 200/1000 ...
  [n2] 400/1000 ...
  [n2] 600/1000 ...
  [n2] 800/1000 ...
  [n2] 1000/1000 ...
  [n2] n=1000 mean=-3.48 mean_dev=4.46 per-seq|dev|≤2=0.275 rec=0.341
  [p2] 200/1000 ...
  [p2] 400/1000 ...
  [p2] 600/1000 ...
  [p2] 800/1000 ...
  [p2] 1000/1000 ...
  [p2] n=1000 mean=-0.08 mean_dev=4.39 per-seq|dev|≤2=0.291 rec=0.342
  [n8] 200/1000 ...
  [n8] 400/1000 ...
  [n8] 600/1000 ...
  [n8] 800/1000 ...
  [n8] 1000/1000 ...
  [n8] n=1000 mean=-9.56 mean_dev=4.44 per-seq|dev|≤2=0.271 rec=0.337
  [p8] 200/1000 ...
  [p8] 400/1000 ...
  [p8] 600/1000 ...
  [p8] 800/1000 ...
  [p8] 1000/1000 ...
  [p8] n=1000 mean=+4.68 mean_dev=4.34 per-seq|dev|≤2=0.283 rec=0.340
  route B done → /data/nfs/IC/baokun_yu/ConfuMPNN/output/exp_control_prot/1AS2/route_B/summary.json (2969s)

=== 1BJ4 L=470 native_q=+0.42 round=0 (B, n=1000) ===
  [native] 200/1000 ...
  [native] 400/1000 ...
  [native] 600/1000 ...
  [native] 800/1000 ...
  [native] 1000/1000 ...
  [native] n=1000 mean=-4.58 mean_dev=6.03 per-seq|dev|≤2=0.188 rec=0.407
  [n2] 200/1000 ...
  [n2] 400/1000 ...
  [n2] 600/1000 ...
  [n2] 800/1000 ...
  [n2] 1000/1000 ...
  [n2] n=1000 mean=-7.41 mean_dev=6.66 per-seq|dev|≤2=0.184 rec=0.407
  [p2] 200/1000 ...
  [p2] 400/1000 ...
  [p2] 600/1000 ...
  [p2] 800/1000 ...
  [p2] 1000/1000 ...
  [p2] n=1000 mean=-2.33 mean_dev=5.90 per-seq|dev|≤2=0.215 rec=0.407
  [n8] 200/1000 ...
  [n8] 400/1000 ...
  [n8] 600/1000 ...
  [n8] 800/1000 ...
  [n8] 1000/1000 ...
  [n8] n=1000 mean=-13.63 mean_dev=6.85 per-seq|dev|≤2=0.148 rec=0.405
  [p8] 200/1000 ...
  [p8] 400/1000 ...
  [p8] 600/1000 ...
  [p8] 800/1000 ...
  [p8] 1000/1000 ...
  [p8] n=1000 mean=+4.65 mean_dev=5.67 per-seq|dev|≤2=0.203 rec=0.407
  route B done → /data/nfs/IC/baokun_yu/ConfuMPNN/output/exp_control_prot/1BJ4/route_B/summary.json (4517s)

=== 全部完成 ===
