[load] model ... device=cuda:2
[load] condition encoder ...
    条件编码器已加载: finetune_epoch030.pt  (epoch=30, n_tokens=4, token_dim=128)

=== 1CGE L=162 native_q=-11.66 round=-12 (B, n=1000) ===
  [native] 200/1000 ...
  [native] 400/1000 ...
  [native] 600/1000 ...
  [native] 800/1000 ...
  [native] 1000/1000 ...
  [native] n=1000 mean=-11.50 dev_of_mean=0.50 per-seq|dev|≤2=0.420 rec=0.464
  [n2] 200/1000 ...
  [n2] 400/1000 ...
  [n2] 600/1000 ...
  [n2] 800/1000 ...
  [n2] 1000/1000 ...
  [n2] n=1000 mean=-13.27 dev_of_mean=0.73 per-seq|dev|≤2=0.375 rec=0.460
  [p2] 200/1000 ...
  [p2] 400/1000 ...
  [p2] 600/1000 ...
  [p2] 800/1000 ...
  [p2] 1000/1000 ...
  [p2] n=1000 mean=-9.46 dev_of_mean=0.54 per-seq|dev|≤2=0.443 rec=0.466
  [n8] 200/1000 ...
  [n8] 400/1000 ...
  [n8] 600/1000 ...
  [n8] 800/1000 ...
  [n8] 1000/1000 ...
  [n8] n=1000 mean=-19.70 dev_of_mean=0.30 per-seq|dev|≤2=0.356 rec=0.456
  [p8] 200/1000 ...
  [p8] 400/1000 ...
  [p8] 600/1000 ...
  [p8] 800/1000 ...
  [p8] 1000/1000 ...
  [p8] n=1000 mean=-4.25 dev_of_mean=0.25 per-seq|dev|≤2=0.476 rec=0.478
  route B done → output/exp_control_prot_v2/1CGE/route_B/summary.json (1558s)

=== 1BJ4 L=470 native_q=+0.42 round=0 (B, n=1000) ===
  [native] 200/1000 ...
  [native] 400/1000 ...
  [native] 600/1000 ...
  [native] 800/1000 ...
  [native] 1000/1000 ...
  [native] n=1000 mean=-4.46 dev_of_mean=4.46 per-seq|dev|≤2=0.191 rec=0.407
  [n2] 200/1000 ...
  [n2] 400/1000 ...
  [n2] 600/1000 ...
  [n2] 800/1000 ...
  [n2] 1000/1000 ...
  [n2] n=1000 mean=-6.61 dev_of_mean=4.61 per-seq|dev|≤2=0.182 rec=0.408
  [p2] 200/1000 ...
  [p2] 400/1000 ...
  [p2] 600/1000 ...
  [p2] 800/1000 ...
  [p2] 1000/1000 ...
  [p2] n=1000 mean=-2.16 dev_of_mean=4.16 per-seq|dev|≤2=0.222 rec=0.408
  [n8] 200/1000 ...
  [n8] 400/1000 ...
  [n8] 600/1000 ...
  [n8] 800/1000 ...
  [n8] 1000/1000 ...
  [n8] n=1000 mean=-13.72 dev_of_mean=5.72 per-seq|dev|≤2=0.171 rec=0.405
  [p8] 200/1000 ...
  [p8] 400/1000 ...
  [p8] 600/1000 ...
  [p8] 800/1000 ...
  [p8] 1000/1000 ...
  [p8] n=1000 mean=+4.50 dev_of_mean=3.50 per-seq|dev|≤2=0.230 rec=0.408
  route B done → output/exp_control_prot_v2/1BJ4/route_B/summary.json (4537s)
[pdb_map] 1LYZ → /data/nfs/IC/baokun_yu/ConfuMPNN/data/transfer_test/1LYZ.pdb

=== 1LYZ L=129 native_q=+7.13 round=7 (B, n=1000) ===
  [native] 200/1000 ...
  [native] 400/1000 ...
  [native] 600/1000 ...
  [native] 800/1000 ...
  [native] 1000/1000 ...
  [native] n=1000 mean=+7.47 dev_of_mean=0.47 per-seq|dev|≤2=0.470 rec=0.347
  [n2] 200/1000 ...
  [n2] 400/1000 ...
  [n2] 600/1000 ...
  [n2] 800/1000 ...
  [n2] 1000/1000 ...
  [n2] n=1000 mean=+6.03 dev_of_mean=1.03 per-seq|dev|≤2=0.457 rec=0.352
  [p2] 200/1000 ...
  [p2] 400/1000 ...
  [p2] 600/1000 ...
  [p2] 800/1000 ...
  [p2] 1000/1000 ...
  [p2] n=1000 mean=+9.18 dev_of_mean=0.18 per-seq|dev|≤2=0.437 rec=0.344
  [n8] 200/1000 ...
  [n8] 400/1000 ...
  [n8] 600/1000 ...
  [n8] 800/1000 ...
  [n8] 1000/1000 ...
  [n8] n=1000 mean=+2.44 dev_of_mean=3.44 per-seq|dev|≤2=0.276 rec=0.353
  [p8] 200/1000 ...
  [p8] 400/1000 ...
  [p8] 600/1000 ...
  [p8] 800/1000 ...
  [p8] 1000/1000 ...
  [p8] n=1000 mean=+14.56 dev_of_mean=0.44 per-seq|dev|≤2=0.381 rec=0.340
  route B done → output/exp_control_prot_v2/1LYZ/route_B/summary.json (1241s)

=== 全部完成 ===
