[load] model ... device=cuda:2

=== 1CGE L=162 native_q=-11.66 round=-12 (A, n=1000) ===
  A[200/1000] ...
  A[400/1000] ...
  A[600/1000] ...
  A[800/1000] ...
  A[1000/1000] ...
  route A done: 1000 seq (318s)

=== 1BJ4 L=470 native_q=+0.42 round=0 (A, n=1000) ===
  A[200/1000] ...
  A[400/1000] ...
  A[600/1000] ...
  A[800/1000] ...
  A[1000/1000] ...
  route A done: 1000 seq (925s)
[pdb_map] 1LYZ → /data/nfs/IC/baokun_yu/ConfuMPNN/data/transfer_test/1LYZ.pdb

=== 1LYZ L=129 native_q=+7.13 round=7 (A, n=1000) ===
  A[200/1000] ...
  A[400/1000] ...
  A[600/1000] ...
  A[800/1000] ...
  A[1000/1000] ...
  route A done: 1000 seq (253s)

=== 全部完成 ===
