[load] model ... device=cuda:2
[load] condition encoder ...
    条件编码器已加载: finetune_epoch030.pt  (epoch=30, n_tokens=4, token_dim=128)

=== 1BJ4 L=470 native_q=+0.42 round=0 (Bsmall, n=1000) ===
  小样本标定: slope=2.422 inter=1.73 LOOCV=1.13 → 1BJ4_smallcal.json
  [native] 200/1000 ...
  [native] 400/1000 ...
  [native] 600/1000 ...
  [native] 800/1000 ...
  [native] 1000/1000 ...
  [native] n=1000 mean=-0.46 dev_of_mean=0.46 per-seq|dev|≤2=0.269 rec=0.408
  [n2] 200/1000 ...
  [n2] 400/1000 ...
  [n2] 600/1000 ...
  [n2] 800/1000 ...
  [n2] 1000/1000 ...
  [n2] n=1000 mean=-2.93 dev_of_mean=0.93 per-seq|dev|≤2=0.258 rec=0.408
  [p2] 200/1000 ...
  [p2] 400/1000 ...
  [p2] 600/1000 ...
  [p2] 800/1000 ...
  [p2] 1000/1000 ...
  [p2] n=1000 mean=+1.60 dev_of_mean=0.40 per-seq|dev|≤2=0.275 rec=0.408
  [n8] 200/1000 ...
  [n8] 400/1000 ...
  [n8] 600/1000 ...
  [n8] 800/1000 ...
  [n8] 1000/1000 ...
  [n8] n=1000 mean=-10.25 dev_of_mean=2.25 per-seq|dev|≤2=0.255 rec=0.406
  [p8] 200/1000 ...
  [p8] 400/1000 ...
  [p8] 600/1000 ...
  [p8] 800/1000 ...
  [p8] 1000/1000 ...
  [p8] n=1000 mean=+8.88 dev_of_mean=0.88 per-seq|dev|≤2=0.248 rec=0.408
  route Bsmall done → output/exp_control_prot_v2/1BJ4/route_Bsmall/summary.json (4541s)
[pdb_map] 1LYZ → /data/nfs/IC/baokun_yu/ConfuMPNN/data/transfer_test/1LYZ.pdb

=== 1LYZ L=129 native_q=+7.13 round=7 (Bsmall, n=1000) ===
  小样本标定: slope=1.314 inter=0.24 LOOCV=1.35 → 1LYZ_smallcal.json
  [native] 200/1000 ...
  [native] 400/1000 ...
  [native] 600/1000 ...
  [native] 800/1000 ...
  [native] 1000/1000 ...
  [native] n=1000 mean=+6.01 dev_of_mean=0.99 per-seq|dev|≤2=0.451 rec=0.350
  [n2] 200/1000 ...
  [n2] 400/1000 ...
  [n2] 600/1000 ...
  [n2] 800/1000 ...
  [n2] 1000/1000 ...
  [n2] n=1000 mean=+4.28 dev_of_mean=0.72 per-seq|dev|≤2=0.499 rec=0.354
  [p2] 200/1000 ...
  [p2] 400/1000 ...
  [p2] 600/1000 ...
  [p2] 800/1000 ...
  [p2] 1000/1000 ...
  [p2] n=1000 mean=+7.82 dev_of_mean=1.18 per-seq|dev|≤2=0.410 rec=0.348
  [n8] 200/1000 ...
  [n8] 400/1000 ...
  [n8] 600/1000 ...
  [n8] 800/1000 ...
  [n8] 1000/1000 ...
  [n8] n=1000 mean=+0.40 dev_of_mean=1.40 per-seq|dev|≤2=0.483 rec=0.349
  [p8] 200/1000 ...
  [p8] 400/1000 ...
  [p8] 600/1000 ...
  [p8] 800/1000 ...
  [p8] 1000/1000 ...
  [p8] n=1000 mean=+14.09 dev_of_mean=0.91 per-seq|dev|≤2=0.345 rec=0.338
  route Bsmall done → output/exp_control_prot_v2/1LYZ/route_Bsmall/summary.json (1270s)

=== 全部完成 ===
