[load] model ... device=cuda:2

=== 1AZM L=258 native_q=-1.71 round=-2 (A, n=1000) ===
  A[200/1000] ...
  A[400/1000] ...
  A[600/1000] ...
  A[800/1000] ...
  A[1000/1000] ...
  route A done: 1000 seq (499s)

=== 1AS2 L=312 native_q=-2.69 round=-3 (A, n=1000) ===
  A[200/1000] ...
  A[400/1000] ...
  A[600/1000] ...
  A[800/1000] ...
  A[1000/1000] ...
  route A done: 1000 seq (600s)

=== 1BJ4 L=470 native_q=+0.42 round=0 (A, n=1000) ===
  A[200/1000] ...
  A[400/1000] ...
  A[600/1000] ...
  A[800/1000] ...
  A[1000/1000] ...
  route A done: 1000 seq (923s)

=== 全部完成 ===
