[load] model ... device=cuda:2
[load] condition encoder ...
    条件编码器已加载: finetune_epoch030.pt  (epoch=30, n_tokens=4, token_dim=128)

=== 1BJ4 L=470 native_q=+0.42 round=0 (Bsmall, n=1000) ===
  复用小样本标定: slope=2.422 inter=1.73
  [native] 400/1000 ...
  [native] 600/1000 ...
  [native] 800/1000 ...
  [native] 1000/1000 ...
  [native] n=1000 mean=-0.46 dev_of_mean=0.46 per-seq|dev|≤2=0.269 rec=0.408
  [n2] 200/1000 ...
  [n2] 400/1000 ...
  [n2] 600/1000 ...
  [n2] 800/1000 ...
  [n2] 1000/1000 ...
  [n2] n=1000 mean=-2.93 dev_of_mean=0.93 per-seq|dev|≤2=0.258 rec=0.408
  [p2] 200/1000 ...
  [p2] 400/1000 ...
  [p2] 600/1000 ...
  [p2] 800/1000 ...
  [p2] 1000/1000 ...
  [p2] n=1000 mean=+1.60 dev_of_mean=0.40 per-seq|dev|≤2=0.275 rec=0.408
  [n8] 200/1000 ...
  [n8] 400/1000 ...
  [n8] 600/1000 ...
  [n8] 800/1000 ...
  [n8] 1000/1000 ...
  [n8] n=1000 mean=-10.25 dev_of_mean=2.25 per-seq|dev|≤2=0.255 rec=0.406
  [p8] 200/1000 ...
  [p8] 400/1000 ...
  [p8] 600/1000 ...
  [p8] 800/1000 ...
  [p8] 1000/1000 ...
  [p8] n=1000 mean=+8.88 dev_of_mean=0.88 per-seq|dev|≤2=0.248 rec=0.408
  route Bsmall done → /data/nfs/IC/baokun_yu/ConfuMPNN/output/exp_control_prot/1BJ4/route_Bsmall/summary.json (4339s)

=== 全部完成 ===
