[load] model ... device=cuda:2

=== 1AZM L=258 native_q=-1.71 round=-2 (C, n=300) ===
  [native] n=300 mean=-2.31 dev_of_mean=0.31 per-seq|dev|≤2=0.903 rec=0.510
  [n2] 200/300 ...
  [n2] n=300 mean=-4.31 dev_of_mean=0.31 per-seq|dev|≤2=0.917 rec=0.510
  [p2] 200/300 ...
  [p2] n=300 mean=-0.35 dev_of_mean=0.35 per-seq|dev|≤2=0.910 rec=0.511
  [n8] 200/300 ...
  [n8] n=300 mean=-9.82 dev_of_mean=0.17 per-seq|dev|≤2=0.857 rec=0.501
  [p8] 200/300 ...
  [p8] n=300 mean=+5.62 dev_of_mean=0.38 per-seq|dev|≤2=0.897 rec=0.501
  route C done → /data/nfs/IC/baokun_yu/ConfuMPNN/output/exp_control_prot/1AZM/route_C/summary.json (725s)

=== 1AS2 L=312 native_q=-2.69 round=-3 (C, n=300) ===
  [native] 200/300 ...
  [native] n=300 mean=-2.76 dev_of_mean=0.24 per-seq|dev|≤2=0.887 rec=0.402
  [n2] 200/300 ...
  [n2] n=300 mean=-4.84 dev_of_mean=0.16 per-seq|dev|≤2=0.880 rec=0.401
  [p2] 200/300 ...
  [p2] n=300 mean=-0.89 dev_of_mean=0.11 per-seq|dev|≤2=0.890 rec=0.402
  [n8] 200/300 ...
  [n8] n=300 mean=-10.72 dev_of_mean=0.28 per-seq|dev|≤2=0.833 rec=0.397
  [p8] 200/300 ...
  [p8] n=300 mean=+4.89 dev_of_mean=0.11 per-seq|dev|≤2=0.913 rec=0.400
  route C done → /data/nfs/IC/baokun_yu/ConfuMPNN/output/exp_control_prot/1AS2/route_C/summary.json (1103s)

=== 1BJ4 L=470 native_q=+0.42 round=0 (C, n=300) ===
  [native] 200/300 ...
  [native] n=300 mean=+0.01 dev_of_mean=0.01 per-seq|dev|≤2=0.873 rec=0.454
  [n2] 200/300 ...
  [n2] n=300 mean=-1.90 dev_of_mean=0.10 per-seq|dev|≤2=0.880 rec=0.454
  [p2] 200/300 ...
  [p2] n=300 mean=+1.88 dev_of_mean=0.12 per-seq|dev|≤2=0.937 rec=0.454
  [n8] 200/300 ...
  [n8] n=300 mean=-7.79 dev_of_mean=0.21 per-seq|dev|≤2=0.877 rec=0.452
  [p8] 200/300 ...
  [p8] n=300 mean=+7.95 dev_of_mean=0.05 per-seq|dev|≤2=0.853 rec=0.452
  route C done → /data/nfs/IC/baokun_yu/ConfuMPNN/output/exp_control_prot/1BJ4/route_C/summary.json (1704s)

=== 全部完成 ===
