[load] model ... device=cuda:2

=== 1CGE L=162 native_q=-11.66 round=-12 (C, n=300) ===
  [native] 200/300 ...
  [native] n=300 mean=-12.25 dev_of_mean=0.25 per-seq|dev|≤2=0.873 rec=0.535
  [n2] 200/300 ...
  [n2] n=300 mean=-14.18 dev_of_mean=0.18 per-seq|dev|≤2=0.870 rec=0.530
  [p2] 200/300 ...
  [p2] n=300 mean=-10.36 dev_of_mean=0.36 per-seq|dev|≤2=0.927 rec=0.543
  [n8] 200/300 ...
  [n8] n=300 mean=-20.29 dev_of_mean=0.29 per-seq|dev|≤2=0.883 rec=0.506
  [p8] 200/300 ...
  [p8] n=300 mean=-4.46 dev_of_mean=0.46 per-seq|dev|≤2=0.930 rec=0.546
  route C done → output/exp_control_prot_v2/1CGE/route_C/summary.json (548s)

=== 1BJ4 L=470 native_q=+0.42 round=0 (C, n=300) ===
  [native] 200/300 ...
  [native] n=300 mean=+0.04 dev_of_mean=0.04 per-seq|dev|≤2=0.877 rec=0.453
  [n2] 200/300 ...
  [n2] n=300 mean=-2.09 dev_of_mean=0.09 per-seq|dev|≤2=0.863 rec=0.453
  [p2] 200/300 ...
  [p2] n=300 mean=+1.99 dev_of_mean=0.01 per-seq|dev|≤2=0.850 rec=0.452
  [n8] 200/300 ...
  [n8] n=300 mean=-7.91 dev_of_mean=0.09 per-seq|dev|≤2=0.877 rec=0.452
  [p8] 200/300 ...
  [p8] n=300 mean=+7.85 dev_of_mean=0.15 per-seq|dev|≤2=0.870 rec=0.451
  route C done → output/exp_control_prot_v2/1BJ4/route_C/summary.json (1623s)
[pdb_map] 1LYZ → /data/nfs/IC/baokun_yu/ConfuMPNN/data/transfer_test/1LYZ.pdb

=== 1LYZ L=129 native_q=+7.13 round=7 (C, n=300) ===
  [native] 200/300 ...
  [native] n=300 mean=+6.69 dev_of_mean=0.31 per-seq|dev|≤2=0.947 rec=0.399
  [n2] 200/300 ...
  [n2] n=300 mean=+4.71 dev_of_mean=0.29 per-seq|dev|≤2=0.937 rec=0.406
  [p2] 200/300 ...
  [p2] n=300 mean=+8.61 dev_of_mean=0.40 per-seq|dev|≤2=0.937 rec=0.394
  [n8] 200/300 ...
  [n8] n=300 mean=-1.06 dev_of_mean=0.06 per-seq|dev|≤2=0.913 rec=0.417
  [p8] 200/300 ...
  [p8] n=300 mean=+14.75 dev_of_mean=0.25 per-seq|dev|≤2=0.943 rec=0.366
  route C done → output/exp_control_prot_v2/1LYZ/route_C/summary.json (436s)

=== 全部完成 ===
