加载模型: encoder=finetune_epoch050.pt backbone=ligandmpnn_v_32_010_25.pt device=cuda:4
    条件编码器已加载: finetune_epoch050.pt  (epoch=50, n_tokens=4, token_dim=128)

=== 6D2O cat=small_mol L=209 q_nat=-6.22 DK_nat=42 (DE=24/KR=18) H3_native=42 (0.201) cal=per-protein(6D2O)
    arm 6D2O_arm_native: 已有 0 条, 需补采 200 条
      ... 10/200 (0.71s/seq, target=-6)
      ... 20/200 (0.67s/seq, target=-6)
      ... 30/200 (0.66s/seq, target=-6)
      ... 40/200 (0.65s/seq, target=-6)
      ... 50/200 (0.65s/seq, target=-6)
      ... 60/200 (0.65s/seq, target=-6)
      ... 70/200 (0.64s/seq, target=-6)
      ... 80/200 (0.64s/seq, target=-6)
      ... 90/200 (0.64s/seq, target=-6)
      ... 100/200 (0.64s/seq, target=-6)
      ... 110/200 (0.64s/seq, target=-6)
      ... 120/200 (0.64s/seq, target=-6)
      ... 130/200 (0.64s/seq, target=-6)
      ... 140/200 (0.63s/seq, target=-6)
      ... 150/200 (0.63s/seq, target=-6)
      ... 160/200 (0.63s/seq, target=-6)
      ... 170/200 (0.63s/seq, target=-6)
      ... 180/200 (0.63s/seq, target=-6)
      ... 190/200 (0.63s/seq, target=-6)
      ... 200/200 (0.63s/seq, target=-6)
  [native] target=  -6 eff=-2.86 n=200 pass C=69 D=29 H=200 三达标=6 (0.030) dev_m=3.80 del_m=0.565 主因=['deletion']
    arm 6D2O_arm_n2: 已有 0 条, 需补采 200 条
      ... 10/200 (0.61s/seq, target=-8)
      ... 20/200 (0.61s/seq, target=-8)
      ... 30/200 (0.61s/seq, target=-8)
      ... 40/200 (0.61s/seq, target=-8)
      ... 50/200 (0.61s/seq, target=-8)
      ... 60/200 (0.61s/seq, target=-8)
      ... 70/200 (0.61s/seq, target=-8)
      ... 80/200 (0.61s/seq, target=-8)
      ... 90/200 (0.62s/seq, target=-8)
      ... 100/200 (0.62s/seq, target=-8)
      ... 110/200 (0.62s/seq, target=-8)
      ... 120/200 (0.62s/seq, target=-8)
      ... 130/200 (0.62s/seq, target=-8)
      ... 140/200 (0.62s/seq, target=-8)
      ... 150/200 (0.62s/seq, target=-8)
      ... 160/200 (0.62s/seq, target=-8)
      ... 170/200 (0.62s/seq, target=-8)
      ... 180/200 (0.62s/seq, target=-8)
      ... 190/200 (0.62s/seq, target=-8)
      ... 200/200 (0.62s/seq, target=-8)
  [n2] target=  -8 eff=-4.09 n=200 pass C=55 D=44 H=200 三达标=9 (0.045) dev_m=4.00 del_m=0.607 主因=['deletion']
    arm 6D2O_arm_p2: 已有 0 条, 需补采 200 条
      ... 10/200 (0.78s/seq, target=-4)
      ... 20/200 (0.70s/seq, target=-4)
      ... 30/200 (0.68s/seq, target=-4)
      ... 40/200 (0.66s/seq, target=-4)
      ... 50/200 (0.65s/seq, target=-4)
      ... 60/200 (0.65s/seq, target=-4)
      ... 70/200 (0.64s/seq, target=-4)
      ... 80/200 (0.64s/seq, target=-4)
      ... 90/200 (0.64s/seq, target=-4)
      ... 100/200 (0.64s/seq, target=-4)
      ... 110/200 (0.63s/seq, target=-4)
      ... 120/200 (0.63s/seq, target=-4)
      ... 130/200 (0.63s/seq, target=-4)
      ... 140/200 (0.64s/seq, target=-4)
      ... 150/200 (0.64s/seq, target=-4)
      ... 160/200 (0.64s/seq, target=-4)
      ... 170/200 (0.64s/seq, target=-4)
      ... 180/200 (0.64s/seq, target=-4)
      ... 190/200 (0.64s/seq, target=-4)
      ... 200/200 (0.64s/seq, target=-4)
  [p2] target=  -4 eff=-1.64 n=200 pass C=55 D=21 H=200 三达标=3 (0.015) dev_m=3.85 del_m=0.542 主因=['deletion']
    arm 6D2O_arm_n8: 已有 0 条, 需补采 200 条
      ... 10/200 (0.62s/seq, target=-14)
      ... 20/200 (0.62s/seq, target=-14)
      ... 30/200 (0.62s/seq, target=-14)
      ... 40/200 (0.62s/seq, target=-14)
      ... 50/200 (0.62s/seq, target=-14)
      ... 60/200 (0.63s/seq, target=-14)
      ... 70/200 (0.62s/seq, target=-14)
      ... 80/200 (0.62s/seq, target=-14)
      ... 90/200 (0.62s/seq, target=-14)
      ... 100/200 (0.63s/seq, target=-14)
      ... 110/200 (0.63s/seq, target=-14)
      ... 120/200 (0.62s/seq, target=-14)
      ... 130/200 (0.62s/seq, target=-14)
      ... 140/200 (0.62s/seq, target=-14)
      ... 150/200 (0.62s/seq, target=-14)
      ... 160/200 (0.62s/seq, target=-14)
      ... 170/200 (0.62s/seq, target=-14)
      ... 180/200 (0.62s/seq, target=-14)
      ... 190/200 (0.62s/seq, target=-14)
      ... 200/200 (0.62s/seq, target=-14)
  [n8] target= -14 eff=-7.76 n=200 pass C=63 D=152 H=200 三达标=46 (0.230) dev_m=4.51 del_m=0.800 主因=['charge']
    arm 6D2O_arm_p8: 已有 0 条, 需补采 200 条
      ... 10/200 (0.62s/seq, target=2)
      ... 20/200 (0.62s/seq, target=2)
      ... 30/200 (0.62s/seq, target=2)
      ... 40/200 (0.62s/seq, target=2)
      ... 50/200 (0.62s/seq, target=2)
      ... 60/200 (0.62s/seq, target=2)
      ... 70/200 (0.62s/seq, target=2)
      ... 80/200 (0.62s/seq, target=2)
      ... 90/200 (0.62s/seq, target=2)
      ... 100/200 (0.62s/seq, target=2)
      ... 110/200 (0.62s/seq, target=2)
      ... 120/200 (0.62s/seq, target=2)
      ... 130/200 (0.62s/seq, target=2)
      ... 140/200 (0.62s/seq, target=2)
      ... 150/200 (0.62s/seq, target=2)
      ... 160/200 (0.62s/seq, target=2)
      ... 170/200 (0.63s/seq, target=2)
      ... 180/200 (0.63s/seq, target=2)
      ... 190/200 (0.63s/seq, target=2)
      ... 200/200 (0.63s/seq, target=2)
  [p8] target=   2 eff=+2.04 n=200 pass C=72 D=11 H=200 三达标=3 (0.015) dev_m=3.58 del_m=0.533 主因=['deletion']

=== 1AS2 cat=nucleotide L=312 q_nat=-2.69 DK_nat=84 (DE=43/KR=41) H3_native=84 (0.269) cal=per-protein(1AS2)
    arm 1AS2_arm_native: 已有 0 条, 需补采 200 条
      ... 10/200 (0.93s/seq, target=-3)
      ... 20/200 (0.92s/seq, target=-3)
      ... 30/200 (0.92s/seq, target=-3)
      ... 40/200 (0.92s/seq, target=-3)
      ... 50/200 (0.93s/seq, target=-3)
      ... 60/200 (0.93s/seq, target=-3)
      ... 70/200 (0.93s/seq, target=-3)
      ... 80/200 (0.93s/seq, target=-3)
      ... 90/200 (0.93s/seq, target=-3)
      ... 100/200 (0.94s/seq, target=-3)
      ... 110/200 (0.94s/seq, target=-3)
      ... 120/200 (0.94s/seq, target=-3)
      ... 130/200 (0.94s/seq, target=-3)
      ... 140/200 (0.94s/seq, target=-3)
      ... 150/200 (0.94s/seq, target=-3)
      ... 160/200 (0.94s/seq, target=-3)
      ... 170/200 (0.94s/seq, target=-3)
      ... 180/200 (0.94s/seq, target=-3)
      ... 190/200 (0.94s/seq, target=-3)
      ... 200/200 (0.94s/seq, target=-3)
  [native] target=  -3 eff=-2.41 n=200 pass C=65 D=0 H=200 三达标=0 (0.000) dev_m=4.02 del_m=0.461 主因=['deletion']
    arm 1AS2_arm_n2: 已有 0 条, 需补采 200 条
      ... 10/200 (0.93s/seq, target=-5)
      ... 20/200 (0.94s/seq, target=-5)
      ... 30/200 (0.95s/seq, target=-5)
      ... 40/200 (0.95s/seq, target=-5)
      ... 50/200 (0.95s/seq, target=-5)
      ... 60/200 (0.95s/seq, target=-5)
      ... 70/200 (0.95s/seq, target=-5)
      ... 80/200 (0.95s/seq, target=-5)
      ... 90/200 (0.95s/seq, target=-5)
      ... 100/200 (0.95s/seq, target=-5)
      ... 110/200 (0.95s/seq, target=-5)
      ... 120/200 (0.95s/seq, target=-5)
      ... 130/200 (0.95s/seq, target=-5)
      ... 140/200 (0.95s/seq, target=-5)
      ... 150/200 (0.95s/seq, target=-5)
      ... 160/200 (0.95s/seq, target=-5)
      ... 170/200 (0.95s/seq, target=-5)
      ... 180/200 (0.95s/seq, target=-5)
      ... 190/200 (0.95s/seq, target=-5)
      ... 200/200 (0.95s/seq, target=-5)
  [n2] target=  -5 eff=-3.79 n=200 pass C=67 D=0 H=200 三达标=0 (0.000) dev_m=3.88 del_m=0.481 主因=['deletion']
    arm 1AS2_arm_p2: 已有 0 条, 需补采 200 条
      ... 10/200 (0.93s/seq, target=-1)
      ... 20/200 (0.94s/seq, target=-1)
      ... 30/200 (0.94s/seq, target=-1)
      ... 40/200 (0.94s/seq, target=-1)
      ... 50/200 (0.94s/seq, target=-1)
      ... 60/200 (0.95s/seq, target=-1)
      ... 70/200 (0.95s/seq, target=-1)
      ... 80/200 (0.95s/seq, target=-1)
      ... 90/200 (0.95s/seq, target=-1)
      ... 100/200 (0.95s/seq, target=-1)
      ... 110/200 (0.95s/seq, target=-1)
      ... 120/200 (0.95s/seq, target=-1)
      ... 130/200 (0.95s/seq, target=-1)
      ... 140/200 (0.96s/seq, target=-1)
      ... 150/200 (0.96s/seq, target=-1)
      ... 160/200 (0.96s/seq, target=-1)
      ... 170/200 (0.96s/seq, target=-1)
      ... 180/200 (0.96s/seq, target=-1)
      ... 190/200 (0.96s/seq, target=-1)
      ... 200/200 (0.96s/seq, target=-1)
  [p2] target=  -1 eff=-1.03 n=200 pass C=67 D=0 H=200 三达标=0 (0.000) dev_m=3.95 del_m=0.448 主因=['deletion']
    arm 1AS2_arm_n8: 已有 0 条, 需补采 200 条
      ... 10/200 (0.90s/seq, target=-11)
      ... 20/200 (0.91s/seq, target=-11)
      ... 30/200 (0.91s/seq, target=-11)
      ... 40/200 (0.92s/seq, target=-11)
      ... 50/200 (0.92s/seq, target=-11)
      ... 60/200 (0.93s/seq, target=-11)
      ... 70/200 (0.93s/seq, target=-11)
      ... 80/200 (0.93s/seq, target=-11)
      ... 90/200 (0.94s/seq, target=-11)
      ... 100/200 (0.94s/seq, target=-11)
      ... 110/200 (0.94s/seq, target=-11)
      ... 120/200 (0.94s/seq, target=-11)
      ... 130/200 (0.94s/seq, target=-11)
      ... 140/200 (0.94s/seq, target=-11)
      ... 150/200 (0.94s/seq, target=-11)
      ... 160/200 (0.94s/seq, target=-11)
      ... 170/200 (0.94s/seq, target=-11)
      ... 180/200 (0.94s/seq, target=-11)
      ... 190/200 (0.94s/seq, target=-11)
      ... 200/200 (0.94s/seq, target=-11)
  [n8] target= -11 eff=-7.94 n=200 pass C=63 D=5 H=200 三达标=2 (0.010) dev_m=3.86 del_m=0.576 主因=['deletion']
    arm 1AS2_arm_p8: 已有 0 条, 需补采 200 条
      ... 10/200 (0.97s/seq, target=5)
      ... 20/200 (0.96s/seq, target=5)
      ... 30/200 (0.95s/seq, target=5)
      ... 40/200 (0.95s/seq, target=5)
      ... 50/200 (0.95s/seq, target=5)
      ... 60/200 (0.95s/seq, target=5)
      ... 70/200 (0.95s/seq, target=5)
      ... 80/200 (0.94s/seq, target=5)
      ... 90/200 (0.94s/seq, target=5)
      ... 100/200 (0.94s/seq, target=5)
      ... 110/200 (0.94s/seq, target=5)
      ... 120/200 (0.94s/seq, target=5)
      ... 130/200 (0.94s/seq, target=5)
      ... 140/200 (0.94s/seq, target=5)
      ... 150/200 (0.94s/seq, target=5)
      ... 160/200 (0.94s/seq, target=5)
      ... 170/200 (0.94s/seq, target=5)
      ... 180/200 (0.94s/seq, target=5)
      ... 190/200 (0.94s/seq, target=5)
      ... 200/200 (0.94s/seq, target=5)
  [p8] target=   5 eff=+3.12 n=200 pass C=66 D=0 H=200 三达标=0 (0.000) dev_m=4.48 del_m=0.475 主因=['deletion']

=== 2FEO cat=nucleotide L=221 q_nat=-6.88 DK_nat=57 (DE=32/KR=25) H3_native=57 (0.258) cal=per-protein(2FEO)
    arm 2FEO_arm_native: 已有 0 条, 需补采 200 条
      ... 10/200 (0.66s/seq, target=-7)
      ... 20/200 (0.66s/seq, target=-7)
      ... 30/200 (0.66s/seq, target=-7)
      ... 40/200 (0.66s/seq, target=-7)
      ... 50/200 (0.66s/seq, target=-7)
      ... 60/200 (0.66s/seq, target=-7)
      ... 70/200 (0.66s/seq, target=-7)
      ... 80/200 (0.66s/seq, target=-7)
      ... 90/200 (0.66s/seq, target=-7)
      ... 100/200 (0.66s/seq, target=-7)
      ... 110/200 (0.66s/seq, target=-7)
      ... 120/200 (0.66s/seq, target=-7)
      ... 130/200 (0.66s/seq, target=-7)
      ... 140/200 (0.66s/seq, target=-7)
      ... 150/200 (0.66s/seq, target=-7)
      ... 160/200 (0.66s/seq, target=-7)
      ... 170/200 (0.66s/seq, target=-7)
      ... 180/200 (0.66s/seq, target=-7)
      ... 190/200 (0.66s/seq, target=-7)
      ... 200/200 (0.66s/seq, target=-7)
  [native] target=  -7 eff=-2.05 n=200 pass C=59 D=0 H=200 三达标=0 (0.000) dev_m=4.20 del_m=0.472 主因=['deletion']
    arm 2FEO_arm_n2: 已有 0 条, 需补采 200 条
      ... 10/200 (0.66s/seq, target=-9)
      ... 20/200 (0.66s/seq, target=-9)
      ... 30/200 (0.66s/seq, target=-9)
      ... 40/200 (0.66s/seq, target=-9)
      ... 50/200 (0.66s/seq, target=-9)
      ... 60/200 (0.66s/seq, target=-9)
      ... 70/200 (0.66s/seq, target=-9)
      ... 80/200 (0.67s/seq, target=-9)
      ... 90/200 (0.66s/seq, target=-9)
      ... 100/200 (0.66s/seq, target=-9)
      ... 110/200 (0.66s/seq, target=-9)
      ... 120/200 (0.66s/seq, target=-9)
      ... 130/200 (0.66s/seq, target=-9)
      ... 140/200 (0.66s/seq, target=-9)
      ... 150/200 (0.66s/seq, target=-9)
      ... 160/200 (0.66s/seq, target=-9)
      ... 170/200 (0.66s/seq, target=-9)
      ... 180/200 (0.66s/seq, target=-9)
      ... 190/200 (0.66s/seq, target=-9)
      ... 200/200 (0.67s/seq, target=-9)
  [n2] target=  -9 eff=-4.19 n=200 pass C=53 D=2 H=200 三达标=1 (0.005) dev_m=4.20 del_m=0.503 主因=['deletion']
    arm 2FEO_arm_p2: 已有 0 条, 需补采 200 条
      ... 10/200 (0.66s/seq, target=-5)
      ... 20/200 (0.66s/seq, target=-5)
      ... 30/200 (0.66s/seq, target=-5)
      ... 40/200 (0.66s/seq, target=-5)
      ... 50/200 (0.67s/seq, target=-5)
      ... 60/200 (0.67s/seq, target=-5)
      ... 70/200 (0.67s/seq, target=-5)
      ... 80/200 (0.67s/seq, target=-5)
      ... 90/200 (0.67s/seq, target=-5)
      ... 100/200 (0.67s/seq, target=-5)
      ... 110/200 (0.67s/seq, target=-5)
      ... 120/200 (0.67s/seq, target=-5)
      ... 130/200 (0.67s/seq, target=-5)
      ... 140/200 (0.67s/seq, target=-5)
      ... 150/200 (0.67s/seq, target=-5)
      ... 160/200 (0.67s/seq, target=-5)
      ... 170/200 (0.67s/seq, target=-5)
      ... 180/200 (0.67s/seq, target=-5)
      ... 190/200 (0.67s/seq, target=-5)
      ... 200/200 (0.67s/seq, target=-5)
  [p2] target=  -5 eff=+0.09 n=200 pass C=61 D=0 H=200 三达标=0 (0.000) dev_m=4.15 del_m=0.460 主因=['deletion']
    arm 2FEO_arm_n8: 已有 0 条, 需补采 200 条
      ... 10/200 (0.67s/seq, target=-15)
      ... 20/200 (0.66s/seq, target=-15)
      ... 30/200 (0.67s/seq, target=-15)
      ... 40/200 (0.66s/seq, target=-15)
      ... 50/200 (0.67s/seq, target=-15)
      ... 60/200 (0.67s/seq, target=-15)
      ... 70/200 (0.67s/seq, target=-15)
      ... 80/200 (0.67s/seq, target=-15)
      ... 90/200 (0.67s/seq, target=-15)
      ... 100/200 (0.67s/seq, target=-15)
      ... 110/200 (0.67s/seq, target=-15)
      ... 120/200 (0.67s/seq, target=-15)
      ... 130/200 (0.67s/seq, target=-15)
      ... 140/200 (0.67s/seq, target=-15)
      ... 150/200 (0.67s/seq, target=-15)
      ... 160/200 (0.67s/seq, target=-15)
      ... 170/200 (0.67s/seq, target=-15)
      ... 180/200 (0.67s/seq, target=-15)
      ... 190/200 (0.67s/seq, target=-15)
      ... 200/200 (0.67s/seq, target=-15)
  [n8] target= -15 eff=-10.61 n=200 pass C=49 D=95 H=200 三达标=19 (0.095) dev_m=4.68 del_m=0.687 主因=['charge']
    arm 2FEO_arm_p8: 已有 0 条, 需补采 200 条
      ... 10/200 (0.65s/seq, target=1)
      ... 20/200 (0.73s/seq, target=1)
      ... 30/200 (0.71s/seq, target=1)
      ... 40/200 (0.70s/seq, target=1)
      ... 50/200 (0.70s/seq, target=1)
      ... 60/200 (0.70s/seq, target=1)
      ... 70/200 (0.69s/seq, target=1)
      ... 80/200 (0.69s/seq, target=1)
      ... 90/200 (0.69s/seq, target=1)
      ... 100/200 (0.68s/seq, target=1)
      ... 110/200 (0.68s/seq, target=1)
      ... 120/200 (0.68s/seq, target=1)
      ... 130/200 (0.68s/seq, target=1)
      ... 140/200 (0.68s/seq, target=1)
      ... 150/200 (0.68s/seq, target=1)
      ... 160/200 (0.68s/seq, target=1)
      ... 170/200 (0.68s/seq, target=1)
      ... 180/200 (0.68s/seq, target=1)
      ... 190/200 (0.68s/seq, target=1)
      ... 200/200 (0.68s/seq, target=1)
  [p8] target=   1 eff=+6.50 n=200 pass C=64 D=29 H=200 三达标=8 (0.040) dev_m=4.53 del_m=0.596 主因=['deletion']

=== 5CQH cat=nucleotide L=183 q_nat=-5.53 DK_nat=43 (DE=24/KR=19) H3_native=43 (0.235) cal=per-protein(5CQH)
    arm 5CQH_arm_native: 已有 30 条, 需补采 170 条
      ... 10/170 (0.61s/seq, target=-6)
      ... 20/170 (0.59s/seq, target=-6)
      ... 30/170 (0.58s/seq, target=-6)
      ... 40/170 (0.57s/seq, target=-6)
      ... 50/170 (0.57s/seq, target=-6)
      ... 60/170 (0.57s/seq, target=-6)
      ... 70/170 (0.57s/seq, target=-6)
      ... 80/170 (0.57s/seq, target=-6)
      ... 90/170 (0.57s/seq, target=-6)
      ... 100/170 (0.57s/seq, target=-6)
      ... 110/170 (0.57s/seq, target=-6)
      ... 120/170 (0.57s/seq, target=-6)
      ... 130/170 (0.57s/seq, target=-6)
      ... 140/170 (0.57s/seq, target=-6)
      ... 150/170 (0.57s/seq, target=-6)
      ... 160/170 (0.57s/seq, target=-6)
      ... 170/170 (0.57s/seq, target=-6)
  [native] target=  -6 eff=-3.76 n=200 pass C=88 D=0 H=200 三达标=0 (0.000) dev_m=2.96 del_m=0.433 主因=['deletion']
    arm 5CQH_arm_n2: 已有 30 条, 需补采 170 条
      ... 10/170 (0.58s/seq, target=-8)
      ... 20/170 (0.57s/seq, target=-8)
      ... 30/170 (0.56s/seq, target=-8)
      ... 40/170 (0.56s/seq, target=-8)
      ... 50/170 (0.56s/seq, target=-8)
      ... 60/170 (0.56s/seq, target=-8)
      ... 70/170 (0.56s/seq, target=-8)
      ... 80/170 (0.56s/seq, target=-8)
      ... 90/170 (0.56s/seq, target=-8)
      ... 100/170 (0.56s/seq, target=-8)
      ... 110/170 (0.56s/seq, target=-8)
      ... 120/170 (0.56s/seq, target=-8)
      ... 130/170 (0.56s/seq, target=-8)
      ... 140/170 (0.56s/seq, target=-8)
      ... 150/170 (0.56s/seq, target=-8)
      ... 160/170 (0.56s/seq, target=-8)
      ... 170/170 (0.56s/seq, target=-8)
  [n2] target=  -8 eff=-5.66 n=200 pass C=83 D=4 H=200 三达标=1 (0.005) dev_m=3.18 del_m=0.491 主因=['deletion']
    arm 5CQH_arm_p2: 已有 30 条, 需补采 170 条
      ... 10/170 (0.55s/seq, target=-4)
      ... 20/170 (0.56s/seq, target=-4)
      ... 30/170 (0.56s/seq, target=-4)
      ... 40/170 (0.56s/seq, target=-4)
      ... 50/170 (0.56s/seq, target=-4)
      ... 60/170 (0.56s/seq, target=-4)
      ... 70/170 (0.56s/seq, target=-4)
      ... 80/170 (0.56s/seq, target=-4)
      ... 90/170 (0.56s/seq, target=-4)
      ... 100/170 (0.56s/seq, target=-4)
      ... 110/170 (0.56s/seq, target=-4)
      ... 120/170 (0.56s/seq, target=-4)
      ... 130/170 (0.56s/seq, target=-4)
      ... 140/170 (0.56s/seq, target=-4)
      ... 150/170 (0.56s/seq, target=-4)
      ... 160/170 (0.56s/seq, target=-4)
      ... 170/170 (0.56s/seq, target=-4)
  [p2] target=  -4 eff=-1.86 n=200 pass C=101 D=0 H=200 三达标=0 (0.000) dev_m=2.64 del_m=0.397 主因=['deletion']
    arm 5CQH_arm_n8: 已有 0 条, 需补采 200 条
      ... 10/200 (0.54s/seq, target=-14)
      ... 20/200 (0.55s/seq, target=-14)
      ... 30/200 (0.55s/seq, target=-14)
      ... 40/200 (0.55s/seq, target=-14)
      ... 50/200 (0.55s/seq, target=-14)
      ... 60/200 (0.55s/seq, target=-14)
      ... 70/200 (0.55s/seq, target=-14)
      ... 80/200 (0.55s/seq, target=-14)
      ... 90/200 (0.55s/seq, target=-14)
      ... 100/200 (0.55s/seq, target=-14)
      ... 110/200 (0.55s/seq, target=-14)
      ... 120/200 (0.56s/seq, target=-14)
      ... 130/200 (0.56s/seq, target=-14)
      ... 140/200 (0.56s/seq, target=-14)
      ... 150/200 (0.56s/seq, target=-14)
      ... 160/200 (0.56s/seq, target=-14)
      ... 170/200 (0.57s/seq, target=-14)
      ... 180/200 (0.57s/seq, target=-14)
      ... 190/200 (0.57s/seq, target=-14)
      ... 200/200 (0.57s/seq, target=-14)
  [n8] target= -14 eff=-11.36 n=200 pass C=57 D=105 H=200 三达标=24 (0.120) dev_m=3.96 del_m=0.719 主因=['charge']
    arm 5CQH_arm_p8: 已有 0 条, 需补采 200 条
      ... 10/200 (0.55s/seq, target=2)
      ... 20/200 (0.55s/seq, target=2)
      ... 30/200 (0.55s/seq, target=2)
      ... 40/200 (0.56s/seq, target=2)
      ... 50/200 (0.56s/seq, target=2)
      ... 60/200 (0.56s/seq, target=2)
      ... 70/200 (0.56s/seq, target=2)
      ... 80/200 (0.56s/seq, target=2)
      ... 90/200 (0.56s/seq, target=2)
      ... 100/200 (0.56s/seq, target=2)
      ... 110/200 (0.56s/seq, target=2)
      ... 120/200 (0.56s/seq, target=2)
      ... 130/200 (0.56s/seq, target=2)
      ... 140/200 (0.56s/seq, target=2)
      ... 150/200 (0.56s/seq, target=2)
      ... 160/200 (0.56s/seq, target=2)
      ... 170/200 (0.56s/seq, target=2)
      ... 180/200 (0.56s/seq, target=2)
      ... 190/200 (0.56s/seq, target=2)
      ... 200/200 (0.56s/seq, target=2)
  [p8] target=   2 eff=+3.83 n=200 pass C=92 D=0 H=200 三达标=0 (0.000) dev_m=2.67 del_m=0.422 主因=['deletion']

=== 1CGE cat=metal L=162 q_nat=-11.66 DK_nat=36 (DE=24/KR=12) H3_native=36 (0.222) cal=per-protein(1CGE)
    arm 1CGE_arm_native: 已有 0 条, 需补采 200 条
      ... 10/200 (0.50s/seq, target=-12)
      ... 20/200 (0.50s/seq, target=-12)
      ... 30/200 (0.49s/seq, target=-12)
      ... 40/200 (0.49s/seq, target=-12)
      ... 50/200 (0.49s/seq, target=-12)
      ... 60/200 (0.49s/seq, target=-12)
      ... 70/200 (0.49s/seq, target=-12)
      ... 80/200 (0.49s/seq, target=-12)
      ... 90/200 (0.49s/seq, target=-12)
      ... 100/200 (0.49s/seq, target=-12)
      ... 110/200 (0.49s/seq, target=-12)
      ... 120/200 (0.49s/seq, target=-12)
      ... 130/200 (0.49s/seq, target=-12)
      ... 140/200 (0.50s/seq, target=-12)
      ... 150/200 (0.50s/seq, target=-12)
      ... 160/200 (0.50s/seq, target=-12)
      ... 170/200 (0.50s/seq, target=-12)
      ... 180/200 (0.50s/seq, target=-12)
      ... 190/200 (0.50s/seq, target=-12)
      ... 200/200 (0.50s/seq, target=-12)
  [native] target= -12 eff=-9.82 n=200 pass C=79 D=33 H=200 三达标=14 (0.070) dev_m=2.84 del_m=0.595 主因=['deletion']
    arm 1CGE_arm_n2: 已有 0 条, 需补采 200 条
      ... 10/200 (0.48s/seq, target=-14)
      ... 20/200 (0.48s/seq, target=-14)
      ... 30/200 (0.48s/seq, target=-14)
      ... 40/200 (0.49s/seq, target=-14)
      ... 50/200 (0.49s/seq, target=-14)
      ... 60/200 (0.49s/seq, target=-14)
      ... 70/200 (0.49s/seq, target=-14)
      ... 80/200 (0.50s/seq, target=-14)
      ... 90/200 (0.50s/seq, target=-14)
      ... 100/200 (0.50s/seq, target=-14)
      ... 110/200 (0.50s/seq, target=-14)
      ... 120/200 (0.50s/seq, target=-14)
      ... 130/200 (0.50s/seq, target=-14)
      ... 140/200 (0.50s/seq, target=-14)
      ... 150/200 (0.50s/seq, target=-14)
      ... 160/200 (0.50s/seq, target=-14)
      ... 170/200 (0.50s/seq, target=-14)
      ... 180/200 (0.50s/seq, target=-14)
      ... 190/200 (0.51s/seq, target=-14)
      ... 200/200 (0.51s/seq, target=-14)
  [n2] target= -14 eff=-11.85 n=200 pass C=84 D=84 H=200 三达标=38 (0.190) dev_m=2.86 del_m=0.682 主因=['charge', 'deletion']
    arm 1CGE_arm_p2: 已有 0 条, 需补采 200 条
      ... 10/200 (0.49s/seq, target=-10)
      ... 20/200 (0.49s/seq, target=-10)
      ... 30/200 (0.49s/seq, target=-10)
      ... 40/200 (0.49s/seq, target=-10)
      ... 50/200 (0.50s/seq, target=-10)
      ... 60/200 (0.49s/seq, target=-10)
      ... 70/200 (0.49s/seq, target=-10)
      ... 80/200 (0.49s/seq, target=-10)
      ... 90/200 (0.49s/seq, target=-10)
      ... 100/200 (0.49s/seq, target=-10)
      ... 110/200 (0.49s/seq, target=-10)
      ... 120/200 (0.49s/seq, target=-10)
      ... 130/200 (0.49s/seq, target=-10)
      ... 140/200 (0.49s/seq, target=-10)
      ... 150/200 (0.49s/seq, target=-10)
      ... 160/200 (0.49s/seq, target=-10)
      ... 170/200 (0.50s/seq, target=-10)
      ... 180/200 (0.50s/seq, target=-10)
      ... 190/200 (0.50s/seq, target=-10)
      ... 200/200 (0.50s/seq, target=-10)
  [p2] target= -10 eff=-7.78 n=200 pass C=95 D=7 H=200 三达标=1 (0.005) dev_m=2.67 del_m=0.521 主因=['deletion']
    arm 1CGE_arm_n8: 已有 0 条, 需补采 200 条
      ... 10/200 (0.50s/seq, target=-20)
      ... 20/200 (0.50s/seq, target=-20)
      ... 30/200 (0.50s/seq, target=-20)
      ... 40/200 (0.50s/seq, target=-20)
      ... 50/200 (0.52s/seq, target=-20)
      ... 60/200 (0.52s/seq, target=-20)
      ... 70/200 (0.52s/seq, target=-20)
      ... 80/200 (0.52s/seq, target=-20)
      ... 90/200 (0.51s/seq, target=-20)
      ... 100/200 (0.51s/seq, target=-20)
      ... 110/200 (0.51s/seq, target=-20)
      ... 120/200 (0.51s/seq, target=-20)
      ... 130/200 (0.51s/seq, target=-20)
      ... 140/200 (0.51s/seq, target=-20)
      ... 150/200 (0.51s/seq, target=-20)
      ... 160/200 (0.51s/seq, target=-20)
      ... 170/200 (0.51s/seq, target=-20)
      ... 180/200 (0.51s/seq, target=-20)
      ... 190/200 (0.51s/seq, target=-20)
      ... 200/200 (0.51s/seq, target=-20)
  [n8] target= -20 eff=-17.96 n=200 pass C=66 D=193 H=199 三达标=64 (0.320) dev_m=3.53 del_m=0.919 主因=['charge']
    arm 1CGE_arm_p8: 已有 0 条, 需补采 200 条
      ... 10/200 (0.50s/seq, target=-4)
      ... 20/200 (0.50s/seq, target=-4)
      ... 30/200 (0.50s/seq, target=-4)
      ... 40/200 (0.50s/seq, target=-4)
      ... 50/200 (0.50s/seq, target=-4)
      ... 60/200 (0.50s/seq, target=-4)
      ... 70/200 (0.50s/seq, target=-4)
      ... 80/200 (0.50s/seq, target=-4)
      ... 90/200 (0.50s/seq, target=-4)
      ... 100/200 (0.50s/seq, target=-4)
      ... 110/200 (0.50s/seq, target=-4)
      ... 120/200 (0.50s/seq, target=-4)
      ... 130/200 (0.50s/seq, target=-4)
      ... 140/200 (0.50s/seq, target=-4)
      ... 150/200 (0.50s/seq, target=-4)
      ... 160/200 (0.50s/seq, target=-4)
      ... 170/200 (0.50s/seq, target=-4)
      ... 180/200 (0.50s/seq, target=-4)
      ... 190/200 (0.50s/seq, target=-4)
      ... 200/200 (0.50s/seq, target=-4)
  [p8] target=  -4 eff=-1.68 n=200 pass C=96 D=0 H=200 三达标=0 (0.000) dev_m=2.49 del_m=0.351 主因=['deletion']

=== 1BJ4 cat=long L=470 q_nat=+0.42 DK_nat=105 (DE=52/KR=53) H3_native=105 (0.223) cal=per-protein(1BJ4)
    arm 1BJ4_arm_native: 已有 0 条, 需补采 200 条
      ... 10/200 (1.45s/seq, target=0)
      ... 20/200 (1.45s/seq, target=0)
      ... 30/200 (1.45s/seq, target=0)
      ... 40/200 (1.45s/seq, target=0)
      ... 50/200 (1.45s/seq, target=0)
      ... 60/200 (1.45s/seq, target=0)
      ... 70/200 (1.45s/seq, target=0)
      ... 80/200 (1.45s/seq, target=0)
      ... 90/200 (1.45s/seq, target=0)
      ... 100/200 (1.46s/seq, target=0)
      ... 110/200 (1.46s/seq, target=0)
      ... 120/200 (1.45s/seq, target=0)
      ... 130/200 (1.45s/seq, target=0)
      ... 140/200 (1.45s/seq, target=0)
      ... 150/200 (1.45s/seq, target=0)
      ... 160/200 (1.45s/seq, target=0)
      ... 170/200 (1.45s/seq, target=0)
      ... 180/200 (1.46s/seq, target=0)
      ... 190/200 (1.46s/seq, target=0)
      ... 200/200 (1.46s/seq, target=0)
  [native] target=   0 eff=+1.89 n=200 pass C=47 D=0 H=200 三达标=0 (0.000) dev_m=4.86 del_m=0.458 主因=['deletion']
    arm 1BJ4_arm_n2: 已有 0 条, 需补采 200 条
      ... 10/200 (1.44s/seq, target=-2)
      ... 20/200 (1.44s/seq, target=-2)
      ... 30/200 (1.47s/seq, target=-2)
      ... 40/200 (1.46s/seq, target=-2)
      ... 50/200 (1.46s/seq, target=-2)
      ... 60/200 (1.46s/seq, target=-2)
      ... 70/200 (1.45s/seq, target=-2)
      ... 80/200 (1.45s/seq, target=-2)
      ... 90/200 (1.45s/seq, target=-2)
      ... 100/200 (1.45s/seq, target=-2)
      ... 110/200 (1.45s/seq, target=-2)
      ... 120/200 (1.45s/seq, target=-2)
      ... 130/200 (1.45s/seq, target=-2)
      ... 140/200 (1.44s/seq, target=-2)
      ... 150/200 (1.44s/seq, target=-2)
      ... 160/200 (1.44s/seq, target=-2)
      ... 170/200 (1.44s/seq, target=-2)
      ... 180/200 (1.44s/seq, target=-2)
      ... 190/200 (1.44s/seq, target=-2)
      ... 200/200 (1.44s/seq, target=-2)
  [n2] target=  -2 eff=+0.97 n=200 pass C=51 D=0 H=200 三达标=0 (0.000) dev_m=4.86 del_m=0.455 主因=['deletion']
    arm 1BJ4_arm_p2: 已有 0 条, 需补采 200 条
      ... 10/200 (1.43s/seq, target=2)
      ... 20/200 (1.43s/seq, target=2)
      ... 30/200 (1.41s/seq, target=2)
      ... 40/200 (1.42s/seq, target=2)
      ... 50/200 (1.42s/seq, target=2)
      ... 60/200 (1.43s/seq, target=2)
      ... 70/200 (1.43s/seq, target=2)
      ... 80/200 (1.43s/seq, target=2)
      ... 90/200 (1.43s/seq, target=2)
      ... 100/200 (1.43s/seq, target=2)
      ... 110/200 (1.44s/seq, target=2)
      ... 120/200 (1.44s/seq, target=2)
      ... 130/200 (1.44s/seq, target=2)
      ... 140/200 (1.44s/seq, target=2)
      ... 150/200 (1.44s/seq, target=2)
      ... 160/200 (1.44s/seq, target=2)
      ... 170/200 (1.44s/seq, target=2)
      ... 180/200 (1.44s/seq, target=2)
      ... 190/200 (1.45s/seq, target=2)
      ... 200/200 (1.45s/seq, target=2)
  [p2] target=   2 eff=+2.80 n=200 pass C=48 D=0 H=200 三达标=0 (0.000) dev_m=5.04 del_m=0.469 主因=['deletion']
    arm 1BJ4_arm_n8: 已有 0 条, 需补采 200 条
      ... 10/200 (1.47s/seq, target=-8)
      ... 20/200 (1.47s/seq, target=-8)
      ... 30/200 (1.47s/seq, target=-8)
      ... 40/200 (1.47s/seq, target=-8)
      ... 50/200 (1.48s/seq, target=-8)
      ... 60/200 (1.47s/seq, target=-8)
      ... 70/200 (1.48s/seq, target=-8)
      ... 80/200 (1.48s/seq, target=-8)
      ... 90/200 (1.48s/seq, target=-8)
      ... 100/200 (1.48s/seq, target=-8)
      ... 110/200 (1.48s/seq, target=-8)
      ... 120/200 (1.48s/seq, target=-8)
      ... 130/200 (1.48s/seq, target=-8)
      ... 140/200 (1.48s/seq, target=-8)
      ... 150/200 (1.48s/seq, target=-8)
      ... 160/200 (1.48s/seq, target=-8)
      ... 170/200 (1.48s/seq, target=-8)
      ... 180/200 (1.48s/seq, target=-8)
      ... 190/200 (1.48s/seq, target=-8)
      ... 200/200 (1.48s/seq, target=-8)
  [n8] target=  -8 eff=-1.78 n=200 pass C=46 D=0 H=200 三达标=0 (0.000) dev_m=5.10 del_m=0.473 主因=['deletion']
    arm 1BJ4_arm_p8: 已有 0 条, 需补采 200 条
      ... 10/200 (1.45s/seq, target=8)
      ... 20/200 (1.46s/seq, target=8)
      ... 30/200 (1.46s/seq, target=8)
      ... 40/200 (1.46s/seq, target=8)
      ... 50/200 (1.46s/seq, target=8)
      ... 60/200 (1.46s/seq, target=8)
      ... 70/200 (1.46s/seq, target=8)
      ... 80/200 (1.46s/seq, target=8)
      ... 90/200 (1.46s/seq, target=8)
      ... 100/200 (1.46s/seq, target=8)
      ... 110/200 (1.46s/seq, target=8)
      ... 120/200 (1.46s/seq, target=8)
      ... 130/200 (1.46s/seq, target=8)
      ... 140/200 (1.46s/seq, target=8)
      ... 150/200 (1.46s/seq, target=8)
      ... 160/200 (1.46s/seq, target=8)
      ... 170/200 (1.46s/seq, target=8)
      ... 180/200 (1.46s/seq, target=8)
      ... 190/200 (1.46s/seq, target=8)
      ... 200/200 (1.46s/seq, target=8)
  [p8] target=   8 eff=+5.56 n=200 pass C=50 D=2 H=200 三达标=0 (0.000) dev_m=5.30 del_m=0.536 主因=['deletion']

=== 21KL_A cat=RNA L=237 q_nat=+10.02 DK_nat=62 (DE=26/KR=36) H3_native=62 (0.262) cal=per-protein(21KL_A)
    arm 21KL_A_arm_native: 已有 0 条, 需补采 200 条
      ... 10/200 (0.74s/seq, target=10)
      ... 20/200 (0.74s/seq, target=10)
      ... 30/200 (0.75s/seq, target=10)
      ... 40/200 (0.75s/seq, target=10)
      ... 50/200 (0.75s/seq, target=10)
      ... 60/200 (0.74s/seq, target=10)
      ... 70/200 (0.74s/seq, target=10)
      ... 80/200 (0.74s/seq, target=10)
      ... 90/200 (0.74s/seq, target=10)
      ... 100/200 (0.74s/seq, target=10)
      ... 110/200 (0.74s/seq, target=10)
      ... 120/200 (0.74s/seq, target=10)
      ... 130/200 (0.74s/seq, target=10)
      ... 140/200 (0.74s/seq, target=10)
      ... 150/200 (0.74s/seq, target=10)
      ... 160/200 (0.74s/seq, target=10)
      ... 170/200 (0.74s/seq, target=10)
      ... 180/200 (0.74s/seq, target=10)
      ... 190/200 (0.75s/seq, target=10)
      ... 200/200 (0.75s/seq, target=10)
  [native] target=  10 eff=+3.95 n=200 pass C=48 D=28 H=200 三达标=8 (0.040) dev_m=4.61 del_m=0.602 主因=['deletion']
    arm 21KL_A_arm_n2: 已有 0 条, 需补采 200 条
      ... 10/200 (0.74s/seq, target=8)
      ... 20/200 (0.74s/seq, target=8)
      ... 30/200 (0.74s/seq, target=8)
      ... 40/200 (0.74s/seq, target=8)
      ... 50/200 (0.74s/seq, target=8)
      ... 60/200 (0.74s/seq, target=8)
      ... 70/200 (0.75s/seq, target=8)
      ... 80/200 (0.75s/seq, target=8)
      ... 90/200 (0.75s/seq, target=8)
      ... 100/200 (0.75s/seq, target=8)
      ... 110/200 (0.75s/seq, target=8)
      ... 120/200 (0.75s/seq, target=8)
      ... 130/200 (0.75s/seq, target=8)
      ... 140/200 (0.75s/seq, target=8)
      ... 150/200 (0.75s/seq, target=8)
      ... 160/200 (0.75s/seq, target=8)
      ... 170/200 (0.75s/seq, target=8)
      ... 180/200 (0.75s/seq, target=8)
      ... 190/200 (0.75s/seq, target=8)
      ... 200/200 (0.75s/seq, target=8)
  [n2] target=   8 eff=+2.80 n=200 pass C=48 D=14 H=200 三达标=4 (0.020) dev_m=4.57 del_m=0.579 主因=['deletion']
    arm 21KL_A_arm_p2: 已有 0 条, 需补采 200 条
      ... 10/200 (0.74s/seq, target=12)
      ... 20/200 (0.74s/seq, target=12)
      ... 30/200 (0.75s/seq, target=12)
      ... 40/200 (0.75s/seq, target=12)
      ... 50/200 (0.75s/seq, target=12)
      ... 60/200 (0.76s/seq, target=12)
      ... 70/200 (0.76s/seq, target=12)
      ... 80/200 (0.76s/seq, target=12)
      ... 90/200 (0.76s/seq, target=12)
      ... 100/200 (0.76s/seq, target=12)
      ... 110/200 (0.76s/seq, target=12)
      ... 120/200 (0.76s/seq, target=12)
      ... 130/200 (0.76s/seq, target=12)
      ... 140/200 (0.76s/seq, target=12)
      ... 150/200 (0.76s/seq, target=12)
      ... 160/200 (0.76s/seq, target=12)
      ... 170/200 (0.76s/seq, target=12)
      ... 180/200 (0.76s/seq, target=12)
      ... 190/200 (0.76s/seq, target=12)
      ... 200/200 (0.76s/seq, target=12)
  [p2] target=  12 eff=+5.11 n=200 pass C=52 D=39 H=200 三达标=7 (0.035) dev_m=4.51 del_m=0.632 主因=['deletion']
    arm 21KL_A_arm_n8: 已有 0 条, 需补采 200 条
      ... 10/200 (0.73s/seq, target=2)
      ... 20/200 (0.73s/seq, target=2)
      ... 30/200 (0.73s/seq, target=2)
      ... 40/200 (0.74s/seq, target=2)
      ... 50/200 (0.74s/seq, target=2)
      ... 60/200 (0.75s/seq, target=2)
      ... 70/200 (0.74s/seq, target=2)
      ... 80/200 (0.74s/seq, target=2)
      ... 90/200 (0.74s/seq, target=2)
      ... 100/200 (0.74s/seq, target=2)
      ... 110/200 (0.74s/seq, target=2)
      ... 120/200 (0.74s/seq, target=2)
      ... 130/200 (0.74s/seq, target=2)
      ... 140/200 (0.74s/seq, target=2)
      ... 150/200 (0.74s/seq, target=2)
      ... 160/200 (0.74s/seq, target=2)
      ... 170/200 (0.74s/seq, target=2)
      ... 180/200 (0.74s/seq, target=2)
      ... 190/200 (0.74s/seq, target=2)
      ... 200/200 (0.74s/seq, target=2)
  [n8] target=   2 eff=-0.66 n=200 pass C=42 D=12 H=200 三达标=1 (0.005) dev_m=4.57 del_m=0.572 主因=['deletion']
    arm 21KL_A_arm_p8: 已有 0 条, 需补采 200 条
      ... 10/200 (0.74s/seq, target=18)
      ... 20/200 (0.74s/seq, target=18)
      ... 30/200 (0.74s/seq, target=18)
      ... 40/200 (0.74s/seq, target=18)
      ... 50/200 (0.74s/seq, target=18)
      ... 60/200 (0.74s/seq, target=18)
      ... 70/200 (0.74s/seq, target=18)
      ... 80/200 (0.74s/seq, target=18)
      ... 90/200 (0.74s/seq, target=18)
      ... 100/200 (0.74s/seq, target=18)
      ... 110/200 (0.74s/seq, target=18)
      ... 120/200 (0.74s/seq, target=18)
      ... 130/200 (0.74s/seq, target=18)
      ... 140/200 (0.74s/seq, target=18)
      ... 150/200 (0.74s/seq, target=18)
      ... 160/200 (0.74s/seq, target=18)
      ... 170/200 (0.74s/seq, target=18)
      ... 180/200 (0.74s/seq, target=18)
      ... 190/200 (0.74s/seq, target=18)
      ... 200/200 (0.74s/seq, target=18)
  [p8] target=  18 eff=+8.57 n=200 pass C=47 D=153 H=200 三达标=39 (0.195) dev_m=4.60 del_m=0.768 主因=['charge']

=== 5O60_E cat=RNA L=209 q_nat=+11.18 DK_nat=51 (DE=20/KR=31) H3_native=51 (0.244) cal=per-protein(5O60_E)
    arm 5O60_E_arm_native: 已有 0 条, 需补采 200 条
      ... 10/200 (0.64s/seq, target=11)
      ... 20/200 (0.64s/seq, target=11)
      ... 30/200 (0.64s/seq, target=11)
      ... 40/200 (0.64s/seq, target=11)
      ... 50/200 (0.64s/seq, target=11)
      ... 60/200 (0.64s/seq, target=11)
      ... 70/200 (0.64s/seq, target=11)
      ... 80/200 (0.64s/seq, target=11)
      ... 90/200 (0.65s/seq, target=11)
      ... 100/200 (0.65s/seq, target=11)
      ... 110/200 (0.65s/seq, target=11)
      ... 120/200 (0.65s/seq, target=11)
      ... 130/200 (0.65s/seq, target=11)
      ... 140/200 (0.65s/seq, target=11)
      ... 150/200 (0.65s/seq, target=11)
      ... 160/200 (0.65s/seq, target=11)
      ... 170/200 (0.65s/seq, target=11)
      ... 180/200 (0.65s/seq, target=11)
      ... 190/200 (0.65s/seq, target=11)
      ... 200/200 (0.65s/seq, target=11)
  [native] target=  11 eff=+6.58 n=200 pass C=64 D=13 H=200 三达标=4 (0.020) dev_m=3.74 del_m=0.550 主因=['deletion']
    arm 5O60_E_arm_n2: 已有 0 条, 需补采 200 条
      ... 10/200 (0.63s/seq, target=9)
      ... 20/200 (0.64s/seq, target=9)
      ... 30/200 (0.64s/seq, target=9)
      ... 40/200 (0.64s/seq, target=9)
      ... 50/200 (0.64s/seq, target=9)
      ... 60/200 (0.64s/seq, target=9)
      ... 70/200 (0.65s/seq, target=9)
      ... 80/200 (0.65s/seq, target=9)
      ... 90/200 (0.64s/seq, target=9)
      ... 100/200 (0.64s/seq, target=9)
      ... 110/200 (0.64s/seq, target=9)
      ... 120/200 (0.64s/seq, target=9)
      ... 130/200 (0.65s/seq, target=9)
      ... 140/200 (0.65s/seq, target=9)
      ... 150/200 (0.65s/seq, target=9)
      ... 160/200 (0.65s/seq, target=9)
      ... 170/200 (0.65s/seq, target=9)
      ... 180/200 (0.65s/seq, target=9)
      ... 190/200 (0.65s/seq, target=9)
      ... 200/200 (0.65s/seq, target=9)
  [n2] target=   9 eff=+5.45 n=200 pass C=61 D=4 H=200 三达标=1 (0.005) dev_m=3.64 del_m=0.516 主因=['deletion']
    arm 5O60_E_arm_p2: 已有 0 条, 需补采 200 条
      ... 10/200 (0.64s/seq, target=13)
      ... 20/200 (0.64s/seq, target=13)
      ... 30/200 (0.64s/seq, target=13)
      ... 40/200 (0.64s/seq, target=13)
      ... 50/200 (0.64s/seq, target=13)
      ... 60/200 (0.64s/seq, target=13)
      ... 70/200 (0.64s/seq, target=13)
      ... 80/200 (0.64s/seq, target=13)
      ... 90/200 (0.64s/seq, target=13)
      ... 100/200 (0.64s/seq, target=13)
      ... 110/200 (0.64s/seq, target=13)
      ... 120/200 (0.64s/seq, target=13)
      ... 130/200 (0.64s/seq, target=13)
      ... 140/200 (0.64s/seq, target=13)
      ... 150/200 (0.64s/seq, target=13)
      ... 160/200 (0.64s/seq, target=13)
      ... 170/200 (0.64s/seq, target=13)
      ... 180/200 (0.64s/seq, target=13)
      ... 190/200 (0.64s/seq, target=13)
      ... 200/200 (0.64s/seq, target=13)
  [p2] target=  13 eff=+7.70 n=200 pass C=65 D=32 H=200 三达标=8 (0.040) dev_m=3.76 del_m=0.593 主因=['deletion']
    arm 5O60_E_arm_n8: 已有 0 条, 需补采 200 条
      ... 10/200 (0.64s/seq, target=3)
      ... 20/200 (0.64s/seq, target=3)
      ... 30/200 (0.64s/seq, target=3)
      ... 40/200 (0.65s/seq, target=3)
      ... 50/200 (0.65s/seq, target=3)
      ... 60/200 (0.65s/seq, target=3)
      ... 70/200 (0.65s/seq, target=3)
      ... 80/200 (0.64s/seq, target=3)
      ... 90/200 (0.64s/seq, target=3)
      ... 100/200 (0.64s/seq, target=3)
      ... 110/200 (0.65s/seq, target=3)
      ... 120/200 (0.65s/seq, target=3)
      ... 130/200 (0.65s/seq, target=3)
      ... 140/200 (0.65s/seq, target=3)
      ... 150/200 (0.65s/seq, target=3)
      ... 160/200 (0.65s/seq, target=3)
      ... 170/200 (0.65s/seq, target=3)
      ... 180/200 (0.65s/seq, target=3)
      ... 190/200 (0.65s/seq, target=3)
      ... 200/200 (0.65s/seq, target=3)
  [n8] target=   3 eff=+2.08 n=200 pass C=69 D=0 H=200 三达标=0 (0.000) dev_m=3.25 del_m=0.457 主因=['deletion']
    arm 5O60_E_arm_p8: 已有 0 条, 需补采 200 条
      ... 10/200 (0.66s/seq, target=19)
      ... 20/200 (0.66s/seq, target=19)
      ... 30/200 (0.65s/seq, target=19)
      ... 40/200 (0.65s/seq, target=19)
      ... 50/200 (0.65s/seq, target=19)
      ... 60/200 (0.65s/seq, target=19)
      ... 70/200 (0.64s/seq, target=19)
      ... 80/200 (0.64s/seq, target=19)
      ... 90/200 (0.64s/seq, target=19)
      ... 100/200 (0.64s/seq, target=19)
      ... 110/200 (0.65s/seq, target=19)
      ... 120/200 (0.65s/seq, target=19)
      ... 130/200 (0.65s/seq, target=19)
      ... 140/200 (0.65s/seq, target=19)
      ... 150/200 (0.65s/seq, target=19)
      ... 160/200 (0.65s/seq, target=19)
      ... 170/200 (0.65s/seq, target=19)
      ... 180/200 (0.65s/seq, target=19)
      ... 190/200 (0.65s/seq, target=19)
      ... 200/200 (0.65s/seq, target=19)
  [p8] target=  19 eff=+11.07 n=200 pass C=61 D=152 H=200 三达标=48 (0.240) dev_m=3.89 del_m=0.762 主因=['charge']

=== 3MXB_A cat=DNA L=153 q_nat=+7.94 DK_nat=38 (DE=15/KR=23) H3_native=38 (0.248) cal=per-protein(3MXB_A)
    arm 3MXB_A_arm_native: 已有 0 条, 需补采 200 条
      ... 10/200 (0.50s/seq, target=8)
      ... 20/200 (0.49s/seq, target=8)
      ... 30/200 (0.49s/seq, target=8)
      ... 40/200 (0.48s/seq, target=8)
      ... 50/200 (0.48s/seq, target=8)
      ... 60/200 (0.48s/seq, target=8)
      ... 70/200 (0.48s/seq, target=8)
      ... 80/200 (0.48s/seq, target=8)
      ... 90/200 (0.48s/seq, target=8)
      ... 100/200 (0.48s/seq, target=8)
      ... 110/200 (0.48s/seq, target=8)
      ... 120/200 (0.48s/seq, target=8)
      ... 130/200 (0.48s/seq, target=8)
      ... 140/200 (0.48s/seq, target=8)
      ... 150/200 (0.48s/seq, target=8)
      ... 160/200 (0.48s/seq, target=8)
      ... 170/200 (0.48s/seq, target=8)
      ... 180/200 (0.48s/seq, target=8)
      ... 190/200 (0.48s/seq, target=8)
      ... 200/200 (0.48s/seq, target=8)
  [native] target=   8 eff=+5.86 n=200 pass C=83 D=75 H=200 三达标=29 (0.145) dev_m=3.28 del_m=0.667 主因=['deletion']
    arm 3MXB_A_arm_n2: 已有 0 条, 需补采 200 条
      ... 10/200 (0.45s/seq, target=6)
      ... 20/200 (0.47s/seq, target=6)
      ... 30/200 (0.48s/seq, target=6)
      ... 40/200 (0.48s/seq, target=6)
      ... 50/200 (0.48s/seq, target=6)
      ... 60/200 (0.48s/seq, target=6)
      ... 70/200 (0.48s/seq, target=6)
      ... 80/200 (0.48s/seq, target=6)
      ... 90/200 (0.48s/seq, target=6)
      ... 100/200 (0.48s/seq, target=6)
      ... 110/200 (0.48s/seq, target=6)
      ... 120/200 (0.48s/seq, target=6)
      ... 130/200 (0.48s/seq, target=6)
      ... 140/200 (0.48s/seq, target=6)
      ... 150/200 (0.47s/seq, target=6)
      ... 160/200 (0.47s/seq, target=6)
      ... 170/200 (0.47s/seq, target=6)
      ... 180/200 (0.47s/seq, target=6)
      ... 190/200 (0.47s/seq, target=6)
      ... 200/200 (0.48s/seq, target=6)
  [n2] target=   6 eff=+4.25 n=200 pass C=82 D=33 H=200 三达标=12 (0.060) dev_m=3.28 del_m=0.605 主因=['deletion']
    arm 3MXB_A_arm_p2: 已有 0 条, 需补采 200 条
      ... 10/200 (0.47s/seq, target=10)
      ... 20/200 (0.47s/seq, target=10)
      ... 30/200 (0.47s/seq, target=10)
      ... 40/200 (0.47s/seq, target=10)
      ... 50/200 (0.47s/seq, target=10)
      ... 60/200 (0.47s/seq, target=10)
      ... 70/200 (0.47s/seq, target=10)
      ... 80/200 (0.47s/seq, target=10)
      ... 90/200 (0.47s/seq, target=10)
      ... 100/200 (0.47s/seq, target=10)
      ... 110/200 (0.47s/seq, target=10)
      ... 120/200 (0.47s/seq, target=10)
      ... 130/200 (0.48s/seq, target=10)
      ... 140/200 (0.48s/seq, target=10)
      ... 150/200 (0.48s/seq, target=10)
      ... 160/200 (0.48s/seq, target=10)
      ... 170/200 (0.48s/seq, target=10)
      ... 180/200 (0.49s/seq, target=10)
      ... 190/200 (0.49s/seq, target=10)
      ... 200/200 (0.49s/seq, target=10)
  [p2] target=  10 eff=+7.48 n=200 pass C=74 D=129 H=200 三达标=46 (0.230) dev_m=3.27 del_m=0.734 主因=['charge']
    arm 3MXB_A_arm_n8: 已有 0 条, 需补采 200 条
      ... 10/200 (0.47s/seq, target=0)
      ... 20/200 (0.53s/seq, target=0)
      ... 30/200 (0.51s/seq, target=0)
      ... 40/200 (0.50s/seq, target=0)
      ... 50/200 (0.50s/seq, target=0)
      ... 60/200 (0.50s/seq, target=0)
      ... 70/200 (0.50s/seq, target=0)
      ... 80/200 (0.50s/seq, target=0)
      ... 90/200 (0.50s/seq, target=0)
      ... 100/200 (0.50s/seq, target=0)
      ... 110/200 (0.50s/seq, target=0)
      ... 120/200 (0.50s/seq, target=0)
      ... 130/200 (0.50s/seq, target=0)
      ... 140/200 (0.49s/seq, target=0)
      ... 150/200 (0.49s/seq, target=0)
      ... 160/200 (0.49s/seq, target=0)
      ... 170/200 (0.49s/seq, target=0)
      ... 180/200 (0.49s/seq, target=0)
      ... 190/200 (0.49s/seq, target=0)
      ... 200/200 (0.49s/seq, target=0)
  [n8] target=   0 eff=-0.60 n=200 pass C=80 D=20 H=200 三达标=7 (0.035) dev_m=3.15 del_m=0.559 主因=['deletion']
    arm 3MXB_A_arm_p8: 已有 0 条, 需补采 200 条
      ... 10/200 (0.48s/seq, target=16)
      ... 20/200 (0.48s/seq, target=16)
      ... 30/200 (0.48s/seq, target=16)
      ... 40/200 (0.48s/seq, target=16)
      ... 50/200 (0.48s/seq, target=16)
      ... 60/200 (0.48s/seq, target=16)
      ... 70/200 (0.47s/seq, target=16)
      ... 80/200 (0.48s/seq, target=16)
      ... 90/200 (0.48s/seq, target=16)
      ... 100/200 (0.48s/seq, target=16)
      ... 110/200 (0.48s/seq, target=16)
      ... 120/200 (0.48s/seq, target=16)
      ... 130/200 (0.48s/seq, target=16)
      ... 140/200 (0.48s/seq, target=16)
      ... 150/200 (0.48s/seq, target=16)
      ... 160/200 (0.48s/seq, target=16)
      ... 170/200 (0.48s/seq, target=16)
      ... 180/200 (0.48s/seq, target=16)
      ... 190/200 (0.48s/seq, target=16)
      ... 200/200 (0.48s/seq, target=16)
  [p8] target=  16 eff=+12.32 n=200 pass C=65 D=200 H=186 三达标=62 (0.310) dev_m=3.74 del_m=1.030 主因=['charge']

=== 9DWG_L cat=DNA L=323 q_nat=+3.98 DK_nat=98 (DE=47/KR=51) H3_native=98 (0.303) cal=per-protein(9DWG_L)
    arm 9DWG_L_arm_native: 已有 0 条, 需补采 200 条
      ... 10/200 (1.00s/seq, target=4)
      ... 20/200 (1.00s/seq, target=4)
      ... 30/200 (1.00s/seq, target=4)
      ... 40/200 (1.00s/seq, target=4)
      ... 50/200 (1.00s/seq, target=4)
      ... 60/200 (1.00s/seq, target=4)
      ... 70/200 (1.00s/seq, target=4)
      ... 80/200 (1.00s/seq, target=4)
      ... 90/200 (1.00s/seq, target=4)
      ... 100/200 (1.00s/seq, target=4)
      ... 110/200 (1.00s/seq, target=4)
      ... 120/200 (1.01s/seq, target=4)
      ... 130/200 (1.01s/seq, target=4)
      ... 140/200 (1.01s/seq, target=4)
      ... 150/200 (1.01s/seq, target=4)
      ... 160/200 (1.01s/seq, target=4)
      ... 170/200 (1.01s/seq, target=4)
      ... 180/200 (1.01s/seq, target=4)
      ... 190/200 (1.01s/seq, target=4)
      ... 200/200 (1.02s/seq, target=4)
  [native] target=   4 eff=+4.89 n=200 pass C=50 D=0 H=200 三达标=0 (0.000) dev_m=4.73 del_m=0.471 主因=['deletion']
    arm 9DWG_L_arm_n2: 已有 0 条, 需补采 200 条
      ... 10/200 (0.98s/seq, target=2)
      ... 20/200 (0.98s/seq, target=2)
      ... 30/200 (0.98s/seq, target=2)
      ... 40/200 (0.98s/seq, target=2)
      ... 50/200 (0.98s/seq, target=2)
      ... 60/200 (0.98s/seq, target=2)
      ... 70/200 (0.98s/seq, target=2)
      ... 80/200 (0.98s/seq, target=2)
      ... 90/200 (0.98s/seq, target=2)
      ... 100/200 (0.98s/seq, target=2)
      ... 110/200 (0.98s/seq, target=2)
      ... 120/200 (0.98s/seq, target=2)
      ... 130/200 (0.98s/seq, target=2)
      ... 140/200 (0.98s/seq, target=2)
      ... 150/200 (0.98s/seq, target=2)
      ... 160/200 (0.98s/seq, target=2)
      ... 170/200 (0.98s/seq, target=2)
      ... 180/200 (0.98s/seq, target=2)
      ... 190/200 (0.98s/seq, target=2)
      ... 200/200 (0.98s/seq, target=2)
  [n2] target=   2 eff=+3.75 n=200 pass C=56 D=0 H=200 三达标=0 (0.000) dev_m=4.60 del_m=0.447 主因=['deletion']
    arm 9DWG_L_arm_p2: 已有 0 条, 需补采 200 条
      ... 10/200 (0.96s/seq, target=6)
      ... 20/200 (0.98s/seq, target=6)
      ... 30/200 (0.98s/seq, target=6)
      ... 40/200 (0.98s/seq, target=6)
      ... 50/200 (0.98s/seq, target=6)
      ... 60/200 (0.98s/seq, target=6)
      ... 70/200 (0.98s/seq, target=6)
      ... 80/200 (0.99s/seq, target=6)
      ... 90/200 (0.99s/seq, target=6)
      ... 100/200 (0.99s/seq, target=6)
      ... 110/200 (0.98s/seq, target=6)
      ... 120/200 (0.98s/seq, target=6)
      ... 130/200 (0.98s/seq, target=6)
      ... 140/200 (0.98s/seq, target=6)
      ... 150/200 (0.98s/seq, target=6)
      ... 160/200 (0.98s/seq, target=6)
      ... 170/200 (0.98s/seq, target=6)
      ... 180/200 (0.98s/seq, target=6)
      ... 190/200 (0.98s/seq, target=6)
      ... 200/200 (0.98s/seq, target=6)
  [p2] target=   6 eff=+6.03 n=200 pass C=50 D=0 H=200 三达标=0 (0.000) dev_m=4.86 del_m=0.502 主因=['deletion']
    arm 9DWG_L_arm_n8: 已有 0 条, 需补采 200 条
      ... 10/200 (0.98s/seq, target=-4)
      ... 20/200 (0.97s/seq, target=-4)
      ... 30/200 (0.98s/seq, target=-4)
      ... 40/200 (0.98s/seq, target=-4)
      ... 50/200 (0.97s/seq, target=-4)
      ... 60/200 (0.97s/seq, target=-4)
      ... 70/200 (0.97s/seq, target=-4)
      ... 80/200 (0.97s/seq, target=-4)
      ... 90/200 (0.97s/seq, target=-4)
      ... 100/200 (0.97s/seq, target=-4)
      ... 110/200 (0.97s/seq, target=-4)
      ... 120/200 (0.97s/seq, target=-4)
      ... 130/200 (0.97s/seq, target=-4)
      ... 140/200 (0.97s/seq, target=-4)
      ... 150/200 (0.97s/seq, target=-4)
      ... 160/200 (0.97s/seq, target=-4)
      ... 170/200 (0.97s/seq, target=-4)
      ... 180/200 (0.97s/seq, target=-4)
      ... 190/200 (0.97s/seq, target=-4)
      ... 200/200 (0.97s/seq, target=-4)
  [n8] target=  -4 eff=+0.33 n=200 pass C=50 D=0 H=200 三达标=0 (0.000) dev_m=4.70 del_m=0.414 主因=['deletion']
    arm 9DWG_L_arm_p8: 已有 0 条, 需补采 200 条
      ... 10/200 (0.98s/seq, target=12)
      ... 20/200 (0.97s/seq, target=12)
      ... 30/200 (0.97s/seq, target=12)
      ... 40/200 (0.97s/seq, target=12)
      ... 50/200 (0.97s/seq, target=12)
      ... 60/200 (0.97s/seq, target=12)
      ... 70/200 (0.97s/seq, target=12)
      ... 80/200 (0.97s/seq, target=12)
      ... 90/200 (0.97s/seq, target=12)
      ... 100/200 (0.97s/seq, target=12)
      ... 110/200 (0.97s/seq, target=12)
      ... 120/200 (0.97s/seq, target=12)
      ... 130/200 (0.97s/seq, target=12)
      ... 140/200 (0.97s/seq, target=12)
      ... 150/200 (0.97s/seq, target=12)
      ... 160/200 (0.97s/seq, target=12)
      ... 170/200 (0.97s/seq, target=12)
      ... 180/200 (0.97s/seq, target=12)
      ... 190/200 (0.97s/seq, target=12)
      ... 200/200 (0.97s/seq, target=12)
  [p8] target=  12 eff=+9.46 n=200 pass C=48 D=29 H=200 三达标=8 (0.040) dev_m=5.23 del_m=0.636 主因=['deletion']

=== 完成 ===
