=== 1B23 ===
done 1B23: ok 1 fail 0 elapsed 1s
=== 1B95 ===
done 1B95: ok 1 fail 0 elapsed 0s
=== 1B97 ===
done 1B97: ok 1 fail 0 elapsed 0s
=== 1BHM ===
done 1BHM: ok 2 fail 0 elapsed 0s
=== 1I6J ===
done 1I6J: ok 1 fail 0 elapsed 0s
=== 1KBU ===
done 1KBU: ok 2 fail 0 elapsed 1s
=== 1ORP ===
done 1ORP: ok 1 fail 0 elapsed 0s
=== 1RGU ===
done 1RGU: ok 2 fail 0 elapsed 1s
=== 1STX ===
done 1STX: ok 1 fail 0 elapsed 0s
=== 1U1N ===
done 1U1N: ok 1 fail 0 elapsed 0s
=== 1YZ9 ===
done 1YZ9: ok 2 fail 0 elapsed 0s
=== 2AOR ===
done 2AOR: ok 2 fail 0 elapsed 0s
=== 2BAM ===
done 2BAM: ok 2 fail 0 elapsed 0s
=== 2BX2 ===
done 2BX2: ok 1 fail 0 elapsed 0s
=== 2C51 ===
done 2C51: ok 1 fail 0 elapsed 0s
=== 2DVI ===
done 2DVI: ok 1 fail 0 elapsed 0s
=== 2FVR ===
done 2FVR: ok 1 fail 0 elapsed 0s
=== 2IH5 ===
done 2IH5: ok 1 fail 0 elapsed 0s
=== 2ITL ===
done 2ITL: ok 1 fail 0 elapsed 0s
=== 2JLW ===
done 2JLW: ok 2 fail 0 elapsed 1s
=== 2JLY ===
done 2JLY: ok 1 fail 0 elapsed 0s
=== 2NUF ===
done 2NUF: ok 1 fail 0 elapsed 0s
=== 2PVI ===
done 2PVI: ok 1 fail 0 elapsed 0s
=== 2VIH ===
done 2VIH: ok 2 fail 0 elapsed 0s
=== 2VOD ===
done 2VOD: ok 2 fail 0 elapsed 0s
=== 2W42 ===
done 2W42: ok 2 fail 0 elapsed 1s
=== 2XO6 ===
done 2XO6: ok 2 fail 0 elapsed 1s
=== 2ZO0 ===
done 2ZO0: ok 1 fail 0 elapsed 0s
=== 2ZO1 ===
done 2ZO1: ok 1 fail 0 elapsed 0s
=== 3BSB ===
done 3BSB: ok 1 fail 0 elapsed 0s
=== 3BSX ===
done 3BSX: ok 1 fail 0 elapsed 0s
=== 3ER9 ===
done 3ER9: ok 1 fail 0 elapsed 0s
=== 3G6X ===
done 3G6X: ok 1 fail 0 elapsed 0s
=== 3H8X ===
done 3H8X: ok 1 fail 0 elapsed 0s
=== 3I8D ===
done 3I8D: ok 1 fail 0 elapsed 0s
=== 3IGL ===
done 3IGL: ok 1 fail 0 elapsed 0s
=== 3NCU ===
done 3NCU: ok 1 fail 0 elapsed 0s
=== 3NNC ===
done 3NNC: ok 1 fail 0 elapsed 0s
=== 3O1O ===
done 3O1O: ok 1 fail 0 elapsed 0s
=== 3O1T ===
done 3O1T: ok 1 fail 0 elapsed 0s
=== 3PMN ===
done 3PMN: ok 1 fail 0 elapsed 0s
=== 3Q8Q ===
done 3Q8Q: ok 1 fail 0 elapsed 2s
=== 3R2C ===
done 3R2C: ok 2 fail 0 elapsed 1s
=== 3SI8 ===
done 3SI8: ok 1 fail 0 elapsed 0s
=== 3TED ===
done 3TED: ok 1 fail 0 elapsed 0s
=== 3V9W ===
done 3V9W: ok 3 fail 0 elapsed 0s
=== 3VAG ===
done 3VAG: ok 1 fail 0 elapsed 0s
=== 3ZVM ===
done 3ZVM: ok 2 fail 0 elapsed 0s
=== 4B22 ===
done 4B22: ok 1 fail 0 elapsed 0s
=== 4DKJ ===
done 4DKJ: ok 1 fail 0 elapsed 0s
=== 4E0G ===
done 4E0G: ok 1 fail 0 elapsed 0s
=== 4ED0 ===
done 4ED0: ok 1 fail 0 elapsed 0s
=== 4F4X ===
done 4F4X: ok 1 fail 0 elapsed 0s
=== 4G0A ===
done 4G0A: ok 1 fail 0 elapsed 0s
=== 4HCB ===
done 4HCB: ok 2 fail 0 elapsed 1s
=== 4HSB ===
done 4HSB: ok 1 fail 0 elapsed 0s
=== 4HUF ===
done 4HUF: ok 2 fail 0 elapsed 0s
=== 4J9M ===
done 4J9M: ok 1 fail 0 elapsed 0s
=== 4JNG ===
done 4JNG: ok 3 fail 0 elapsed 1s
=== 4KTG ===
done 4KTG: ok 1 fail 0 elapsed 0s
=== 4LVJ ===
done 4LVJ: ok 1 fail 0 elapsed 0s
=== 4M04 ===
done 4M04: ok 1 fail 0 elapsed 0s
=== 4N48 ===
done 4N48: ok 2 fail 0 elapsed 1s
=== 4NGD ===
done 4NGD: ok 1 fail 0 elapsed 1s
=== 4NH3 ===
done 4NH3: ok 1 fail 0 elapsed 1s
=== 4NH6 ===
done 4NH6: ok 1 fail 0 elapsed 0s
=== 4NID ===
done 4NID: ok 1 fail 0 elapsed 0s
=== 4NKU ===
done 4NKU: ok 2 fail 0 elapsed 0s
=== 4OPK ===
done 4OPK: ok 1 fail 0 elapsed 0s
=== 4OQ8 ===
done 4OQ8: ok 1 fail 0 elapsed 0s
=== 4PW7 ===
done 4PW7: ok 3 fail 0 elapsed 1s
=== 4Q45 ===
done 4Q45: ok 1 fail 0 elapsed 0s
=== 4QZ9 ===
done 4QZ9: ok 1 fail 0 elapsed 0s
=== 4ROC ===
done 4ROC: ok 2 fail 0 elapsed 1s
=== 4S0N ===
done 4S0N: ok 3 fail 0 elapsed 0s
=== 4Z3A ===
done 4Z3A: ok 1 fail 0 elapsed 0s
=== 4Z7Z ===
done 4Z7Z: ok 1 fail 0 elapsed 0s
=== 4ZDP ===
done 4ZDP: ok 2 fail 0 elapsed 1s
=== 5BTE ===
done 5BTE: ok 2 fail 0 elapsed 1s
=== 5BZV ===
done 5BZV: ok 1 fail 0 elapsed 0s
=== 5CCB ===
done 5CCB: ok 2 fail 0 elapsed 1s
=== 5CLD ===
done 5CLD: ok 1 fail 0 elapsed 0s
=== 5ELX ===
done 5ELX: ok 1 fail 0 elapsed 0s
=== 5FB2 ===
done 5FB2: ok 1 fail 0 elapsed 0s
=== 5GKR ===
done 5GKR: ok 3 fail 0 elapsed 0s
=== 5HNK ===
done 5HNK: ok 1 fail 0 elapsed 0s
=== 5I9F ===
done 5I9F: ok 1 fail 0 elapsed 0s
=== 5KFV ===
done 5KFV: ok 1 fail 0 elapsed 0s
=== 5KKQ ===
done 5KKQ: ok 2 fail 0 elapsed 1s
=== 5KSE ===
done 5KSE: ok 1 fail 0 elapsed 0s
=== 5MCT ===
done 5MCT: ok 1 fail 0 elapsed 0s
=== 5MEY ===
done 5MEY: ok 1 fail 0 elapsed 0s
=== 5VZC ===
done 5VZC: ok 1 fail 0 elapsed 0s
=== 5WMB ===
done 5WMB: ok 1 fail 0 elapsed 0s
=== 5WX9 ===
done 5WX9: ok 1 fail 0 elapsed 0s
=== 5YUZ ===
done 5YUZ: ok 1 fail 0 elapsed 0s
=== 6AK8 ===
done 6AK8: ok 1 fail 0 elapsed 0s
=== 6D0Z ===
done 6D0Z: ok 1 fail 0 elapsed 0s
=== 6FQL ===
done 6FQL: ok 1 fail 0 elapsed 0s
=== 6GCE ===
done 6GCE: ok 1 fail 0 elapsed 0s
=== 6H0S ===
done 6H0S: ok 1 fail 0 elapsed 0s
=== 6IPF ===
done 6IPF: ok 1 fail 0 elapsed 0s
=== 6IS8 ===
done 6IS8: ok 1 fail 0 elapsed 0s
=== 6M7K ===
done 6M7K: ok 1 fail 0 elapsed 0s
=== 6N6A ===
done 6N6A: ok 1 fail 0 elapsed 0s
=== 6O78 ===
done 6O78: ok 1 fail 0 elapsed 0s
=== 6P1R ===
done 6P1R: ok 1 fail 0 elapsed 0s
=== 6PUN ===
done 6PUN: ok 2 fail 0 elapsed 0s
=== 6Q1H ===
done 6Q1H: ok 2 fail 0 elapsed 0s
=== 6RLP ===
done 6RLP: ok 1 fail 0 elapsed 0s
=== 6RNM ===
done 6RNM: ok 1 fail 0 elapsed 0s
=== 6S3P ===
done 6S3P: ok 1 fail 0 elapsed 0s
=== 6TUO ===
done 6TUO: ok 1 fail 0 elapsed 2s
=== 6V9Q ===
done 6V9Q: ok 2 fail 0 elapsed 2s
=== 6X1B ===
done 6X1B: ok 2 fail 0 elapsed 1s
=== 6XJQ ===
done 6XJQ: ok 3 fail 0 elapsed 2s
=== 6XKI ===
done 6XKI: ok 1 fail 0 elapsed 1s
=== 7ABS ===
done 7ABS: ok 1 fail 0 elapsed 1s
=== 7B4E ===
done 7B4E: ok 1 fail 0 elapsed 1s
=== 7K5D ===
done 7K5D: ok 1 fail 0 elapsed 0s
=== 7KFN ===
done 7KFN: ok 2 fail 0 elapsed 1s
=== 7KJV ===
done 7KJV: ok 1 fail 0 elapsed 1s
=== 7L4C ===
done 7L4C: ok 1 fail 0 elapsed 1s
=== 7L4X ===
done 7L4X: ok 1 fail 0 elapsed 0s
=== 7LPI ===
done 7LPI: ok 2 fail 0 elapsed 1s
=== 7OZQ ===
done 7OZQ: ok 3 fail 0 elapsed 2s
=== 7P9I ===
done 7P9I: ok 2 fail 0 elapsed 1s
=== 7P9Z ===
done 7P9Z: ok 1 fail 0 elapsed 1s
=== 7R9G ===
done 7R9G: ok 1 fail 0 elapsed 0s
=== 7SUV ===
done 7SUV: ok 1 fail 0 elapsed 0s
=== 7U76 ===
done 7U76: ok 1 fail 0 elapsed 1s
=== 7UYO ===
done 7UYO: ok 1 fail 0 elapsed 0s
=== 7V2Z ===
done 7V2Z: ok 1 fail 0 elapsed 0s
=== 7VN4 ===
done 7VN4: ok 2 fail 0 elapsed 1s
=== 7XPL ===
done 7XPL: ok 2 fail 0 elapsed 0s
=== 7YCM ===
done 7YCM: ok 2 fail 0 elapsed 1s
=== 7Z5Z ===
done 7Z5Z: ok 1 fail 0 elapsed 0s
=== 7ZNJ ===
done 7ZNJ: ok 2 fail 0 elapsed 0s
=== 8AXB ===
done 8AXB: ok 1 fail 0 elapsed 1s
=== 8C59 ===
done 8C59: ok 1 fail 0 elapsed 0s
=== 8DW7 ===
done 8DW7: ok 2 fail 0 elapsed 1s
=== 8GWB ===
done 8GWB: ok 1 fail 0 elapsed 0s
=== 8IKD ===
done 8IKD: ok 2 fail 0 elapsed 0s
=== 8KBC ===
done 8KBC: ok 3 fail 0 elapsed 0s
=== 8OIV ===
done 8OIV: ok 1 fail 0 elapsed 0s
=== 8OJC ===
done 8OJC: ok 1 fail 0 elapsed 0s
=== 8V7I ===
done 8V7I: ok 1 fail 0 elapsed 1s
=== 9C69 ===
done 9C69: ok 1 fail 0 elapsed 0s
=== 9F7M ===
done 9F7M: ok 3 fail 0 elapsed 0s
=== 9G9A ===
done 9G9A: ok 3 fail 0 elapsed 1s
