target 网格: [-34.0, -30.0, -25.0, -20.0, -15.0, -10.0, -5.0, 0.0, 5.0, 10.0, 18.0]  n=20  pH=7.4  backbone=auto
    条件编码器已加载: finetune_epoch030.pt  (epoch=30, n_tokens=4, token_dim=128)
backbone 实际类型: protein_mpnn

name        L nativeQ  slope    int    r2 group    |  target→均值 示例
7pujA01   283   -12.0   1.50   -7.0  0.99 trainish | -34→-57.4 ... -12→-24.1
1d5yB03   168   -11.2   1.59   -7.5  0.99 trainish | -34→-58.0 ... -11→-26.5
6jixA02   270   -10.6   1.21   -5.1  0.98 trainish | -34→-47.3 ... -11→-16.4
1l3eB00   101     8.3   1.68   -4.5  0.99 trainish | -34→-63.6 ... +8→+9.5
2d3yA00   219     8.8   1.06   -1.6  0.99 trainish | -34→-36.7 ... +9→+8.7
8etcb01   146    14.1   1.35   -9.4  0.96 trainish | -34→-47.0 ... +14→+9.4
2uv8A05   617   -16.0   2.13  -16.1  0.97 trainish | -34→-95.4 ... -16→-48.6
1C6O      177   -14.3   1.28   -0.5  0.99 valid    | -34→-46.0 ... -14→-18.0
1AZM      258    -1.7   1.30   -4.5  0.96 valid    | -34→-53.3 ... -2→-2.2
1AS2      312    -2.7   1.94   -9.1  0.99 valid    | -34→-76.6 ... -3→-11.0
1AXW      528   -18.3   1.83  -10.4  0.98 valid    | -34→-75.6 ... -18→-41.9
2FEO      221    -6.9   1.37   -4.8  0.98 valid    | -34→-55.3 ... -7→-12.6
5CQH      183    -5.5   1.22   -6.6  0.99 valid    | -34→-48.8 ... -6→-12.3
1CGE      162   -11.7   1.02   -3.8  1.00 valid    | -34→-38.2 ... -12→-15.5
1AG0      256    -8.2   2.16   -7.4  0.98 valid    | -34→-87.4 ... -8→-19.7
1A65      504   -26.8   1.64   -6.8  0.97 valid    | -34→-67.5 ... -27→-52.6
1BJ4      470     0.4   2.49   -7.5  0.98 valid    | -34→-96.6 ... +0→-1.1

=== 斜率汇总（按 group）===
  trainish: n= 7  slope 均值=1.50 ± 0.33   ← 若训练域≈1 而验证域≈2，外推假说坐实
  valid   : n=10  slope 均值=1.62 ± 0.45   ← 若训练域≈1 而验证域≈2，外推假说坐实

结果已写: output/v10_diag_response.json
