target 网格: [-34.0, -30.0, -25.0, -20.0, -15.0, -10.0, -5.0, 0.0, 5.0, 10.0, 18.0]  n=20  pH=7.4  backbone=auto
    条件编码器已加载: finetune_epoch030.pt  (epoch=30, n_tokens=4, token_dim=128)
backbone 实际类型: protein_mpnn

name        L nativeQ  slope    int    r2 group    |  target→均值 示例
7pujA01   283   -12.0   0.96    0.3  0.98 trainish | -34→-36.2 ... -12→-9.7
1d5yB03   168   -11.2   1.06    1.4  0.97 trainish | -34→-36.7 ... -11→-7.1
6jixA02   270   -10.6   0.95   -0.3  0.97 trainish | -34→-35.2 ... -11→-8.4
1l3eB00   101     8.3   0.95    1.0  0.99 trainish | -34→-33.2 ... +8→+8.9
2d3yA00   219     8.8   1.01   -0.2  0.99 trainish | -34→-33.1 ... +9→+9.3
8etcb01   146    14.1   1.12    0.3  0.96 trainish | -34→-42.8 ... +14→+12.2
2uv8A05   617   -16.0   0.70   -0.0  0.88 trainish | -34→-29.7 ... -16→-6.5
1C6O      177   -14.3   0.94   -1.0  0.99 valid    | -34→-31.7 ... -14→-15.0
1AZM      258    -1.7   0.88   -0.1  0.96 valid    | -34→-33.1 ... -2→+1.9
1AS2      312    -2.7   0.91    1.3  0.96 valid    | -34→-33.3 ... -3→+1.6
1AXW      528   -18.3   0.88    0.8  0.95 valid    | -34→-32.1 ... -18→-14.7
2FEO      221    -6.9   0.89   -0.3  0.98 valid    | -34→-33.7 ... -7→-6.4
5CQH      183    -5.5   0.98    0.1  0.98 valid    | -34→-35.5 ... -6→-2.5
1CGE      162   -11.7   1.01   -0.1  1.00 valid    | -34→-35.1 ... -12→-11.5
1AG0      256    -8.2   0.83    0.0  1.00 valid    | -34→-29.8 ... -8→-6.6
1A65      504   -26.8   0.80    0.4  0.96 valid    | -34→-30.8 ... -27→-21.2
1BJ4      470     0.4   1.03    3.9  0.97 valid    | -34→-33.9 ... +0→+6.7

=== 斜率汇总（按 group）===
  trainish: n= 7  slope 均值=0.96 ± 0.12   ← 若训练域≈1 而验证域≈2，外推假说坐实
  valid   : n=10  slope 均值=0.92 ± 0.07   ← 若训练域≈1 而验证域≈2，外推假说坐实

结果已写: output/v10_calib_diag.json
