[15:40:02] === ConfuMPNN Phase 2 条件微调启动（v10）===
[15:40:02] device=cuda:6  epochs=30  lr=0.001  λ_c=0.5  λ_kl=0.05  λ_keep=0.5  perturb_prob=0.3  perturb_scale=2.0  placeholder_prob=0.15  charge_temp=0.5
[15:40:02] [v10 A] 条件解耦开：target 与 native 无关 Uniform[-12.0,12.0]
[15:40:02] [v10 C] pH 自适应结构惩罚开：boost=1.5
[15:40:03] backbone: MoMPNN 冻结（1.66M 参数，不更新）
[15:40:03] ConditionEncoder 可训练（74880 参数，唯一更新对象）
[15:40:04] 数据：7886 结构域 × 8 pH = 63088 样本（data/cath/labels_balanced_v7.npz）
[15:40:09]   预解析+encode 200/7886（跳过 0）
[15:40:14]   预解析+encode 400/7886（跳过 0）
[15:40:18]   预解析+encode 600/7886（跳过 0）
[15:40:23]   预解析+encode 800/7886（跳过 0）
[15:40:28]   预解析+encode 1000/7886（跳过 0）
[15:40:32]   预解析+encode 1200/7886（跳过 0）
[15:40:41]   预解析+encode 1400/7886（跳过 0）
[15:40:43]   ⚠️ 跳过坏域 1c77B00: 'NoneType' object has no attribute 'select'
[15:40:45]   预解析+encode 1599/7886（跳过 1）
[15:40:50]   预解析+encode 1799/7886（跳过 1）
[15:40:55]   预解析+encode 1999/7886（跳过 1）
[15:40:59]   预解析+encode 2199/7886（跳过 1）
[15:41:04]   预解析+encode 2399/7886（跳过 1）
[15:41:09]   预解析+encode 2599/7886（跳过 1）
[15:41:13]   预解析+encode 2799/7886（跳过 1）
[15:41:18]   预解析+encode 2999/7886（跳过 1）
[15:41:23]   预解析+encode 3199/7886（跳过 1）
[15:41:28]   预解析+encode 3399/7886（跳过 1）
[15:41:32]   预解析+encode 3599/7886（跳过 1）
[15:41:37]   预解析+encode 3799/7886（跳过 1）
[15:41:42]   预解析+encode 3999/7886（跳过 1）
[15:41:46]   预解析+encode 4199/7886（跳过 1）
[15:41:51]   预解析+encode 4399/7886（跳过 1）
[15:41:55]   预解析+encode 4599/7886（跳过 1）
[15:42:00]   预解析+encode 4799/7886（跳过 1）
[15:42:05]   预解析+encode 4999/7886（跳过 1）
[15:42:09]   预解析+encode 5199/7886（跳过 1）
[15:42:14]   预解析+encode 5399/7886（跳过 1）
[15:42:18]   预解析+encode 5599/7886（跳过 1）
[15:42:24]   预解析+encode 5799/7886（跳过 1）
[15:42:28]   预解析+encode 5999/7886（跳过 1）
[15:42:33]   预解析+encode 6199/7886（跳过 1）
[15:42:34]   ⚠️ 跳过坏域 2qe7G01: 'NoneType' object has no attribute 'select'
[15:42:38]   预解析+encode 6398/7886（跳过 2）
[15:42:43]   预解析+encode 6598/7886（跳过 2）
[15:42:47]   预解析+encode 6798/7886（跳过 2）
[15:42:52]   预解析+encode 6998/7886（跳过 2）
[15:42:57]   预解析+encode 7198/7886（跳过 2）
[15:42:57]   ⚠️ 跳过坏域 168lD00: data/cath/S40/dompdb_pdb/168lD00.pdb is not a valid filename or a valid PDB identifier.
[15:42:57]   ⚠️ 跳过坏域 1a26A02: data/cath/S40/dompdb_pdb/1a26A02.pdb is not a valid filename or a valid PDB identifier.
[15:42:57]   ⚠️ 跳过坏域 1a3qB01: data/cath/S40/dompdb_pdb/1a3qB01.pdb is not a valid filename or a valid PDB identifier.
[15:42:58]   ⚠️ 跳过坏域 1b8mA00: data/cath/S40/dompdb_pdb/1b8mA00.pdb is not a valid filename or a valid PDB identifier.
[15:42:58]   ⚠️ 跳过坏域 1blaA00: data/cath/S40/dompdb_pdb/1blaA00.pdb is not a valid filename or a valid PDB identifier.
[15:42:58]   ⚠️ 跳过坏域 1by4B00: data/cath/S40/dompdb_pdb/1by4B00.pdb is not a valid filename or a valid PDB identifier.
[15:42:58]   ⚠️ 跳过坏域 1c3oA08: data/cath/S40/dompdb_pdb/1c3oA08.pdb is not a valid filename or a valid PDB identifier.
[15:42:58]   ⚠️ 跳过坏域 1cf5A02: data/cath/S40/dompdb_pdb/1cf5A02.pdb is not a valid filename or a valid PDB identifier.
[15:42:58]   ⚠️ 跳过坏域 1chvS00: data/cath/S40/dompdb_pdb/1chvS00.pdb is not a valid filename or a valid PDB identifier.
[15:42:58]   ⚠️ 跳过坏域 1cvoA00: data/cath/S40/dompdb_pdb/1cvoA00.pdb is not a valid filename or a valid PDB identifier.
[15:42:58]   ⚠️ 跳过坏域 1cx7A00: data/cath/S40/dompdb_pdb/1cx7A00.pdb is not a valid filename or a valid PDB identifier.
[15:42:58]   ⚠️ 跳过坏域 1d5yA02: data/cath/S40/dompdb_pdb/1d5yA02.pdb is not a valid filename or a valid PDB identifier.
[15:42:58]   ⚠️ 跳过坏域 1d6tA00: data/cath/S40/dompdb_pdb/1d6tA00.pdb is not a valid filename or a valid PDB identifier.
[15:42:58]   ⚠️ 跳过坏域 1domB00: data/cath/S40/dompdb_pdb/1domB00.pdb is not a valid filename or a valid PDB identifier.
[15:42:58]   ⚠️ 跳过坏域 1e1qG00: data/cath/S40/dompdb_pdb/1e1qG00.pdb is not a valid filename or a valid PDB identifier.
[15:42:58]   ⚠️ 跳过坏域 1e44B00: data/cath/S40/dompdb_pdb/1e44B00.pdb is not a valid filename or a valid PDB identifier.
[15:42:58]   ⚠️ 跳过坏域 1ee8B01: data/cath/S40/dompdb_pdb/1ee8B01.pdb is not a valid filename or a valid PDB identifier.
[15:42:58]   ⚠️ 跳过坏域 1fd4E00: data/cath/S40/dompdb_pdb/1fd4E00.pdb is not a valid filename or a valid PDB identifier.
[15:42:58]   ⚠️ 跳过坏域 1fk2A00: data/cath/S40/dompdb_pdb/1fk2A00.pdb is not a valid filename or a valid PDB identifier.
[15:42:58]   ⚠️ 跳过坏域 1g4yB00: data/cath/S40/dompdb_pdb/1g4yB00.pdb is not a valid filename or a valid PDB identifier.
[15:42:58]   ⚠️ 跳过坏域 1gatA00: data/cath/S40/dompdb_pdb/1gatA00.pdb is not a valid filename or a valid PDB identifier.
[15:42:58]   ⚠️ 跳过坏域 1gefB00: data/cath/S40/dompdb_pdb/1gefB00.pdb is not a valid filename or a valid PDB identifier.
[15:42:58]   ⚠️ 跳过坏域 1ghlA00: data/cath/S40/dompdb_pdb/1ghlA00.pdb is not a valid filename or a valid PDB identifier.
[15:42:58]   ⚠️ 跳过坏域 1gluB00: data/cath/S40/dompdb_pdb/1gluB00.pdb is not a valid filename or a valid PDB identifier.
[15:42:58]   ⚠️ 跳过坏域 1gmoH01: data/cath/S40/dompdb_pdb/1gmoH01.pdb is not a valid filename or a valid PDB identifier.
[15:42:58]   ⚠️ 跳过坏域 1gytB01: data/cath/S40/dompdb_pdb/1gytB01.pdb is not a valid filename or a valid PDB identifier.
[15:42:58]   ⚠️ 跳过坏域 1gzeC00: data/cath/S40/dompdb_pdb/1gzeC00.pdb is not a valid filename or a valid PDB identifier.
[15:42:58]   ⚠️ 跳过坏域 1h0fA00: data/cath/S40/dompdb_pdb/1h0fA00.pdb is not a valid filename or a valid PDB identifier.
[15:42:58]   ⚠️ 跳过坏域 1h8uA00: data/cath/S40/dompdb_pdb/1h8uA00.pdb is not a valid filename or a valid PDB identifier.
[15:42:58]   ⚠️ 跳过坏域 1hcqB00: data/cath/S40/dompdb_pdb/1hcqB00.pdb is not a valid filename or a valid PDB identifier.
[15:42:58]   ⚠️ 跳过坏域 1hdsA00: data/cath/S40/dompdb_pdb/1hdsA00.pdb is not a valid filename or a valid PDB identifier.
[15:42:58]   ⚠️ 跳过坏域 1hfgA00: data/cath/S40/dompdb_pdb/1hfgA00.pdb is not a valid filename or a valid PDB identifier.
[15:42:58]   ⚠️ 跳过坏域 1hjbA00: data/cath/S40/dompdb_pdb/1hjbA00.pdb is not a valid filename or a valid PDB identifier.
[15:42:58]   ⚠️ 跳过坏域 1hraA00: data/cath/S40/dompdb_pdb/1hraA00.pdb is not a valid filename or a valid PDB identifier.
[15:42:58]   ⚠️ 跳过坏域 1hsmA00: data/cath/S40/dompdb_pdb/1hsmA00.pdb is not a valid filename or a valid PDB identifier.
[15:42:58]   ⚠️ 跳过坏域 1id3E00: data/cath/S40/dompdb_pdb/1id3E00.pdb is not a valid filename or a valid PDB identifier.
[15:42:58]   ⚠️ 跳过坏域 1j1dC01: data/cath/S40/dompdb_pdb/1j1dC01.pdb is not a valid filename or a valid PDB identifier.
[15:42:58]   ⚠️ 跳过坏域 1j8iA00: data/cath/S40/dompdb_pdb/1j8iA00.pdb is not a valid filename or a valid PDB identifier.
[15:42:58]   ⚠️ 跳过坏域 1je8A00: data/cath/S40/dompdb_pdb/1je8A00.pdb is not a valid filename or a valid PDB identifier.
[15:42:58]   ⚠️ 跳过坏域 1jggA00: data/cath/S40/dompdb_pdb/1jggA00.pdb is not a valid filename or a valid PDB identifier.
[15:42:58]   ⚠️ 跳过坏域 1jltB00: data/cath/S40/dompdb_pdb/1jltB00.pdb is not a valid filename or a valid PDB identifier.
[15:42:58]   ⚠️ 跳过坏域 1k1sA04: data/cath/S40/dompdb_pdb/1k1sA04.pdb is not a valid filename or a valid PDB identifier.
[15:42:58]   ⚠️ 跳过坏域 1k73200: data/cath/S40/dompdb_pdb/1k73200.pdb is not a valid filename or a valid PDB identifier.
[15:42:58]   ⚠️ 跳过坏域 1k8hA00: data/cath/S40/dompdb_pdb/1k8hA00.pdb is not a valid filename or a valid PDB identifier.
[15:42:58]   ⚠️ 跳过坏域 1kb6B00: data/cath/S40/dompdb_pdb/1kb6B00.pdb is not a valid filename or a valid PDB identifier.
[15:42:58]   ⚠️ 跳过坏域 1kbuA01: data/cath/S40/dompdb_pdb/1kbuA01.pdb is not a valid filename or a valid PDB identifier.
[15:42:58]   ⚠️ 跳过坏域 1kqsL00: data/cath/S40/dompdb_pdb/1kqsL00.pdb is not a valid filename or a valid PDB identifier.
[15:42:58]   ⚠️ 跳过坏域 1l0nG00: data/cath/S40/dompdb_pdb/1l0nG00.pdb is not a valid filename or a valid PDB identifier.
[15:42:58]   ⚠️ 跳过坏域 1l8cA00: data/cath/S40/dompdb_pdb/1l8cA00.pdb is not a valid filename or a valid PDB identifier.
[15:42:58]   ⚠️ 跳过坏域 1m6xA01: data/cath/S40/dompdb_pdb/1m6xA01.pdb is not a valid filename or a valid PDB identifier.
[15:42:58]   ⚠️ 跳过坏域 1m7rB01: data/cath/S40/dompdb_pdb/1m7rB01.pdb is not a valid filename or a valid PDB identifier.
[15:42:58]   ⚠️ 跳过坏域 1m8aB00: data/cath/S40/dompdb_pdb/1m8aB00.pdb is not a valid filename or a valid PDB identifier.
[15:42:58]   ⚠️ 跳过坏域 1mfsA00: data/cath/S40/dompdb_pdb/1mfsA00.pdb is not a valid filename or a valid PDB identifier.
[15:42:58]   ⚠️ 跳过坏域 1mh3A03: data/cath/S40/dompdb_pdb/1mh3A03.pdb is not a valid filename or a valid PDB identifier.
[15:42:58]   ⚠️ 跳过坏域 1n1yA02: data/cath/S40/dompdb_pdb/1n1yA02.pdb is not a valid filename or a valid PDB identifier.
[15:42:58]   ⚠️ 跳过坏域 1n8rJ00: data/cath/S40/dompdb_pdb/1n8rJ00.pdb is not a valid filename or a valid PDB identifier.
[15:42:58]   ⚠️ 跳过坏域 1nkpB00: data/cath/S40/dompdb_pdb/1nkpB00.pdb is not a valid filename or a valid PDB identifier.
[15:42:58]   ⚠️ 跳过坏域 1o4xB00: data/cath/S40/dompdb_pdb/1o4xB00.pdb is not a valid filename or a valid PDB identifier.
[15:42:58]   ⚠️ 跳过坏域 1o83B00: data/cath/S40/dompdb_pdb/1o83B00.pdb is not a valid filename or a valid PDB identifier.
[15:42:58]   ⚠️ 跳过坏域 1oj8A00: data/cath/S40/dompdb_pdb/1oj8A00.pdb is not a valid filename or a valid PDB identifier.
[15:42:58]   ⚠️ 跳过坏域 1onvA00: data/cath/S40/dompdb_pdb/1onvA00.pdb is not a valid filename or a valid PDB identifier.
[15:42:58]   ⚠️ 跳过坏域 1oqnA00: data/cath/S40/dompdb_pdb/1oqnA00.pdb is not a valid filename or a valid PDB identifier.
[15:42:58]   ⚠️ 跳过坏域 1oqsF00: data/cath/S40/dompdb_pdb/1oqsF00.pdb is not a valid filename or a valid PDB identifier.
[15:42:58]   ⚠️ 跳过坏域 1pfmD00: data/cath/S40/dompdb_pdb/1pfmD00.pdb is not a valid filename or a valid PDB identifier.
[15:42:58]   ⚠️ 跳过坏域 1pipA00: data/cath/S40/dompdb_pdb/1pipA00.pdb is not a valid filename or a valid PDB identifier.
[15:42:58]   ⚠️ 跳过坏域 1pmpC00: data/cath/S40/dompdb_pdb/1pmpC00.pdb is not a valid filename or a valid PDB identifier.
[15:42:58]   ⚠️ 跳过坏域 1pqkC00: data/cath/S40/dompdb_pdb/1pqkC00.pdb is not a valid filename or a valid PDB identifier.
[15:42:58]   ⚠️ 跳过坏域 1pt3B00: data/cath/S40/dompdb_pdb/1pt3B00.pdb is not a valid filename or a valid PDB identifier.
[15:42:58]   ⚠️ 跳过坏域 1q3uA02: data/cath/S40/dompdb_pdb/1q3uA02.pdb is not a valid filename or a valid PDB identifier.
[15:42:58]   ⚠️ 跳过坏域 1qncA02: data/cath/S40/dompdb_pdb/1qncA02.pdb is not a valid filename or a valid PDB identifier.
[15:42:58]   ⚠️ 跳过坏域 1qnkA00: data/cath/S40/dompdb_pdb/1qnkA00.pdb is not a valid filename or a valid PDB identifier.
[15:42:58]   ⚠️ 跳过坏域 1qqkA00: data/cath/S40/dompdb_pdb/1qqkA00.pdb is not a valid filename or a valid PDB identifier.
[15:42:58]   ⚠️ 跳过坏域 1qsrA00: data/cath/S40/dompdb_pdb/1qsrA00.pdb is not a valid filename or a valid PDB identifier.
[15:42:58]   ⚠️ 跳过坏域 1rl4A00: data/cath/S40/dompdb_pdb/1rl4A00.pdb is not a valid filename or a valid PDB identifier.
[15:42:58]   ⚠️ 跳过坏域 1rnfA00: data/cath/S40/dompdb_pdb/1rnfA00.pdb is not a valid filename or a valid PDB identifier.
[15:42:58]   ⚠️ 跳过坏域 1sfkE00: data/cath/S40/dompdb_pdb/1sfkE00.pdb is not a valid filename or a valid PDB identifier.
[15:42:58]   ⚠️ 跳过坏域 1smyF01: data/cath/S40/dompdb_pdb/1smyF01.pdb is not a valid filename or a valid PDB identifier.
[15:42:58]   ⚠️ 跳过坏域 1sorA00: data/cath/S40/dompdb_pdb/1sorA00.pdb is not a valid filename or a valid PDB identifier.
[15:42:58]   ⚠️ 跳过坏域 1stwA00: data/cath/S40/dompdb_pdb/1stwA00.pdb is not a valid filename or a valid PDB identifier.
[15:42:58]   ⚠️ 跳过坏域 1t12A00: data/cath/S40/dompdb_pdb/1t12A00.pdb is not a valid filename or a valid PDB identifier.
[15:42:58]   ⚠️ 跳过坏域 1tbcA00: data/cath/S40/dompdb_pdb/1tbcA00.pdb is not a valid filename or a valid PDB identifier.
[15:42:58]   ⚠️ 跳过坏域 1tbuC00: data/cath/S40/dompdb_pdb/1tbuC00.pdb is not a valid filename or a valid PDB identifier.
[15:42:58]   ⚠️ 跳过坏域 1tewA00: data/cath/S40/dompdb_pdb/1tewA00.pdb is not a valid filename or a valid PDB identifier.
[15:42:58]   ⚠️ 跳过坏域 1u35C00: data/cath/S40/dompdb_pdb/1u35C00.pdb is not a valid filename or a valid PDB identifier.
[15:42:58]   ⚠️ 跳过坏域 1u63C01: data/cath/S40/dompdb_pdb/1u63C01.pdb is not a valid filename or a valid PDB identifier.
[15:42:58]   ⚠️ 跳过坏域 1ucdA00: data/cath/S40/dompdb_pdb/1ucdA00.pdb is not a valid filename or a valid PDB identifier.
[15:42:59]   ⚠️ 跳过坏域 1ueuA04: data/cath/S40/dompdb_pdb/1ueuA04.pdb is not a valid filename or a valid PDB identifier.
[15:42:59]   ⚠️ 跳过坏域 1uiaA00: data/cath/S40/dompdb_pdb/1uiaA00.pdb is not a valid filename or a valid PDB identifier.
[15:42:59]   ⚠️ 跳过坏域 1uklF00: data/cath/S40/dompdb_pdb/1uklF00.pdb is not a valid filename or a valid PDB identifier.
[15:42:59]   ⚠️ 跳过坏域 1uxeA00: data/cath/S40/dompdb_pdb/1uxeA00.pdb is not a valid filename or a valid PDB identifier.
[15:42:59]   ⚠️ 跳过坏域 1vc0A00: data/cath/S40/dompdb_pdb/1vc0A00.pdb is not a valid filename or a valid PDB identifier.
[15:42:59]   ⚠️ 跳过坏域 1vfgA02: data/cath/S40/dompdb_pdb/1vfgA02.pdb is not a valid filename or a valid PDB identifier.
[15:42:59]   ⚠️ 跳过坏域 1vh0D00: data/cath/S40/dompdb_pdb/1vh0D00.pdb is not a valid filename or a valid PDB identifier.
[15:42:59]   ⚠️ 跳过坏域 1vq6M00: data/cath/S40/dompdb_pdb/1vq6M00.pdb is not a valid filename or a valid PDB identifier.
[15:42:59]   ⚠️ 跳过坏域 1vs7N01: data/cath/S40/dompdb_pdb/1vs7N01.pdb is not a valid filename or a valid PDB identifier.
[15:42:59]   ⚠️ 跳过坏域 1vsaK01: data/cath/S40/dompdb_pdb/1vsaK01.pdb is not a valid filename or a valid PDB identifier.
[15:42:59]   ⚠️ 跳过坏域 1vsfA00: data/cath/S40/dompdb_pdb/1vsfA00.pdb is not a valid filename or a valid PDB identifier.
[15:42:59]   ⚠️ 跳过坏域 1vt2F00: data/cath/S40/dompdb_pdb/1vt2F00.pdb is not a valid filename or a valid PDB identifier.
[15:42:59]   ⚠️ 跳过坏域 1vwxW00: data/cath/S40/dompdb_pdb/1vwxW00.pdb is not a valid filename or a valid PDB identifier.
[15:42:59]   ⚠️ 跳过坏域 1vx1Q00: data/cath/S40/dompdb_pdb/1vx1Q00.pdb is not a valid filename or a valid PDB identifier.
[15:42:59]   ⚠️ 跳过坏域 1vx4R02: data/cath/S40/dompdb_pdb/1vx4R02.pdb is not a valid filename or a valid PDB identifier.
[15:42:59]   ⚠️ 跳过坏域 1vx5F00: data/cath/S40/dompdb_pdb/1vx5F00.pdb is not a valid filename or a valid PDB identifier.
[15:42:59]   ⚠️ 跳过坏域 1vx7Q01: data/cath/S40/dompdb_pdb/1vx7Q01.pdb is not a valid filename or a valid PDB identifier.
[15:42:59]   ⚠️ 跳过坏域 1vy1H02: data/cath/S40/dompdb_pdb/1vy1H02.pdb is not a valid filename or a valid PDB identifier.
[15:42:59]   ⚠️ 跳过坏域 1w0tB00: data/cath/S40/dompdb_pdb/1w0tB00.pdb is not a valid filename or a valid PDB identifier.
[15:42:59]   ⚠️ 跳过坏域 1w2b100: data/cath/S40/dompdb_pdb/1w2b100.pdb is not a valid filename or a valid PDB identifier.
[15:42:59]   ⚠️ 跳过坏域 1wao401: data/cath/S40/dompdb_pdb/1wao401.pdb is not a valid filename or a valid PDB identifier.
[15:42:59]   ⚠️ 跳过坏域 1weiA01: data/cath/S40/dompdb_pdb/1weiA01.pdb is not a valid filename or a valid PDB identifier.
[15:42:59]   ⚠️ 跳过坏域 1wsrA04: data/cath/S40/dompdb_pdb/1wsrA04.pdb is not a valid filename or a valid PDB identifier.
[15:42:59]   ⚠️ 跳过坏域 1wxxD01: data/cath/S40/dompdb_pdb/1wxxD01.pdb is not a valid filename or a valid PDB identifier.
[15:42:59]   ⚠️ 跳过坏域 1x9jC02: data/cath/S40/dompdb_pdb/1x9jC02.pdb is not a valid filename or a valid PDB identifier.
[15:42:59]   ⚠️ 跳过坏域 1xg7B02: data/cath/S40/dompdb_pdb/1xg7B02.pdb is not a valid filename or a valid PDB identifier.
[15:42:59]   ⚠️ 跳过坏域 1xt3B00: data/cath/S40/dompdb_pdb/1xt3B00.pdb is not a valid filename or a valid PDB identifier.
[15:42:59]   ⚠️ 跳过坏域 1xx8A00: data/cath/S40/dompdb_pdb/1xx8A00.pdb is not a valid filename or a valid PDB identifier.
[15:42:59]   ⚠️ 跳过坏域 1y69U01: data/cath/S40/dompdb_pdb/1y69U01.pdb is not a valid filename or a valid PDB identifier.
[15:42:59]   ⚠️ 跳过坏域 1y92A00: data/cath/S40/dompdb_pdb/1y92A00.pdb is not a valid filename or a valid PDB identifier.
[15:42:59]   ⚠️ 跳过坏域 1ycpK00: data/cath/S40/dompdb_pdb/1ycpK00.pdb is not a valid filename or a valid PDB identifier.
[15:42:59]   ⚠️ 跳过坏域 1yghA00: data/cath/S40/dompdb_pdb/1yghA00.pdb is not a valid filename or a valid PDB identifier.
[15:42:59]   ⚠️ 跳过坏域 1yijA03: data/cath/S40/dompdb_pdb/1yijA03.pdb is not a valid filename or a valid PDB identifier.
[15:42:59]   ⚠️ 跳过坏域 1yn4A00: data/cath/S40/dompdb_pdb/1yn4A00.pdb is not a valid filename or a valid PDB identifier.
[15:42:59]   ⚠️ 跳过坏域 1yqaA00: data/cath/S40/dompdb_pdb/1yqaA00.pdb is not a valid filename or a valid PDB identifier.
[15:42:59]   ⚠️ 跳过坏域 1ytfA02: data/cath/S40/dompdb_pdb/1ytfA02.pdb is not a valid filename or a valid PDB identifier.
[15:42:59]   ⚠️ 跳过坏域 1z1bA02: data/cath/S40/dompdb_pdb/1z1bA02.pdb is not a valid filename or a valid PDB identifier.
[15:42:59]   ⚠️ 跳过坏域 1z25A04: data/cath/S40/dompdb_pdb/1z25A04.pdb is not a valid filename or a valid PDB identifier.
[15:42:59]   ⚠️ 跳过坏域 1zm3C02: data/cath/S40/dompdb_pdb/1zm3C02.pdb is not a valid filename or a valid PDB identifier.
[15:42:59]   ⚠️ 跳过坏域 1ztrA00: data/cath/S40/dompdb_pdb/1ztrA00.pdb is not a valid filename or a valid PDB identifier.
[15:42:59]   ⚠️ 跳过坏域 2a3vD02: data/cath/S40/dompdb_pdb/2a3vD02.pdb is not a valid filename or a valid PDB identifier.
[15:42:59]   ⚠️ 跳过坏域 2ab5A01: data/cath/S40/dompdb_pdb/2ab5A01.pdb is not a valid filename or a valid PDB identifier.
[15:42:59]   ⚠️ 跳过坏域 2algB00: data/cath/S40/dompdb_pdb/2algB00.pdb is not a valid filename or a valid PDB identifier.
[15:42:59]   ⚠️ 跳过坏域 2aqfA00: data/cath/S40/dompdb_pdb/2aqfA00.pdb is not a valid filename or a valid PDB identifier.
[15:42:59]   ⚠️ 跳过坏域 2ausB00: data/cath/S40/dompdb_pdb/2ausB00.pdb is not a valid filename or a valid PDB identifier.
[15:42:59]   ⚠️ 跳过坏域 2ayeE00: data/cath/S40/dompdb_pdb/2ayeE00.pdb is not a valid filename or a valid PDB identifier.
[15:42:59]   ⚠️ 跳过坏域 2b26A01: data/cath/S40/dompdb_pdb/2b26A01.pdb is not a valid filename or a valid PDB identifier.
[15:42:59]   ⚠️ 跳过坏域 2bwlA00: data/cath/S40/dompdb_pdb/2bwlA00.pdb is not a valid filename or a valid PDB identifier.
[15:42:59]   ⚠️ 跳过坏域 2bzpB00: data/cath/S40/dompdb_pdb/2bzpB00.pdb is not a valid filename or a valid PDB identifier.
[15:42:59]   ⚠️ 跳过坏域 2c05A00: data/cath/S40/dompdb_pdb/2c05A00.pdb is not a valid filename or a valid PDB identifier.
[15:42:59]   ⚠️ 跳过坏域 2c7aB00: data/cath/S40/dompdb_pdb/2c7aB00.pdb is not a valid filename or a valid PDB identifier.
[15:42:59]   ⚠️ 跳过坏域 2ccxA00: data/cath/S40/dompdb_pdb/2ccxA00.pdb is not a valid filename or a valid PDB identifier.
[15:42:59]   ⚠️ 跳过坏域 2cvhB01: data/cath/S40/dompdb_pdb/2cvhB01.pdb is not a valid filename or a valid PDB identifier.
[15:42:59]   ⚠️ 跳过坏域 2d0jB00: data/cath/S40/dompdb_pdb/2d0jB00.pdb is not a valid filename or a valid PDB identifier.
[15:42:59]   ⚠️ 跳过坏域 2ddbC01: data/cath/S40/dompdb_pdb/2ddbC01.pdb is not a valid filename or a valid PDB identifier.
[15:42:59]   ⚠️ 跳过坏域 2ddgA00: data/cath/S40/dompdb_pdb/2ddgA00.pdb is not a valid filename or a valid PDB identifier.
[15:42:59]   ⚠️ 跳过坏域 2dftC00: data/cath/S40/dompdb_pdb/2dftC00.pdb is not a valid filename or a valid PDB identifier.
[15:42:59]   ⚠️ 跳过坏域 2djnA01: data/cath/S40/dompdb_pdb/2djnA01.pdb is not a valid filename or a valid PDB identifier.
[15:42:59]   ⚠️ 跳过坏域 2eblA00: data/cath/S40/dompdb_pdb/2eblA00.pdb is not a valid filename or a valid PDB identifier.
[15:42:59]   ⚠️ 跳过坏域 2edoA00: data/cath/S40/dompdb_pdb/2edoA00.pdb is not a valid filename or a valid PDB identifier.
[15:42:59]   ⚠️ 跳过坏域 2eotA00: data/cath/S40/dompdb_pdb/2eotA00.pdb is not a valid filename or a valid PDB identifier.
[15:42:59]   ⚠️ 跳过坏域 2ergB00: data/cath/S40/dompdb_pdb/2ergB00.pdb is not a valid filename or a valid PDB identifier.
[15:42:59]   ⚠️ 跳过坏域 2f3vA00: data/cath/S40/dompdb_pdb/2f3vA00.pdb is not a valid filename or a valid PDB identifier.
[15:42:59]   ⚠️ 跳过坏域 2fccB00: data/cath/S40/dompdb_pdb/2fccB00.pdb is not a valid filename or a valid PDB identifier.
[15:42:59]   ⚠️ 跳过坏域 2gccA00: data/cath/S40/dompdb_pdb/2gccA00.pdb is not a valid filename or a valid PDB identifier.
[15:42:59]   ⚠️ 跳过坏域 2ghpD01: data/cath/S40/dompdb_pdb/2ghpD01.pdb is not a valid filename or a valid PDB identifier.
[15:42:59]   ⚠️ 跳过坏域 2gyrE00: data/cath/S40/dompdb_pdb/2gyrE00.pdb is not a valid filename or a valid PDB identifier.
[15:42:59]   ⚠️ 跳过坏域 2h7hB00: data/cath/S40/dompdb_pdb/2h7hB00.pdb is not a valid filename or a valid PDB identifier.
[15:42:59]   ⚠️ 跳过坏域 2hqjA00: data/cath/S40/dompdb_pdb/2hqjA00.pdb is not a valid filename or a valid PDB identifier.
[15:42:59]   ⚠️ 跳过坏域 2hvyC00: data/cath/S40/dompdb_pdb/2hvyC00.pdb is not a valid filename or a valid PDB identifier.
[15:42:59]   ⚠️ 跳过坏域 2hxjC00: data/cath/S40/dompdb_pdb/2hxjC00.pdb is not a valid filename or a valid PDB identifier.
[15:42:59]   ⚠️ 跳过坏域 2i2vX00: data/cath/S40/dompdb_pdb/2i2vX00.pdb is not a valid filename or a valid PDB identifier.
[15:42:59]   ⚠️ 跳过坏域 2ifsA00: data/cath/S40/dompdb_pdb/2ifsA00.pdb is not a valid filename or a valid PDB identifier.
[15:42:59]   ⚠️ 跳过坏域 2irfK00: data/cath/S40/dompdb_pdb/2irfK00.pdb is not a valid filename or a valid PDB identifier.
[15:42:59]   ⚠️ 跳过坏域 2j6dA00: data/cath/S40/dompdb_pdb/2j6dA00.pdb is not a valid filename or a valid PDB identifier.
[15:42:59]   ⚠️ 跳过坏域 2jfoB02: data/cath/S40/dompdb_pdb/2jfoB02.pdb is not a valid filename or a valid PDB identifier.
[15:42:59]   ⚠️ 跳过坏域 2k04A00: data/cath/S40/dompdb_pdb/2k04A00.pdb is not a valid filename or a valid PDB identifier.
[15:42:59]   ⚠️ 跳过坏域 2keeA00: data/cath/S40/dompdb_pdb/2keeA00.pdb is not a valid filename or a valid PDB identifier.
[15:42:59]   ⚠️ 跳过坏域 2kluA00: data/cath/S40/dompdb_pdb/2kluA00.pdb is not a valid filename or a valid PDB identifier.
[15:42:59]   ⚠️ 跳过坏域 2kulA01: data/cath/S40/dompdb_pdb/2kulA01.pdb is not a valid filename or a valid PDB identifier.
[15:42:59]   ⚠️ 跳过坏域 2l23A00: data/cath/S40/dompdb_pdb/2l23A00.pdb is not a valid filename or a valid PDB identifier.
[15:42:59]   ⚠️ 跳过坏域 2ldoA00: data/cath/S40/dompdb_pdb/2ldoA00.pdb is not a valid filename or a valid PDB identifier.
[15:42:59]   ⚠️ 跳过坏域 2ljzA00: data/cath/S40/dompdb_pdb/2ljzA00.pdb is not a valid filename or a valid PDB identifier.
[15:42:59]   ⚠️ 跳过坏域 2lulA00: data/cath/S40/dompdb_pdb/2lulA00.pdb is not a valid filename or a valid PDB identifier.
[15:42:59]   ⚠️ 跳过坏域 2lupB00: data/cath/S40/dompdb_pdb/2lupB00.pdb is not a valid filename or a valid PDB identifier.
[15:42:59]   ⚠️ 跳过坏域 2ly9A00: data/cath/S40/dompdb_pdb/2ly9A00.pdb is not a valid filename or a valid PDB identifier.
[15:42:59]   ⚠️ 跳过坏域 2m34A00: data/cath/S40/dompdb_pdb/2m34A00.pdb is not a valid filename or a valid PDB identifier.
[15:42:59]   ⚠️ 跳过坏域 2m6iD00: data/cath/S40/dompdb_pdb/2m6iD00.pdb is not a valid filename or a valid PDB identifier.
[15:42:59]   ⚠️ 跳过坏域 2md5A01: data/cath/S40/dompdb_pdb/2md5A01.pdb is not a valid filename or a valid PDB identifier.
[15:42:59]   ⚠️ 跳过坏域 2n18C00: data/cath/S40/dompdb_pdb/2n18C00.pdb is not a valid filename or a valid PDB identifier.
[15:42:59]   ⚠️ 跳过坏域 2n1uA00: data/cath/S40/dompdb_pdb/2n1uA00.pdb is not a valid filename or a valid PDB identifier.
[15:42:59]   ⚠️ 跳过坏域 2nojB00: data/cath/S40/dompdb_pdb/2nojB00.pdb is not a valid filename or a valid PDB identifier.
[15:42:59]   ⚠️ 跳过坏域 2oq0B02: data/cath/S40/dompdb_pdb/2oq0B02.pdb is not a valid filename or a valid PDB identifier.
[15:42:59]   ⚠️ 跳过坏域 2oxmA00: data/cath/S40/dompdb_pdb/2oxmA00.pdb is not a valid filename or a valid PDB identifier.
[15:42:59]   ⚠️ 跳过坏域 2p0dA00: data/cath/S40/dompdb_pdb/2p0dA00.pdb is not a valid filename or a valid PDB identifier.
[15:42:59]   ⚠️ 跳过坏域 2p5dA00: data/cath/S40/dompdb_pdb/2p5dA00.pdb is not a valid filename or a valid PDB identifier.
[15:42:59]   ⚠️ 跳过坏域 2pnsA00: data/cath/S40/dompdb_pdb/2pnsA00.pdb is not a valid filename or a valid PDB identifier.
[15:42:59]   ⚠️ 跳过坏域 2qg8A00: data/cath/S40/dompdb_pdb/2qg8A00.pdb is not a valid filename or a valid PDB identifier.
[15:42:59]   ⚠️ 跳过坏域 2qogA00: data/cath/S40/dompdb_pdb/2qogA00.pdb is not a valid filename or a valid PDB identifier.
[15:43:00]   ⚠️ 跳过坏域 2qouI00: data/cath/S40/dompdb_pdb/2qouI00.pdb is not a valid filename or a valid PDB identifier.
[15:43:00]   ⚠️ 跳过坏域 2qovN01: data/cath/S40/dompdb_pdb/2qovN01.pdb is not a valid filename or a valid PDB identifier.
[15:43:00]   ⚠️ 跳过坏域 2qquA02: data/cath/S40/dompdb_pdb/2qquA02.pdb is not a valid filename or a valid PDB identifier.
[15:43:00]   ⚠️ 跳过坏域 2qxuF00: data/cath/S40/dompdb_pdb/2qxuF00.pdb is not a valid filename or a valid PDB identifier.
[15:43:00]   ⚠️ 跳过坏域 2ra4A00: data/cath/S40/dompdb_pdb/2ra4A00.pdb is not a valid filename or a valid PDB identifier.
[15:43:00]   ⚠️ 跳过坏域 2rtuA00: data/cath/S40/dompdb_pdb/2rtuA00.pdb is not a valid filename or a valid PDB identifier.
[15:43:00]   ⚠️ 跳过坏域 2uuhA00: data/cath/S40/dompdb_pdb/2uuhA00.pdb is not a valid filename or a valid PDB identifier.
[15:43:00]   预解析+encode 7206/7886（跳过 194）
[15:43:00]   ⚠️ 跳过坏域 2uv9E04: data/cath/S40/dompdb_pdb/2uv9E04.pdb is not a valid filename or a valid PDB identifier.
[15:43:00]   ⚠️ 跳过坏域 2v0rA00: data/cath/S40/dompdb_pdb/2v0rA00.pdb is not a valid filename or a valid PDB identifier.
[15:43:00]   ⚠️ 跳过坏域 2v9sD00: data/cath/S40/dompdb_pdb/2v9sD00.pdb is not a valid filename or a valid PDB identifier.
[15:43:00]   ⚠️ 跳过坏域 2vhoT00: data/cath/S40/dompdb_pdb/2vhoT00.pdb is not a valid filename or a valid PDB identifier.
[15:43:00]   ⚠️ 跳过坏域 2vi6E00: data/cath/S40/dompdb_pdb/2vi6E00.pdb is not a valid filename or a valid PDB identifier.
[15:43:00]   ⚠️ 跳过坏域 2vjfA00: data/cath/S40/dompdb_pdb/2vjfA00.pdb is not a valid filename or a valid PDB identifier.
[15:43:00]   ⚠️ 跳过坏域 2vjuB00: data/cath/S40/dompdb_pdb/2vjuB00.pdb is not a valid filename or a valid PDB identifier.
[15:43:00]   ⚠️ 跳过坏域 2vrfB00: data/cath/S40/dompdb_pdb/2vrfB00.pdb is not a valid filename or a valid PDB identifier.
[15:43:00]   ⚠️ 跳过坏域 2vs1A01: data/cath/S40/dompdb_pdb/2vs1A01.pdb is not a valid filename or a valid PDB identifier.
[15:43:00]   ⚠️ 跳过坏域 2w1zB02: data/cath/S40/dompdb_pdb/2w1zB02.pdb is not a valid filename or a valid PDB identifier.
[15:43:00]   ⚠️ 跳过坏域 2wbsA00: data/cath/S40/dompdb_pdb/2wbsA00.pdb is not a valid filename or a valid PDB identifier.
[15:43:00]   ⚠️ 跳过坏域 2wdjN00: data/cath/S40/dompdb_pdb/2wdjN00.pdb is not a valid filename or a valid PDB identifier.
[15:43:00]   ⚠️ 跳过坏域 2wq8A03: data/cath/S40/dompdb_pdb/2wq8A03.pdb is not a valid filename or a valid PDB identifier.
[15:43:00]   ⚠️ 跳过坏域 2x6kB02: data/cath/S40/dompdb_pdb/2x6kB02.pdb is not a valid filename or a valid PDB identifier.
[15:43:00]   ⚠️ 跳过坏域 2x7lM00: data/cath/S40/dompdb_pdb/2x7lM00.pdb is not a valid filename or a valid PDB identifier.
[15:43:00]   ⚠️ 跳过坏域 2x9uS01: data/cath/S40/dompdb_pdb/2x9uS01.pdb is not a valid filename or a valid PDB identifier.
[15:43:00]   ⚠️ 跳过坏域 2xcuD01: data/cath/S40/dompdb_pdb/2xcuD01.pdb is not a valid filename or a valid PDB identifier.
[15:43:00]   ⚠️ 跳过坏域 2xg0O00: data/cath/S40/dompdb_pdb/2xg0O00.pdb is not a valid filename or a valid PDB identifier.
[15:43:00]   ⚠️ 跳过坏域 2xzn500: data/cath/S40/dompdb_pdb/2xzn500.pdb is not a valid filename or a valid PDB identifier.
[15:43:00]   ⚠️ 跳过坏域 2y8wA02: data/cath/S40/dompdb_pdb/2y8wA02.pdb is not a valid filename or a valid PDB identifier.
[15:43:00]   ⚠️ 跳过坏域 2ykqC02: data/cath/S40/dompdb_pdb/2ykqC02.pdb is not a valid filename or a valid PDB identifier.
[15:43:00]   ⚠️ 跳过坏域 2yvlC01: data/cath/S40/dompdb_pdb/2yvlC01.pdb is not a valid filename or a valid PDB identifier.
[15:43:00]   ⚠️ 跳过坏域 2ywgA05: data/cath/S40/dompdb_pdb/2ywgA05.pdb is not a valid filename or a valid PDB identifier.
[15:43:00]   ⚠️ 跳过坏域 2yywA00: data/cath/S40/dompdb_pdb/2yywA00.pdb is not a valid filename or a valid PDB identifier.
[15:43:00]   ⚠️ 跳过坏域 2zaeD02: data/cath/S40/dompdb_pdb/2zaeD02.pdb is not a valid filename or a valid PDB identifier.
[15:43:00]   ⚠️ 跳过坏域 2zetD00: data/cath/S40/dompdb_pdb/2zetD00.pdb is not a valid filename or a valid PDB identifier.
[15:43:00]   ⚠️ 跳过坏域 2zgjA02: data/cath/S40/dompdb_pdb/2zgjA02.pdb is not a valid filename or a valid PDB identifier.
[15:43:00]   ⚠️ 跳过坏域 2zjpG00: data/cath/S40/dompdb_pdb/2zjpG00.pdb is not a valid filename or a valid PDB identifier.
[15:43:00]   ⚠️ 跳过坏域 2zjrP00: data/cath/S40/dompdb_pdb/2zjrP00.pdb is not a valid filename or a valid PDB identifier.
[15:43:00]   ⚠️ 跳过坏域 3a01A00: data/cath/S40/dompdb_pdb/3a01A00.pdb is not a valid filename or a valid PDB identifier.
[15:43:00]   ⚠️ 跳过坏域 3a03A00: data/cath/S40/dompdb_pdb/3a03A00.pdb is not a valid filename or a valid PDB identifier.
[15:43:00]   ⚠️ 跳过坏域 3a8qC02: data/cath/S40/dompdb_pdb/3a8qC02.pdb is not a valid filename or a valid PDB identifier.
[15:43:00]   ⚠️ 跳过坏域 3agjH01: data/cath/S40/dompdb_pdb/3agjH01.pdb is not a valid filename or a valid PDB identifier.
[15:43:00]   ⚠️ 跳过坏域 3azjB00: data/cath/S40/dompdb_pdb/3azjB00.pdb is not a valid filename or a valid PDB identifier.
[15:43:00]   ⚠️ 跳过坏域 3b0uY02: data/cath/S40/dompdb_pdb/3b0uY02.pdb is not a valid filename or a valid PDB identifier.
[15:43:00]   ⚠️ 跳过坏域 3bbhA00: data/cath/S40/dompdb_pdb/3bbhA00.pdb is not a valid filename or a valid PDB identifier.
[15:43:00]   ⚠️ 跳过坏域 3bdcA00: data/cath/S40/dompdb_pdb/3bdcA00.pdb is not a valid filename or a valid PDB identifier.
[15:43:00]   ⚠️ 跳过坏域 3bfkC01: data/cath/S40/dompdb_pdb/3bfkC01.pdb is not a valid filename or a valid PDB identifier.
[15:43:00]   ⚠️ 跳过坏域 3broB00: data/cath/S40/dompdb_pdb/3broB00.pdb is not a valid filename or a valid PDB identifier.
[15:43:00]   ⚠️ 跳过坏域 3bsqB02: data/cath/S40/dompdb_pdb/3bsqB02.pdb is not a valid filename or a valid PDB identifier.
[15:43:00]   ⚠️ 跳过坏域 3bu0A00: data/cath/S40/dompdb_pdb/3bu0A00.pdb is not a valid filename or a valid PDB identifier.
[15:43:00]   ⚠️ 跳过坏域 3c5nB00: data/cath/S40/dompdb_pdb/3c5nB00.pdb is not a valid filename or a valid PDB identifier.
[15:43:00]   ⚠️ 跳过坏域 3c82A00: data/cath/S40/dompdb_pdb/3c82A00.pdb is not a valid filename or a valid PDB identifier.
[15:43:00]   ⚠️ 跳过坏域 3c8jB00: data/cath/S40/dompdb_pdb/3c8jB00.pdb is not a valid filename or a valid PDB identifier.
[15:43:00]   ⚠️ 跳过坏域 3cf5Q00: data/cath/S40/dompdb_pdb/3cf5Q00.pdb is not a valid filename or a valid PDB identifier.
[15:43:00]   ⚠️ 跳过坏域 3cvuA01: data/cath/S40/dompdb_pdb/3cvuA01.pdb is not a valid filename or a valid PDB identifier.
[15:43:00]   ⚠️ 跳过坏域 3cxcY00: data/cath/S40/dompdb_pdb/3cxcY00.pdb is not a valid filename or a valid PDB identifier.
[15:43:00]   ⚠️ 跳过坏域 3cytO00: data/cath/S40/dompdb_pdb/3cytO00.pdb is not a valid filename or a valid PDB identifier.
[15:43:00]   ⚠️ 跳过坏域 3d5bR00: data/cath/S40/dompdb_pdb/3d5bR00.pdb is not a valid filename or a valid PDB identifier.
[15:43:00]   ⚠️ 跳过坏域 3d5sD00: data/cath/S40/dompdb_pdb/3d5sD00.pdb is not a valid filename or a valid PDB identifier.
[15:43:00]   ⚠️ 跳过坏域 3d9pB00: data/cath/S40/dompdb_pdb/3d9pB00.pdb is not a valid filename or a valid PDB identifier.
[15:43:00]   ⚠️ 跳过坏域 3df2200: data/cath/S40/dompdb_pdb/3df2200.pdb is not a valid filename or a valid PDB identifier.
[15:43:00]   ⚠️ 跳过坏域 3dluC00: data/cath/S40/dompdb_pdb/3dluC00.pdb is not a valid filename or a valid PDB identifier.
[15:43:00]   ⚠️ 跳过坏域 3du5A05: data/cath/S40/dompdb_pdb/3du5A05.pdb is not a valid filename or a valid PDB identifier.
[15:43:00]   ⚠️ 跳过坏域 3du6A01: data/cath/S40/dompdb_pdb/3du6A01.pdb is not a valid filename or a valid PDB identifier.
[15:43:00]   ⚠️ 跳过坏域 3duhA03: data/cath/S40/dompdb_pdb/3duhA03.pdb is not a valid filename or a valid PDB identifier.
[15:43:00]   ⚠️ 跳过坏域 3dzyD01: data/cath/S40/dompdb_pdb/3dzyD01.pdb is not a valid filename or a valid PDB identifier.
[15:43:00]   ⚠️ 跳过坏域 3e5qE02: data/cath/S40/dompdb_pdb/3e5qE02.pdb is not a valid filename or a valid PDB identifier.
[15:43:00]   ⚠️ 跳过坏域 3eikA02: data/cath/S40/dompdb_pdb/3eikA02.pdb is not a valid filename or a valid PDB identifier.
[15:43:00]   ⚠️ 跳过坏域 3f8iA01: data/cath/S40/dompdb_pdb/3f8iA01.pdb is not a valid filename or a valid PDB identifier.
[15:43:00]   ⚠️ 跳过坏域 3g6jD02: data/cath/S40/dompdb_pdb/3g6jD02.pdb is not a valid filename or a valid PDB identifier.
[15:43:00]   ⚠️ 跳过坏域 3g71300: data/cath/S40/dompdb_pdb/3g71300.pdb is not a valid filename or a valid PDB identifier.
[15:43:00]   ⚠️ 跳过坏域 3ggoC01: data/cath/S40/dompdb_pdb/3ggoC01.pdb is not a valid filename or a valid PDB identifier.
[15:43:00]   ⚠️ 跳过坏域 3gh8B01: data/cath/S40/dompdb_pdb/3gh8B01.pdb is not a valid filename or a valid PDB identifier.
[15:43:00]   ⚠️ 跳过坏域 3gqgC00: data/cath/S40/dompdb_pdb/3gqgC00.pdb is not a valid filename or a valid PDB identifier.
[15:43:00]   ⚠️ 跳过坏域 3h9yA01: data/cath/S40/dompdb_pdb/3h9yA01.pdb is not a valid filename or a valid PDB identifier.
[15:43:00]   ⚠️ 跳过坏域 3hdeB00: data/cath/S40/dompdb_pdb/3hdeB00.pdb is not a valid filename or a valid PDB identifier.
[15:43:00]   ⚠️ 跳过坏域 3hiwB01: data/cath/S40/dompdb_pdb/3hiwB01.pdb is not a valid filename or a valid PDB identifier.
[15:43:00]   ⚠️ 跳过坏域 3ht7A00: data/cath/S40/dompdb_pdb/3ht7A00.pdb is not a valid filename or a valid PDB identifier.
[15:43:00]   ⚠️ 跳过坏域 3hw8A04: data/cath/S40/dompdb_pdb/3hw8A04.pdb is not a valid filename or a valid PDB identifier.
[15:43:00]   ⚠️ 跳过坏域 3i1qR00: data/cath/S40/dompdb_pdb/3i1qR00.pdb is not a valid filename or a valid PDB identifier.
[15:43:00]   ⚠️ 跳过坏域 3i21E01: data/cath/S40/dompdb_pdb/3i21E01.pdb is not a valid filename or a valid PDB identifier.
[15:43:00]   ⚠️ 跳过坏域 3igkA00: data/cath/S40/dompdb_pdb/3igkA00.pdb is not a valid filename or a valid PDB identifier.
[15:43:00]   ⚠️ 跳过坏域 3ioqA00: data/cath/S40/dompdb_pdb/3ioqA00.pdb is not a valid filename or a valid PDB identifier.
[15:43:00]   ⚠️ 跳过坏域 3j7a300: data/cath/S40/dompdb_pdb/3j7a300.pdb is not a valid filename or a valid PDB identifier.
[15:43:00]   ⚠️ 跳过坏域 3j80a00: data/cath/S40/dompdb_pdb/3j80a00.pdb is not a valid filename or a valid PDB identifier.
[15:43:00]   ⚠️ 跳过坏域 3j81i00: data/cath/S40/dompdb_pdb/3j81i00.pdb is not a valid filename or a valid PDB identifier.
[15:43:00]   ⚠️ 跳过坏域 3jamY00: data/cath/S40/dompdb_pdb/3jamY00.pdb is not a valid filename or a valid PDB identifier.
[15:43:00]   ⚠️ 跳过坏域 3kinB00: data/cath/S40/dompdb_pdb/3kinB00.pdb is not a valid filename or a valid PDB identifier.
[15:43:00]   ⚠️ 跳过坏域 3ktwA00: data/cath/S40/dompdb_pdb/3ktwA00.pdb is not a valid filename or a valid PDB identifier.
[15:43:00]   ⚠️ 跳过坏域 3l1pB02: data/cath/S40/dompdb_pdb/3l1pB02.pdb is not a valid filename or a valid PDB identifier.
[15:43:00]   ⚠️ 跳过坏域 3l7jD01: data/cath/S40/dompdb_pdb/3l7jD01.pdb is not a valid filename or a valid PDB identifier.
[15:43:00]   ⚠️ 跳过坏域 3ldjB00: data/cath/S40/dompdb_pdb/3ldjB00.pdb is not a valid filename or a valid PDB identifier.
[15:43:00]   ⚠️ 跳过坏域 3lhmA00: data/cath/S40/dompdb_pdb/3lhmA00.pdb is not a valid filename or a valid PDB identifier.
[15:43:00]   ⚠️ 跳过坏域 3ml1A04: data/cath/S40/dompdb_pdb/3ml1A04.pdb is not a valid filename or a valid PDB identifier.
[15:43:00]   ⚠️ 跳过坏域 3mr8J00: data/cath/S40/dompdb_pdb/3mr8J00.pdb is not a valid filename or a valid PDB identifier.
[15:43:00]   ⚠️ 跳过坏域 3mxbA00: data/cath/S40/dompdb_pdb/3mxbA00.pdb is not a valid filename or a valid PDB identifier.
[15:43:00]   ⚠️ 跳过坏域 3naxA01: data/cath/S40/dompdb_pdb/3naxA01.pdb is not a valid filename or a valid PDB identifier.
[15:43:00]   ⚠️ 跳过坏域 3nbzC00: data/cath/S40/dompdb_pdb/3nbzC00.pdb is not a valid filename or a valid PDB identifier.
[15:43:00]   ⚠️ 跳过坏域 3nmuA03: data/cath/S40/dompdb_pdb/3nmuA03.pdb is not a valid filename or a valid PDB identifier.
[15:43:00]   ⚠️ 跳过坏域 3nsuA00: data/cath/S40/dompdb_pdb/3nsuA00.pdb is not a valid filename or a valid PDB identifier.
[15:43:00]   ⚠️ 跳过坏域 3nvdB02: data/cath/S40/dompdb_pdb/3nvdB02.pdb is not a valid filename or a valid PDB identifier.
[15:43:00]   ⚠️ 跳过坏域 3nzaX00: data/cath/S40/dompdb_pdb/3nzaX00.pdb is not a valid filename or a valid PDB identifier.
[15:43:00]   ⚠️ 跳过坏域 3o1gA00: data/cath/S40/dompdb_pdb/3o1gA00.pdb is not a valid filename or a valid PDB identifier.
[15:43:00]   ⚠️ 跳过坏域 3o1yB00: data/cath/S40/dompdb_pdb/3o1yB00.pdb is not a valid filename or a valid PDB identifier.
[15:43:00]   ⚠️ 跳过坏域 3o2zD00: data/cath/S40/dompdb_pdb/3o2zD00.pdb is not a valid filename or a valid PDB identifier.
[15:43:00]   ⚠️ 跳过坏域 3o30P00: data/cath/S40/dompdb_pdb/3o30P00.pdb is not a valid filename or a valid PDB identifier.
[15:43:00]   ⚠️ 跳过坏域 3ofqC03: data/cath/S40/dompdb_pdb/3ofqC03.pdb is not a valid filename or a valid PDB identifier.
[15:43:00]   ⚠️ 跳过坏域 3ofyC02: data/cath/S40/dompdb_pdb/3ofyC02.pdb is not a valid filename or a valid PDB identifier.
[15:43:00]   ⚠️ 跳过坏域 3oiyA01: data/cath/S40/dompdb_pdb/3oiyA01.pdb is not a valid filename or a valid PDB identifier.
[15:43:00]   ⚠️ 跳过坏域 3oqmC01: data/cath/S40/dompdb_pdb/3oqmC01.pdb is not a valid filename or a valid PDB identifier.
[15:43:00]   ⚠️ 跳过坏域 3os1A02: data/cath/S40/dompdb_pdb/3os1A02.pdb is not a valid filename or a valid PDB identifier.
[15:43:00]   ⚠️ 跳过坏域 3otoO00: data/cath/S40/dompdb_pdb/3otoO00.pdb is not a valid filename or a valid PDB identifier.
[15:43:00]   ⚠️ 跳过坏域 3ov0A01: data/cath/S40/dompdb_pdb/3ov0A01.pdb is not a valid filename or a valid PDB identifier.
[15:43:00]   ⚠️ 跳过坏域 3owgB01: data/cath/S40/dompdb_pdb/3owgB01.pdb is not a valid filename or a valid PDB identifier.
[15:43:00]   ⚠️ 跳过坏域 3p1yB03: data/cath/S40/dompdb_pdb/3p1yB03.pdb is not a valid filename or a valid PDB identifier.
[15:43:00]   ⚠️ 跳过坏域 3pp2B00: data/cath/S40/dompdb_pdb/3pp2B00.pdb is not a valid filename or a valid PDB identifier.
[15:43:00]   ⚠️ 跳过坏域 3pr1A00: data/cath/S40/dompdb_pdb/3pr1A00.pdb is not a valid filename or a valid PDB identifier.
[15:43:00]   ⚠️ 跳过坏域 3r8nL00: data/cath/S40/dompdb_pdb/3r8nL00.pdb is not a valid filename or a valid PDB identifier.
[15:43:00]   ⚠️ 跳过坏域 3ra0A00: data/cath/S40/dompdb_pdb/3ra0A00.pdb is not a valid filename or a valid PDB identifier.
[15:43:00]   ⚠️ 跳过坏域 3rn5B02: data/cath/S40/dompdb_pdb/3rn5B02.pdb is not a valid filename or a valid PDB identifier.
[15:43:00]   ⚠️ 跳过坏域 3seqA03: data/cath/S40/dompdb_pdb/3seqA03.pdb is not a valid filename or a valid PDB identifier.
[15:43:01]   ⚠️ 跳过坏域 3srzA01: data/cath/S40/dompdb_pdb/3srzA01.pdb is not a valid filename or a valid PDB identifier.
[15:43:01]   ⚠️ 跳过坏域 3tacA02: data/cath/S40/dompdb_pdb/3tacA02.pdb is not a valid filename or a valid PDB identifier.
[15:43:01]   ⚠️ 跳过坏域 3tk9A01: data/cath/S40/dompdb_pdb/3tk9A01.pdb is not a valid filename or a valid PDB identifier.
[15:43:01]   ⚠️ 跳过坏域 3tq6B01: data/cath/S40/dompdb_pdb/3tq6B01.pdb is not a valid filename or a valid PDB identifier.
[15:43:01]   ⚠️ 跳过坏域 3u5em00: data/cath/S40/dompdb_pdb/3u5em00.pdb is not a valid filename or a valid PDB identifier.
[15:43:01]   ⚠️ 跳过坏域 3u8dA00: data/cath/S40/dompdb_pdb/3u8dA00.pdb is not a valid filename or a valid PDB identifier.
[15:43:01]   ⚠️ 跳过坏域 3ubtB02: data/cath/S40/dompdb_pdb/3ubtB02.pdb is not a valid filename or a valid PDB identifier.
[15:43:01]   ⚠️ 跳过坏域 3ul3B01: data/cath/S40/dompdb_pdb/3ul3B01.pdb is not a valid filename or a valid PDB identifier.
[15:43:01]   ⚠️ 跳过坏域 3urzB00: data/cath/S40/dompdb_pdb/3urzB00.pdb is not a valid filename or a valid PDB identifier.
[15:43:01]   ⚠️ 跳过坏域 3v26G00: data/cath/S40/dompdb_pdb/3v26G00.pdb is not a valid filename or a valid PDB identifier.
[15:43:01]   ⚠️ 跳过坏域 3v6xH01: data/cath/S40/dompdb_pdb/3v6xH01.pdb is not a valid filename or a valid PDB identifier.
[15:43:01]   ⚠️ 跳过坏域 3vcfA00: data/cath/S40/dompdb_pdb/3vcfA00.pdb is not a valid filename or a valid PDB identifier.
[15:43:01]   ⚠️ 跳过坏域 3vtsB00: data/cath/S40/dompdb_pdb/3vtsB00.pdb is not a valid filename or a valid PDB identifier.
[15:43:01]   ⚠️ 跳过坏域 3vw4B01: data/cath/S40/dompdb_pdb/3vw4B01.pdb is not a valid filename or a valid PDB identifier.
[15:43:01]   ⚠️ 跳过坏域 3wnyE00: data/cath/S40/dompdb_pdb/3wnyE00.pdb is not a valid filename or a valid PDB identifier.
[15:43:01]   ⚠️ 跳过坏域 3zooA00: data/cath/S40/dompdb_pdb/3zooA00.pdb is not a valid filename or a valid PDB identifier.
[15:43:01]   ⚠️ 跳过坏域 3zwcA02: data/cath/S40/dompdb_pdb/3zwcA02.pdb is not a valid filename or a valid PDB identifier.
[15:43:01]   ⚠️ 跳过坏域 4a0yA01: data/cath/S40/dompdb_pdb/4a0yA01.pdb is not a valid filename or a valid PDB identifier.
[15:43:01]   ⚠️ 跳过坏域 4a17L01: data/cath/S40/dompdb_pdb/4a17L01.pdb is not a valid filename or a valid PDB identifier.
[15:43:01]   ⚠️ 跳过坏域 4a18H00: data/cath/S40/dompdb_pdb/4a18H00.pdb is not a valid filename or a valid PDB identifier.
[15:43:01]   ⚠️ 跳过坏域 4a19O00: data/cath/S40/dompdb_pdb/4a19O00.pdb is not a valid filename or a valid PDB identifier.
[15:43:01]   ⚠️ 跳过坏域 4a1bT00: data/cath/S40/dompdb_pdb/4a1bT00.pdb is not a valid filename or a valid PDB identifier.
[15:43:01]   ⚠️ 跳过坏域 4a1cQ00: data/cath/S40/dompdb_pdb/4a1cQ00.pdb is not a valid filename or a valid PDB identifier.
[15:43:01]   ⚠️ 跳过坏域 4a1dC00: data/cath/S40/dompdb_pdb/4a1dC00.pdb is not a valid filename or a valid PDB identifier.
[15:43:01]   ⚠️ 跳过坏域 4a1iB02: data/cath/S40/dompdb_pdb/4a1iB02.pdb is not a valid filename or a valid PDB identifier.
[15:43:01]   ⚠️ 跳过坏域 4a3fE02: data/cath/S40/dompdb_pdb/4a3fE02.pdb is not a valid filename or a valid PDB identifier.
[15:43:01]   ⚠️ 跳过坏域 4a3gL00: data/cath/S40/dompdb_pdb/4a3gL00.pdb is not a valid filename or a valid PDB identifier.
[15:43:01]   ⚠️ 跳过坏域 4a4kC02: data/cath/S40/dompdb_pdb/4a4kC02.pdb is not a valid filename or a valid PDB identifier.
[15:43:01]   ⚠️ 跳过坏域 4acaA02: data/cath/S40/dompdb_pdb/4acaA02.pdb is not a valid filename or a valid PDB identifier.
[15:43:01]   ⚠️ 跳过坏域 4afqA01: data/cath/S40/dompdb_pdb/4afqA01.pdb is not a valid filename or a valid PDB identifier.
[15:43:01]   ⚠️ 跳过坏域 4athA00: data/cath/S40/dompdb_pdb/4athA00.pdb is not a valid filename or a valid PDB identifier.
[15:43:01]   ⚠️ 跳过坏域 4atiB00: data/cath/S40/dompdb_pdb/4atiB00.pdb is not a valid filename or a valid PDB identifier.
[15:43:01]   ⚠️ 跳过坏域 4auwE00: data/cath/S40/dompdb_pdb/4auwE00.pdb is not a valid filename or a valid PDB identifier.
[15:43:01]   ⚠️ 跳过坏域 4bpeO02: data/cath/S40/dompdb_pdb/4bpeO02.pdb is not a valid filename or a valid PDB identifier.
[15:43:01]   ⚠️ 跳过坏域 4bpnJ00: data/cath/S40/dompdb_pdb/4bpnJ00.pdb is not a valid filename or a valid PDB identifier.
[15:43:01]   ⚠️ 跳过坏域 4bppC02: data/cath/S40/dompdb_pdb/4bppC02.pdb is not a valid filename or a valid PDB identifier.
[15:43:01]   ⚠️ 跳过坏域 4c2mP08: data/cath/S40/dompdb_pdb/4c2mP08.pdb is not a valid filename or a valid PDB identifier.
[15:43:01]   ⚠️ 跳过坏域 4c3dB00: data/cath/S40/dompdb_pdb/4c3dB00.pdb is not a valid filename or a valid PDB identifier.
[15:43:01]   ⚠️ 跳过坏域 4c9yB00: data/cath/S40/dompdb_pdb/4c9yB00.pdb is not a valid filename or a valid PDB identifier.
[15:43:01]   ⚠️ 跳过坏域 4cffA01: data/cath/S40/dompdb_pdb/4cffA01.pdb is not a valid filename or a valid PDB identifier.
[15:43:01]   ⚠️ 跳过坏域 4cfoB02: data/cath/S40/dompdb_pdb/4cfoB02.pdb is not a valid filename or a valid PDB identifier.
[15:43:01]   ⚠️ 跳过坏域 4cuwh02: data/cath/S40/dompdb_pdb/4cuwh02.pdb is not a valid filename or a valid PDB identifier.
[15:43:01]   ⚠️ 跳过坏域 4cvnE00: data/cath/S40/dompdb_pdb/4cvnE00.pdb is not a valid filename or a valid PDB identifier.
[15:43:01]   ⚠️ 跳过坏域 4dcfC00: data/cath/S40/dompdb_pdb/4dcfC00.pdb is not a valid filename or a valid PDB identifier.
[15:43:01]   ⚠️ 跳过坏域 4dhcW00: data/cath/S40/dompdb_pdb/4dhcW00.pdb is not a valid filename or a valid PDB identifier.
[15:43:01]   ⚠️ 跳过坏域 4dhlC01: data/cath/S40/dompdb_pdb/4dhlC01.pdb is not a valid filename or a valid PDB identifier.
[15:43:01]   ⚠️ 跳过坏域 4dxfB01: data/cath/S40/dompdb_pdb/4dxfB01.pdb is not a valid filename or a valid PDB identifier.
[15:43:01]   ⚠️ 跳过坏域 4ejc800: data/cath/S40/dompdb_pdb/4ejc800.pdb is not a valid filename or a valid PDB identifier.
[15:43:01]   ⚠️ 跳过坏域 4evoA00: data/cath/S40/dompdb_pdb/4evoA00.pdb is not a valid filename or a valid PDB identifier.
[15:43:01]   ⚠️ 跳过坏域 4fhcA01: data/cath/S40/dompdb_pdb/4fhcA01.pdb is not a valid filename or a valid PDB identifier.
[15:43:01]   ⚠️ 跳过坏域 4flvA04: data/cath/S40/dompdb_pdb/4flvA04.pdb is not a valid filename or a valid PDB identifier.
[15:43:01]   ⚠️ 跳过坏域 4fqmG02: data/cath/S40/dompdb_pdb/4fqmG02.pdb is not a valid filename or a valid PDB identifier.
[15:43:01]   ⚠️ 跳过坏域 4fy6R00: data/cath/S40/dompdb_pdb/4fy6R00.pdb is not a valid filename or a valid PDB identifier.
[15:43:01]   ⚠️ 跳过坏域 4g1lA02: data/cath/S40/dompdb_pdb/4g1lA02.pdb is not a valid filename or a valid PDB identifier.
[15:43:01]   ⚠️ 跳过坏域 4gasG00: data/cath/S40/dompdb_pdb/4gasG00.pdb is not a valid filename or a valid PDB identifier.
[15:43:01]   ⚠️ 跳过坏域 4gatA00: data/cath/S40/dompdb_pdb/4gatA00.pdb is not a valid filename or a valid PDB identifier.
[15:43:01]   ⚠️ 跳过坏域 4gawB02: data/cath/S40/dompdb_pdb/4gawB02.pdb is not a valid filename or a valid PDB identifier.
[15:43:01]   ⚠️ 跳过坏域 4hedA00: data/cath/S40/dompdb_pdb/4hedA00.pdb is not a valid filename or a valid PDB identifier.
[15:43:01]   ⚠️ 跳过坏域 4hqlA02: data/cath/S40/dompdb_pdb/4hqlA02.pdb is not a valid filename or a valid PDB identifier.
[15:43:01]   ⚠️ 跳过坏域 4hywA01: data/cath/S40/dompdb_pdb/4hywA01.pdb is not a valid filename or a valid PDB identifier.
[15:43:01]   ⚠️ 跳过坏域 4i3gB04: data/cath/S40/dompdb_pdb/4i3gB04.pdb is not a valid filename or a valid PDB identifier.
[15:43:01]   ⚠️ 跳过坏域 4i6hA01: data/cath/S40/dompdb_pdb/4i6hA01.pdb is not a valid filename or a valid PDB identifier.
[15:43:01]   ⚠️ 跳过坏域 4iapB02: data/cath/S40/dompdb_pdb/4iapB02.pdb is not a valid filename or a valid PDB identifier.
[15:43:01]   ⚠️ 跳过坏域 4io9J01: data/cath/S40/dompdb_pdb/4io9J01.pdb is not a valid filename or a valid PDB identifier.
[15:43:01]   ⚠️ 跳过坏域 4ioaA01: data/cath/S40/dompdb_pdb/4ioaA01.pdb is not a valid filename or a valid PDB identifier.
[15:43:01]   ⚠️ 跳过坏域 4iocD00: data/cath/S40/dompdb_pdb/4iocD00.pdb is not a valid filename or a valid PDB identifier.
[15:43:01]   ⚠️ 跳过坏域 4iqhA00: data/cath/S40/dompdb_pdb/4iqhA00.pdb is not a valid filename or a valid PDB identifier.
[15:43:01]   ⚠️ 跳过坏域 4ji3H02: data/cath/S40/dompdb_pdb/4ji3H02.pdb is not a valid filename or a valid PDB identifier.
[15:43:01]   ⚠️ 跳过坏域 4jv5Q00: data/cath/S40/dompdb_pdb/4jv5Q00.pdb is not a valid filename or a valid PDB identifier.
[15:43:01]   ⚠️ 跳过坏域 4k15B00: data/cath/S40/dompdb_pdb/4k15B00.pdb is not a valid filename or a valid PDB identifier.
[15:43:01]   ⚠️ 跳过坏域 4kbvP00: data/cath/S40/dompdb_pdb/4kbvP00.pdb is not a valid filename or a valid PDB identifier.
[15:43:01]   ⚠️ 跳过坏域 4kdjL00: data/cath/S40/dompdb_pdb/4kdjL00.pdb is not a valid filename or a valid PDB identifier.
[15:43:01]   ⚠️ 跳过坏域 4kdpC00: data/cath/S40/dompdb_pdb/4kdpC00.pdb is not a valid filename or a valid PDB identifier.
[15:43:01]   ⚠️ 跳过坏域 4kfiX00: data/cath/S40/dompdb_pdb/4kfiX00.pdb is not a valid filename or a valid PDB identifier.
[15:43:01]   ⚠️ 跳过坏域 4kfuB00: data/cath/S40/dompdb_pdb/4kfuB00.pdb is not a valid filename or a valid PDB identifier.
[15:43:01]   ⚠️ 跳过坏域 4kj3J00: data/cath/S40/dompdb_pdb/4kj3J00.pdb is not a valid filename or a valid PDB identifier.
[15:43:01]   ⚠️ 跳过坏域 4kj9M01: data/cath/S40/dompdb_pdb/4kj9M01.pdb is not a valid filename or a valid PDB identifier.
[15:43:01]   ⚠️ 跳过坏域 4kjbT00: data/cath/S40/dompdb_pdb/4kjbT00.pdb is not a valid filename or a valid PDB identifier.
[15:43:01]   ⚠️ 跳过坏域 4kudF00: data/cath/S40/dompdb_pdb/4kudF00.pdb is not a valid filename or a valid PDB identifier.
[15:43:01]   ⚠️ 跳过坏域 4l6j300: data/cath/S40/dompdb_pdb/4l6j300.pdb is not a valid filename or a valid PDB identifier.
[15:43:01]   ⚠️ 跳过坏域 4l8rC00: data/cath/S40/dompdb_pdb/4l8rC00.pdb is not a valid filename or a valid PDB identifier.
[15:43:01]   ⚠️ 跳过坏域 4ld9G00: data/cath/S40/dompdb_pdb/4ld9G00.pdb is not a valid filename or a valid PDB identifier.
[15:43:01]   ⚠️ 跳过坏域 4lxcA02: data/cath/S40/dompdb_pdb/4lxcA02.pdb is not a valid filename or a valid PDB identifier.
[15:43:01]   ⚠️ 跳过坏域 4m0lA03: data/cath/S40/dompdb_pdb/4m0lA03.pdb is not a valid filename or a valid PDB identifier.
[15:43:01]   ⚠️ 跳过坏域 4m44C02: data/cath/S40/dompdb_pdb/4m44C02.pdb is not a valid filename or a valid PDB identifier.
[15:43:01]   ⚠️ 跳过坏域 4mzpC00: data/cath/S40/dompdb_pdb/4mzpC00.pdb is not a valid filename or a valid PDB identifier.
[15:43:01]   ⚠️ 跳过坏域 4nfgB00: data/cath/S40/dompdb_pdb/4nfgB00.pdb is not a valid filename or a valid PDB identifier.
[15:43:01]   ⚠️ 跳过坏域 4niaA00: data/cath/S40/dompdb_pdb/4niaA00.pdb is not a valid filename or a valid PDB identifier.
[15:43:01]   预解析+encode 7206/7886（跳过 394）
[15:43:01]   ⚠️ 跳过坏域 4nxzA01: data/cath/S40/dompdb_pdb/4nxzA01.pdb is not a valid filename or a valid PDB identifier.
[15:43:01]   ⚠️ 跳过坏域 4obqB02: data/cath/S40/dompdb_pdb/4obqB02.pdb is not a valid filename or a valid PDB identifier.
[15:43:01]   ⚠️ 跳过坏域 4olnA00: data/cath/S40/dompdb_pdb/4olnA00.pdb is not a valid filename or a valid PDB identifier.
[15:43:01]   ⚠️ 跳过坏域 4om5B00: data/cath/S40/dompdb_pdb/4om5B00.pdb is not a valid filename or a valid PDB identifier.
[15:43:01]   ⚠️ 跳过坏域 4ondA00: data/cath/S40/dompdb_pdb/4ondA00.pdb is not a valid filename or a valid PDB identifier.
[15:43:01]   ⚠️ 跳过坏域 4ozdF00: data/cath/S40/dompdb_pdb/4ozdF00.pdb is not a valid filename or a valid PDB identifier.
[15:43:01]   ⚠️ 跳过坏域 4p78D00: data/cath/S40/dompdb_pdb/4p78D00.pdb is not a valid filename or a valid PDB identifier.
[15:43:01]   ⚠️ 跳过坏域 4pniA02: data/cath/S40/dompdb_pdb/4pniA02.pdb is not a valid filename or a valid PDB identifier.
[15:43:01]   ⚠️ 跳过坏域 4povB00: data/cath/S40/dompdb_pdb/4povB00.pdb is not a valid filename or a valid PDB identifier.
[15:43:01]   ⚠️ 跳过坏域 4pt4A00: data/cath/S40/dompdb_pdb/4pt4A00.pdb is not a valid filename or a valid PDB identifier.
[15:43:01]   ⚠️ 跳过坏域 4pw7B01: data/cath/S40/dompdb_pdb/4pw7B01.pdb is not a valid filename or a valid PDB identifier.
[15:43:01]   ⚠️ 跳过坏域 4q5gB00: data/cath/S40/dompdb_pdb/4q5gB00.pdb is not a valid filename or a valid PDB identifier.
[15:43:01]   ⚠️ 跳过坏域 4qcv700: data/cath/S40/dompdb_pdb/4qcv700.pdb is not a valid filename or a valid PDB identifier.
[15:43:01]   ⚠️ 跳过坏域 4qjsD03: data/cath/S40/dompdb_pdb/4qjsD03.pdb is not a valid filename or a valid PDB identifier.
[15:43:01]   ⚠️ 跳过坏域 4qlcC00: data/cath/S40/dompdb_pdb/4qlcC00.pdb is not a valid filename or a valid PDB identifier.
[15:43:02]   ⚠️ 跳过坏域 4qs1300: data/cath/S40/dompdb_pdb/4qs1300.pdb is not a valid filename or a valid PDB identifier.
[15:43:02]   ⚠️ 跳过坏域 4qs2C02: data/cath/S40/dompdb_pdb/4qs2C02.pdb is not a valid filename or a valid PDB identifier.
[15:43:02]   ⚠️ 跳过坏域 4qt8C02: data/cath/S40/dompdb_pdb/4qt8C02.pdb is not a valid filename or a valid PDB identifier.
[15:43:02]   ⚠️ 跳过坏域 4qtrC00: data/cath/S40/dompdb_pdb/4qtrC00.pdb is not a valid filename or a valid PDB identifier.
[15:43:02]   ⚠️ 跳过坏域 4r2aA00: data/cath/S40/dompdb_pdb/4r2aA00.pdb is not a valid filename or a valid PDB identifier.
[15:43:02]   ⚠️ 跳过坏域 4rb7R00: data/cath/S40/dompdb_pdb/4rb7R00.pdb is not a valid filename or a valid PDB identifier.
[15:43:02]   ⚠️ 跳过坏域 4redA01: data/cath/S40/dompdb_pdb/4redA01.pdb is not a valid filename or a valid PDB identifier.
[15:43:02]   ⚠️ 跳过坏域 4rodB02: data/cath/S40/dompdb_pdb/4rodB02.pdb is not a valid filename or a valid PDB identifier.
[15:43:02]   ⚠️ 跳过坏域 4tkrB00: data/cath/S40/dompdb_pdb/4tkrB00.pdb is not a valid filename or a valid PDB identifier.
[15:43:02]   ⚠️ 跳过坏域 4tp1K00: data/cath/S40/dompdb_pdb/4tp1K00.pdb is not a valid filename or a valid PDB identifier.
[15:43:02]   ⚠️ 跳过坏域 4tp5Z00: data/cath/S40/dompdb_pdb/4tp5Z00.pdb is not a valid filename or a valid PDB identifier.
[15:43:02]   ⚠️ 跳过坏域 4tp6S00: data/cath/S40/dompdb_pdb/4tp6S00.pdb is not a valid filename or a valid PDB identifier.
[15:43:02]   ⚠️ 跳过坏域 4tpeM02: data/cath/S40/dompdb_pdb/4tpeM02.pdb is not a valid filename or a valid PDB identifier.
[15:43:02]   ⚠️ 跳过坏域 4tpf100: data/cath/S40/dompdb_pdb/4tpf100.pdb is not a valid filename or a valid PDB identifier.
[15:43:02]   ⚠️ 跳过坏域 4tsoB00: data/cath/S40/dompdb_pdb/4tsoB00.pdb is not a valid filename or a valid PDB identifier.
[15:43:02]   ⚠️ 跳过坏域 4ttcB01: data/cath/S40/dompdb_pdb/4ttcB01.pdb is not a valid filename or a valid PDB identifier.
[15:43:02]   ⚠️ 跳过坏域 4u67H00: data/cath/S40/dompdb_pdb/4u67H00.pdb is not a valid filename or a valid PDB identifier.
[15:43:02]   ⚠️ 跳过坏域 4ui9L00: data/cath/S40/dompdb_pdb/4ui9L00.pdb is not a valid filename or a valid PDB identifier.
[15:43:02]   ⚠️ 跳过坏域 4ujfS01: data/cath/S40/dompdb_pdb/4ujfS01.pdb is not a valid filename or a valid PDB identifier.
[15:43:02]   ⚠️ 跳过坏域 4ujmY00: data/cath/S40/dompdb_pdb/4ujmY00.pdb is not a valid filename or a valid PDB identifier.
[15:43:02]   ⚠️ 跳过坏域 4ujoB00: data/cath/S40/dompdb_pdb/4ujoB00.pdb is not a valid filename or a valid PDB identifier.
[15:43:02]   ⚠️ 跳过坏域 4ujpa00: data/cath/S40/dompdb_pdb/4ujpa00.pdb is not a valid filename or a valid PDB identifier.
[15:43:02]   ⚠️ 跳过坏域 4ujvE03: data/cath/S40/dompdb_pdb/4ujvE03.pdb is not a valid filename or a valid PDB identifier.
[15:43:02]   ⚠️ 跳过坏域 4ujyA01: data/cath/S40/dompdb_pdb/4ujyA01.pdb is not a valid filename or a valid PDB identifier.
[15:43:02]   ⚠️ 跳过坏域 4uk0D01: data/cath/S40/dompdb_pdb/4uk0D01.pdb is not a valid filename or a valid PDB identifier.
[15:43:02]   ⚠️ 跳过坏域 4uk1C00: data/cath/S40/dompdb_pdb/4uk1C00.pdb is not a valid filename or a valid PDB identifier.
[15:43:02]   ⚠️ 跳过坏域 4uk3O02: data/cath/S40/dompdb_pdb/4uk3O02.pdb is not a valid filename or a valid PDB identifier.
[15:43:02]   ⚠️ 跳过坏域 4uk8L01: data/cath/S40/dompdb_pdb/4uk8L01.pdb is not a valid filename or a valid PDB identifier.
[15:43:02]   ⚠️ 跳过坏域 4ukhE02: data/cath/S40/dompdb_pdb/4ukhE02.pdb is not a valid filename or a valid PDB identifier.
[15:43:02]   ⚠️ 跳过坏域 4ukjY01: data/cath/S40/dompdb_pdb/4ukjY01.pdb is not a valid filename or a valid PDB identifier.
[15:43:02]   ⚠️ 跳过坏域 4ukkM00: data/cath/S40/dompdb_pdb/4ukkM00.pdb is not a valid filename or a valid PDB identifier.
[15:43:02]   ⚠️ 跳过坏域 4ukog00: data/cath/S40/dompdb_pdb/4ukog00.pdb is not a valid filename or a valid PDB identifier.
[15:43:02]   ⚠️ 跳过坏域 4ukuF01: data/cath/S40/dompdb_pdb/4ukuF01.pdb is not a valid filename or a valid PDB identifier.
[15:43:02]   ⚠️ 跳过坏域 4ukwX00: data/cath/S40/dompdb_pdb/4ukwX00.pdb is not a valid filename or a valid PDB identifier.
[15:43:02]   ⚠️ 跳过坏域 4ukzX01: data/cath/S40/dompdb_pdb/4ukzX01.pdb is not a valid filename or a valid PDB identifier.
[15:43:02]   ⚠️ 跳过坏域 4ul9H02: data/cath/S40/dompdb_pdb/4ul9H02.pdb is not a valid filename or a valid PDB identifier.
[15:43:02]   ⚠️ 跳过坏域 4ulcD00: data/cath/S40/dompdb_pdb/4ulcD00.pdb is not a valid filename or a valid PDB identifier.
[15:43:02]   ⚠️ 跳过坏域 4ulgL00: data/cath/S40/dompdb_pdb/4ulgL00.pdb is not a valid filename or a valid PDB identifier.
[15:43:02]   ⚠️ 跳过坏域 4uliG01: data/cath/S40/dompdb_pdb/4uliG01.pdb is not a valid filename or a valid PDB identifier.
[15:43:02]   ⚠️ 跳过坏域 4uljZ00: data/cath/S40/dompdb_pdb/4uljZ00.pdb is not a valid filename or a valid PDB identifier.
[15:43:02]   ⚠️ 跳过坏域 4ultQ00: data/cath/S40/dompdb_pdb/4ultQ00.pdb is not a valid filename or a valid PDB identifier.
[15:43:02]   ⚠️ 跳过坏域 4un9A02: data/cath/S40/dompdb_pdb/4un9A02.pdb is not a valid filename or a valid PDB identifier.
[15:43:02]   ⚠️ 跳过坏域 4unaA01: data/cath/S40/dompdb_pdb/4unaA01.pdb is not a valid filename or a valid PDB identifier.
[15:43:02]   ⚠️ 跳过坏域 4uo2A01: data/cath/S40/dompdb_pdb/4uo2A01.pdb is not a valid filename or a valid PDB identifier.
[15:43:02]   ⚠️ 跳过坏域 4uusA00: data/cath/S40/dompdb_pdb/4uusA00.pdb is not a valid filename or a valid PDB identifier.
[15:43:02]   ⚠️ 跳过坏域 4w20p00: data/cath/S40/dompdb_pdb/4w20p00.pdb is not a valid filename or a valid PDB identifier.
[15:43:02]   ⚠️ 跳过坏域 4w23G02: data/cath/S40/dompdb_pdb/4w23G02.pdb is not a valid filename or a valid PDB identifier.
[15:43:02]   ⚠️ 跳过坏域 4w25O01: data/cath/S40/dompdb_pdb/4w25O01.pdb is not a valid filename or a valid PDB identifier.
[15:43:02]   ⚠️ 跳过坏域 4w27G01: data/cath/S40/dompdb_pdb/4w27G01.pdb is not a valid filename or a valid PDB identifier.
[15:43:02]   ⚠️ 跳过坏域 4w28P00: data/cath/S40/dompdb_pdb/4w28P00.pdb is not a valid filename or a valid PDB identifier.
[15:43:02]   ⚠️ 跳过坏域 4w5tA03: data/cath/S40/dompdb_pdb/4w5tA03.pdb is not a valid filename or a valid PDB identifier.
[15:43:02]   ⚠️ 跳过坏域 4wapC01: data/cath/S40/dompdb_pdb/4wapC01.pdb is not a valid filename or a valid PDB identifier.
[15:43:02]   ⚠️ 跳过坏域 4waqK00: data/cath/S40/dompdb_pdb/4waqK00.pdb is not a valid filename or a valid PDB identifier.
[15:43:02]   ⚠️ 跳过坏域 4wceH00: data/cath/S40/dompdb_pdb/4wceH00.pdb is not a valid filename or a valid PDB identifier.
[15:43:02]   ⚠️ 跳过坏域 4we6B02: data/cath/S40/dompdb_pdb/4we6B02.pdb is not a valid filename or a valid PDB identifier.
[15:43:02]   ⚠️ 跳过坏域 4wfn300: data/cath/S40/dompdb_pdb/4wfn300.pdb is not a valid filename or a valid PDB identifier.
[15:43:02]   ⚠️ 跳过坏域 4x08A00: data/cath/S40/dompdb_pdb/4x08A00.pdb is not a valid filename or a valid PDB identifier.
[15:43:02]   ⚠️ 跳过坏域 4xh2F01: data/cath/S40/dompdb_pdb/4xh2F01.pdb is not a valid filename or a valid PDB identifier.
[15:43:02]   ⚠️ 跳过坏域 4xmgA00: data/cath/S40/dompdb_pdb/4xmgA00.pdb is not a valid filename or a valid PDB identifier.
[15:43:02]   ⚠️ 跳过坏域 4xreA00: data/cath/S40/dompdb_pdb/4xreA00.pdb is not a valid filename or a valid PDB identifier.
[15:43:02]   ⚠️ 跳过坏域 4xuwB00: data/cath/S40/dompdb_pdb/4xuwB00.pdb is not a valid filename or a valid PDB identifier.
[15:43:02]   ⚠️ 跳过坏域 4xzqD00: data/cath/S40/dompdb_pdb/4xzqD00.pdb is not a valid filename or a valid PDB identifier.
[15:43:02]   ⚠️ 跳过坏域 4ydyI00: data/cath/S40/dompdb_pdb/4ydyI00.pdb is not a valid filename or a valid PDB identifier.
[15:43:02]   ⚠️ 跳过坏域 4yhjA02: data/cath/S40/dompdb_pdb/4yhjA02.pdb is not a valid filename or a valid PDB identifier.
[15:43:02]   ⚠️ 跳过坏域 4ymvC00: data/cath/S40/dompdb_pdb/4ymvC00.pdb is not a valid filename or a valid PDB identifier.
[15:43:02]   ⚠️ 跳过坏域 4yz7A00: data/cath/S40/dompdb_pdb/4yz7A00.pdb is not a valid filename or a valid PDB identifier.
[15:43:02]   ⚠️ 跳过坏域 4z02B01: data/cath/S40/dompdb_pdb/4z02B01.pdb is not a valid filename or a valid PDB identifier.
[15:43:02]   ⚠️ 跳过坏域 4zaiA00: data/cath/S40/dompdb_pdb/4zaiA00.pdb is not a valid filename or a valid PDB identifier.
[15:43:02]   ⚠️ 跳过坏域 4zdlB03: data/cath/S40/dompdb_pdb/4zdlB03.pdb is not a valid filename or a valid PDB identifier.
[15:43:02]   ⚠️ 跳过坏域 5a2qL00: data/cath/S40/dompdb_pdb/5a2qL00.pdb is not a valid filename or a valid PDB identifier.
[15:43:02]   ⚠️ 跳过坏域 5a76D00: data/cath/S40/dompdb_pdb/5a76D00.pdb is not a valid filename or a valid PDB identifier.
[15:43:02]   ⚠️ 跳过坏域 5a8yA01: data/cath/S40/dompdb_pdb/5a8yA01.pdb is not a valid filename or a valid PDB identifier.
[15:43:02]   ⚠️ 跳过坏域 5b40A00: data/cath/S40/dompdb_pdb/5b40A00.pdb is not a valid filename or a valid PDB identifier.
[15:43:02]   ⚠️ 跳过坏域 5bq8A00: data/cath/S40/dompdb_pdb/5bq8A00.pdb is not a valid filename or a valid PDB identifier.
[15:43:02]   ⚠️ 跳过坏域 5bqdB00: data/cath/S40/dompdb_pdb/5bqdB00.pdb is not a valid filename or a valid PDB identifier.
[15:43:02]   ⚠️ 跳过坏域 5c0zB00: data/cath/S40/dompdb_pdb/5c0zB00.pdb is not a valid filename or a valid PDB identifier.
[15:43:02]   ⚠️ 跳过坏域 5c2tC00: data/cath/S40/dompdb_pdb/5c2tC00.pdb is not a valid filename or a valid PDB identifier.
[15:43:02]   ⚠️ 跳过坏域 5c76A02: data/cath/S40/dompdb_pdb/5c76A02.pdb is not a valid filename or a valid PDB identifier.
[15:43:02]   ⚠️ 跳过坏域 5ccmA02: data/cath/S40/dompdb_pdb/5ccmA02.pdb is not a valid filename or a valid PDB identifier.
[15:43:02]   ⚠️ 跳过坏域 5cmwA00: data/cath/S40/dompdb_pdb/5cmwA00.pdb is not a valid filename or a valid PDB identifier.
[15:43:02]   ⚠️ 跳过坏域 5d0eB00: data/cath/S40/dompdb_pdb/5d0eB00.pdb is not a valid filename or a valid PDB identifier.
[15:43:02]   ⚠️ 跳过坏域 5dwfB00: data/cath/S40/dompdb_pdb/5dwfB00.pdb is not a valid filename or a valid PDB identifier.
[15:43:02]   ⚠️ 跳过坏域 5e9vB00: data/cath/S40/dompdb_pdb/5e9vB00.pdb is not a valid filename or a valid PDB identifier.
[15:43:02]   ⚠️ 跳过坏域 5ef6J00: data/cath/S40/dompdb_pdb/5ef6J00.pdb is not a valid filename or a valid PDB identifier.
[15:43:02]   ⚠️ 跳过坏域 5ejkF01: data/cath/S40/dompdb_pdb/5ejkF01.pdb is not a valid filename or a valid PDB identifier.
[15:43:02]   ⚠️ 跳过坏域 5fgyA00: data/cath/S40/dompdb_pdb/5fgyA00.pdb is not a valid filename or a valid PDB identifier.
[15:43:02]   ⚠️ 跳过坏域 5flvA01: data/cath/S40/dompdb_pdb/5flvA01.pdb is not a valid filename or a valid PDB identifier.
[15:43:02]   ⚠️ 跳过坏域 5gvsB00: data/cath/S40/dompdb_pdb/5gvsB00.pdb is not a valid filename or a valid PDB identifier.
[15:43:02]   ⚠️ 跳过坏域 5h1sP00: data/cath/S40/dompdb_pdb/5h1sP00.pdb is not a valid filename or a valid PDB identifier.
[15:43:02]   ⚠️ 跳过坏域 5hekA00: data/cath/S40/dompdb_pdb/5hekA00.pdb is not a valid filename or a valid PDB identifier.
[15:43:02]   ⚠️ 跳过坏域 5hk5E00: data/cath/S40/dompdb_pdb/5hk5E00.pdb is not a valid filename or a valid PDB identifier.
[15:43:02]   ⚠️ 跳过坏域 5hrdB01: data/cath/S40/dompdb_pdb/5hrdB01.pdb is not a valid filename or a valid PDB identifier.
[15:43:02]   ⚠️ 跳过坏域 5hrhA02: data/cath/S40/dompdb_pdb/5hrhA02.pdb is not a valid filename or a valid PDB identifier.
[15:43:02]   ⚠️ 跳过坏域 5iibA00: data/cath/S40/dompdb_pdb/5iibA00.pdb is not a valid filename or a valid PDB identifier.
[15:43:02]   ⚠️ 跳过坏域 5j12B02: data/cath/S40/dompdb_pdb/5j12B02.pdb is not a valid filename or a valid PDB identifier.
[15:43:02]   ⚠️ 跳过坏域 5j36D00: data/cath/S40/dompdb_pdb/5j36D00.pdb is not a valid filename or a valid PDB identifier.
[15:43:02]   ⚠️ 跳过坏域 5j6gG00: data/cath/S40/dompdb_pdb/5j6gG00.pdb is not a valid filename or a valid PDB identifier.
[15:43:02]   ⚠️ 跳过坏域 5k8oD02: data/cath/S40/dompdb_pdb/5k8oD02.pdb is not a valid filename or a valid PDB identifier.
[15:43:02]   ⚠️ 跳过坏域 5kfhA04: data/cath/S40/dompdb_pdb/5kfhA04.pdb is not a valid filename or a valid PDB identifier.
[15:43:02]   ⚠️ 跳过坏域 5kl7A00: data/cath/S40/dompdb_pdb/5kl7A00.pdb is not a valid filename or a valid PDB identifier.
[15:43:02]   ⚠️ 跳过坏域 5l0cD00: data/cath/S40/dompdb_pdb/5l0cD00.pdb is not a valid filename or a valid PDB identifier.
[15:43:02]   ⚠️ 跳过坏域 5l2lA00: data/cath/S40/dompdb_pdb/5l2lA00.pdb is not a valid filename or a valid PDB identifier.
[15:43:02]   ⚠️ 跳过坏域 5l8zA00: data/cath/S40/dompdb_pdb/5l8zA00.pdb is not a valid filename or a valid PDB identifier.
[15:43:02]   ⚠️ 跳过坏域 5ldpB00: data/cath/S40/dompdb_pdb/5ldpB00.pdb is not a valid filename or a valid PDB identifier.
[15:43:02]   ⚠️ 跳过坏域 5ll6Z00: data/cath/S40/dompdb_pdb/5ll6Z00.pdb is not a valid filename or a valid PDB identifier.
[15:43:02]   ⚠️ 跳过坏域 5mlcU00: data/cath/S40/dompdb_pdb/5mlcU00.pdb is not a valid filename or a valid PDB identifier.
[15:43:02]   ⚠️ 跳过坏域 5mmiN01: data/cath/S40/dompdb_pdb/5mmiN01.pdb is not a valid filename or a valid PDB identifier.
[15:43:02]   ⚠️ 跳过坏域 5nrg200: data/cath/S40/dompdb_pdb/5nrg200.pdb is not a valid filename or a valid PDB identifier.
[15:43:02]   ⚠️ 跳过坏域 5o5jD01: data/cath/S40/dompdb_pdb/5o5jD01.pdb is not a valid filename or a valid PDB identifier.
[15:43:02]   ⚠️ 跳过坏域 5o60T00: data/cath/S40/dompdb_pdb/5o60T00.pdb is not a valid filename or a valid PDB identifier.
[15:43:02]   ⚠️ 跳过坏域 5o6eA01: data/cath/S40/dompdb_pdb/5o6eA01.pdb is not a valid filename or a valid PDB identifier.
[15:43:02]   ⚠️ 跳过坏域 5oolW00: data/cath/S40/dompdb_pdb/5oolW00.pdb is not a valid filename or a valid PDB identifier.
[15:43:02]   ⚠️ 跳过坏域 5oomL00: data/cath/S40/dompdb_pdb/5oomL00.pdb is not a valid filename or a valid PDB identifier.
[15:43:03]   ⚠️ 跳过坏域 5rm1A01: data/cath/S40/dompdb_pdb/5rm1A01.pdb is not a valid filename or a valid PDB identifier.
[15:43:03]   ⚠️ 跳过坏域 5s5eF01: data/cath/S40/dompdb_pdb/5s5eF01.pdb is not a valid filename or a valid PDB identifier.
[15:43:03]   ⚠️ 跳过坏域 5t37A00: data/cath/S40/dompdb_pdb/5t37A00.pdb is not a valid filename or a valid PDB identifier.
[15:43:03]   ⚠️ 跳过坏域 5t9pD01: data/cath/S40/dompdb_pdb/5t9pD01.pdb is not a valid filename or a valid PDB identifier.
[15:43:03]   ⚠️ 跳过坏域 5tc2A00: data/cath/S40/dompdb_pdb/5tc2A00.pdb is not a valid filename or a valid PDB identifier.
[15:43:03]   ⚠️ 跳过坏域 5trmG00: data/cath/S40/dompdb_pdb/5trmG00.pdb is not a valid filename or a valid PDB identifier.
[15:43:03]   ⚠️ 跳过坏域 5tsrA00: data/cath/S40/dompdb_pdb/5tsrA00.pdb is not a valid filename or a valid PDB identifier.
[15:43:03]   ⚠️ 跳过坏域 5vdhB02: data/cath/S40/dompdb_pdb/5vdhB02.pdb is not a valid filename or a valid PDB identifier.
[15:43:03]   ⚠️ 跳过坏域 5vfjB00: data/cath/S40/dompdb_pdb/5vfjB00.pdb is not a valid filename or a valid PDB identifier.
[15:43:03]   ⚠️ 跳过坏域 5vpeD00: data/cath/S40/dompdb_pdb/5vpeD00.pdb is not a valid filename or a valid PDB identifier.
[15:43:03]   ⚠️ 跳过坏域 5vypL00: data/cath/S40/dompdb_pdb/5vypL00.pdb is not a valid filename or a valid PDB identifier.
[15:43:03]   ⚠️ 跳过坏域 5wh1D01: data/cath/S40/dompdb_pdb/5wh1D01.pdb is not a valid filename or a valid PDB identifier.
[15:43:03]   ⚠️ 跳过坏域 5wnrT00: data/cath/S40/dompdb_pdb/5wnrT00.pdb is not a valid filename or a valid PDB identifier.
[15:43:03]   ⚠️ 跳过坏域 5wnsK00: data/cath/S40/dompdb_pdb/5wnsK00.pdb is not a valid filename or a valid PDB identifier.
[15:43:03]   ⚠️ 跳过坏域 5wntM02: data/cath/S40/dompdb_pdb/5wntM02.pdb is not a valid filename or a valid PDB identifier.
[15:43:03]   ⚠️ 跳过坏域 5wrlA02: data/cath/S40/dompdb_pdb/5wrlA02.pdb is not a valid filename or a valid PDB identifier.
[15:43:03]   ⚠️ 跳过坏域 5x8rm02: data/cath/S40/dompdb_pdb/5x8rm02.pdb is not a valid filename or a valid PDB identifier.
[15:43:03]   ⚠️ 跳过坏域 5x8t300: data/cath/S40/dompdb_pdb/5x8t300.pdb is not a valid filename or a valid PDB identifier.
[15:43:03]   ⚠️ 跳过坏域 5xdxV00: data/cath/S40/dompdb_pdb/5xdxV00.pdb is not a valid filename or a valid PDB identifier.
[15:43:03]   ⚠️ 跳过坏域 5xm1A00: data/cath/S40/dompdb_pdb/5xm1A00.pdb is not a valid filename or a valid PDB identifier.
[15:43:03]   ⚠️ 跳过坏域 5xpgA02: data/cath/S40/dompdb_pdb/5xpgA02.pdb is not a valid filename or a valid PDB identifier.
[15:43:03]   ⚠️ 跳过坏域 5xx5A00: data/cath/S40/dompdb_pdb/5xx5A00.pdb is not a valid filename or a valid PDB identifier.
[15:43:03]   ⚠️ 跳过坏域 5xyiQ00: data/cath/S40/dompdb_pdb/5xyiQ00.pdb is not a valid filename or a valid PDB identifier.
[15:43:03]   ⚠️ 跳过坏域 5yghA00: data/cath/S40/dompdb_pdb/5yghA00.pdb is not a valid filename or a valid PDB identifier.
[15:43:03]   ⚠️ 跳过坏域 5yi6A01: data/cath/S40/dompdb_pdb/5yi6A01.pdb is not a valid filename or a valid PDB identifier.
[15:43:03]   ⚠️ 跳过坏域 5yv1F03: data/cath/S40/dompdb_pdb/5yv1F03.pdb is not a valid filename or a valid PDB identifier.
[15:43:03]   ⚠️ 跳过坏域 5yv3F02: data/cath/S40/dompdb_pdb/5yv3F02.pdb is not a valid filename or a valid PDB identifier.
[15:43:03]   ⚠️ 跳过坏域 5z81C00: data/cath/S40/dompdb_pdb/5z81C00.pdb is not a valid filename or a valid PDB identifier.
[15:43:03]   ⚠️ 跳过坏域 5zetU00: data/cath/S40/dompdb_pdb/5zetU00.pdb is not a valid filename or a valid PDB identifier.
[15:43:03]   ⚠️ 跳过坏域 5zxeA00: data/cath/S40/dompdb_pdb/5zxeA00.pdb is not a valid filename or a valid PDB identifier.
[15:43:03]   ⚠️ 跳过坏域 6aj9A00: data/cath/S40/dompdb_pdb/6aj9A00.pdb is not a valid filename or a valid PDB identifier.
[15:43:03]   ⚠️ 跳过坏域 6al3B00: data/cath/S40/dompdb_pdb/6al3B00.pdb is not a valid filename or a valid PDB identifier.
[15:43:03]   ⚠️ 跳过坏域 6az1C02: data/cath/S40/dompdb_pdb/6az1C02.pdb is not a valid filename or a valid PDB identifier.
[15:43:03]   ⚠️ 跳过坏域 6bhgA01: data/cath/S40/dompdb_pdb/6bhgA01.pdb is not a valid filename or a valid PDB identifier.
[15:43:03]   ⚠️ 跳过坏域 6bkrA01: data/cath/S40/dompdb_pdb/6bkrA01.pdb is not a valid filename or a valid PDB identifier.
[15:43:03]   ⚠️ 跳过坏域 6bu0B00: data/cath/S40/dompdb_pdb/6bu0B00.pdb is not a valid filename or a valid PDB identifier.
[15:43:03]   ⚠️ 跳过坏域 6c0fG00: data/cath/S40/dompdb_pdb/6c0fG00.pdb is not a valid filename or a valid PDB identifier.
[15:43:03]   ⚠️ 跳过坏域 6c1uF00: data/cath/S40/dompdb_pdb/6c1uF00.pdb is not a valid filename or a valid PDB identifier.
[15:43:03]   ⚠️ 跳过坏域 6clzA00: data/cath/S40/dompdb_pdb/6clzA00.pdb is not a valid filename or a valid PDB identifier.
[15:43:03]   ⚠️ 跳过坏域 6cqcA00: data/cath/S40/dompdb_pdb/6cqcA00.pdb is not a valid filename or a valid PDB identifier.
[15:43:03]   ⚠️ 跳过坏域 6cv3A00: data/cath/S40/dompdb_pdb/6cv3A00.pdb is not a valid filename or a valid PDB identifier.
[15:43:03]   ⚠️ 跳过坏域 6cvoB00: data/cath/S40/dompdb_pdb/6cvoB00.pdb is not a valid filename or a valid PDB identifier.
[15:43:03]   ⚠️ 跳过坏域 6d8aA01: data/cath/S40/dompdb_pdb/6d8aA01.pdb is not a valid filename or a valid PDB identifier.
[15:43:03]   ⚠️ 跳过坏域 6d9iA00: data/cath/S40/dompdb_pdb/6d9iA00.pdb is not a valid filename or a valid PDB identifier.
[15:43:03]   ⚠️ 跳过坏域 6dzkK00: data/cath/S40/dompdb_pdb/6dzkK00.pdb is not a valid filename or a valid PDB identifier.
[15:43:03]   ⚠️ 跳过坏域 6dzpO00: data/cath/S40/dompdb_pdb/6dzpO00.pdb is not a valid filename or a valid PDB identifier.
[15:43:03]   ⚠️ 跳过坏域 6em3Q00: data/cath/S40/dompdb_pdb/6em3Q00.pdb is not a valid filename or a valid PDB identifier.
[15:43:03]   ⚠️ 跳过坏域 6es2L00: data/cath/S40/dompdb_pdb/6es2L00.pdb is not a valid filename or a valid PDB identifier.
[15:43:03]   ⚠️ 跳过坏域 6f2sG01: data/cath/S40/dompdb_pdb/6f2sG01.pdb is not a valid filename or a valid PDB identifier.
[15:43:03]   ⚠️ 跳过坏域 6fcsA02: data/cath/S40/dompdb_pdb/6fcsA02.pdb is not a valid filename or a valid PDB identifier.
[15:43:03]   ⚠️ 跳过坏域 6fzsB00: data/cath/S40/dompdb_pdb/6fzsB00.pdb is not a valid filename or a valid PDB identifier.
[15:43:03]   ⚠️ 跳过坏域 6g18I03: data/cath/S40/dompdb_pdb/6g18I03.pdb is not a valid filename or a valid PDB identifier.
[15:43:03]   ⚠️ 跳过坏域 6g4sE03: data/cath/S40/dompdb_pdb/6g4sE03.pdb is not a valid filename or a valid PDB identifier.
[15:43:03]   ⚠️ 跳过坏域 6gnfB02: data/cath/S40/dompdb_pdb/6gnfB02.pdb is not a valid filename or a valid PDB identifier.
[15:43:03]   ⚠️ 跳过坏域 6gvcR00: data/cath/S40/dompdb_pdb/6gvcR00.pdb is not a valid filename or a valid PDB identifier.
[15:43:03]   ⚠️ 跳过坏域 6h3rB00: data/cath/S40/dompdb_pdb/6h3rB00.pdb is not a valid filename or a valid PDB identifier.
[15:43:03]   ⚠️ 跳过坏域 6i3uA01: data/cath/S40/dompdb_pdb/6i3uA01.pdb is not a valid filename or a valid PDB identifier.
[15:43:03]   ⚠️ 跳过坏域 6j5bD00: data/cath/S40/dompdb_pdb/6j5bD00.pdb is not a valid filename or a valid PDB identifier.
[15:43:03]   ⚠️ 跳过坏域 6jo6D00: data/cath/S40/dompdb_pdb/6jo6D00.pdb is not a valid filename or a valid PDB identifier.
[15:43:03]   ⚠️ 跳过坏域 6juwG00: data/cath/S40/dompdb_pdb/6juwG00.pdb is not a valid filename or a valid PDB identifier.
[15:43:03]   ⚠️ 跳过坏域 6kksA01: data/cath/S40/dompdb_pdb/6kksA01.pdb is not a valid filename or a valid PDB identifier.
[15:43:03]   ⚠️ 跳过坏域 6kv1A01: data/cath/S40/dompdb_pdb/6kv1A01.pdb is not a valid filename or a valid PDB identifier.
[15:43:03]   ⚠️ 跳过坏域 6lasD00: data/cath/S40/dompdb_pdb/6lasD00.pdb is not a valid filename or a valid PDB identifier.
[15:43:03]   ⚠️ 跳过坏域 6lc1G00: data/cath/S40/dompdb_pdb/6lc1G00.pdb is not a valid filename or a valid PDB identifier.
[15:43:03]   ⚠️ 跳过坏域 6misA00: data/cath/S40/dompdb_pdb/6misA00.pdb is not a valid filename or a valid PDB identifier.
[15:43:03]   ⚠️ 跳过坏域 6mknN00: data/cath/S40/dompdb_pdb/6mknN00.pdb is not a valid filename or a valid PDB identifier.
[15:43:03]   ⚠️ 跳过坏域 6mpfI00: data/cath/S40/dompdb_pdb/6mpfI00.pdb is not a valid filename or a valid PDB identifier.
[15:43:03]   ⚠️ 跳过坏域 6mqdA00: data/cath/S40/dompdb_pdb/6mqdA00.pdb is not a valid filename or a valid PDB identifier.
[15:43:03]   ⚠️ 跳过坏域 6muwV00: data/cath/S40/dompdb_pdb/6muwV00.pdb is not a valid filename or a valid PDB identifier.
[15:43:03]   ⚠️ 跳过坏域 6mxdD00: data/cath/S40/dompdb_pdb/6mxdD00.pdb is not a valid filename or a valid PDB identifier.
[15:43:03]   ⚠️ 跳过坏域 6myvD01: data/cath/S40/dompdb_pdb/6myvD01.pdb is not a valid filename or a valid PDB identifier.
[15:43:03]   ⚠️ 跳过坏域 6n2lA00: data/cath/S40/dompdb_pdb/6n2lA00.pdb is not a valid filename or a valid PDB identifier.
[15:43:03]   预解析+encode 7206/7886（跳过 594）
[15:43:03]   ⚠️ 跳过坏域 6njyB01: data/cath/S40/dompdb_pdb/6njyB01.pdb is not a valid filename or a valid PDB identifier.
[15:43:03]   ⚠️ 跳过坏域 6okkP00: data/cath/S40/dompdb_pdb/6okkP00.pdb is not a valid filename or a valid PDB identifier.
[15:43:03]   ⚠️ 跳过坏域 6oonA03: data/cath/S40/dompdb_pdb/6oonA03.pdb is not a valid filename or a valid PDB identifier.
[15:43:03]   ⚠️ 跳过坏域 6p40B01: data/cath/S40/dompdb_pdb/6p40B01.pdb is not a valid filename or a valid PDB identifier.
[15:43:03]   ⚠️ 跳过坏域 6p4gV00: data/cath/S40/dompdb_pdb/6p4gV00.pdb is not a valid filename or a valid PDB identifier.
[15:43:03]   ⚠️ 跳过坏域 6p4hb00: data/cath/S40/dompdb_pdb/6p4hb00.pdb is not a valid filename or a valid PDB identifier.
[15:43:03]   ⚠️ 跳过坏域 6q70B02: data/cath/S40/dompdb_pdb/6q70B02.pdb is not a valid filename or a valid PDB identifier.
[15:43:03]   ⚠️ 跳过坏域 6qdwo00: data/cath/S40/dompdb_pdb/6qdwo00.pdb is not a valid filename or a valid PDB identifier.
[15:43:03]   ⚠️ 跳过坏域 6qecA00: data/cath/S40/dompdb_pdb/6qecA00.pdb is not a valid filename or a valid PDB identifier.
[15:43:03]   ⚠️ 跳过坏域 6ra4B00: data/cath/S40/dompdb_pdb/6ra4B00.pdb is not a valid filename or a valid PDB identifier.
[15:43:03]   ⚠️ 跳过坏域 6rbdD02: data/cath/S40/dompdb_pdb/6rbdD02.pdb is not a valid filename or a valid PDB identifier.
[15:43:03]   ⚠️ 跳过坏域 6rc7A00: data/cath/S40/dompdb_pdb/6rc7A00.pdb is not a valid filename or a valid PDB identifier.
[15:43:03]   ⚠️ 跳过坏域 6rd9U03: data/cath/S40/dompdb_pdb/6rd9U03.pdb is not a valid filename or a valid PDB identifier.
[15:43:03]   ⚠️ 跳过坏域 6sdgA02: data/cath/S40/dompdb_pdb/6sdgA02.pdb is not a valid filename or a valid PDB identifier.
[15:43:03]   ⚠️ 跳过坏域 6se6C00: data/cath/S40/dompdb_pdb/6se6C00.pdb is not a valid filename or a valid PDB identifier.
[15:43:03]   ⚠️ 跳过坏域 6sj6P01: data/cath/S40/dompdb_pdb/6sj6P01.pdb is not a valid filename or a valid PDB identifier.
[15:43:03]   ⚠️ 跳过坏域 6spbS00: data/cath/S40/dompdb_pdb/6spbS00.pdb is not a valid filename or a valid PDB identifier.
[15:43:03]   ⚠️ 跳过坏域 6spdT00: data/cath/S40/dompdb_pdb/6spdT00.pdb is not a valid filename or a valid PDB identifier.
[15:43:03]   ⚠️ 跳过坏域 6spel00: data/cath/S40/dompdb_pdb/6spel00.pdb is not a valid filename or a valid PDB identifier.
[15:43:03]   ⚠️ 跳过坏域 6swdQ02: data/cath/S40/dompdb_pdb/6swdQ02.pdb is not a valid filename or a valid PDB identifier.
[15:43:03]   ⚠️ 跳过坏域 6sweS00: data/cath/S40/dompdb_pdb/6sweS00.pdb is not a valid filename or a valid PDB identifier.
[15:43:03]   ⚠️ 跳过坏域 6t03B00: data/cath/S40/dompdb_pdb/6t03B00.pdb is not a valid filename or a valid PDB identifier.
[15:43:03]   ⚠️ 跳过坏域 6t78A00: data/cath/S40/dompdb_pdb/6t78A00.pdb is not a valid filename or a valid PDB identifier.
[15:43:03]   ⚠️ 跳过坏域 6tmfR02: data/cath/S40/dompdb_pdb/6tmfR02.pdb is not a valid filename or a valid PDB identifier.
[15:43:03]   ⚠️ 跳过坏域 6twuB04: data/cath/S40/dompdb_pdb/6twuB04.pdb is not a valid filename or a valid PDB identifier.
[15:43:03]   ⚠️ 跳过坏域 6vsoC00: data/cath/S40/dompdb_pdb/6vsoC00.pdb is not a valid filename or a valid PDB identifier.
[15:43:03]   ⚠️ 跳过坏域 6vy4C01: data/cath/S40/dompdb_pdb/6vy4C01.pdb is not a valid filename or a valid PDB identifier.
[15:43:03]   ⚠️ 跳过坏域 6w6cB01: data/cath/S40/dompdb_pdb/6w6cB01.pdb is not a valid filename or a valid PDB identifier.
[15:43:03]   ⚠️ 跳过坏域 6wmwM01: data/cath/S40/dompdb_pdb/6wmwM01.pdb is not a valid filename or a valid PDB identifier.
[15:43:03]   ⚠️ 跳过坏域 6wuwB05: data/cath/S40/dompdb_pdb/6wuwB05.pdb is not a valid filename or a valid PDB identifier.
[15:43:03]   ⚠️ 跳过坏域 6x9jA01: data/cath/S40/dompdb_pdb/6x9jA01.pdb is not a valid filename or a valid PDB identifier.
[15:43:03]   ⚠️ 跳过坏域 6xbyH01: data/cath/S40/dompdb_pdb/6xbyH01.pdb is not a valid filename or a valid PDB identifier.
[15:43:03]   ⚠️ 跳过坏域 6xvyC00: data/cath/S40/dompdb_pdb/6xvyC00.pdb is not a valid filename or a valid PDB identifier.
[15:43:03]   ⚠️ 跳过坏域 6yale00: data/cath/S40/dompdb_pdb/6yale00.pdb is not a valid filename or a valid PDB identifier.
[15:43:03]   ⚠️ 跳过坏域 6yana00: data/cath/S40/dompdb_pdb/6yana00.pdb is not a valid filename or a valid PDB identifier.
[15:43:03]   ⚠️ 跳过坏域 6zuuH01: data/cath/S40/dompdb_pdb/6zuuH01.pdb is not a valid filename or a valid PDB identifier.
[15:43:03]   ⚠️ 跳过坏域 7a0sE02: data/cath/S40/dompdb_pdb/7a0sE02.pdb is not a valid filename or a valid PDB identifier.
[15:43:03]   ⚠️ 跳过坏域 7afiD01: data/cath/S40/dompdb_pdb/7afiD01.pdb is not a valid filename or a valid PDB identifier.
[15:43:04]   ⚠️ 跳过坏域 7c7aG01: data/cath/S40/dompdb_pdb/7c7aG01.pdb is not a valid filename or a valid PDB identifier.
[15:43:04]   ⚠️ 跳过坏域 7dujD01: data/cath/S40/dompdb_pdb/7dujD01.pdb is not a valid filename or a valid PDB identifier.
[15:43:04]   ⚠️ 跳过坏域 7e6jA01: data/cath/S40/dompdb_pdb/7e6jA01.pdb is not a valid filename or a valid PDB identifier.
[15:43:04]   ⚠️ 跳过坏域 7ei1C02: data/cath/S40/dompdb_pdb/7ei1C02.pdb is not a valid filename or a valid PDB identifier.
[15:43:04]   ⚠️ 跳过坏域 7f0dS01: data/cath/S40/dompdb_pdb/7f0dS01.pdb is not a valid filename or a valid PDB identifier.
[15:43:04]   ⚠️ 跳过坏域 7f2jB01: data/cath/S40/dompdb_pdb/7f2jB01.pdb is not a valid filename or a valid PDB identifier.
[15:43:04]   ⚠️ 跳过坏域 7febH02: data/cath/S40/dompdb_pdb/7febH02.pdb is not a valid filename or a valid PDB identifier.
[15:43:04]   ⚠️ 跳过坏域 7kfuE02: data/cath/S40/dompdb_pdb/7kfuE02.pdb is not a valid filename or a valid PDB identifier.
[15:43:04]   ⚠️ 跳过坏域 7l77H01: data/cath/S40/dompdb_pdb/7l77H01.pdb is not a valid filename or a valid PDB identifier.
[15:43:04]   ⚠️ 跳过坏域 7m4ud01: data/cath/S40/dompdb_pdb/7m4ud01.pdb is not a valid filename or a valid PDB identifier.
[15:43:04]   ⚠️ 跳过坏域 7o49G01: data/cath/S40/dompdb_pdb/7o49G01.pdb is not a valid filename or a valid PDB identifier.
[15:43:04]   ⚠️ 跳过坏域 7odea01: data/cath/S40/dompdb_pdb/7odea01.pdb is not a valid filename or a valid PDB identifier.
[15:43:04]   ⚠️ 跳过坏域 7oodr01: data/cath/S40/dompdb_pdb/7oodr01.pdb is not a valid filename or a valid PDB identifier.
[15:43:04]   ⚠️ 跳过坏域 7qiyE01: data/cath/S40/dompdb_pdb/7qiyE01.pdb is not a valid filename or a valid PDB identifier.
[15:43:04]   ⚠️ 跳过坏域 7qoxB02: data/cath/S40/dompdb_pdb/7qoxB02.pdb is not a valid filename or a valid PDB identifier.
[15:43:04]   ⚠️ 跳过坏域 7r6qN01: data/cath/S40/dompdb_pdb/7r6qN01.pdb is not a valid filename or a valid PDB identifier.
[15:43:04]   ⚠️ 跳过坏域 7tj9A02: data/cath/S40/dompdb_pdb/7tj9A02.pdb is not a valid filename or a valid PDB identifier.
[15:43:04]   ⚠️ 跳过坏域 7tmqM01: data/cath/S40/dompdb_pdb/7tmqM01.pdb is not a valid filename or a valid PDB identifier.
[15:43:04]   ⚠️ 跳过坏域 7ttuE01: data/cath/S40/dompdb_pdb/7ttuE01.pdb is not a valid filename or a valid PDB identifier.
[15:43:04]   ⚠️ 跳过坏域 7ufgB01: data/cath/S40/dompdb_pdb/7ufgB01.pdb is not a valid filename or a valid PDB identifier.
[15:43:04]   ⚠️ 跳过坏域 7uo0A01: data/cath/S40/dompdb_pdb/7uo0A01.pdb is not a valid filename or a valid PDB identifier.
[15:43:04]   ⚠️ 跳过坏域 7ut1G01: data/cath/S40/dompdb_pdb/7ut1G01.pdb is not a valid filename or a valid PDB identifier.
[15:43:04]   ⚠️ 跳过坏域 7v2lD02: data/cath/S40/dompdb_pdb/7v2lD02.pdb is not a valid filename or a valid PDB identifier.
[15:43:04]   ⚠️ 跳过坏域 7v2pE01: data/cath/S40/dompdb_pdb/7v2pE01.pdb is not a valid filename or a valid PDB identifier.
[15:43:04]   ⚠️ 跳过坏域 7vpxO01: data/cath/S40/dompdb_pdb/7vpxO01.pdb is not a valid filename or a valid PDB identifier.
[15:43:04]   ⚠️ 跳过坏域 7w0hC01: data/cath/S40/dompdb_pdb/7w0hC01.pdb is not a valid filename or a valid PDB identifier.
[15:43:04]   ⚠️ 跳过坏域 7w6sF03: data/cath/S40/dompdb_pdb/7w6sF03.pdb is not a valid filename or a valid PDB identifier.
[15:43:04]   ⚠️ 跳过坏域 7wlrG01: data/cath/S40/dompdb_pdb/7wlrG01.pdb is not a valid filename or a valid PDB identifier.
[15:43:04]   ⚠️ 跳过坏域 7y6eC01: data/cath/S40/dompdb_pdb/7y6eC01.pdb is not a valid filename or a valid PDB identifier.
[15:43:04]   ⚠️ 跳过坏域 7yqkH01: data/cath/S40/dompdb_pdb/7yqkH01.pdb is not a valid filename or a valid PDB identifier.
[15:43:04]   ⚠️ 跳过坏域 7zahH01: data/cath/S40/dompdb_pdb/7zahH01.pdb is not a valid filename or a valid PDB identifier.
[15:43:04]   ⚠️ 跳过坏域 7zmrB01: data/cath/S40/dompdb_pdb/7zmrB01.pdb is not a valid filename or a valid PDB identifier.
[15:43:04]   ⚠️ 跳过坏域 8a57V01: data/cath/S40/dompdb_pdb/8a57V01.pdb is not a valid filename or a valid PDB identifier.
[15:43:04]   ⚠️ 跳过坏域 8appB01: data/cath/S40/dompdb_pdb/8appB01.pdb is not a valid filename or a valid PDB identifier.
[15:43:04]   ⚠️ 跳过坏域 8cswX01: data/cath/S40/dompdb_pdb/8cswX01.pdb is not a valid filename or a valid PDB identifier.
[15:43:04]   ⚠️ 跳过坏域 8cx2F01: data/cath/S40/dompdb_pdb/8cx2F01.pdb is not a valid filename or a valid PDB identifier.
[15:43:04]   ⚠️ 跳过坏域 8dmhJ01: data/cath/S40/dompdb_pdb/8dmhJ01.pdb is not a valid filename or a valid PDB identifier.
[15:43:04]   ⚠️ 跳过坏域 8dr0E01: data/cath/S40/dompdb_pdb/8dr0E01.pdb is not a valid filename or a valid PDB identifier.
[15:43:04]   ⚠️ 跳过坏域 8e89A02: data/cath/S40/dompdb_pdb/8e89A02.pdb is not a valid filename or a valid PDB identifier.
[15:43:04]   ⚠️ 跳过坏域 8ea4I01: data/cath/S40/dompdb_pdb/8ea4I01.pdb is not a valid filename or a valid PDB identifier.
[15:43:04]   ⚠️ 跳过坏域 8eup301: data/cath/S40/dompdb_pdb/8eup301.pdb is not a valid filename or a valid PDB identifier.
[15:43:04]   ⚠️ 跳过坏域 8fyaC02: data/cath/S40/dompdb_pdb/8fyaC02.pdb is not a valid filename or a valid PDB identifier.
[15:43:04]   ⚠️ 跳过坏域 8gzqA01: data/cath/S40/dompdb_pdb/8gzqA01.pdb is not a valid filename or a valid PDB identifier.
[15:43:04]   ⚠️ 跳过坏域 8i17A01: data/cath/S40/dompdb_pdb/8i17A01.pdb is not a valid filename or a valid PDB identifier.
[15:43:04]   ⚠️ 跳过坏域 8iegE01: data/cath/S40/dompdb_pdb/8iegE01.pdb is not a valid filename or a valid PDB identifier.
[15:43:04]   ⚠️ 跳过坏域 8ooyA03: data/cath/S40/dompdb_pdb/8ooyA03.pdb is not a valid filename or a valid PDB identifier.
[15:43:04]   ⚠️ 跳过坏域 8ow4B01: data/cath/S40/dompdb_pdb/8ow4B01.pdb is not a valid filename or a valid PDB identifier.
[15:43:04]   ⚠️ 跳过坏域 9antA00: data/cath/S40/dompdb_pdb/9antA00.pdb is not a valid filename or a valid PDB identifier.
[15:43:04] ⚠️ 共跳过 680 个坏域（prody 无法解析），实际训练 7206 域
[15:43:04] 预解析完成，缓存 encode 特征 ~28.22GB
[15:43:04] 开始训练：30 epochs × 7206 域/epoch = 216180 steps
[15:43:04] 课程学习开：perturb_scale 2.0 → 8.0（共 30 epochs）
[15:49:29] epoch 1/30  total=4.0457  ce=1.8858  charge=3.4818  kl=0.1235  keep=0.8256  [cd self=3.278  mild=3.463  extreme=4.306]  elapsed=6.4min
[15:55:38] epoch 2/30  total=3.8032  ce=1.9043  charge=2.9184  kl=0.1469  keep=0.8647  [cd self=2.725  mild=2.967  extreme=3.658]  elapsed=12.6min
[16:01:54] epoch 3/30  total=3.7357  ce=1.9121  charge=2.7525  kl=0.1563  keep=0.8790  [cd self=2.579  mild=2.816  extreme=3.389]  elapsed=18.8min
[16:08:09] epoch 4/30  total=3.7066  ce=1.9140  charge=2.6830  kl=0.1590  keep=0.8862  [cd self=2.523  mild=2.731  extreme=3.290]  elapsed=25.1min
[16:14:29] epoch 5/30  total=3.6746  ce=1.9223  charge=2.5890  kl=0.1678  keep=0.8989  [cd self=2.419  mild=2.626  extreme=3.235]  elapsed=31.4min
[16:20:30] epoch 6/30  total=3.6734  ce=1.9216  charge=2.5833  kl=0.1684  keep=0.9035  [cd self=2.422  mild=2.651  extreme=3.171]  elapsed=37.4min
[16:25:19] epoch 7/30  total=3.6397  ce=1.9236  charge=2.5089  kl=0.1704  keep=0.9064  [cd self=2.342  mild=2.550  extreme=3.137]  elapsed=42.3min
[16:31:29] epoch 8/30  total=3.6335  ce=1.9238  charge=2.4939  kl=0.1711  keep=0.9085  [cd self=2.336  mild=2.566  extreme=3.074]  elapsed=48.4min
[16:37:52] epoch 9/30  total=3.6208  ce=1.9252  charge=2.4643  kl=0.1728  keep=0.9098  [cd self=2.300  mild=2.497  extreme=3.094]  elapsed=54.8min
[16:44:15] epoch 10/30  total=3.6241  ce=1.9288  charge=2.4515  kl=0.1770  keep=0.9214  [cd self=2.289  mild=2.483  extreme=3.087]  elapsed=61.2min
[16:50:33] epoch 11/30  total=3.6024  ce=1.9334  charge=2.3949  kl=0.1815  keep=0.9250  [cd self=2.247  mild=2.424  extreme=2.975]  elapsed=67.5min
[16:56:55] epoch 12/30  total=3.6099  ce=1.9325  charge=2.4107  kl=0.1803  keep=0.9261  [cd self=2.255  mild=2.457  extreme=3.012]  elapsed=73.8min
[17:03:16] epoch 13/30  total=3.6117  ce=1.9335  charge=2.4112  kl=0.1817  keep=0.9271  [cd self=2.259  mild=2.490  extreme=2.971]  elapsed=80.2min
[17:09:33] epoch 14/30  total=3.5980  ce=1.9372  charge=2.3700  kl=0.1863  keep=0.9328  [cd self=2.223  mild=2.483  extreme=2.880]  elapsed=86.5min
[17:15:50] epoch 15/30  total=3.5809  ce=1.9343  charge=2.3564  kl=0.1832  keep=0.9184  [cd self=2.205  mild=2.395  extreme=2.910]  elapsed=92.8min
[17:22:11] epoch 16/30  total=3.5761  ce=1.9357  charge=2.3344  kl=0.1851  keep=0.9280  [cd self=2.185  mild=2.351  extreme=2.912]  elapsed=99.1min
[17:28:32] epoch 17/30  total=3.5739  ce=1.9382  charge=2.3201  kl=0.1875  keep=0.9326  [cd self=2.168  mild=2.391  extreme=2.873]  elapsed=105.5min
[17:34:49] epoch 18/30  total=3.5710  ce=1.9402  charge=2.3091  kl=0.1893  keep=0.9337  [cd self=2.159  mild=2.342  extreme=2.871]  elapsed=111.7min
[17:41:10] epoch 19/30  total=3.5635  ce=1.9407  charge=2.2886  kl=0.1903  keep=0.9381  [cd self=2.137  mild=2.323  extreme=2.871]  elapsed=118.1min
[17:47:32] epoch 20/30  total=3.5644  ce=1.9416  charge=2.2918  kl=0.1910  keep=0.9347  [cd self=2.145  mild=2.337  extreme=2.834]  elapsed=124.5min
[17:53:52] epoch 21/30  total=3.5481  ce=1.9438  charge=2.2470  kl=0.1932  keep=0.9421  [cd self=2.091  mild=2.293  extreme=2.845]  elapsed=130.8min
[18:00:09] epoch 22/30  total=3.5448  ce=1.9446  charge=2.2433  kl=0.1943  keep=0.9378  [cd self=2.112  mild=2.215  extreme=2.778]  elapsed=137.1min
[18:06:27] epoch 23/30  total=3.5399  ce=1.9437  charge=2.2304  kl=0.1933  keep=0.9426  [cd self=2.093  mild=2.255  extreme=2.766]  elapsed=143.4min
[18:12:49] epoch 24/30  total=3.5402  ce=1.9453  charge=2.2278  kl=0.1940  keep=0.9425  [cd self=2.089  mild=2.274  extreme=2.752]  elapsed=149.8min
[18:18:58] epoch 25/30  total=3.5241  ce=1.9463  charge=2.1892  kl=0.1957  keep=0.9468  [cd self=2.056  mild=2.227  extreme=2.702]  elapsed=155.9min
[18:22:22] epoch 26/30  total=3.5181  ce=1.9466  charge=2.1798  kl=0.1961  keep=0.9435  [cd self=2.047  mild=2.201  extreme=2.690]  elapsed=159.3min
[18:28:43] epoch 27/30  total=3.5192  ce=1.9503  charge=2.1689  kl=0.1999  keep=0.9490  [cd self=2.036  mild=2.222  extreme=2.662]  elapsed=165.6min
[18:35:03] epoch 28/30  total=3.4999  ce=1.9509  charge=2.1263  kl=0.2000  keep=0.9517  [cd self=1.989  mild=2.141  extreme=2.671]  elapsed=172.0min
[18:41:21] epoch 29/30  total=3.4967  ce=1.9501  charge=2.1218  kl=0.1995  keep=0.9514  [cd self=1.996  mild=2.166  extreme=2.601]  elapsed=178.3min
[18:47:41] epoch 30/30  total=3.4923  ce=1.9521  charge=2.1156  kl=0.2010  keep=0.9445  [cd self=1.984  mild=2.107  extreme=2.641]  elapsed=184.6min
[18:47:41] 训练完成。总耗时 184.6min。checkpoint 在 output/finetune_v11a_boff/
