target 网格: [-34.0, -30.0, -25.0, -20.0, -15.0, -10.0, -5.0, 0.0, 5.0, 10.0, 18.0]  n=20  pH=7.4  backbone=auto
    条件编码器已加载: finetune_epoch030.pt  (epoch=30, n_tokens=4, token_dim=128)
backbone 实际类型: protein_mpnn

name        L nativeQ  slope    int    r2 group    |  target→均值 示例
7pujA01   283   -12.0   1.29   -6.7  0.99 trainish | -34→-50.7 ... -12→-19.7
1d5yB03   168   -11.2   1.64   -6.4  0.99 trainish | -34→-57.9 ... -11→-25.1
6jixA02   270   -10.6   1.04   -3.1  0.99 trainish | -34→-38.4 ... -11→-12.6
1l3eB00   101     8.3   1.81   -3.2  1.00 trainish | -34→-62.4 ... +8→+10.8
2d3yA00   219     8.8   0.93    0.0  1.00 trainish | -34→-30.9 ... +9→+8.2
8etcb01   146    14.1   1.35   -7.8  0.96 trainish | -34→-44.2 ... +14→+10.8
2uv8A05   617   -16.0   2.00  -12.8  0.98 trainish | -34→-85.5 ... -16→-42.1
1C6O      177   -14.3   1.16   -0.2  0.99 valid    | -34→-40.1 ... -14→-16.1
1AZM      258    -1.7   1.12   -2.5  0.98 valid    | -34→-44.5 ... -2→-1.9
1AS2      312    -2.7   1.82   -6.3  0.99 valid    | -34→-71.2 ... -3→-9.9
1AXW      528   -18.3   1.64   -6.5  0.99 valid    | -34→-66.6 ... -18→-33.5
2FEO      221    -6.9   1.25   -4.4  0.96 valid    | -34→-53.1 ... -7→-9.8
5CQH      183    -5.5   1.10   -5.3  0.99 valid    | -34→-43.9 ... -6→-10.8
1CGE      162   -11.7   1.00   -3.1  0.99 valid    | -34→-38.5 ... -12→-13.6
1AG0      256    -8.2   2.06   -8.3  0.97 valid    | -34→-88.1 ... -8→-19.4
1A65      504   -26.8   1.37   -5.4  0.97 valid    | -34→-57.5 ... -27→-44.2
1BJ4      470     0.4   2.47   -3.5  0.99 valid    | -34→-90.2 ... +0→-0.8

=== 斜率汇总（按 group）===
  trainish: n= 7  slope 均值=1.43 ± 0.37   ← 若训练域≈1 而验证域≈2，外推假说坐实
  valid   : n=10  slope 均值=1.50 ± 0.46   ← 若训练域≈1 而验证域≈2，外推假说坐实

结果已写: output/v11a_diag_response.json
