target 网格: [-34.0, -30.0, -25.0, -20.0, -15.0, -10.0, -5.0, 0.0, 5.0, 10.0, 18.0]  n=20  pH=7.4  backbone=auto
    条件编码器已加载: finetune_epoch030.pt  (epoch=30, n_tokens=4, token_dim=128)
backbone 实际类型: protein_mpnn

name        L nativeQ  slope    int    r2 group    |  target→均值 示例
7pujA01   283   -12.0   0.93   -0.3  0.97 trainish | -34→-35.8 ... -12→-9.6
1d5yB03   168   -11.2   1.08    1.6  0.99 trainish | -34→-36.6 ... -11→-8.8
6jixA02   270   -10.6   0.98   -0.3  0.98 trainish | -34→-35.8 ... -11→-7.8
1l3eB00   101     8.3   0.99    0.9  0.99 trainish | -34→-35.7 ... +8→+8.1
2d3yA00   219     8.8   0.99   -0.1  1.00 trainish | -34→-32.5 ... +9→+9.4
8etcb01   146    14.1   1.16    0.3  0.97 trainish | -34→-42.9 ... +14→+14.3
2uv8A05   617   -16.0   0.81   -0.1  0.98 trainish | -34→-30.9 ... -16→-11.5
1C6O      177   -14.3   0.98   -0.1  0.98 valid    | -34→-33.7 ... -14→-14.8
1AZM      258    -1.7   0.94   -0.1  0.98 valid    | -34→-35.4 ... -2→+0.9
1AS2      312    -2.7   0.86    0.4  1.00 valid    | -34→-30.6 ... -3→-1.7
1AXW      528   -18.3   0.92    0.1  0.98 valid    | -34→-33.2 ... -18→-15.6
2FEO      221    -6.9   0.86   -0.5  0.97 valid    | -34→-34.5 ... -7→-7.4
5CQH      183    -5.5   0.99    0.1  0.99 valid    | -34→-36.0 ... -6→-3.5
1CGE      162   -11.7   0.97   -0.2  1.00 valid    | -34→-35.1 ... -12→-10.6
1AG0      256    -8.2   0.73   -1.0  1.00 valid    | -34→-26.9 ... -8→-5.9
1A65      504   -26.8   0.82   -0.2  0.97 valid    | -34→-32.0 ... -27→-23.0
1BJ4      470     0.4   0.93    2.0  1.00 valid    | -34→-29.5 ... +0→+2.0

=== 斜率汇总（按 group）===
  trainish: n= 7  slope 均值=0.99 ± 0.10   ← 若训练域≈1 而验证域≈2，外推假说坐实
  valid   : n=10  slope 均值=0.90 ± 0.08   ← 若训练域≈1 而验证域≈2，外推假说坐实

结果已写: output/v11a_calib_diag.json
