target 网格: [-34.0, -30.0, -25.0, -20.0, -15.0, -10.0, -5.0, 0.0, 5.0, 10.0, 18.0]  n=20  pH=7.4  backbone=auto
    条件编码器已加载: finetune_epoch030.pt  (epoch=30, n_tokens=4, token_dim=128)
backbone 实际类型: protein_mpnn

name        L nativeQ  slope    int    r2 group    |  target→均值 示例
7pujA01   283   -12.0   1.29   -4.5  0.98 trainish | -34→-50.1 ... -12→-16.4
1d5yB03   168   -11.2   1.31   -2.7  0.99 trainish | -34→-42.6 ... -11→-20.1
6jixA02   270   -10.6   1.07   -2.2  0.99 trainish | -34→-40.8 ... -11→-13.1
1l3eB00   101     8.3   1.42    1.1  0.99 trainish | -34→-43.8 ... +8→+13.2
2d3yA00   219     8.8   1.12   -0.2  0.99 trainish | -34→-38.8 ... +9→+10.2
8etcb01   146    14.1   1.67   -8.6  0.99 trainish | -34→-62.6 ... +14→+13.5
2uv8A05   617   -16.0   1.65   -5.5  0.98 trainish | -34→-67.1 ... -16→-25.8
1C6O      177   -14.3   1.48   -1.5  1.00 valid    | -34→-53.7 ... -14→-20.8
1AZM      258    -1.7   1.17   -2.2  0.99 valid    | -34→-42.5 ... -2→-1.5
1AS2      312    -2.7   1.66   -3.8  1.00 valid    | -34→-60.7 ... -3→-7.6
1AXW      528   -18.3   1.79   -3.8  0.99 valid    | -34→-68.7 ... -18→-34.4
2FEO      221    -6.9   1.08   -1.9  0.99 valid    | -34→-41.6 ... -7→-9.0
5CQH      183    -5.5   1.11   -3.8  0.99 valid    | -34→-42.1 ... -6→-9.5
1CGE      162   -11.7   0.97   -2.0  1.00 valid    | -34→-34.8 ... -12→-14.4
1AG0      256    -8.2   1.90   -6.8  1.00 valid    | -34→-72.2 ... -8→-19.7
1A65      504   -26.8   1.50   -4.2  0.99 valid    | -34→-57.9 ... -27→-45.2
1BJ4      470     0.4   1.94    1.5  1.00 valid    | -34→-64.8 ... +0→+1.9

=== 斜率汇总（按 group）===
  trainish: n= 7  slope 均值=1.36 ± 0.22   ← 若训练域≈1 而验证域≈2，外推假说坐实
  valid   : n=10  slope 均值=1.46 ± 0.34   ← 若训练域≈1 而验证域≈2，外推假说坐实

结果已写: output/v11b_diag_response.json
