target 网格: [-34.0, -30.0, -25.0, -20.0, -15.0, -10.0, -5.0, 0.0, 5.0, 10.0, 18.0]  n=20  pH=7.4  backbone=auto
    条件编码器已加载: finetune_epoch030.pt  (epoch=30, n_tokens=4, token_dim=128)
backbone 实际类型: protein_mpnn

name        L nativeQ  slope    int    r2 group    |  target→均值 示例
7pujA01   283   -12.0   1.36   -5.9  0.98 trainish | -34→-53.8 ... -12→-19.1
1d5yB03   168   -11.2   1.29   -4.4  0.98 trainish | -34→-45.1 ... -11→-19.4
6jixA02   270   -10.6   1.18   -3.5  0.98 trainish | -34→-44.9 ... -11→-14.3
1l3eB00   101     8.3   1.43   -2.0  0.99 trainish | -34→-51.2 ... +8→+10.4
2d3yA00   219     8.8   1.11   -1.4  0.98 trainish | -34→-40.2 ... +9→+8.8
8etcb01   146    14.1   1.68  -10.5  0.98 trainish | -34→-62.8 ... +14→+11.1
2uv8A05   617   -16.0   1.69   -6.4  0.98 trainish | -34→-67.8 ... -16→-29.6
1C6O      177   -14.3   1.55   -2.6  1.00 valid    | -34→-55.8 ... -14→-23.6
1AZM      258    -1.7   1.22   -3.6  0.98 valid    | -34→-46.0 ... -2→-2.2
1AS2      312    -2.7   1.64   -6.5  0.99 valid    | -34→-63.0 ... -3→-9.6
1AXW      528   -18.3   1.85   -7.4  0.98 valid    | -34→-71.4 ... -18→-41.7
2FEO      221    -6.9   1.28   -3.0  0.99 valid    | -34→-47.1 ... -7→-11.3
5CQH      183    -5.5   1.21   -4.5  0.98 valid    | -34→-45.3 ... -6→-8.7
1CGE      162   -11.7   0.96   -3.9  0.99 valid    | -34→-37.3 ... -12→-15.6
1AG0      256    -8.2   1.88   -7.2  1.00 valid    | -34→-70.8 ... -8→-20.4
1A65      504   -26.8   1.46   -4.5  0.98 valid    | -34→-55.4 ... -27→-46.1
1BJ4      470     0.4   1.87   -0.5  0.99 valid    | -34→-65.3 ... +0→+1.6

=== 斜率汇总（按 group）===
  trainish: n= 7  slope 均值=1.39 ± 0.21   ← 若训练域≈1 而验证域≈2，外推假说坐实
  valid   : n=10  slope 均值=1.49 ± 0.31   ← 若训练域≈1 而验证域≈2，外推假说坐实

结果已写: output/v11c_diag_response.json
