v12.2 训练域 6580 个，分层抽样 100
抽样 100 域（charge@7.4 范围 [-22.9,18.1]）
    条件编码器已加载: finetune_epoch040.pt  (epoch=40, n_tokens=4, token_dim=128)
1gsaA01 (L=128, native -8): -8→-25.2 -4→-18.6 +0→-11.3 +4→-7.8 +8→-2.6
2l32A00 (L=66, native -9): -8→-30.1 -4→-20.8 +0→-13.8 +4→-6.7 +8→-1.5
1aroP03 (L=150, native -9): -8→-32.1 -4→-24.6 +0→-16.4 +4→-11.4 +8→-6.5
4qd4A00 (L=357, native +10): -8→+4.9 -4→+9.2 +0→+7.7 +4→+10.3 +8→+18.1
3ianA00 (L=309, native -9): -8→-27.9 -4→-20.6 +0→-15.2 +4→-8.5 +8→-7.5
5nslA01 (L=425, native -19): -8→-54.1 -4→-47.6 +0→-40.6 +4→-32.1 +8→-22.4
6u5vB07 (L=129, native -4): -8→-18.1 -4→-12.5 +0→-6.2 +4→-1.2 +8→+2.2
7oc3A01 (L=92, native +0): -8→-11.7 -4→-5.6 +0→+0.7 +4→+2.9 +8→+7.5
1fkaG00 (L=128, native +11): -8→+1.4 -4→+8.2 +0→+13.3 +4→+14.0 +8→+21.8
3lp5A00 (L=250, native +7): -8→-3.1 -4→-1.7 +0→+2.9 +4→+3.9 +8→+8.5
1xriA00 (L=151, native +6): -8→-3.9 -4→-0.8 +0→+4.2 +4→+9.3 +8→+15.8
5d84A01 (L=173, native -8): -8→-27.0 -4→-20.1 +0→-11.8 +4→-5.8 +8→-0.9
3hrnA00 (L=58, native -1): -8→-8.1 -4→-1.3 +0→+0.8 +4→+2.6 +8→+4.9
3knwB00 (L=177, native +4): -8→-6.8 -4→-2.5 +0→+2.0 +4→+5.1 +8→+12.3
3cqnB00 (L=159, native -5): -8→-25.6 -4→-18.6 +0→-12.5 +4→-5.6 +8→-1.9
4hkuB00 (L=173, native -4): -8→-23.3 -4→-15.9 +0→-9.6 +4→-4.0 +8→+4.8
3kopA00 (L=152, native -3): -8→-11.1 -4→-8.5 +0→-4.0 +4→-0.7 +8→+4.3
1jmuB03 (L=157, native -5): -8→-20.6 -4→-14.3 +0→-9.1 +4→-3.2 +8→+0.7
1sjqA00 (L=88, native +1): -8→-10.1 -4→-4.2 +0→-0.6 +4→+5.0 +8→+8.6
3mkqA03 (L=212, native -14): -8→-60.2 -4→-54.9 +0→-46.0 +4→-34.5 +8→-25.8
4mzyA02 (L=165, native -4): -8→-20.7 -4→-15.9 +0→-8.8 +4→-3.0 +8→+4.2
1b8aA02 (L=333, native -18): -8→-48.0 -4→-43.2 +0→-38.0 +4→-30.4 +8→-23.2
4h2wC00 (L=78, native -6): -8→-19.2 -4→-13.6 +0→-7.9 +4→-3.5 +8→-1.7
3eu8A00 (L=422, native -12): -8→-18.4 -4→-13.9 +0→-10.0 +4→-6.1 +8→-5.5
4edpA02 (L=142, native -5): -8→-20.8 -4→-13.4 +0→-6.5 +4→-1.5 +8→+2.4
1hbgA00 (L=147, native +6): -8→-1.6 -4→+0.7 +0→+3.8 +4→+7.3 +8→+11.8
1yx7A00 (L=83, native +1): -8→-9.2 -4→-5.3 +0→+1.9 +4→+6.5 +8→+10.2
7u32F02 (L=51, native +5): -8→-3.7 -4→+1.2 +0→+7.0 +4→+11.2 +8→+13.5
1ghpA00 (L=251, native +14): -8→+6.6 -4→+11.4 +0→+15.5 +4→+20.0 +8→+22.5
1sazA02 (L=197, native +9): -8→-5.1 -4→+0.7 +0→+9.8 +4→+13.7 +8→+21.8
3gt5A00 (L=388, native -17): -8→-34.2 -4→-28.9 +0→-23.1 +4→-18.6 +8→-16.1
1jqxA01 (L=267, native -7): -8→-29.6 -4→-20.6 +0→-10.1 +4→-5.9 +8→-3.4
4rudA00 (L=58, native -2): -8→-11.3 -4→-7.5 +0→-3.7 +4→+0.5 +8→+4.7
3kxaA01 (L=47, native +7): -8→-1.1 -4→+2.0 +0→+5.3 +4→+7.9 +8→+14.9
1qzpA00 (L=68, native +5): -8→-5.4 -4→-1.2 +0→+2.3 +4→+6.5 +8→+10.3
1fnnA02 (L=174, native +6): -8→-4.8 -4→+2.5 +0→+6.2 +4→+7.4 +8→+10.3
