v12.2 训练域 6710 个，分层抽样 100
抽样 100 域（charge@7.4 范围 [-20.6,15.1]）
    条件编码器已加载: finetune_epoch030.pt  (epoch=30, n_tokens=4, token_dim=128)
1rv9A00 (L=242, native -6): -8→-16.4 -4→-11.7 +0→-6.8 +4→-0.8 +8→+3.9
4r2bA01 (L=197, native -11): -8→-22.0 -4→-16.8 +0→-13.3 +4→-5.8 +8→+0.8
3efoB04 (L=245, native -9): -8→-26.0 -4→-18.2 +0→-10.2 +4→-4.3 +8→-2.2
3we0A03 (L=137, native -9): -8→-33.3 -4→-25.5 +0→-15.4 +4→-8.6 +8→-3.8
3aa0B01 (L=84, native -8): -8→-27.4 -4→-21.6 +0→-17.7 +4→-10.1 +8→-1.9
1woqA01 (L=112, native -1): -8→-8.3 -4→-4.9 +0→-2.9 +4→+0.7 +8→+3.5
4r2qA00 (L=87, native +12): -8→+5.0 -4→+13.1 +0→+21.5 +4→+31.6 +8→+35.5
2qenA03 (L=70, native +3): -8→-6.1 -4→-0.1 +0→+4.5 +4→+11.4 +8→+16.6
1r9fA01 (L=109, native +3): -8→-8.7 -4→-4.3 +0→+1.2 +4→+5.5 +8→+14.1
6pz0A01 (L=160, native +8): -8→-1.6 -4→+5.3 +0→+13.9 +4→+22.5 +8→+29.6
6ei1A01 (L=253, native +10): -8→+2.5 -4→+8.7 +0→+13.5 +4→+24.5 +8→+31.4
7nazA01 (L=274, native -16): -8→-53.1 -4→-46.3 +0→-42.2 +4→-29.9 +8→-21.4
6ue9L02 (L=122, native +0): -8→-15.3 -4→-8.9 +0→-4.2 +4→+4.2 +8→+10.8
5d84A01 (L=173, native -8): -8→-24.3 -4→-19.2 +0→-12.0 +4→-5.7 +8→-0.3
3c9fA01 (L=312, native -5): -8→-24.5 -4→-19.4 +0→-14.2 +4→-8.0 +8→-3.8
1nkgA01 (L=251, native -12): -8→-26.6 -4→-21.6 +0→-15.3 +4→-9.2 +8→-1.9
1ca1A02 (L=120, native -1): -8→-13.0 -4→-8.3 +0→-2.6 +4→+2.5 +8→+6.9
3b0xA03 (L=104, native +4): -8→-4.5 -4→+0.5 +0→+3.9 +4→+8.9 +8→+15.3
5cr9A01 (L=119, native -11): -8→-24.0 -4→-19.1 +0→-14.7 +4→-10.9 +8→-4.3
2mh3A00 (L=70, native +11): -8→+2.5 -4→+9.9 +0→+18.2 +4→+24.0 +8→+31.3
4g59B00 (L=163, native -4): -8→-20.1 -4→-14.2 +0→-6.8 +4→+0.7 +8→+5.3
3pieC05 (L=167, native +5): -8→-9.2 -4→+1.0 +0→+9.0 +4→+21.3 +8→+30.5
2qkpD00 (L=132, native -2): -8→-20.1 -4→-13.3 +0→-6.0 +4→+0.9 +8→+6.2
1uswA00 (L=260, native -21): -8→-30.4 -4→-26.4 +0→-25.0 +4→-20.9 +8→-16.4
2g3aA01 (L=31, native -3): -8→-9.6 -4→-6.4 +0→-2.4 +4→-0.7 +8→+3.0
3zeuB01 (L=171, native -5): -8→-16.9 -4→-10.3 +0→-6.7 +4→-1.8 +8→+0.1
3bb7A02 (L=108, native -5): -8→-20.9 -4→-16.3 +0→-10.0 +4→-2.7 +8→+3.9
1gq8A00 (L=314, native +5): -8→-6.0 -4→-1.4 +0→+2.1 +4→+3.5 +8→+11.4
3cdjA02 (L=21, native +2): -8→-2.9 -4→-0.8 +0→+1.6 +4→+4.5 +8→+7.3
4cgrB00 (L=191, native +6): -8→-2.8 -4→+1.6 +0→+8.7 +4→+12.6 +8→+18.6
3htaC00 (L=189, native -6): -8→-25.5 -4→-18.2 +0→-10.3 +4→-3.1 +8→+1.0
2i6xA01 (L=130, native -8): -8→-20.7 -4→-14.4 +0→-12.3 +4→-6.2 +8→-1.4
1yf2A02 (L=107, native +8): -8→-1.0 -4→+3.0 +0→+5.2 +4→+13.8 +8→+19.3
1gd9A02 (L=223, native -10): -8→-23.5 -4→-16.8 +0→-14.4 +4→-7.0 +8→-3.0
3rq4A02 (L=133, native -3): -8→-14.5 -4→-9.8 +0→-5.4 +4→-0.5 +8→+5.9
2wvxA02 (L=163, native -8): -8→-21.3 -4→-13.9 +0→-8.0 +4→-4.2 +8→-1.7
1zrxA00 (L=42, native +6): -8→-2.1 -4→+1.0 +0→+3.1 +4→+6.0 +8→+7.4
1howA02 (L=255, native -15): -8→-28.0 -4→-21.6 +0→-18.5 +4→-14.4 +8→-10.2
2xppA00 (L=137, native +5): -8→-4.6 -4→+1.0 +0→+7.5 +4→+12.5 +8→+22.7
2imzA00 (L=142, native -1): -8→-13.7 -4→-9.8 +0→-4.5 +4→+2.4 +8→+6.4
2awnC01 (L=208, native +5): -8→-7.7 -4→-3.2 +0→+2.0 +4→+7.0 +8→+13.7
1h8lA01 (L=301, native -13): -8→-22.3 -4→-16.7 +0→-12.2 +4→-12.0 +8→-9.3
4rhiA00 (L=316, native -5): -8→-17.7 -4→-10.3 +0→-5.0 +4→+2.1 +8→+5.8
2nvmA00 (L=101, native -4): -8→-15.0 -4→-10.7 +0→-5.1 +4→+0.2 +8→+5.6
3hdcA01 (L=128, native +8): -8→-0.5 -4→+2.9 +0→+7.0 +4→+11.4 +8→+15.7
2hz7A04 (L=91, native +0): -8→-9.4 -4→-4.1 +0→-0.3 +4→+4.5 +8→+9.9
2yrrA01 (L=111, native +6): -8→-0.7 -4→+5.3 +0→+10.6 +4→+16.5 +8→+21.3
7zh0A01 (L=400, native +9): -8→+4.3 -4→+6.9 +0→+14.3 +4→+13.8 +8→+13.2
2mahA00 (L=128, native +3): -8→-9.5 -4→-3.9 +0→+1.6 +4→+6.7 +8→+11.6
1qunI01 (L=104, native +4): -8→-7.5 -4→+1.3 +0→+6.2 +4→+12.9 +8→+21.4
2fqxA02 (L=182, native -5): -8→-13.0 -4→-9.5 +0→-5.4 +4→-1.6 +8→+0.3
1tkjA00 (L=277, native -5): -8→-14.7 -4→-13.3 +0→-8.9 +4→-6.7 +8→-2.2
1rhfA02 (L=85, native +0): -8→-10.2 -4→-6.0 +0→-2.1 +4→+2.1 +8→+6.8
2cw7A02 (L=146, native +8): -8→-0.3 -4→+5.2 +0→+10.1 +4→+20.0 +8→+30.2
1xneA00 (L=113, native +10): -8→+0.1 -4→+4.2 +0→+12.8 +4→+20.4 +8→+24.3
2kvtA00 (L=71, native -2): -8→-14.7 -4→-9.9 +0→-2.4 +4→+2.8 +8→+8.3
1cxzB00 (L=86, native +1): -8→-11.3 -4→-6.8 +0→-0.8 +4→+2.2 +8→+6.0
5oesA04 (L=124, native -4): -8→-21.9 -4→-14.7 +0→-7.6 +4→-3.5 +8→+1.3
6gedA01 (L=282, native +10): -8→+0.9 -4→+6.8 +0→+11.6 +4→+19.3 +8→+26.2
4hl6A02 (L=92, native +0): -8→-6.2 -4→-3.6 +0→+0.3 +4→+3.9 +8→+10.7
2ia2A01 (L=68, native +4): -8→-7.2 -4→-2.5 +0→+4.0 +4→+8.1 +8→+13.9
1qr0A02 (L=103, native -4): -8→-23.7 -4→-15.8 +0→-8.4 +4→-1.9 +8→+5.5
2kcoA01 (L=76, native +6): -8→-3.7 -4→+1.8 +0→+6.4 +4→+10.4 +8→+16.2
4y5tB00 (L=285, native -6): -8→-24.0 -4→-18.1 +0→-12.7 +4→-5.3 +8→-0.9
2iusD01 (L=98, native +5): -8→-3.4 -4→+0.2 +0→+4.8 +4→+10.7 +8→+16.8
1jj2A03 (L=78, native +15): -8→+9.6 -4→+18.2 +0→+27.3 +4→+37.1 +8→+41.1
6k8nA01 (L=158, native +7): -8→-4.4 -4→+2.6 +0→+8.1 +4→+16.0 +8→+24.0
7zd5C01 (L=317, native +9): -8→+3.0 -4→+13.2 +0→+18.0 +4→+27.5 +8→+34.1
2wdqA03 (L=117, native -6): -8→-28.8 -4→-21.5 +0→-11.1 +4→-1.5 +8→+4.3
3o6qA02 (L=114, native -8): -8→-26.8 -4→-22.1 +0→-16.9 +4→-9.6 +8→-2.7
3dg6A01 (L=114, native -2): -8→-16.1 -4→-8.9 +0→-3.7 +4→+0.3 +8→+5.9
2ze0A03 (L=79, native +5): -8→-5.5 -4→-0.5 +0→+3.3 +4→+7.5 +8→+13.5
6ldiF01 (L=96, native +9): -8→-0.5 -4→+5.6 +0→+11.9 +4→+15.4 +8→+20.8
1vjxA00 (L=148, native -11): -8→-23.7 -4→-19.0 +0→-14.0 +4→-8.0 +8→-2.9
2kaeA00 (L=56, native +11): -8→+1.4 -4→+8.6 +0→+14.8 +4→+18.0 +8→+26.8
1vx7M00 (L=132, native +9): -8→+1.9 -4→+6.7 +0→+15.5 +4→+21.0 +8→+25.5
4lflB00 (L=172, native -11): -8→-31.4 -4→-26.1 +0→-22.4 +4→-16.0 +8→-8.7
4kb2A01 (L=109, native -6): -8→-41.0 -4→-27.7 +0→-15.9 +4→-5.8 +8→+0.6
2nujA01 (L=143, native -3): -8→-17.8 -4→-12.4 +0→-4.7 +4→+0.1 +8→+5.0
2qs9A00 (L=192, native -6): -8→-14.5 -4→-9.1 +0→-2.5 +4→+0.1 +8→+3.2
7b7pA01 (L=263, native +0): -8→-13.1 -4→-9.7 +0→-4.1 +4→+0.4 +8→+5.7
4hn9A03 (L=100, native -5): -8→-14.8 -4→-10.6 +0→-5.9 +4→-1.4 +8→+2.9
4gwmA02 (L=164, native -7): -8→-20.0 -4→-13.1 +0→-9.6 +4→-5.5 +8→-2.7
1sr9B03 (L=46, native +0): -8→-10.0 -4→-5.8 +0→-2.8 +4→+1.6 +8→+6.9
4pmxA00 (L=306, native -8): -8→-20.7 -4→-17.1 +0→-12.8 +4→-8.7 +8→-1.8
1ej8A00 (L=140, native -1): -8→-16.1 -4→-7.8 +0→-4.0 +4→+2.1 +8→+8.9
5azsC01 (L=358, native +1): -8→-11.5 -4→-4.8 +0→+3.5 +4→+9.0 +8→+17.8
1t6cA01 (L=125, native +3): -8→-14.4 -4→-3.7 +0→+2.4 +4→+13.2 +8→+24.5
2hjsA02 (L=174, native -8): -8→-26.6 -4→-21.9 +0→-13.9 +4→-7.7 +8→-1.0
8axiA01 (L=359, native +8): -8→+0.4 -4→+6.2 +0→+13.5 +4→+20.6 +8→+31.2
3b9wA00 (L=358, native -5): -8→-18.5 -4→-9.5 +0→-6.1 +4→-2.8 +8→+2.4
1id3G00 (L=108, native +10): -8→+1.3 -4→+9.2 +0→+21.2 +4→+32.1 +8→+41.2
  !! 2n18C00 parse 失败跳过: /data/nfs/IC/baokun_yu/ConfuMPNN/data/cath/S40/dompdb_pdb/2n18C00.pdb is not a valid filename or a valid PDB identifier.
  !! 3d5sD00 parse 失败跳过: /data/nfs/IC/baokun_yu/ConfuMPNN/data/cath/S40/dompdb_pdb/3d5sD00.pdb is not a valid filename or a valid PDB identifier.
  !! 3hiwB01 parse 失败跳过: /data/nfs/IC/baokun_yu/ConfuMPNN/data/cath/S40/dompdb_pdb/3hiwB01.pdb is not a valid filename or a valid PDB identifier.
  !! 4uo2A01 parse 失败跳过: /data/nfs/IC/baokun_yu/ConfuMPNN/data/cath/S40/dompdb_pdb/4uo2A01.pdb is not a valid filename or a valid PDB identifier.
  !! 4w28P00 parse 失败跳过: /data/nfs/IC/baokun_yu/ConfuMPNN/data/cath/S40/dompdb_pdb/4w28P00.pdb is not a valid filename or a valid PDB identifier.
  !! 5dwfB00 parse 失败跳过: /data/nfs/IC/baokun_yu/ConfuMPNN/data/cath/S40/dompdb_pdb/5dwfB00.pdb is not a valid filename or a valid PDB identifier.
  !! 6i3uA01 parse 失败跳过: /data/nfs/IC/baokun_yu/ConfuMPNN/data/cath/S40/dompdb_pdb/6i3uA01.pdb is not a valid filename or a valid PDB identifier.
  !! 7o49G01 parse 失败跳过: /data/nfs/IC/baokun_yu/ConfuMPNN/data/cath/S40/dompdb_pdb/7o49G01.pdb is not a valid filename or a valid PDB identifier.

已写 /data/nfs/IC/baokun_yu/ConfuMPNN/output/charge_calibration_v12_2_big.json: global slope=1.459 intercept=-0.752 n_point=460（92 域）
