    条件编码器已加载: finetune_epoch030.pt  (epoch=30, n_tokens=4, token_dim=128)
处理 4 个蛋白（0-4），臂 ligand=['native', 'n2', 'p2', 'n8', 'p8'] protein=['native', 'n2', 'p2', 'n8', 'p8']，n=30，pH=7.4

=== 1A65 cat=long L=504 native=QIVNSVDTMTLTNANVSPDGFTRAG... charge@7.4=-26.85 口袋残基=49
  [protein/native] target= -27 mean=-30.51 dev=3.51 rec=0.472 pkt=nan gravy=0.091
  [protein/n2] target= -29 mean=-32.91 dev=3.91 rec=0.468 pkt=nan gravy=0.073
  [protein/p2] target= -25 mean=-28.75 dev=3.75 rec=0.475 pkt=nan gravy=0.108
  [protein/n8] target= -35 mean=-37.91 dev=2.91 rec=0.457 pkt=nan gravy=0.030
  [protein/p8] target= -19 mean=-23.07 dev=4.07 rec=0.484 pkt=nan gravy=0.159
  已写 1A65 结果

=== 1BJ4 cat=long L=470 native=DADLWSSHDKMLAQPLKDSDVEVYN... charge@7.4=+0.42 口袋残基=29
  [protein/native] target=   0 mean= -1.83 dev=1.83 rec=0.407 pkt=nan gravy=0.420
  [protein/n2] target=  -2 mean= -3.73 dev=1.73 rec=0.406 pkt=nan gravy=0.412
  [protein/p2] target=   2 mean= +0.35 dev=1.65 rec=0.407 pkt=nan gravy=0.427
  [protein/n8] target=  -8 mean= -9.81 dev=1.81 rec=0.406 pkt=nan gravy=0.397
  [protein/p8] target=   8 mean= +6.60 dev=1.40 rec=0.406 pkt=nan gravy=0.415
  已写 1BJ4 结果

=== 13BB cat=small_mol L=552 native=SAPANTSEQLVNALADEGVEYVFGI... charge@7.4=-12.80 口袋残基=55
  [protein/native] target= -13 mean=-10.01 dev=2.99 rec=0.443 pkt=nan gravy=0.620
  [protein/n2] target= -15 mean=-12.38 dev=2.62 rec=0.442 pkt=nan gravy=0.595
  [protein/p2] target= -11 mean= -8.33 dev=2.67 rec=0.443 pkt=nan gravy=0.639
  [protein/n8] target= -21 mean=-17.80 dev=3.20 rec=0.438 pkt=nan gravy=0.522
  [protein/p8] target=  -5 mean= -1.67 dev=3.33 rec=0.444 pkt=nan gravy=0.684
  已写 13BB 结果

=== 1CDG cat=small_mol L=686 native=APDTSVSNKQNFSTDVIYQIFTDRF... charge@7.4=-8.94 口袋残基=73
  [protein/native] target=  -9 mean= -9.32 dev=0.32 rec=0.482 pkt=nan gravy=0.374
  [protein/n2] target= -11 mean=-10.72 dev=0.28 rec=0.479 pkt=nan gravy=0.385
  [protein/p2] target=  -7 mean= -7.43 dev=0.43 rec=0.484 pkt=nan gravy=0.368
  [protein/n8] target= -17 mean=-16.94 dev=0.06 rec=0.473 pkt=nan gravy=0.382
  [protein/p8] target=  -1 mean= -2.42 dev=1.42 rec=0.487 pkt=nan gravy=0.338
  已写 1CDG 结果

=== 全部完成 ===
