蛋白     类            L 模式     臂       目标     均值   dev  达标    rec   pkt  gravy   TM中位 TM≥0.7 TM<0.5   RMSD  pLDDT
1A65   long       504 proteinnative -27 -31.25  4.25   ✗  0.47  None  0.083   None   None   None   None   None
1A65   long       504 proteinn2     -29 -33.64  4.64   ✗ 0.467  None  0.069   None   None   None   None   None
1A65   long       504 proteinp2     -25 -29.25  4.25   ✗ 0.473  None  0.097   None   None   None   None   None
1A65   long       504 proteinn8     -35 -38.44  3.44   ✗ 0.456  None  0.027   None   None   None   None   None
1A65   long       504 proteinp8     -19 -24.03  5.03   ✗ 0.482  None   0.15   None   None   None   None   None
1AG0   metal      256 proteinnative  -8  -7.93  0.07   ✓ 0.462  None  0.016   None   None   None   None   None
1AG0   metal      256 proteinn2     -10   -9.9   0.1   ✓ 0.458  None  0.004   None   None   None   None   None
1AG0   metal      256 proteinp2      -6  -5.98  0.02   ✓ 0.468  None -0.027   None   None   None   None   None
1AG0   metal      256 proteinn8     -16 -17.39  1.39   ✓ 0.428  None  0.003   None   None   None   None   None
1AG0   metal      256 proteinp8       0  -1.33  1.33   ✓ 0.473  None -0.141   None   None   None   None   None
1AS2   rna        312 proteinnative  -3  -1.83  1.17   ✓ 0.346  None  0.171   None   None   None   None   None
1AS2   rna        312 proteinn2      -5  -4.23  0.77   ✓ 0.344  None   0.18   None   None   None   None   None
1AS2   rna        312 proteinp2      -1  -0.19  0.81   ✓ 0.342  None  0.171   None   None   None   None   None
1AS2   rna        312 proteinn8     -11 -10.91  0.09   ✓ 0.342  None  0.168   None   None   None   None   None
1AS2   rna        312 proteinp8       5   5.02  0.02   ✓ 0.339  None  0.125   None   None   None   None   None
1AXW   rna        528 proteinnative -18 -23.92  5.92   ✗ 0.402  None  0.454   None   None   None   None   None
1AXW   rna        528 proteinn2     -20  -24.6   4.6   ✗ 0.402  None  0.416   None   None   None   None   None
1AXW   rna        528 proteinp2     -16 -20.89  4.89   ✗ 0.403  None  0.483   None   None   None   None   None
1AXW   rna        528 proteinn8     -26 -30.56  4.56   ✗ 0.403  None  0.309   None   None   None   None   None
1AXW   rna        528 proteinp8     -10 -12.75  2.75   ✗ 0.407  None  0.561   None   None   None   None   None
1AZM   small_mol  258 proteinnative  -2  -0.72  1.28   ✓ 0.451  None  -0.04   None   None   None   None   None
1AZM   small_mol  258 proteinn2      -4  -2.55  1.45   ✓ 0.453  None -0.064   None   None   None   None   None
1AZM   small_mol  258 proteinp2       0   1.22  1.22   ✓ 0.448  None -0.048   None   None   None   None   None
1AZM   small_mol  258 proteinn8     -10 -11.03  1.03   ✓ 0.442  None -0.098   None   None   None   None   None
1AZM   small_mol  258 proteinp8       6   6.63  0.63   ✓ 0.429  None -0.123   None   None   None   None   None
1BJ4   long       470 proteinnative   0   -2.3   2.3   ✗ 0.407  None  0.416   None   None   None   None   None
1BJ4   long       470 proteinn2      -2  -4.41  2.41   ✗ 0.406  None  0.409   None   None   None   None   None
1BJ4   long       470 proteinp2       2   0.15  1.85   ✓ 0.407  None  0.423   None   None   None   None   None
1BJ4   long       470 proteinn8      -8 -10.27  2.27   ✗ 0.405  None  0.395   None   None   None   None   None
1BJ4   long       470 proteinp8       8   6.97  1.03   ✓ 0.407  None  0.412   None   None   None   None   None
1C6O   small_mol  177 proteinnative -14 -14.21  0.21   ✓ 0.423  None  0.001   None   None   None   None   None
1C6O   small_mol  177 proteinn2     -16 -16.85  0.85   ✓ 0.418  None -0.087   None   None   None   None   None
1C6O   small_mol  177 proteinp2     -12 -11.28  0.72   ✓ 0.424  None  0.106   None   None   None   None   None
1C6O   small_mol  177 proteinn8     -22 -24.43  2.43   ✗ 0.402  None -0.327   None   None   None   None   None
1C6O   small_mol  177 proteinp8      -6  -5.32  0.68   ✓ 0.425  None  0.268   None   None   None   None   None
1CGE   metal      162 proteinnative -12 -13.18  1.18   ✓ 0.456  None -0.141   None   None   None   None   None
1CGE   metal      162 proteinn2     -14 -14.37  0.37   ✓ 0.451  None -0.192   None   None   None   None   None
1CGE   metal      162 proteinp2     -10 -11.64  1.64   ✓ 0.459  None -0.106   None   None   None   None   None
1CGE   metal      162 proteinn8     -20 -20.98  0.98   ✓ 0.451  None  -0.38   None   None   None   None   None
1CGE   metal      162 proteinp8      -4  -5.96  1.96   ✓ 0.477  None -0.078   None   None   None   None   None
2FEO   dna        221 proteinnative  -7   -4.6   2.4   ✗ 0.325  None  0.258   None   None   None   None   None
2FEO   dna        221 proteinn2      -9  -7.51  1.49   ✓ 0.327  None  0.255   None   None   None   None   None
2FEO   dna        221 proteinp2      -5  -3.42  1.58   ✓ 0.328  None  0.271   None   None   None   None   None
2FEO   dna        221 proteinn8     -15 -14.55  0.45   ✓ 0.331  None  0.204   None   None   None   None   None
2FEO   dna        221 proteinp8       1   1.08  0.08   ✓ 0.329  None  0.219   None   None   None   None   None
5CQH   dna        183 proteinnative  -6  -5.19  0.81   ✓  0.37  None  0.081   None   None   None   None   None
5CQH   dna        183 proteinn2      -8  -7.79  0.21   ✓ 0.368  None  0.055   None   None   None   None   None
5CQH   dna        183 proteinp2      -4  -3.32  0.68   ✓ 0.369  None   0.09   None   None   None   None   None
5CQH   dna        183 proteinn8     -14 -14.04  0.04   ✓ 0.369  None -0.069   None   None   None   None   None
5CQH   dna        183 proteinp8       2   2.23  0.23   ✓ 0.376  None   0.04   None   None   None   None   None

=== 配体消融对比（ligand vs protein，H2 dev / H1 TM）===

H2 电荷达标: 35/50 = 0.7
H1 TM≥0.70: 0/0 = None

已写 output/generalization_v12_2_calib_small_n20_stats.json
