target 网格: [-34.0, -30.0, -25.0, -20.0, -15.0, -10.0, -5.0, 0.0, 5.0, 10.0, 18.0]  n=20  pH=7.4  backbone=auto
    条件编码器已加载: finetune_epoch030.pt  (epoch=30, n_tokens=4, token_dim=128)
backbone 实际类型: protein_mpnn

name        L nativeQ  slope    int    r2 group    |  target→均值 示例
7pujA01   283   -12.0   0.97    0.0  1.00 trainish | -34→-34.1 ... -12→-9.9
1d5yB03   168   -11.2   1.15    1.5  1.00 trainish | -34→-37.9 ... -11→-10.3
6jixA02   270   -10.6   1.05    1.1  0.99 trainish | -34→-36.0 ... -11→-8.3
1l3eB00   101     8.3   1.21    0.6  0.99 trainish | -34→-39.4 ... +8→+11.6
2d3yA00   219     8.8   1.04    0.3  0.99 trainish | -34→-34.2 ... +9→+10.2
8etcb01   146    14.1   1.23    1.2  0.96 trainish | -34→-45.6 ... +14→+13.9
2uv8A05   617   -16.0   1.07    2.4  0.99 trainish | -34→-35.2 ... -16→-14.6
1C6O      177   -14.3   0.99   -0.5  0.98 valid    | -34→-32.7 ... -14→-16.0
1AZM      258    -1.7   0.97    0.5  1.00 valid    | -34→-32.4 ... -2→-0.5
1AS2      312    -2.7   1.14    2.0  0.99 valid    | -34→-39.3 ... -3→+0.8
1AXW      528   -18.3   0.97    0.8  0.99 valid    | -34→-33.8 ... -18→-16.3
2FEO      221    -6.9   0.99    0.2  0.99 valid    | -34→-34.7 ... -7→-5.7
5CQH      183    -5.5   1.10    0.3  1.00 valid    | -34→-36.1 ... -6→-5.8
1CGE      162   -11.7   1.01   -0.1  1.00 valid    | -34→-33.8 ... -12→-11.9
1AG0      256    -8.2   1.03   -0.1  0.99 valid    | -34→-32.7 ... -8→-8.1
1A65      504   -26.8   0.92    1.0  0.98 valid    | -34→-32.4 ... -27→-25.1
1BJ4      470     0.4   1.24    0.8  1.00 valid    | -34→-39.6 ... +0→+1.4

=== 斜率汇总（按 group）===
  trainish: n= 7  slope 均值=1.10 ± 0.09   ← 若训练域≈1 而验证域≈2，外推假说坐实
  valid   : n=10  slope 均值=1.04 ± 0.09   ← 若训练域≈1 而验证域≈2，外推假说坐实

结果已写: output/v12_1_diag_calibrated.json
