v12.2 训练域 6580 个，分层抽样 100
抽样 100 域（charge@7.4 范围 [-22.9,18.1]）
    条件编码器已加载: finetune_epoch040.pt  (epoch=40, n_tokens=4, token_dim=128)
1gsaA01 (L=128, native -8): -8→-25.2 -4→-18.6 +0→-11.3 +4→-7.8 +8→-2.6
2l32A00 (L=66, native -9): -8→-30.1 -4→-20.8 +0→-13.8 +4→-6.7 +8→-1.5
1aroP03 (L=150, native -9): -8→-32.1 -4→-24.6 +0→-16.4 +4→-11.4 +8→-6.5
4qd4A00 (L=357, native +10): -8→+4.9 -4→+9.2 +0→+7.7 +4→+10.3 +8→+18.1
3ianA00 (L=309, native -9): -8→-27.9 -4→-20.6 +0→-15.2 +4→-8.5 +8→-7.5
5nslA01 (L=425, native -19): -8→-54.1 -4→-47.6 +0→-40.6 +4→-32.1 +8→-22.4
6u5vB07 (L=129, native -4): -8→-18.1 -4→-12.5 +0→-6.2 +4→-1.2 +8→+2.2
7oc3A01 (L=92, native +0): -8→-11.7 -4→-5.6 +0→+0.7 +4→+2.9 +8→+7.5
1fkaG00 (L=128, native +11): -8→+1.4 -4→+8.2 +0→+13.3 +4→+14.0 +8→+21.8
3lp5A00 (L=250, native +7): -8→-3.1 -4→-1.7 +0→+2.9 +4→+3.9 +8→+8.5
1xriA00 (L=151, native +6): -8→-3.9 -4→-0.8 +0→+4.2 +4→+9.3 +8→+15.8
5d84A01 (L=173, native -8): -8→-27.0 -4→-20.1 +0→-11.8 +4→-5.8 +8→-0.9
3hrnA00 (L=58, native -1): -8→-8.1 -4→-1.3 +0→+0.8 +4→+2.6 +8→+4.9
3knwB00 (L=177, native +4): -8→-6.8 -4→-2.5 +0→+2.0 +4→+5.1 +8→+12.3
3cqnB00 (L=159, native -5): -8→-25.6 -4→-18.6 +0→-12.5 +4→-5.6 +8→-1.9
4hkuB00 (L=173, native -4): -8→-23.3 -4→-15.9 +0→-9.6 +4→-4.0 +8→+4.8
3kopA00 (L=152, native -3): -8→-11.1 -4→-8.5 +0→-4.0 +4→-0.7 +8→+4.3
1jmuB03 (L=157, native -5): -8→-20.6 -4→-14.3 +0→-9.1 +4→-3.2 +8→+0.7
1sjqA00 (L=88, native +1): -8→-10.1 -4→-4.2 +0→-0.6 +4→+5.0 +8→+8.6
3mkqA03 (L=212, native -14): -8→-60.2 -4→-54.9 +0→-46.0 +4→-34.5 +8→-25.8
4mzyA02 (L=165, native -4): -8→-20.7 -4→-15.9 +0→-8.8 +4→-3.0 +8→+4.2
1b8aA02 (L=333, native -18): -8→-48.0 -4→-43.2 +0→-38.0 +4→-30.4 +8→-23.2
4h2wC00 (L=78, native -6): -8→-19.2 -4→-13.6 +0→-7.9 +4→-3.5 +8→-1.7
3eu8A00 (L=422, native -12): -8→-18.4 -4→-13.9 +0→-10.0 +4→-6.1 +8→-5.5
4edpA02 (L=142, native -5): -8→-20.8 -4→-13.4 +0→-6.5 +4→-1.5 +8→+2.4
1hbgA00 (L=147, native +6): -8→-1.6 -4→+0.7 +0→+3.8 +4→+7.3 +8→+11.8
1yx7A00 (L=83, native +1): -8→-9.2 -4→-5.3 +0→+1.9 +4→+6.5 +8→+10.2
7u32F02 (L=51, native +5): -8→-3.7 -4→+1.2 +0→+7.0 +4→+11.2 +8→+13.5
1ghpA00 (L=251, native +14): -8→+6.6 -4→+11.4 +0→+15.5 +4→+20.0 +8→+22.5
1sazA02 (L=197, native +9): -8→-5.1 -4→+0.7 +0→+9.8 +4→+13.7 +8→+21.8
3gt5A00 (L=388, native -17): -8→-34.2 -4→-28.9 +0→-23.1 +4→-18.6 +8→-16.1
1jqxA01 (L=267, native -7): -8→-29.6 -4→-20.6 +0→-10.1 +4→-5.9 +8→-3.4
4rudA00 (L=58, native -2): -8→-11.3 -4→-7.5 +0→-3.7 +4→+0.5 +8→+4.7
3kxaA01 (L=47, native +7): -8→-1.1 -4→+2.0 +0→+5.3 +4→+7.9 +8→+14.9
1qzpA00 (L=68, native +5): -8→-5.4 -4→-1.2 +0→+2.3 +4→+6.5 +8→+10.3
1fnnA02 (L=174, native +6): -8→-4.8 -4→+2.5 +0→+6.2 +4→+7.4 +8→+10.3
1c0gA03 (L=92, native -5): -8→-19.7 -4→-14.5 +0→-9.3 +4→-4.3 +8→-0.1
3ghaA00 (L=175, native -12): -8→-35.5 -4→-30.1 +0→-21.5 +4→-14.6 +8→-9.0
1z5hA01 (L=170, native -6): -8→-21.7 -4→-12.7 +0→-5.5 +4→-3.0 +8→+2.2
1df0A02 (L=92, native +0): -8→-10.8 -4→-4.1 +0→-0.8 +4→+4.3 +8→+8.6
1s1eA00 (L=181, native -10): -8→-34.3 -4→-26.6 +0→-21.7 +4→-15.9 +8→-11.3
4uuwA03 (L=147, native +3): -8→-4.2 -4→-0.2 +0→+5.0 +4→+10.2 +8→+14.6
2kdoA02 (L=73, native +6): -8→-2.7 -4→-0.1 +0→+4.5 +4→+7.8 +8→+12.7
3p26A03 (L=110, native +9): -8→-0.6 -4→+5.9 +0→+12.5 +4→+19.5 +8→+25.3
2js7A01 (L=136, native +6): -8→-2.9 -4→-0.2 +0→+4.4 +4→+8.1 +8→+12.5
4dvqL00 (L=454, native +5): -8→-4.7 -4→-1.2 +0→+4.1 +4→+4.5 +8→+5.1
1mn3A00 (L=54, native -4): -8→-22.4 -4→-12.6 +0→-5.8 +4→+0.6 +8→+5.7
1jwjA01 (L=169, native -3): -8→-20.6 -4→-12.5 +0→-5.1 +4→+0.8 +8→+3.6
3ceuA00 (L=197, native -8): -8→-29.5 -4→-23.1 +0→-16.8 +4→-11.8 +8→-5.3
1cg5B00 (L=141, native +3): -8→-7.4 -4→-4.3 +0→-1.2 +4→+2.9 +8→+4.9
1vwxO02 (L=54, native +10): -8→+0.5 -4→+6.4 +0→+12.4 +4→+18.1 +8→+22.1
4i6mC00 (L=68, native +14): -8→+2.0 -4→+8.1 +0→+12.5 +4→+15.1 +8→+22.9
2la7A01 (L=128, native +1): -8→-8.4 -4→-4.9 +0→-0.1 +4→+3.5 +8→+8.2
4g79A00 (L=124, native -1): -8→-17.5 -4→-11.9 +0→-5.1 +4→-0.5 +8→+7.8
1i60A00 (L=276, native -20): -8→-45.7 -4→-39.9 +0→-34.4 +4→-27.5 +8→-18.9
1vw3D00 (L=239, native +7): -8→-3.9 -4→+3.6 +0→+13.9 +4→+21.6 +8→+29.1
3ni2A01 (L=429, native -15): -8→-44.9 -4→-38.6 +0→-32.7 +4→-26.5 +8→-19.5
7lmaF01 (L=87, native -4): -8→-21.6 -4→-17.1 +0→-7.6 +4→-1.7 +8→+4.6
1cunA01 (L=102, native -6): -8→-23.4 -4→-17.6 +0→-7.4 +4→-2.0 +8→+0.6
1zcjA02 (L=184, native +6): -8→-5.5 -4→-1.6 +0→+4.9 +4→+10.1 +8→+13.0
3io5A00 (L=271, native +6): -8→-4.3 -4→+2.1 +0→+7.2 +4→+13.6 +8→+16.5
2cphA01 (L=79, native +7): -8→-1.4 -4→+3.0 +0→+7.9 +4→+14.6 +8→+17.3
2b8tA01 (L=139, native -2): -8→-17.3 -4→-13.4 +0→-6.3 +4→-1.3 +8→+4.7
3caoA00 (L=102, native -14): -8→-32.1 -4→-28.0 +0→-22.5 +4→-18.0 +8→-11.3
6kwzA00 (L=97, native -3): -8→-13.7 -4→-9.3 +0→-4.4 +4→-0.6 +8→+3.6
1b0uA00 (L=258, native +2): -8→-9.9 -4→-5.2 +0→-0.6 +4→+7.3 +8→+11.9
2cdqA02 (L=97, native -3): -8→-16.8 -4→-10.6 +0→-6.3 +4→-0.7 +8→+4.1
2jaxA02 (L=136, native -6): -8→-17.9 -4→-10.8 +0→-6.9 +4→-2.2 +8→+2.8
4qmfD02 (L=92, native +9): -8→-1.0 -4→+2.8 +0→+9.5 +4→+13.0 +8→+18.5
4ohfA01 (L=198, native +2): -8→-6.6 -4→-2.5 +0→+0.9 +4→+4.2 +8→+5.3
3vtiA01 (L=96, native -4): -8→-14.3 -4→-8.3 +0→-5.2 +4→-0.2 +8→+3.7
3buuB00 (L=190, native -3): -8→-19.0 -4→-11.6 +0→-6.6 +4→-1.5 +8→+2.5
3of5B00 (L=191, native -7): -8→-27.4 -4→-17.9 +0→-9.5 +4→-5.3 +8→-0.3
2e0iA02 (L=98, native +7): -8→-1.1 -4→+4.5 +0→+11.1 +4→+19.0 +8→+22.7
5iceA02 (L=245, native -10): -8→-31.2 -4→-24.9 +0→-17.1 +4→-9.8 +8→-3.6
1y3tA01 (L=160, native -7): -8→-20.0 -4→-14.8 +0→-10.5 +4→-6.8 +8→-2.1
1hymA00 (L=44, native +2): -8→-7.0 -4→-2.2 +0→+0.8 +4→+5.8 +8→+9.5
6wqbA02 (L=139, native -2): -8→-12.9 -4→-7.7 +0→-3.4 +4→+0.1 +8→+4.7
1aroP02 (L=47, native +9): -8→+1.1 -4→+7.0 +0→+13.5 +4→+17.8 +8→+20.1
1q16C01 (L=214, native +5): -8→-1.2 -4→+2.0 +0→+5.5 +4→+8.1 +8→+9.7
3lltA01 (L=92, native +7): -8→-2.2 -4→+4.2 +0→+11.9 +4→+15.0 +8→+19.9
1vhoA01 (L=241, native -9): -8→-27.6 -4→-18.3 +0→-11.4 +4→-9.2 +8→-5.7
3njtA01 (L=304, native +18): -8→+2.7 -4→+3.9 +0→+13.0 +4→+22.3 +8→+23.4
6secA03 (L=283, native -6): -8→-25.1 -4→-19.2 +0→-10.9 +4→-4.1 +8→-1.3
2xa5A00 (L=277, native -5): -8→-18.0 -4→-14.4 +0→-7.8 +4→-4.2 +8→+3.1
2r0cA01 (L=255, native +0): -8→-10.4 -4→-4.7 +0→+0.8 +4→+5.9 +8→+12.3
4iofB01 (L=169, native -7): -8→-22.8 -4→-17.0 +0→-10.7 +4→-5.6 +8→-1.1
2xriA01 (L=205, native -1): -8→-13.6 -4→-8.5 +0→-7.2 +4→-2.4 +8→+1.9
1sxjE01 (L=156, native +6): -8→-7.2 -4→-1.6 +0→+3.1 +4→+8.4 +8→+14.6
1tolA01 (L=82, native -6): -8→-16.0 -4→-11.1 +0→-6.1 +4→-2.3 +8→+0.7
1h0hA03 (L=268, native +7): -8→-2.1 -4→+6.6 +0→+9.3 +4→+13.3 +8→+19.4
4f4cA01 (L=718, native +5): -8→-12.2 -4→-3.0 +0→+3.2 +4→+4.8 +8→+6.7
3cslA02 (L=625, native -3): -8→-23.5 -4→-15.7 +0→-10.6 +4→-2.6 +8→+2.6
3tw6B03 (L=524, native -11): -8→-34.1 -4→-22.7 +0→-15.7 +4→-7.7 +8→-5.5
4mt4A00 (L=472, native -10): -8→-66.8 -4→-50.1 +0→-33.7 +4→-22.2 +8→-11.3
3amlA01 (L=437, native -23): -8→-56.8 -4→-50.8 +0→-47.6 +4→-38.5 +8→-28.1
4bwrA00 (L=467, native -1): -8→-31.0 -4→-20.6 +0→-11.9 +4→+1.7 +8→+15.8
3bzmA00 (L=426, native +0): -8→-19.7 -4→-11.5 +0→-5.0 +4→-0.8 +8→+7.9
4uhiA01 (L=428, native +2): -8→-8.1 -4→-5.5 +0→+0.3 +4→-0.6 +8→+2.4
