target 网格: [-34.0, -30.0, -25.0, -20.0, -15.0, -10.0, -5.0, 0.0, 5.0, 10.0, 18.0]  n=20  pH=7.4  backbone=auto
    条件编码器已加载: finetune_epoch030.pt  (epoch=30, n_tokens=4, token_dim=128)
backbone 实际类型: protein_mpnn

name        L nativeQ  slope    int    r2 group    |  target→均值 示例
7pujA01   283   -12.0   1.53   -8.9  1.00 trainish | -34→-62.4 ... -12→-27.4
1d5yB03   168   -11.2   1.74   -7.0  0.99 trainish | -34→-60.5 ... -11→-30.3
6jixA02   270   -10.6   1.53   -5.3  0.99 trainish | -34→-56.0 ... -11→-21.8
1l3eB00   101     8.3   1.95   -4.0  0.98 trainish | -34→-63.1 ... +8→+14.5
2d3yA00   219     8.8   1.26   -2.2  0.99 trainish | -34→-43.7 ... +9→+10.3
8etcb01   146    14.1   1.88  -11.8  0.97 trainish | -34→-66.5 ... +14→+14.9
2uv8A05   617   -16.0   2.72  -10.4  1.00 trainish | -34→-104.6 ... -16→-53.7
1C6O      177   -14.3   1.22   -1.1  0.99 valid    | -34→-42.5 ... -14→-18.8
1AZM      258    -1.7   1.39   -3.2  0.99 valid    | -34→-54.0 ... -2→-5.2
1AS2      312    -2.7   2.14   -5.4  0.99 valid    | -34→-75.6 ... -3→-9.8
1AXW      528   -18.3   1.98  -14.1  1.00 valid    | -34→-82.2 ... -18→-50.3
2FEO      221    -6.9   1.40   -7.3  1.00 valid    | -34→-54.0 ... -7→-16.9
5CQH      183    -5.5   1.43   -6.6  0.99 valid    | -34→-52.6 ... -6→-15.9
1CGE      162   -11.7   1.13   -4.1  1.00 valid    | -34→-41.6 ... -12→-18.3
1AG0      256    -8.2   1.71   -8.1  0.99 valid    | -34→-67.4 ... -8→-24.8
1A65      504   -26.8   1.74   -7.5  0.99 valid    | -34→-70.0 ... -27→-55.2
1BJ4      470     0.4   2.89   -1.9  0.99 valid    | -34→-95.7 ... +0→-0.2

=== 斜率汇总（按 group）===
  trainish: n= 7  slope 均值=1.80 ± 0.43   ← 若训练域≈1 而验证域≈2，外推假说坐实
  valid   : n=10  slope 均值=1.70 ± 0.50   ← 若训练域≈1 而验证域≈2，外推假说坐实

结果已写: output/v12_1_diag_response.json
