target 网格: [-34.0, -30.0, -25.0, -20.0, -15.0, -10.0, -5.0, 0.0, 5.0, 10.0, 18.0]  n=20  pH=7.4  backbone=auto
    条件编码器已加载: finetune_epoch030.pt  (epoch=30, n_tokens=4, token_dim=128)
backbone 实际类型: protein_mpnn

name        L nativeQ  slope    int    r2 group    |  target→均值 示例
7pujA01   283   -12.0   1.62  -10.8  1.00 trainish | -34→-69.0 ... -12→-29.9
1d5yB03   168   -11.2   1.70  -11.9  0.98 trainish | -34→-63.4 ... -11→-36.7
6jixA02   270   -10.6   1.65   -8.7  0.99 trainish | -34→-62.0 ... -11→-29.4
1l3eB00   101     8.3   2.13   -9.0  0.97 trainish | -34→-71.1 ... +8→+11.4
2d3yA00   219     8.8   1.36   -6.2  0.99 trainish | -34→-50.1 ... +9→+7.2
8etcb01   146    14.1   1.61  -14.6  0.98 trainish | -34→-63.0 ... +14→+10.3
2uv8A05   617   -16.0   3.16  -16.2  0.99 trainish | -34→-124.2 ... -16→-71.0
1C6O      177   -14.3   1.31    1.8  0.99 valid    | -34→-45.8 ... -14→-13.9
1AZM      258    -1.7   1.46   -3.6  1.00 valid    | -34→-54.4 ... -2→-5.7
1AS2      312    -2.7   2.21   -8.3  0.99 valid    | -34→-86.9 ... -3→-11.4
1AXW      528   -18.3   2.04  -22.8  1.00 valid    | -34→-92.6 ... -18→-59.6
2FEO      221    -6.9   1.55   -8.9  0.99 valid    | -34→-62.6 ... -7→-16.4
5CQH      183    -5.5   1.39   -9.2  0.99 valid    | -34→-54.0 ... -6→-19.1
1CGE      162   -11.7   1.23   -9.1  1.00 valid    | -34→-48.5 ... -12→-25.3
1AG0      256    -8.2   1.82  -10.3  1.00 valid    | -34→-75.4 ... -8→-23.8
1A65      504   -26.8   1.96  -14.3  0.99 valid    | -34→-82.5 ... -27→-67.7
1BJ4      470     0.4   2.97  -10.7  1.00 valid    | -34→-110.4 ... +0→-13.3

=== 斜率汇总（按 group）===
  trainish: n= 7  slope 均值=1.89 ± 0.56   ← 若训练域≈1 而验证域≈2，外推假说坐实
  valid   : n=10  slope 均值=1.79 ± 0.50   ← 若训练域≈1 而验证域≈2，外推假说坐实

结果已写: output/v12_diag_response.json
V12_DIAG_DONE
