蛋白     类            L 模式     臂       目标     均值   dev  达标    rec   pkt  gravy   TM中位 TM≥0.7 TM<0.5   RMSD  pLDDT
1A65   long       504 proteinnative -27 -30.51  3.51   ✗ 0.472  None  0.091   None   None   None   None   None
1A65   long       504 proteinn2     -29 -32.91  3.91   ✗ 0.468  None  0.073   None   None   None   None   None
1A65   long       504 proteinp2     -25 -28.75  3.75   ✗ 0.475  None  0.108   None   None   None   None   None
1A65   long       504 proteinn8     -35 -37.91  2.91   ✗ 0.457  None   0.03   None   None   None   None   None
1A65   long       504 proteinp8     -19 -23.07  4.07   ✗ 0.484  None  0.159   None   None   None   None   None
1AG0   metal      256 proteinnative  -8  -8.73  0.73   ✓ 0.459  None  0.016   None   None   None   None   None
1AG0   metal      256 proteinn2     -10 -11.35  1.35   ✓ 0.454  None  0.017   None   None   None   None   None
1AG0   metal      256 proteinp2      -6  -7.14  1.14   ✓ 0.465  None  0.004   None   None   None   None   None
1AG0   metal      256 proteinn8     -16 -17.47  1.47   ✓ 0.428  None  0.001   None   None   None   None   None
1AG0   metal      256 proteinp8       0  -2.41  2.41   ✗  0.47  None -0.103   None   None   None   None   None
1AS2   rna        312 proteinnative  -3  -1.93  1.07   ✓ 0.346  None  0.172   None   None   None   None   None
1AS2   rna        312 proteinn2      -5  -4.56  0.44   ✓ 0.344  None  0.183   None   None   None   None   None
1AS2   rna        312 proteinp2      -1  -0.22  0.78   ✓ 0.342  None  0.172   None   None   None   None   None
1AS2   rna        312 proteinn8     -11 -11.51  0.51   ✓ 0.341  None   0.15   None   None   None   None   None
1AS2   rna        312 proteinp8       5    5.4   0.4   ✓ 0.339  None  0.119   None   None   None   None   None
1AXW   rna        528 proteinnative -18 -12.98  5.02   ✗ 0.407  None   0.56   None   None   None   None   None
1AXW   rna        528 proteinn2     -20 -16.69  3.31   ✗ 0.407  None  0.525   None   None   None   None   None
1AXW   rna        528 proteinp2     -16 -10.96  5.04   ✗  0.41  None  0.568   None   None   None   None   None
1AXW   rna        528 proteinn8     -26 -24.91  1.09   ✓ 0.402  None  0.394   None   None   None   None   None
1AXW   rna        528 proteinp8     -10  -3.05  6.95   ✗ 0.408  None  0.545   None   None   None   None   None
1AZM   small_mol  258 proteinnative  -2  -0.29  1.71   ✓  0.45  None -0.038   None   None   None   None   None
1AZM   small_mol  258 proteinn2      -4  -1.89  2.11   ✗ 0.451  None -0.062   None   None   None   None   None
1AZM   small_mol  258 proteinp2       0   2.26  2.26   ✗ 0.448  None -0.066   None   None   None   None   None
1AZM   small_mol  258 proteinn8     -10 -10.42  0.42   ✓ 0.443  None -0.104   None   None   None   None   None
1AZM   small_mol  258 proteinp8       6   7.14  1.14   ✓ 0.425  None -0.135   None   None   None   None   None
1BJ4   long       470 proteinnative   0  -1.83  1.83   ✓ 0.407  None   0.42   None   None   None   None   None
1BJ4   long       470 proteinn2      -2  -3.73  1.73   ✓ 0.406  None  0.412   None   None   None   None   None
1BJ4   long       470 proteinp2       2   0.35  1.65   ✓ 0.407  None  0.427   None   None   None   None   None
1BJ4   long       470 proteinn8      -8  -9.81  1.81   ✓ 0.406  None  0.397   None   None   None   None   None
1BJ4   long       470 proteinp8       8    6.6   1.4   ✓ 0.406  None  0.415   None   None   None   None   None
1C6O   small_mol  177 proteinnative -14 -15.14  1.14   ✓ 0.424  None  -0.03   None   None   None   None   None
1C6O   small_mol  177 proteinn2     -16 -17.86  1.86   ✓ 0.416  None -0.127   None   None   None   None   None
1C6O   small_mol  177 proteinp2     -12 -11.61  0.39   ✓ 0.423  None  0.071   None   None   None   None   None
1C6O   small_mol  177 proteinn8     -22 -26.96  4.96   ✗ 0.398  None -0.392   None   None   None   None   None
1C6O   small_mol  177 proteinp8      -6   -5.2   0.8   ✓ 0.425  None  0.276   None   None   None   None   None
1CGE   metal      162 proteinnative -12 -12.58  0.58   ✓ 0.457  None -0.124   None   None   None   None   None
1CGE   metal      162 proteinn2     -14 -13.87  0.13   ✓ 0.452  None -0.178   None   None   None   None   None
1CGE   metal      162 proteinp2     -10 -10.04  0.04   ✓ 0.464  None  -0.09   None   None   None   None   None
1CGE   metal      162 proteinn8     -20 -21.29  1.29   ✓ 0.451  None -0.419   None   None   None   None   None
1CGE   metal      162 proteinp8      -4  -3.26  0.74   ✓  0.48  None -0.099   None   None   None   None   None
2FEO   dna        221 proteinnative  -7  -5.17  1.83   ✓ 0.323  None  0.263   None   None   None   None   None
2FEO   dna        221 proteinn2      -9  -8.31  0.69   ✓ 0.327  None  0.251   None   None   None   None   None
2FEO   dna        221 proteinp2      -5  -3.45  1.55   ✓ 0.327  None  0.271   None   None   None   None   None
2FEO   dna        221 proteinn8     -15 -16.49  1.49   ✓ 0.331  None  0.203   None   None   None   None   None
2FEO   dna        221 proteinp8       1   1.45  0.45   ✓ 0.329  None  0.203   None   None   None   None   None
5CQH   dna        183 proteinnative  -6  -5.76  0.24   ✓ 0.372  None  0.074   None   None   None   None   None
5CQH   dna        183 proteinn2      -8  -7.93  0.07   ✓ 0.369  None  0.044   None   None   None   None   None
5CQH   dna        183 proteinp2      -4   -3.9   0.1   ✓  0.37  None  0.095   None   None   None   None   None
5CQH   dna        183 proteinn8     -14 -14.71  0.71   ✓  0.37  None  -0.08   None   None   None   None   None
5CQH   dna        183 proteinp8       2   1.63  0.37   ✓ 0.376  None  0.047   None   None   None   None   None

=== 配体消融对比（ligand vs protein，H2 dev / H1 TM）===

H2 电荷达标: 37/50 = 0.74
H1 TM≥0.70: 0/0 = None

已写 output/generalization_v12_2_calib_small_stats.json
