target 网格: [-34.0, -30.0, -25.0, -20.0, -15.0, -10.0, -5.0, 0.0, 5.0, 10.0, 18.0]  n=20  pH=7.4  backbone=ligand_mpnn
    条件编码器已加载: finetune_epoch030.pt  (epoch=30, n_tokens=4, token_dim=128)
backbone 实际类型: ligand_mpnn

name        L nativeQ  slope    int    r2 group    |  target→均值 示例
101M      154     3.4   1.29    4.0  0.99 trainish | -34→-36.6 ... +3→+6.3
102L      163     8.0   1.31    3.5  0.99 trainish | -34→-37.0 ... +8→+14.3
103L      159     6.0   1.23    2.6  0.99 trainish | -34→-35.1 ... +6→+9.9
105M      153     2.4   1.28    1.8  0.98 trainish | -34→-36.8 ... +2→+3.1
106M      154     3.4   1.26    2.9  0.99 trainish | -34→-36.9 ... +3→+6.1
107L      162     8.0   1.25    3.3  0.99 trainish | -34→-35.5 ... +8→+13.1
111M      154     3.4   1.28    3.2  1.00 trainish | -34→-37.1 ... +3→+6.7
1C6O      177   -14.3   1.28    5.6  1.00 valid    | -34→-35.1 ... -14→-13.4
1AZM      258    -1.7   1.27    5.2  1.00 valid    | -34→-35.7 ... -2→+2.8
1AS2      312    -2.7   1.60   10.6  0.99 valid    | -34→-41.1 ... -3→+3.6
1AXW      528   -18.3   1.62    8.6  1.00 valid    | -34→-45.1 ... -18→-20.3
2FEO      221    -6.9   1.21   -0.3  0.99 valid    | -34→-37.9 ... -7→-9.9
5CQH      183    -5.5   1.09    0.6  0.99 valid    | -34→-34.0 ... -6→-6.2
1CGE      162   -11.7   0.96   -2.6  0.99 valid    | -34→-33.0 ... -12→-15.7
1AG0      256    -8.2   1.23    2.5  0.99 valid    | -34→-39.4 ... -8→-5.5
1A65      504   -26.8   1.19    9.4  0.99 valid    | -34→-29.2 ... -27→-22.4
1BJ4      470     0.4   2.34    6.4  0.99 valid    | -34→-65.8 ... +0→+6.8

=== 斜率汇总（按 group）===
  trainish: n= 7  slope 均值=1.27 ± 0.03   ← 若训练域≈1 而验证域≈2，外推假说坐实
  valid   : n=10  slope 均值=1.38 ± 0.37   ← 若训练域≈1 而验证域≈2，外推假说坐实

结果已写: output/v12_2_ligand_diag_response.json
