v12.2 训练域 6580 个，分层抽样 100
抽样 100 域（charge@7.4 范围 [-22.9,18.1]）
    条件编码器已加载: finetune_epoch040.pt  (epoch=40, n_tokens=4, token_dim=128)
1gsaA01 (L=128, native -8): -8→-25.2 -4→-18.6 +0→-11.3 +4→-7.8 +8→-2.6
2l32A00 (L=66, native -9): -8→-30.1 -4→-20.8 +0→-13.8 +4→-6.7 +8→-1.5
1aroP03 (L=150, native -9): -8→-32.1 -4→-24.6 +0→-16.4 +4→-11.4 +8→-6.5
4qd4A00 (L=357, native +10): -8→+4.9 -4→+9.2 +0→+7.7 +4→+10.3 +8→+18.1
3ianA00 (L=309, native -9): -8→-27.9 -4→-20.6 +0→-15.2 +4→-8.5 +8→-7.5
5nslA01 (L=425, native -19): -8→-54.1 -4→-47.6 +0→-40.6 +4→-32.1 +8→-22.4
6u5vB07 (L=129, native -4): -8→-18.1 -4→-12.5 +0→-6.2 +4→-1.2 +8→+2.2
7oc3A01 (L=92, native +0): -8→-11.7 -4→-5.6 +0→+0.7 +4→+2.9 +8→+7.5
1fkaG00 (L=128, native +11): -8→+1.4 -4→+8.2 +0→+13.3 +4→+14.0 +8→+21.8
3lp5A00 (L=250, native +7): -8→-3.1 -4→-1.7 +0→+2.9 +4→+3.9 +8→+8.5
1xriA00 (L=151, native +6): -8→-3.9 -4→-0.8 +0→+4.2 +4→+9.3 +8→+15.8
5d84A01 (L=173, native -8): -8→-27.0 -4→-20.1 +0→-11.8 +4→-5.8 +8→-0.9
3hrnA00 (L=58, native -1): -8→-8.1 -4→-1.3 +0→+0.8 +4→+2.6 +8→+4.9
3knwB00 (L=177, native +4): -8→-6.8 -4→-2.5 +0→+2.0 +4→+5.1 +8→+12.3
3cqnB00 (L=159, native -5): -8→-25.6 -4→-18.6 +0→-12.5 +4→-5.6 +8→-1.9
4hkuB00 (L=173, native -4): -8→-23.3 -4→-15.9 +0→-9.6 +4→-4.0 +8→+4.8
3kopA00 (L=152, native -3): -8→-11.1 -4→-8.5 +0→-4.0 +4→-0.7 +8→+4.3
