target 网格: [-34.0, -30.0, -25.0, -20.0, -15.0, -10.0, -5.0, 0.0, 5.0, 10.0, 18.0]  n=20  pH=7.4  backbone=auto
    条件编码器已加载: finetune_epoch030.pt  (epoch=30, n_tokens=4, token_dim=128)
backbone 实际类型: protein_mpnn

name        L nativeQ  slope    int    r2 group    |  target→均值 示例
7pujA01   283   -12.0   1.40   -4.1  0.99 trainish | -34→-52.8 ... -12→-21.4
1d5yB03   168   -11.2   1.55   -3.4  0.98 trainish | -34→-50.8 ... -11→-25.4
6jixA02   270   -10.6   1.28   -1.3  1.00 trainish | -34→-45.3 ... -11→-15.8
1l3eB00   101     8.3   1.82   -1.0  0.99 trainish | -34→-59.4 ... +8→+16.1
2d3yA00   219     8.8   1.05    0.5  1.00 trainish | -34→-35.3 ... +9→+8.8
8etcb01   146    14.1   1.89   -9.2  0.98 trainish | -34→-66.4 ... +14→+17.9
2uv8A05   617   -16.0   2.21   -5.8  1.00 trainish | -34→-83.4 ... -16→-40.7
1C6O      177   -14.3   1.26    0.5  0.98 valid    | -34→-42.9 ... -14→-16.9
1AZM      258    -1.7   1.24   -2.4  1.00 valid    | -34→-45.2 ... -2→-4.4
1AS2      312    -2.7   2.09   -3.6  1.00 valid    | -34→-73.5 ... -3→-8.1
1AXW      528   -18.3   1.30   -7.5  0.99 valid    | -34→-53.2 ... -18→-30.5
2FEO      221    -6.9   1.48   -6.3  0.99 valid    | -34→-58.1 ... -7→-14.8
5CQH      183    -5.5   1.28   -3.2  1.00 valid    | -34→-44.8 ... -6→-11.5
1CGE      162   -11.7   1.20   -2.6  1.00 valid    | -34→-42.6 ... -12→-16.5
1AG0      256    -8.2   1.78   -6.0  0.99 valid    | -34→-65.6 ... -8→-22.4
1A65      504   -26.8   1.50   -4.3  0.99 valid    | -34→-59.6 ... -27→-44.8
1BJ4      470     0.4   2.49    5.2  0.99 valid    | -34→-76.7 ... +0→+2.5

=== 斜率汇总（按 group）===
  trainish: n= 7  slope 均值=1.60 ± 0.37   ← 若训练域≈1 而验证域≈2，外推假说坐实
  valid   : n=10  slope 均值=1.56 ± 0.41   ← 若训练域≈1 而验证域≈2，外推假说坐实

结果已写: output/v12_2_diag_response.json
