target 网格: [-34.0, -30.0, -25.0, -20.0, -15.0, -10.0, -5.0, 0.0, 5.0, 10.0, 18.0]  n=20  pH=7.4  backbone=auto
    条件编码器已加载: finetune_epoch040.pt  (epoch=40, n_tokens=4, token_dim=128)
backbone 实际类型: protein_mpnn

name        L nativeQ  slope    int    r2 group    |  target→均值 示例
7pujA01   283   -12.0   1.27   -6.5  0.99 trainish | -34→-47.7 ... -12→-21.4
1d5yB03   168   -11.2   1.49   -4.5  0.95 trainish | -34→-42.9 ... -11→-24.7
6jixA02   270   -10.6   1.16   -4.7  0.98 trainish | -34→-40.8 ... -11→-15.3
1l3eB00   101     8.3   1.43   -2.3  0.94 trainish | -34→-38.2 ... +8→+11.7
2d3yA00   219     8.8   0.97   -2.4  0.99 trainish | -34→-32.5 ... +9→+5.5
8etcb01   146    14.1   1.69  -10.5  0.94 trainish | -34→-54.5 ... +14→+13.1
2uv8A05   617   -16.0   2.01  -12.1  0.99 trainish | -34→-78.2 ... -16→-44.4
1AZM      258    -1.7   1.17   -4.1  0.98 valid    | -34→-41.6 ... -2→-3.5
1AS2      312    -2.7   1.83   -4.1  0.99 valid    | -34→-58.2 ... -3→-9.0
2FEO      221    -6.9   1.18   -7.6  0.98 valid    | -34→-42.5 ... -7→-13.3
5CQH      183    -5.5   1.09   -5.5  0.98 valid    | -34→-37.4 ... -6→-10.0
1CGE      162   -11.7   0.93   -2.6  0.99 valid    | -34→-29.9 ... -12→-13.9
1A65      504   -26.8   1.43   -9.6  0.96 valid    | -34→-57.6 ... -27→-53.0
1BJ4      470     0.4   2.05   -2.7  0.99 valid    | -34→-65.6 ... +0→-3.2
13BB      552   -12.8   1.79   -5.3  0.98 valid    | -34→-64.0 ... -13→-23.6
1CDG      686    -8.9   1.98  -10.7  0.98 valid    | -34→-78.1 ... -9→-22.2

=== 斜率汇总（按 group）===
  trainish: n= 7  slope 均值=1.43 ± 0.32   ← 若训练域≈1 而验证域≈2，外推假说坐实
  valid   : n= 9  slope 均值=1.50 ± 0.40   ← 若训练域≈1 而验证域≈2，外推假说坐实

结果已写: output/v12_3_diag_response.json
