target 网格: [-34.0, -30.0, -25.0, -20.0, -15.0, -10.0, -5.0, 0.0, 5.0, 10.0, 18.0]  n=20  pH=7.4  backbone=auto
    条件编码器已加载: finetune_epoch030.pt  (epoch=30, n_tokens=4, token_dim=128)
backbone 实际类型: protein_mpnn

name        L nativeQ  slope    int    r2 group    |  target→均值 示例
7pujA01   283   -12.0   1.01    0.2  0.99 trainish | -34→-33.5 ... -12→-10.3
1d5yB03   168   -11.2   1.16    0.7  0.99 trainish | -34→-35.9 ... -11→-12.1
6jixA02   270   -10.6   1.01    0.1  1.00 trainish | -34→-33.0 ... -11→-10.2
1l3eB00   101     8.3   1.10   -0.4  1.00 trainish | -34→-36.4 ... +8→+8.1
2d3yA00   219     8.8   0.99    0.1  1.00 trainish | -34→-33.2 ... +9→+9.0
8etcb01   146    14.1   1.17    0.8  0.98 trainish | -34→-43.6 ... +14→+14.8
2uv8A05   617   -16.0   0.99   -0.1  1.00 trainish | -34→-34.1 ... -16→-15.4
1C6O      177   -14.3   0.95   -0.9  0.99 valid    | -34→-33.4 ... -14→-14.2
1AZM      258    -1.7   1.01    0.1  1.00 valid    | -34→-32.8 ... -2→-1.1
1AS2      312    -2.7   1.07    0.4  0.99 valid    | -34→-37.0 ... -3→-2.4
1AXW      528   -18.3   1.02   -0.0  0.99 valid    | -34→-32.9 ... -18→-19.3
2FEO      221    -6.9   0.98   -0.1  0.99 valid    | -34→-35.6 ... -7→-5.6
5CQH      183    -5.5   1.02   -0.1  1.00 valid    | -34→-33.6 ... -6→-5.9
1CGE      162   -11.7   1.02    0.0  1.00 valid    | -34→-34.1 ... -12→-11.3
1AG0      256    -8.2   1.09   -0.4  0.99 valid    | -34→-36.7 ... -8→-8.0
1A65      504   -26.8   0.93   -0.0  0.99 valid    | -34→-33.0 ... -27→-26.1
1BJ4      470     0.4   1.04   -2.8  0.99 valid    | -34→-36.1 ... +0→-4.2

=== 斜率汇总（按 group）===
  trainish: n= 7  slope 均值=1.06 ± 0.07   ← 若训练域≈1 而验证域≈2，外推假说坐实
  valid   : n=10  slope 均值=1.01 ± 0.05   ← 若训练域≈1 而验证域≈2，外推假说坐实

结果已写: output/v12_2_diag_calibrated.json
