    条件编码器已加载: finetune_epoch030.pt  (epoch=30, n_tokens=4, token_dim=128)
处理 10 个蛋白（0-10），臂 ligand=['native', 'n2', 'p2', 'n8', 'p8'] protein=['native', 'n2', 'p2', 'n8', 'p8']，n=30，pH=7.4

=== 1C6O cat=small_mol L=177 native=SADLALGKQTFEANCAACHAGGNNS... charge@7.4=-14.31 口袋残基=86
  [protein/native] target= -14 mean=-15.14 dev=1.14 rec=0.424 pkt=nan gravy=-0.030
  [protein/n2] target= -16 mean=-17.86 dev=1.86 rec=0.416 pkt=nan gravy=-0.127
  [protein/p2] target= -12 mean=-11.61 dev=0.39 rec=0.423 pkt=nan gravy=0.071
  [protein/n8] target= -22 mean=-26.96 dev=4.96 rec=0.398 pkt=nan gravy=-0.392
  [protein/p8] target=  -6 mean= -5.20 dev=0.80 rec=0.425 pkt=nan gravy=0.276
  已写 1C6O 结果

=== 1AZM cat=small_mol L=258 native=PDWGYDDKNGPEQWSKLYPIANGNN... charge@7.4=-1.71 口袋残基=25
  [protein/native] target=  -2 mean= -0.29 dev=1.71 rec=0.450 pkt=nan gravy=-0.038
  [protein/n2] target=  -4 mean= -1.89 dev=2.11 rec=0.451 pkt=nan gravy=-0.062
  [protein/p2] target=   0 mean= +2.26 dev=2.26 rec=0.448 pkt=nan gravy=-0.066
  [protein/n8] target= -10 mean=-10.42 dev=0.42 rec=0.443 pkt=nan gravy=-0.104
  [protein/p8] target=   6 mean= +7.14 dev=1.14 rec=0.425 pkt=nan gravy=-0.135
  已写 1AZM 结果

=== 1AS2 cat=rna L=312 native=REVKLLLLGAVESGKSTIVKQMKII... charge@7.4=-2.69 口袋残基=40
  [protein/native] target=  -3 mean= -1.93 dev=1.07 rec=0.346 pkt=nan gravy=0.172
  [protein/n2] target=  -5 mean= -4.56 dev=0.44 rec=0.344 pkt=nan gravy=0.183
  [protein/p2] target=  -1 mean= -0.22 dev=0.78 rec=0.342 pkt=nan gravy=0.172
  [protein/n8] target= -11 mean=-11.51 dev=0.51 rec=0.341 pkt=nan gravy=0.150
  [protein/p8] target=   5 mean= +5.40 dev=0.40 rec=0.339 pkt=nan gravy=0.119
  已写 1AS2 结果

=== 1AXW cat=rna L=528 native=MKQYLELMQKVLDEGTQKNDRTGTG... charge@7.4=-18.30 口袋残基=119
  [protein/native] target= -18 mean=-12.98 dev=5.02 rec=0.407 pkt=nan gravy=0.560
  [protein/n2] target= -20 mean=-16.69 dev=3.31 rec=0.407 pkt=nan gravy=0.525
  [protein/p2] target= -16 mean=-10.96 dev=5.04 rec=0.410 pkt=nan gravy=0.568
  [protein/n8] target= -26 mean=-24.91 dev=1.09 rec=0.402 pkt=nan gravy=0.394
  [protein/p8] target= -10 mean= -3.05 dev=6.95 rec=0.408 pkt=nan gravy=0.545
  已写 1AXW 结果

=== 2FEO cat=dna L=221 native=AIAPVITIDGPSGAGKGTLCKAMAE... charge@7.4=-6.88 口袋残基=40
  [protein/native] target=  -7 mean= -5.17 dev=1.83 rec=0.323 pkt=nan gravy=0.263
  [protein/n2] target=  -9 mean= -8.31 dev=0.69 rec=0.327 pkt=nan gravy=0.251
  [protein/p2] target=  -5 mean= -3.45 dev=1.55 rec=0.327 pkt=nan gravy=0.271
  [protein/n8] target= -15 mean=-16.49 dev=1.49 rec=0.331 pkt=nan gravy=0.203
  [protein/p8] target=   1 mean= +1.45 dev=0.45 rec=0.329 pkt=nan gravy=0.203
  已写 2FEO 结果

=== 5CQH cat=dna L=183 native=LRYLMDPDTFTSNFNNDPLVLRRRQ... charge@7.4=-5.53 口袋残基=55
  [protein/native] target=  -6 mean= -5.76 dev=0.24 rec=0.372 pkt=nan gravy=0.074
  [protein/n2] target=  -8 mean= -7.93 dev=0.07 rec=0.369 pkt=nan gravy=0.044
  [protein/p2] target=  -4 mean= -3.90 dev=0.10 rec=0.370 pkt=nan gravy=0.095
  [protein/n8] target= -14 mean=-14.71 dev=0.71 rec=0.370 pkt=nan gravy=-0.080
  [protein/p8] target=   2 mean= +1.63 dev=0.37 rec=0.376 pkt=nan gravy=0.047
  已写 5CQH 结果

=== 1CGE cat=metal L=162 native=LTEGNPRWEQTHLRYRIENYTPDLP... charge@7.4=-11.66 口袋残基=53
  [protein/native] target= -12 mean=-12.58 dev=0.58 rec=0.457 pkt=nan gravy=-0.124
  [protein/n2] target= -14 mean=-13.87 dev=0.13 rec=0.452 pkt=nan gravy=-0.178
  [protein/p2] target= -10 mean=-10.04 dev=0.04 rec=0.464 pkt=nan gravy=-0.090
  [protein/n8] target= -20 mean=-21.29 dev=1.29 rec=0.451 pkt=nan gravy=-0.419
  [protein/p8] target=  -4 mean= -3.26 dev=0.74 rec=0.480 pkt=nan gravy=-0.099
  已写 1CGE 结果

=== 1AG0 cat=metal L=256 native=AECSVDIQGNDQMQFNTNAITVDKS... charge@7.4=-8.16 口袋残基=44
  [protein/native] target=  -8 mean= -8.73 dev=0.73 rec=0.459 pkt=nan gravy=0.016
  [protein/n2] target= -10 mean=-11.35 dev=1.35 rec=0.454 pkt=nan gravy=0.017
  [protein/p2] target=  -6 mean= -7.14 dev=1.14 rec=0.465 pkt=nan gravy=0.004
  [protein/n8] target= -16 mean=-17.47 dev=1.47 rec=0.428 pkt=nan gravy=0.001
  [protein/p8] target=   0 mean= -2.41 dev=2.41 rec=0.470 pkt=nan gravy=-0.103
  已写 1AG0 结果

=== 1A65 cat=long L=504 native=QIVNSVDTMTLTNANVSPDGFTRAG... charge@7.4=-26.85 口袋残基=49
  [protein/native] target= -27 mean=-30.51 dev=3.51 rec=0.472 pkt=nan gravy=0.091
  [protein/n2] target= -29 mean=-32.91 dev=3.91 rec=0.468 pkt=nan gravy=0.073
  [protein/p2] target= -25 mean=-28.75 dev=3.75 rec=0.475 pkt=nan gravy=0.108
  [protein/n8] target= -35 mean=-37.91 dev=2.91 rec=0.457 pkt=nan gravy=0.030
  [protein/p8] target= -19 mean=-23.07 dev=4.07 rec=0.484 pkt=nan gravy=0.159
  已写 1A65 结果

=== 1BJ4 cat=long L=470 native=DADLWSSHDKMLAQPLKDSDVEVYN... charge@7.4=+0.42 口袋残基=29
  [protein/native] target=   0 mean= -1.83 dev=1.83 rec=0.407 pkt=nan gravy=0.420
  [protein/n2] target=  -2 mean= -3.73 dev=1.73 rec=0.406 pkt=nan gravy=0.412
  [protein/p2] target=   2 mean= +0.35 dev=1.65 rec=0.407 pkt=nan gravy=0.427
  [protein/n8] target=  -8 mean= -9.81 dev=1.81 rec=0.406 pkt=nan gravy=0.397
  [protein/p8] target=   8 mean= +6.60 dev=1.40 rec=0.406 pkt=nan gravy=0.415
  已写 1BJ4 结果

=== 全部完成 ===
