    条件编码器已加载: finetune_epoch040.pt  (epoch=40, n_tokens=4, token_dim=128)
处理 9 个蛋白（0-9），臂 ligand=['native', 'n2', 'p2', 'n8', 'p8'] protein=['native', 'n2', 'p2', 'n8', 'p8']，n=30，pH=7.4

=== 1AZM cat=small_mol L=258 native=PDWGYDDKNGPEQWSKLYPIANGNN... charge@7.4=-1.71 口袋残基=25
  [protein/native] target=  -2 mean= -0.33 dev=1.67 rec=0.448 pkt=nan gravy=-0.091
  [protein/n2] target=  -4 mean= -1.99 dev=2.01 rec=0.449 pkt=nan gravy=-0.099
  [protein/p2] target=   0 mean= +1.14 dev=1.14 rec=0.444 pkt=nan gravy=-0.103
  [protein/n8] target= -10 mean= -9.67 dev=0.33 rec=0.438 pkt=nan gravy=-0.198
  [protein/p8] target=   6 mean= +4.84 dev=1.16 rec=0.424 pkt=nan gravy=-0.205
  已写 1AZM 结果

=== 1AS2 cat=rna L=312 native=REVKLLLLGAVESGKSTIVKQMKII... charge@7.4=-2.69 口袋残基=40
  [protein/native] target=  -3 mean= -2.52 dev=0.48 rec=0.340 pkt=nan gravy=0.164
  [protein/n2] target=  -5 mean= -4.41 dev=0.59 rec=0.341 pkt=nan gravy=0.168
  [protein/p2] target=  -1 mean= -0.07 dev=0.93 rec=0.344 pkt=nan gravy=0.140
  [protein/n8] target= -11 mean=-11.78 dev=0.78 rec=0.340 pkt=nan gravy=0.131
  [protein/p8] target=   5 mean= +7.76 dev=2.76 rec=0.335 pkt=nan gravy=0.048
  已写 1AS2 结果

=== 2FEO cat=dna L=221 native=AIAPVITIDGPSGAGKGTLCKAMAE... charge@7.4=-6.88 口袋残基=40
  [protein/native] target=  -7 mean= -5.35 dev=1.65 rec=0.327 pkt=nan gravy=0.243
  [protein/n2] target=  -9 mean= -6.18 dev=2.82 rec=0.327 pkt=nan gravy=0.245
  [protein/p2] target=  -5 mean= -3.44 dev=1.56 rec=0.330 pkt=nan gravy=0.241
  [protein/n8] target= -15 mean=-11.08 dev=3.92 rec=0.324 pkt=nan gravy=0.199
  [protein/p8] target=   1 mean= +0.95 dev=0.05 rec=0.336 pkt=nan gravy=0.159
  已写 2FEO 结果

=== 5CQH cat=dna L=183 native=LRYLMDPDTFTSNFNNDPLVLRRRQ... charge@7.4=-5.53 口袋残基=55
  [protein/native] target=  -6 mean= -6.64 dev=0.64 rec=0.368 pkt=nan gravy=0.054
  [protein/n2] target=  -8 mean= -8.20 dev=0.20 rec=0.367 pkt=nan gravy=-0.004
  [protein/p2] target=  -4 mean= -4.67 dev=0.67 rec=0.369 pkt=nan gravy=0.089
  [protein/n8] target= -14 mean=-12.46 dev=1.54 rec=0.357 pkt=nan gravy=-0.092
  [protein/p8] target=   2 mean= -0.11 dev=2.11 rec=0.379 pkt=nan gravy=0.046
  已写 5CQH 结果

=== 1CGE cat=metal L=162 native=LTEGNPRWEQTHLRYRIENYTPDLP... charge@7.4=-11.66 口袋残基=53
  [protein/native] target= -12 mean=-11.41 dev=0.59 rec=0.462 pkt=nan gravy=-0.150
  [protein/n2] target= -14 mean=-13.14 dev=0.86 rec=0.460 pkt=nan gravy=-0.174
  [protein/p2] target= -10 mean=-10.00 dev=0.00 rec=0.467 pkt=nan gravy=-0.118
  [protein/n8] target= -20 mean=-21.12 dev=1.12 rec=0.454 pkt=nan gravy=-0.285
  [protein/p8] target=  -4 mean= -3.87 dev=0.13 rec=0.480 pkt=nan gravy=-0.164
  已写 1CGE 结果

=== 1A65 cat=long L=504 native=QIVNSVDTMTLTNANVSPDGFTRAG... charge@7.4=-26.85 口袋残基=49
  [protein/native] target= -27 mean=-26.37 dev=0.63 rec=0.497 pkt=nan gravy=0.074
  [protein/n2] target= -29 mean=-30.06 dev=1.06 rec=0.495 pkt=nan gravy=0.053
  [protein/p2] target= -25 mean=-22.87 dev=2.13 rec=0.499 pkt=nan gravy=0.097
  [protein/n8] target= -35 mean=-40.08 dev=5.08 rec=0.487 pkt=nan gravy=0.004
  [protein/p8] target= -19 mean=-14.76 dev=4.24 rec=0.504 pkt=nan gravy=0.141
  已写 1A65 结果

=== 1BJ4 cat=long L=470 native=DADLWSSHDKMLAQPLKDSDVEVYN... charge@7.4=+0.42 口袋残基=29
  [protein/native] target=   0 mean= +0.71 dev=0.71 rec=0.409 pkt=nan gravy=0.486
  [protein/n2] target=  -2 mean= -0.83 dev=1.17 rec=0.408 pkt=nan gravy=0.492
  [protein/p2] target=   2 mean= +2.61 dev=0.61 rec=0.410 pkt=nan gravy=0.470
  [protein/n8] target=  -8 mean= -9.31 dev=1.31 rec=0.406 pkt=nan gravy=0.474
  [protein/p8] target=   8 mean= +8.21 dev=0.21 rec=0.407 pkt=nan gravy=0.421
  已写 1BJ4 结果

=== 13BB cat=small_mol L=552 native=SAPANTSEQLVNALADEGVEYVFGI... charge@7.4=-12.80 口袋残基=55
  [protein/native] target= -13 mean=-10.32 dev=2.68 rec=0.441 pkt=nan gravy=0.647
  [protein/n2] target= -15 mean=-12.06 dev=2.94 rec=0.442 pkt=nan gravy=0.640
  [protein/p2] target= -11 mean= -8.83 dev=2.17 rec=0.443 pkt=nan gravy=0.668
  [protein/n8] target= -21 mean=-16.74 dev=4.26 rec=0.439 pkt=nan gravy=0.595
  [protein/p8] target=  -5 mean= -4.49 dev=0.51 rec=0.446 pkt=nan gravy=0.697
  已写 13BB 结果

=== 1CDG cat=small_mol L=686 native=APDTSVSNKQNFSTDVIYQIFTDRF... charge@7.4=-8.94 口袋残基=73
  [protein/native] target=  -9 mean= -8.98 dev=0.02 rec=0.489 pkt=nan gravy=0.269
  [protein/n2] target= -11 mean=-10.33 dev=0.67 rec=0.489 pkt=nan gravy=0.270
  [protein/p2] target=  -7 mean= -8.35 dev=1.35 rec=0.491 pkt=nan gravy=0.265
  [protein/n8] target= -17 mean=-16.41 dev=0.59 rec=0.482 pkt=nan gravy=0.277
  [protein/p8] target=  -1 mean= -3.97 dev=2.97 rec=0.494 pkt=nan gravy=0.265
  已写 1CDG 结果

=== 全部完成 ===
