蛋白     类            L 模式     臂       目标     均值   dev  达标    rec   pkt  gravy   TM中位 TM≥0.7 TM<0.5   RMSD  pLDDT
1A65   long       504 proteinnative -27 -31.01  4.01   ✗ 0.472  None  0.089   None   None   None   None   None
1A65   long       504 proteinn2     -29  -33.2   4.2   ✗ 0.467  None  0.071   None   None   None   None   None
1A65   long       504 proteinp2     -25 -28.96  3.96   ✗ 0.475  None  0.109   None   None   None   None   None
1A65   long       504 proteinn8     -35 -39.52  4.52   ✗ 0.455  None  0.027   None   None   None   None   None
1A65   long       504 proteinp8     -19 -22.24  3.24   ✗ 0.485  None  0.171   None   None   None   None   None
1AG0   metal      256 proteinnative  -8 -16.42  8.42   ✗ 0.431  None  0.008   None   None   None   None   None
1AG0   metal      256 proteinn2     -10 -18.87  8.87   ✗ 0.423  None  0.005   None   None   None   None   None
1AG0   metal      256 proteinp2      -6 -13.81  7.81   ✗ 0.442  None   0.01   None   None   None   None   None
1AG0   metal      256 proteinn8     -16 -26.67 10.67   ✗ 0.401  None   -0.1   None   None   None   None   None
1AG0   metal      256 proteinp8       0  -6.09  6.09   ✗ 0.468  None -0.028   None   None   None   None   None
1AS2   rna        312 proteinnative  -3  -5.49  2.49   ✗ 0.344  None  0.183   None   None   None   None   None
1AS2   rna        312 proteinn2      -5  -8.51  3.51   ✗ 0.342  None  0.174   None   None   None   None   None
1AS2   rna        312 proteinp2      -1  -2.89  1.89   ✓ 0.344  None   0.18   None   None   None   None   None
1AS2   rna        312 proteinn8     -11 -19.08  8.08   ✗ 0.332  None  0.084   None   None   None   None   None
1AS2   rna        312 proteinp8       5   4.36  0.64   ✓ 0.339  None  0.133   None   None   None   None   None
1AXW   rna        528 proteinnative -18 -23.92  5.92   ✗ 0.402  None  0.454   None   None   None   None   None
1AXW   rna        528 proteinn2     -20  -24.6   4.6   ✗ 0.402  None  0.416   None   None   None   None   None
1AXW   rna        528 proteinp2     -16 -20.89  4.89   ✗ 0.403  None  0.483   None   None   None   None   None
1AXW   rna        528 proteinn8     -26 -30.56  4.56   ✗ 0.403  None  0.309   None   None   None   None   None
1AXW   rna        528 proteinp8     -10 -12.75  2.75   ✗ 0.407  None  0.561   None   None   None   None   None
1AZM   small_mol  258 proteinnative  -2  -2.62  0.62   ✓ 0.452  None -0.063   None   None   None   None   None
1AZM   small_mol  258 proteinn2      -4  -4.94  0.94   ✓ 0.446  None  -0.06   None   None   None   None   None
1AZM   small_mol  258 proteinp2       0  -1.19  1.19   ✓  0.45  None -0.043   None   None   None   None   None
1AZM   small_mol  258 proteinn8     -10 -11.65  1.65   ✓  0.44  None -0.107   None   None   None   None   None
1AZM   small_mol  258 proteinp8       6   3.83  2.17   ✗ 0.441  None -0.079   None   None   None   None   None
1BJ4   long       470 proteinnative   0   3.44  3.44   ✗ 0.408  None  0.429   None   None   None   None   None
1BJ4   long       470 proteinn2      -2  -1.26  0.74   ✓ 0.407  None  0.418   None   None   None   None   None
1BJ4   long       470 proteinp2       2   7.37  5.37   ✗ 0.406  None  0.402   None   None   None   None   None
1BJ4   long       470 proteinn8      -8 -12.17  4.17   ✗ 0.405  None  0.383   None   None   None   None   None
1BJ4   long       470 proteinp8       8  18.99 10.99   ✗ 0.405  None  0.291   None   None   None   None   None
1C6O   small_mol  177 proteinnative -14 -12.25  1.75   ✓ 0.422  None  0.064   None   None   None   None   None
1C6O   small_mol  177 proteinn2     -16 -14.18  1.82   ✓ 0.424  None -0.001   None   None   None   None   None
1C6O   small_mol  177 proteinp2     -12 -10.81  1.19   ✓ 0.423  None  0.106   None   None   None   None   None
1C6O   small_mol  177 proteinn8     -22 -18.63  3.37   ✗ 0.415  None -0.148   None   None   None   None   None
1C6O   small_mol  177 proteinp8      -6  -7.27  1.27   ✓ 0.424  None  0.212   None   None   None   None   None
1CGE   metal      162 proteinnative -12 -12.31  0.31   ✓ 0.456  None -0.123   None   None   None   None   None
1CGE   metal      162 proteinn2     -14 -13.58  0.42   ✓ 0.455  None -0.157   None   None   None   None   None
1CGE   metal      162 proteinp2     -10 -10.74  0.74   ✓ 0.461  None -0.088   None   None   None   None   None
1CGE   metal      162 proteinn8     -20 -18.61  1.39   ✓  0.45  None -0.269   None   None   None   None   None
1CGE   metal      162 proteinp8      -4  -6.42  2.42   ✗ 0.475  None -0.062   None   None   None   None   None
2FEO   dna        221 proteinnative  -7  -8.64  1.64   ✓ 0.326  None  0.243   None   None   None   None   None
2FEO   dna        221 proteinn2      -9 -12.09  3.09   ✗ 0.326  None  0.238   None   None   None   None   None
2FEO   dna        221 proteinp2      -5  -6.27  1.27   ✓ 0.324  None  0.257   None   None   None   None   None
2FEO   dna        221 proteinn8     -15 -19.09  4.09   ✗ 0.332  None  0.174   None   None   None   None   None
2FEO   dna        221 proteinp8       1  -0.78  1.78   ✓ 0.327  None  0.251   None   None   None   None   None
5CQH   dna        183 proteinnative  -6  -7.05  1.05   ✓ 0.368  None  0.057   None   None   None   None   None
5CQH   dna        183 proteinn2      -8  -9.12  1.12   ✓ 0.367  None  0.031   None   None   None   None   None
5CQH   dna        183 proteinp2      -4  -5.06  1.06   ✓  0.37  None  0.082   None   None   None   None   None
5CQH   dna        183 proteinn8     -14 -15.04  1.04   ✓  0.37  None -0.088   None   None   None   None   None
5CQH   dna        183 proteinp8       2  -0.37  2.37   ✗ 0.371  None  0.073   None   None   None   None   None

=== 配体消融对比（ligand vs protein，H2 dev / H1 TM）===

H2 电荷达标: 22/50 = 0.44
H1 TM≥0.70: 0/0 = None

已写 output/generalization_v12_2_calib_noleak_stats.json
