target 网格: [-34.0, -30.0, -25.0, -20.0, -15.0, -10.0, -5.0, 0.0, 5.0, 10.0, 18.0]  n=50  pH=7.4  backbone=auto
    条件编码器已加载: finetune_epoch030.pt  (epoch=30, n_tokens=4, token_dim=128)
backbone 实际类型: protein_mpnn

name        L nativeQ  slope    int    r2 group    |  target→均值 示例
7pujA01   283   -12.0   1.57   -8.7  1.00 trainish | -34→-62.0 ... -12→-28.7
1d5yB03   168   -11.2   1.74   -7.7  0.98 trainish | -34→-60.9 ... -11→-31.5
6jixA02   270   -10.6   1.56   -5.1  0.99 trainish | -34→-55.5 ... -11→-23.1
1l3eB00   101     8.3   1.92   -4.3  0.99 trainish | -34→-63.3 ... +8→+13.4
2d3yA00   219     8.8   1.27   -1.5  0.99 trainish | -34→-43.2 ... +9→+11.0
8etcb01   146    14.1   1.87  -11.7  0.98 trainish | -34→-67.3 ... +14→+14.6
2uv8A05   617   -16.0   2.71  -11.0  1.00 trainish | -34→-103.2 ... -16→-54.9
1C6O      177   -14.3   1.19   -1.0  0.99 valid    | -34→-41.9 ... -14→-17.2
1AZM      258    -1.7   1.39   -3.5  1.00 valid    | -34→-53.2 ... -2→-5.8
1AS2      312    -2.7   2.17   -4.9  1.00 valid    | -34→-77.2 ... -3→-9.9
1AXW      528   -18.3   1.98  -14.0  0.99 valid    | -34→-81.4 ... -18→-50.8
2FEO      221    -6.9   1.43   -5.6  1.00 valid    | -34→-53.9 ... -7→-15.4
5CQH      183    -5.5   1.41   -6.3  0.99 valid    | -34→-51.6 ... -6→-15.4
1CGE      162   -11.7   1.13   -4.4  1.00 valid    | -34→-41.4 ... -12→-18.8
1AG0      256    -8.2   1.70   -7.9  1.00 valid    | -34→-66.6 ... -8→-24.2
1A65      504   -26.8   1.73   -7.7  0.99 valid    | -34→-69.9 ... -27→-54.9
1BJ4      470     0.4   2.87   -1.8  1.00 valid    | -34→-95.7 ... +0→-0.7

=== 斜率汇总（按 group）===
  trainish: n= 7  slope 均值=1.81 ± 0.42   ← 若训练域≈1 而验证域≈2，外推假说坐实
  valid   : n=10  slope 均值=1.70 ± 0.50   ← 若训练域≈1 而验证域≈2，外推假说坐实

结果已写: output/v12_1_diag_n50.json
