target 网格: [-34.0, -30.0, -25.0, -20.0, -15.0, -10.0, -5.0, 0.0, 5.0, 10.0, 18.0]  n=20  pH=7.4  backbone=ligand_mpnn
    条件编码器已加载: finetune_epoch030.pt  (epoch=30, n_tokens=4, token_dim=128)
backbone 实际类型: ligand_mpnn

name        L nativeQ  slope    int    r2 group    |  target→均值 示例
1JCG      335    -4.0   1.16    3.4  0.99 trainish | -34→-32.9 ... -4→-2.1
1OE7      407    -0.6   1.31    5.3  1.00 trainish | -34→-37.2 ... -1→+4.0
1PM7      398   -22.4   1.49    3.7  1.00 trainish | -34→-46.8 ... -22→-28.5
1GRB      461     0.6   2.10    3.2  1.00 trainish | -34→-62.7 ... +1→+4.6
1B23_P    405   -13.7   1.05    8.6  0.97 trainish | -34→-21.7 ... -14→-9.0
1B95_A    244     5.0   1.29    6.6  0.99 trainish | -34→-33.8 ... +5→+12.6
1B97_A    244     5.0   1.17    7.2  0.98 trainish | -34→-27.6 ... +5→+12.6
1BHM_A    198    -8.3   0.93    6.1  1.00 trainish | -34→-24.2 ... -8→-2.4
6D2O      209    -6.2   1.73    4.0  1.00 valid    | -34→-51.5 ... -6→-4.4
1AS2      312    -2.7   1.42   11.3  1.00 valid    | -34→-35.5 ... -3→+5.3
2FEO      221    -6.9   1.07   -1.8  0.99 valid    | -34→-35.1 ... -7→-10.7
5CQH      183    -5.5   0.98    1.2  1.00 valid    | -34→-31.9 ... -6→-5.3
1CGE      162   -11.7   0.98   -1.7  1.00 valid    | -34→-33.5 ... -12→-13.5
1BJ4      470     0.4   2.36    8.5  0.99 valid    | -34→-65.8 ... +0→+6.8
21KL_A    237    10.0   1.15   20.1  0.99 valid    | -34→-14.3 ... +10→+32.2
5O60_E    209    11.2   0.48   17.5  0.94 valid    | -34→+3.8 ... +11→+23.8
3MXB_A    153     7.9   0.73   13.6  0.99 valid    | -34→-9.4 ... +8→+19.2
9DWG_L    323     4.0   1.62    5.5  0.99 valid    | -34→-45.5 ... +4→+10.5

=== 斜率汇总（按 group）===
  trainish: n= 8  slope 均值=1.31 ± 0.34   ← 若训练域≈1 而验证域≈2，外推假说坐实
  valid   : n=10  slope 均值=1.25 ± 0.52   ← 若训练域≈1 而验证域≈2，外推假说坐实

结果已写: output/v13_ligand_diag_response_in10.json
