H3 使用 manifest 蛋白清单（10 个，替代硬编码）：['6D2O', '1AS2', '2FEO', '5CQH', '1CGE', '1BJ4', '21KL_A', '5O60_E', '3MXB_A', '9DWG_L']
H3 事后统计 | pH=7.4 带电集合=(K,R),(D,E)
gen=output/generalization_ligand_v13_in10/ligand
ref=output/generalization_ligand_v13_in10/ref
uncond=output/tm_sol_ligand_v13_in10/uncond
蛋白     臂             违规率   R1   R2   R3   R4 |  native  uncond    基线+5pp  PASS
----------------------------------------------------------------------------------------
6D2O   native     0.1420 0.08  0.0  0.0 29.68 |  0.2010  0.1282    0.2510     ✅
6D2O   n2         0.1522  0.1  0.0  0.0 31.82 |  0.2010  0.1282    0.2510     ✅
6D2O   p2         0.1376 0.04  0.0  0.0 28.76 |  0.2010  0.1282    0.2510     ✅
6D2O   n8         0.1837 0.54 0.02  0.0 38.4 |  0.2010  0.1282    0.2510     ✅
6D2O   p8         0.1259 0.02  0.0  0.0 26.32 |  0.2010  0.1282    0.2510     ✅
1AS2   native     0.1884 0.02 0.04  0.0 58.78 |  0.2692  0.1517    0.3192     ✅
1AS2   n2         0.1992 0.06 0.04  0.0 62.16 |  0.2692  0.1517    0.3192     ✅
1AS2   p2         0.1793 0.02 0.04  0.0 55.94 |  0.2692  0.1517    0.3192     ✅
1AS2   n8         0.2269 0.42 0.36  0.0 70.8 |  0.2692  0.1517    0.3192     ✅
1AS2   p8         0.1574  0.0 0.02  0.0 49.1 |  0.2692  0.1517    0.3192     ✅
2FEO   native     0.1437 0.02 0.02  0.0 31.76 |  0.2579  0.1415    0.3079     ✅
2FEO   n2         0.1519  0.0 0.02  0.0 33.56 |  0.2579  0.1415    0.3079     ✅
2FEO   p2         0.1376 0.02  0.0  0.0 30.42 |  0.2579  0.1415    0.3079     ✅
2FEO   n8         0.1873 0.66 0.26  0.0 41.4 |  0.2579  0.1415    0.3079     ✅
2FEO   p8         0.1406  0.0 0.04  0.0 31.08 |  0.2579  0.1415    0.3079     ✅
5CQH   native     0.1346 0.04  0.0  0.0 24.64 |  0.2350  0.1120    0.2850     ✅
5CQH   n2         0.1514 0.02 0.02  0.0 27.7 |  0.2350  0.1120    0.2850     ✅
5CQH   p2         0.1232 0.04  0.0  0.0 22.54 |  0.2350  0.1120    0.2850     ✅
5CQH   n8         0.1902 0.16 0.04  0.0 34.8 |  0.2350  0.1120    0.2850     ✅
5CQH   p8         0.1117 0.04  0.0  0.0 20.44 |  0.2350  0.1120    0.2850     ✅
1CGE   native     0.1536  0.1  0.0  0.0 24.88 |  0.2222  0.0924    0.2722     ✅
1CGE   n2         0.1705 0.26  0.0  0.0 27.62 |  0.2222  0.0924    0.2722     ✅
1CGE   p2         0.1383 0.06  0.0  0.0 22.4 |  0.2222  0.0924    0.2722     ✅
1CGE   n8         0.2200 1.16 0.08  0.0 35.64 |  0.2222  0.0924    0.2722     ✅
1CGE   p8         0.0959  0.0  0.0  0.0 15.54 |  0.2222  0.0924    0.2722     ✅
1BJ4   native     0.1360 0.16  0.2  0.0 63.9 |  0.2234  0.1325    0.2734     ✅
1BJ4   n2         0.1405  0.3 0.22  0.0 66.04 |  0.2234  0.1325    0.2734     ✅
1BJ4   p2         0.1340 0.18 0.14  0.0 62.96 |  0.2234  0.1325    0.2734     ✅
1BJ4   n8         0.1544 0.64 0.22  0.0 72.56 |  0.2234  0.1325    0.2734     ✅
1BJ4   p8         0.1294 0.14 0.06  0.0 60.82 |  0.2234  0.1325    0.2734     ✅
21KL_A native     0.2500 1.42  1.1 0.16 59.24 |  0.2616  0.2070    0.3116     ✅
21KL_A n2         0.2570  1.8  1.0 0.24 60.9 |  0.2616  0.2070    0.3116     ✅
21KL_A p2         0.2401 1.28 0.94  0.2 56.9 |  0.2616  0.2070    0.3116     ✅
21KL_A n8         0.2933 4.56 2.72 0.48 69.52 |  0.2616  0.2070    0.3116     ✅
21KL_A p8         0.2176  0.8 0.44 0.08 51.58 |  0.2616  0.2070    0.3116     ✅
5O60_E native     0.2263  0.8  0.0  0.0 47.3 |  0.2440  0.1708    0.2940     ✅
5O60_E n2         0.2483 1.04 0.12  0.0 51.9 |  0.2440  0.1708    0.2940     ✅
5O60_E p2         0.2047  0.7  0.0  0.0 42.78 |  0.2440  0.1708    0.2940     ✅
5O60_E n8         0.3030 3.08 0.64 0.02 63.32 |  0.2440  0.1708    0.2940     ❌
5O60_E p8         0.1726 0.44  0.0  0.0 36.08 |  0.2440  0.1708    0.2940     ✅
3MXB_A native     0.2461 0.42  0.6 0.28 37.66 |  0.2484  0.2161    0.2984     ✅
3MXB_A n2         0.2600  0.3 0.88 0.26 39.78 |  0.2484  0.2161    0.2984     ✅
3MXB_A p2         0.2318 0.36 0.32 0.12 35.46 |  0.2484  0.2161    0.2984     ✅
3MXB_A n8         0.3131 1.28 1.62 0.52 47.9 |  0.2484  0.2161    0.2984     ❌
3MXB_A p8         0.2213 1.24 0.08 0.02 33.86 |  0.2484  0.2161    0.2984     ✅
9DWG_L native     0.1520  0.1 0.06  0.0 49.08 |  0.3034  0.1497    0.3534     ✅
9DWG_L n2         0.1536 0.12 0.08  0.0 49.62 |  0.3034  0.1497    0.3534     ✅
9DWG_L p2         0.1521 0.08 0.06  0.0 49.12 |  0.3034  0.1497    0.3534     ✅
9DWG_L n8         0.1676 0.24 0.16  0.0 54.12 |  0.3034  0.1497    0.3534     ✅
9DWG_L p8         0.1624 0.24 0.12  0.0 52.46 |  0.3034  0.1497    0.3534     ✅
----------------------------------------------------------------------------------------

通过 48/50（96%）
已写 output/h3_ligand_v13_in10.json
