target 网格: [-34.0, -30.0, -25.0, -20.0, -15.0, -10.0, -5.0, 0.0, 5.0, 10.0, 18.0]  n=20  pH=7.4  backbone=ligand_mpnn
    条件编码器已加载: finetune_epoch030.pt  (epoch=30, n_tokens=4, token_dim=128)
backbone 实际类型: ligand_mpnn

name        L nativeQ  slope    int    r2 group    |  target→均值 示例
101M      154     3.4   1.25    4.2  0.99 trainish | -34→-35.5 ... +3→+6.0
102L      163     8.0   1.28    4.1  0.99 trainish | -34→-36.5 ... +8→+14.4
103L      159     6.0   1.23    3.7  0.99 trainish | -34→-34.6 ... +6→+11.0
105M      153     2.4   1.22    1.7  0.98 trainish | -34→-35.4 ... +2→+2.6
106M      154     3.4   1.22    3.1  0.99 trainish | -34→-35.9 ... +3→+5.9
107L      162     8.0   1.22    3.8  0.99 trainish | -34→-35.1 ... +8→+13.9
111M      154     3.4   1.25    3.6  1.00 trainish | -34→-36.5 ... +3→+6.1
1C6O      177   -14.3   1.21    5.2  1.00 valid    | -34→-34.8 ... -14→-11.9
1AZM      258    -1.7   1.28    5.0  1.00 valid    | -34→-36.2 ... -2→+2.4
1AS2      312    -2.7   1.55   12.8  1.00 valid    | -34→-38.2 ... -3→+6.5
1AXW      528   -18.3   1.58   10.2  1.00 valid    | -34→-42.8 ... -18→-18.5
2FEO      221    -6.9   1.18   -0.7  0.99 valid    | -34→-37.6 ... -7→-10.3
5CQH      183    -5.5   1.04    1.3  1.00 valid    | -34→-32.6 ... -6→-5.2
1CGE      162   -11.7   0.98   -1.7  1.00 valid    | -34→-33.5 ... -12→-13.5
1AG0      256    -8.2   1.20    2.5  0.99 valid    | -34→-38.0 ... -8→-5.0
1A65      504   -26.8   1.10   10.6  1.00 valid    | -34→-25.3 ... -27→-18.5
1BJ4      470     0.4   2.36    8.5  0.99 valid    | -34→-65.8 ... +0→+6.8

=== 斜率汇总（按 group）===
  trainish: n= 7  slope 均值=1.24 ± 0.02   ← 若训练域≈1 而验证域≈2，外推假说坐实
  valid   : n=10  slope 均值=1.35 ± 0.39   ← 若训练域≈1 而验证域≈2，外推假说坐实

结果已写: output/v13_ligand_diag_response.json
