target 网格: [-34.0, -30.0, -25.0, -20.0, -15.0, -10.0, -5.0, 0.0, 5.0, 10.0, 18.0]  n=20  pH=7.4  backbone=ligand_mpnn
    条件编码器已加载: finetune_epoch030.pt  (epoch=30, n_tokens=4, token_dim=128)
backbone 实际类型: ligand_mpnn

name        L nativeQ  slope    int    r2 group    |  target→均值 示例
101M      154     3.4   0.98   -0.6  0.99 trainish | -34→-32.4 ... +3→+1.2
102L      163     8.0   1.00   -0.5  1.00 trainish | -34→-32.8 ... +8→+8.0
103L      159     6.0   0.98   -0.9  0.99 trainish | -34→-32.5 ... +6→+4.0
105M      153     2.4   1.02   -0.7  0.98 trainish | -34→-32.3 ... +2→-0.8
106M      154     3.4   1.01   -0.3  1.00 trainish | -34→-32.9 ... +3→+1.3
107L      162     8.0   0.99   -0.7  1.00 trainish | -34→-33.1 ... +8→+6.2
111M      154     3.4   1.00   -0.4  0.99 trainish | -34→-32.9 ... +3→+1.4
1C6O      177   -14.3   1.00    0.0  1.00 valid    | -34→-33.3 ... -14→-14.3
1AZM      258    -1.7   1.03   -0.2  1.00 valid    | -34→-33.8 ... -2→-3.1
1AS2      312    -2.7   0.96   -1.1  1.00 valid    | -34→-33.5 ... -3→-4.9
1AXW      528   -18.3   1.00   -0.1  1.00 valid    | -34→-33.6 ... -18→-17.9
2FEO      221    -6.9   1.04    0.2  1.00 valid    | -34→-33.0 ... -7→-7.4
5CQH      183    -5.5   1.01    0.1  1.00 valid    | -34→-32.6 ... -6→-6.3
1CGE      162   -11.7   0.99   -0.2  1.00 valid    | -34→-33.0 ... -12→-11.9
1AG0      256    -8.2   1.02    0.2  0.99 valid    | -34→-35.3 ... -8→-6.3
1A65      504   -26.8   0.92   -0.6  1.00 valid    | -34→-30.5 ... -27→-25.9
1BJ4      470     0.4   1.07   -2.0  1.00 valid    | -34→-36.7 ... +0→-1.5

=== 斜率汇总（按 group）===
  trainish: n= 7  slope 均值=1.00 ± 0.01   ← 若训练域≈1 而验证域≈2，外推假说坐实
  valid   : n=10  slope 均值=1.00 ± 0.04   ← 若训练域≈1 而验证域≈2，外推假说坐实

结果已写: output/v13_ligand_diag_calibrated.json
