    条件编码器已加载: finetune_epoch050.pt  (epoch=50, n_tokens=4, token_dim=128)
backbone=ligand_mpnn enc=finetune_epoch050.pt
训练域抽样 60（charge@7.4 范围 [-23.7,21.6]）
1A9U.pdb L=345 nq=-8: -8→-24.4 -4→-17.1 +0→-14.7 +4→-5.8 +8→-3.8
1LJJ.pdb L=258 nq=+14: -8→+11.6 -4→+21.3 +0→+26.6 +4→+35.0 +8→+38.0
1M73.pdb L=288 nq=-2: -8→-17.4 -4→-12.1 +0→-6.4 +4→+0.4 +8→+5.2
1I6S.pdb L=162 nq=+8: -8→-1.0 -4→+2.5 +0→+8.6 +4→+16.4 +8→+19.5
1N43.pdb L=469 nq=-4: -8→-22.1 -4→-16.0 +0→-7.8 +4→-2.9 +8→+1.0
1FRI.pdb L=106 nq=-18: -8→-29.6 -4→-28.2 +0→-22.1 +4→-19.9 +8→-13.4
1L93.pdb L=162 nq=+8: -8→-0.0 -4→+4.5 +0→+10.1 +4→+17.7 +8→+21.9
1IWD.pdb L=215 nq=+4: -8→-4.5 -4→-1.2 +0→+3.9 +4→+10.4 +8→+16.1
1A72.pdb L=374 nq=+3: -8→-8.8 -4→-5.8 +0→+0.4 +4→+5.6 +8→+10.7
1PT6.pdb L=387 nq=-5: -8→-21.9 -4→-15.5 +0→-7.3 +4→-2.1 +8→+6.6
1EPP.pdb L=330 nq=-14: -8→-33.5 -4→-27.7 +0→-23.5 +4→-15.7 +8→-12.1
1GFH.pdb L=130 nq=+7: -8→+1.2 -4→+6.1 +0→+10.5 +4→+15.9 +8→+20.2
1A8E.pdb L=329 nq=-2: -8→-13.8 -4→-7.0 +0→-2.3 +4→+3.5 +8→+8.1
1GWM.pdb L=153 nq=-9: -8→-16.9 -4→-14.8 +0→-9.1 +4→-2.2 +8→-1.4
1KP4.pdb L=122 nq=+0: -8→-8.5 -4→-4.1 +0→+0.1 +4→+3.5 +8→+9.4
1F65.pdb L=154 nq=+4: -8→-1.9 -4→-0.3 +0→+4.0 +4→+6.4 +8→+13.1
1K70.pdb L=423 nq=-14: -8→-32.0 -4→-27.5 +0→-19.1 +4→-13.5 +8→-5.7
1H7N.pdb L=340 nq=-7: -8→-34.5 -4→-21.1 +0→-14.9 +4→-6.8 +8→-3.7
1QF1.pdb L=316 nq=-12: -8→-30.9 -4→-22.1 +0→-18.5 +4→-12.3 +8→-4.6
1KM5.pdb L=212 nq=-7: -8→-18.3 -4→-9.6 +0→-7.9 +4→-1.6 +8→-0.2
1KW0.pdb L=307 nq=-4: -8→-20.8 -4→-10.8 +0→-9.2 +4→-2.3 +8→+1.0
1NZ7.pdb L=282 nq=-2: -8→-15.9 -4→-8.5 +0→-2.6 +4→+2.0 +8→+7.2
1GUU.pdb L=50 nq=+1: -8→-4.4 -4→-2.7 +0→+0.3 +4→+2.3 +8→+5.7
1N5J.pdb L=208 nq=+1: -8→-7.1 -4→-2.0 +0→-0.7 +4→+4.2 +8→+6.9
1KLZ.pdb L=209 nq=-7: -8→-19.3 -4→-11.8 +0→-9.7 +4→-4.4 +8→+0.9
1MAI.pdb L=119 nq=+1: -8→-7.8 -4→-1.2 +0→-0.4 +4→+3.2 +8→+7.3
1KP2.pdb L=431 nq=-16: -8→-67.1 -4→-58.6 +0→-50.1 +4→-42.5 +8→-29.3
1LDA.pdb L=254 nq=+1: -8→-4.3 -4→+1.8 +0→+2.3 +4→+9.7 +8→+11.5
1KO8.pdb L=340 nq=-10: -8→-28.2 -4→-21.9 +0→-16.4 +4→-9.9 +8→-5.0
1N0I.pdb L=309 nq=-22: -8→-38.4 -4→-36.9 +0→-33.1 +4→-25.8 +8→-18.1
1QK5.pdb L=432 nq=-4: -8→-11.3 -4→-7.4 +0→-6.1 +4→+0.5 +8→+6.0
1CCL.pdb L=291 nq=-10: -8→-22.1 -4→-17.0 +0→-14.4 +4→-10.2 +8→-4.4
1FJW.pdb L=316 nq=-12: -8→-27.5 -4→-19.2 +0→-15.8 +4→-8.6 +8→-4.1
1J53.pdb L=174 nq=-7: -8→-21.0 -4→-14.2 +0→-9.1 +4→-4.9 +8→-0.7
13OG.pdb L=313 nq=+1: -8→-10.8 -4→-4.5 +0→-2.4 +4→+7.0 +8→+12.2
1KVR.pdb L=338 nq=-8: -8→-21.3 -4→-14.4 +0→-10.7 +4→-5.1 +8→-0.5
1DQ4.pdb L=444 nq=-10: -8→-23.0 -4→-19.1 +0→-11.3 +4→-3.8 +8→-4.0
1L99.pdb L=164 nq=+8: -8→-3.5 -4→+3.3 +0→+5.2 +4→+17.1 +8→+20.4
1JVP.pdb L=268 nq=+9: -8→+0.6 -4→+5.0 +0→+13.9 +4→+20.3 +8→+26.7
1JMS.pdb L=360 nq=-4: -8→-16.6 -4→-14.5 +0→-7.9 +4→+1.1 +8→+10.2
1IWM.pdb L=354 nq=+2: -8→-5.6 -4→-4.3 +0→+5.2 +4→+11.1 +8→+25.0
1S2D.pdb L=499 nq=-20: -8→-52.6 -4→-45.3 +0→-43.8 +4→-33.5 +8→-28.0
1MRX.pdb L=198 nq=+6: -8→-5.1 -4→+0.8 +0→+7.6 +4→+14.8 +8→+20.0
1O0O.pdb L=248 nq=+6: -8→-1.5 -4→+1.4 +0→+12.9 +4→+16.3 +8→+24.7
1FQ4.pdb L=329 nq=-23: -8→-35.1 -4→-39.3 +0→-32.5 +4→-24.8 +8→-18.7
1BQY.pdb L=468 nq=-14: -8→-57.1 -4→-46.4 +0→-37.5 +4→-26.1 +8→-15.1
1EU4.pdb L=204 nq=+0: -8→-5.8 -4→-0.3 +0→+4.0 +4→+6.4 +8→+13.0
1D8U.pdb L=330 nq=+0: -8→-18.2 -4→-4.4 +0→+1.0 +4→+8.9 +8→+13.9
1KT6.pdb L=175 nq=-6: -8→-14.1 -4→-7.2 +0→-5.4 +4→-2.1 +8→+2.9
1E9C.pdb L=209 nq=+2: -8→-5.3 -4→-2.8 +0→-0.9 +4→+6.1 +8→+8.6
1E82.pdb L=330 nq=-14: -8→-36.3 -4→-28.5 +0→-23.9 +4→-17.6 +8→-13.9
1OM8.pdb L=452 nq=-24: -8→-54.4 -4→-48.4 +0→-46.6 +4→-35.0 +8→-30.7
1IMV.pdb L=375 nq=-2: -8→-12.6 -4→-5.7 +0→-2.5 +4→+6.1 +8→+13.3
1ONG.pdb L=265 nq=-1: -8→-13.6 -4→-7.4 +0→-0.8 +4→+3.0 +8→+7.2
1P2U.pdb L=162 nq=-7: -8→-19.0 -4→-13.0 +0→-8.6 +4→-5.1 +8→+1.1
2DVI_A.pdb L=431 nq=-1: -8→-25.5 -4→-11.3 +0→-5.2 +4→+7.3 +8→+19.5
2FVR_A.pdb L=255 nq=+3: -8→-6.2 -4→-3.2 +0→+0.0 +4→+5.6 +8→+8.0
3SI8_A.pdb L=422 nq=+7: -8→-3.5 -4→+1.9 +0→+17.2 +4→+26.7 +8→+35.9
4YBB_AL.pdb L=122 nq=+22: -8→+18.3 -4→+22.6 +0→+26.4 +4→+25.4 +8→+27.5
8KBC_E.pdb L=130 nq=-4: -8→-20.2 -4→-14.7 +0→-6.7 +4→-1.7 +8→+4.0
已写 output/charge_calibration_v14_big.json: global slope=1.520 inter=-0.855 n_point=300（60 域，纯训练域，无 valid 混入）
