target 网格: [-34.0, -30.0, -25.0, -20.0, -15.0, -10.0, -5.0, 0.0, 5.0, 10.0, 18.0]  n=20  pH=7.4  backbone=auto
    条件编码器已加载: condition_encoder_last.pt  (epoch=last, n_tokens=4, token_dim=128)
backbone 实际类型: protein_mpnn

name        L nativeQ  slope    int    r2 group    |  target→均值 示例
7pujA01   283   -12.0   1.45   -5.7  0.97 trainish | -34→-57.0 ... -12→-19.7
1d5yB03   168   -11.2   1.54   -4.4  1.00 trainish | -34→-55.6 ... -11→-22.1
6jixA02   270   -10.6   1.18   -3.7  0.97 trainish | -34→-47.2 ... -11→-12.9
1l3eB00   101     8.3   1.72   -5.0  0.99 trainish | -34→-63.2 ... +8→+8.3
2d3yA00   219     8.8   1.11   -1.4  0.99 trainish | -34→-39.6 ... +9→+8.2
8etcb01   146    14.1   1.34   -7.1  0.98 trainish | -34→-48.2 ... +14→+10.4
2uv8A05   617   -16.0   2.28  -11.1  0.97 trainish | -34→-96.7 ... -16→-43.2
1C6O      177   -14.3   1.35   -0.3  1.00 valid    | -34→-46.6 ... -14→-19.5
1AZM      258    -1.7   1.32   -3.3  0.94 valid    | -34→-52.9 ... -2→+0.2
1AS2      312    -2.7   2.09   -9.3  0.98 valid    | -34→-81.4 ... -3→-10.5
1AXW      528   -18.3   1.84   -6.0  0.97 valid    | -34→-74.7 ... -18→-36.5
2FEO      221    -6.9   1.48   -5.4  0.97 valid    | -34→-61.5 ... -7→-12.5
5CQH      183    -5.5   1.29   -4.4  0.98 valid    | -34→-49.0 ... -6→-9.1
1CGE      162   -11.7   1.10   -3.2  0.98 valid    | -34→-42.4 ... -12→-13.0
1AG0      256    -8.2   2.33   -8.2  0.99 valid    | -34→-89.2 ... -8→-21.1
1A65      504   -26.8   1.68   -6.0  0.97 valid    | -34→-67.6 ... -27→-53.5
1BJ4      470     0.4   2.62   -6.5  0.98 valid    | -34→-100.5 ... +0→+0.2

=== 斜率汇总（按 group）===
  trainish: n= 7  slope 均值=1.52 ± 0.37   ← 若训练域≈1 而验证域≈2，外推假说坐实
  valid   : n=10  slope 均值=1.71 ± 0.47   ← 若训练域≈1 而验证域≈2，外推假说坐实

结果已写: output/v7_diag_response.json
