[08:37:05] === ConfuMPNN Phase 2 条件微调启动（v10）===
[08:37:05] device=cuda:6  epochs=16  lr=0.001  λ_c=0.5  λ_kl=0.05  λ_keep=0.5  perturb_prob=0.3  perturb_scale=4.0  placeholder_prob=0.15  charge_temp=0.5
[08:37:05] [v11 A-fix] 绝对 target 采样开：target ∈ Uniform[-35.0, 20.0]，与 native 无关（覆盖验证深负靶区）
[08:37:05] [v12] 训练侧监督开：组成双计数(floor=0.5) + GRAVY(margin=0.4)  λ_v12=0.2  λ_target=0.2  SASA θ=0.25
[08:37:05] [A1 global] 计数锚覆盖 surface∪pocket：floor=0.8 ceil=1.3 λ_pocket=0.3 cutoff=8.0
[08:37:05] backbone: MoMPNN 冻结（2.62M 参数，不更新）
[08:37:05] ConditionEncoder 可训练（74880 参数，唯一更新对象）
[08:37:06] 数据：1364 结构域 × 8 pH = 10912 样本（ablation/data/labels_ablate_lig.npz）
[08:37:06]   ℹ️ 1JCG.pdb 分区 pocket=53/335 core=140 surface=153
[08:37:07]   ℹ️ 1GRB.pdb 分区 pocket=87/461 core=182 surface=226
[08:37:07]   ℹ️ 1EST.pdb resnum 对齐 228/240（12 个非标准/parse独有残基 frac=0）
[08:37:07]   ℹ️ 1EST.pdb 分区 pocket=27/240 core=127 surface=103
[08:37:08]   ℹ️ 1ITO.pdb 分区 pocket=26/251 core=119 surface=116
[08:37:08]   ℹ️ 1MHU.pdb 分区 pocket=29/31 core=0 surface=23
[08:37:08]   ℹ️ 1EXM.pdb 分区 pocket=35/403 core=201 surface=177
[08:37:09]   ℹ️ 1D1G.pdb 分区 pocket=117/328 core=110 surface=156
[08:37:09]   ℹ️ 1ASC.pdb 分区 pocket=30/396 core=187 surface=183
[08:37:10]   ℹ️ 1DF7.pdb 分区 pocket=83/159 core=29 surface=82
[08:37:10]   ℹ️ 1BQE.pdb 分区 pocket=41/295 core=122 surface=149
[08:37:10]   ℹ️ 1P0E.pdb 分区 pocket=42/363 core=176 surface=154
[08:37:11]   ℹ️ 1BCD.pdb 分区 pocket=34/258 core=110 surface=119
[08:37:11]   ℹ️ 1L69.pdb 分区 pocket=18/162 core=66 surface=88
[08:37:11]   ℹ️ 1L70.pdb 分区 pocket=33/162 core=56 surface=88
[08:37:11]   ℹ️ 1IIP.pdb 分区 pocket=12/297 core=126 surface=162
[08:37:11]   ℹ️ 1LF0.pdb 分区 pocket=42/166 core=62 surface=84
[08:37:11]   ℹ️ 1JFK.pdb 分区 pocket=47/134 core=20 surface=99
[08:37:12]   ℹ️ 1KEI.pdb 分区 pocket=47/318 core=146 surface=141
[08:37:12]   ℹ️ 1DJL.pdb 分区 pocket=99/364 core=141 surface=174
[08:37:13]   ℹ️ 1NDJ.pdb 分区 pocket=131/468 core=173 surface=212
[08:37:14]   ℹ️ 1HP5.pdb 分区 pocket=57/499 core=268 surface=195
[08:37:14]   ℹ️ 1LU1.pdb 分区 pocket=51/253 core=97 surface=122
[08:37:14]   ℹ️ 1CBK.pdb 分区 pocket=53/320 core=129 surface=150
[08:37:15]   ℹ️ 1NUB.pdb 分区 pocket=80/442 core=178 surface=234
[08:37:15]   ℹ️ 1LGD.pdb 分区 pocket=15/257 core=120 surface=122
[08:37:16]   ℹ️ 1NFS.pdb 分区 pocket=56/356 core=146 surface=156
[08:37:16]   ℹ️ 1BS9.pdb 分区 pocket=19/207 core=102 surface=96
[08:37:16]   ℹ️ 1G5N.pdb 分区 pocket=80/318 core=128 surface=161
[08:37:17]   ℹ️ 1KFW.pdb 分区 pocket=58/435 core=224 surface=173
[08:37:17]   ℹ️ 1GVW.pdb 分区 pocket=61/328 core=142 surface=155
[08:37:18]   ℹ️ 1S38.pdb 分区 pocket=47/364 core=171 surface=156
[08:37:18]   ℹ️ 1GBG.pdb 分区 pocket=11/214 core=102 surface=105
[08:37:18]   ℹ️ 1B54.pdb 分区 pocket=21/230 core=108 surface=107
[08:37:18]   ℹ️ 1JBK.pdb 分区 pocket=9/189 core=78 surface=108
[08:37:18]   ℹ️ 1SB8.pdb 分区 pocket=87/341 core=124 surface=155
[08:37:19]   ℹ️ 1C3S.pdb 分区 pocket=30/372 core=210 surface=140
[08:37:19]   ℹ️ 1A6N.pdb 分区 pocket=47/151 core=40 surface=85
[08:37:19]   ℹ️ 1I6S.pdb 分区 pocket=24/162 core=60 surface=89
[08:37:19]   ℹ️ 1I5G.pdb 分区 pocket=14/144 core=67 surface=72
[08:37:19]   ℹ️ 1AFK.pdb 分区 pocket=51/248 core=79 surface=142
[08:37:20]   ℹ️ 1HO8.pdb 分区 pocket=10/447 core=239 surface=204
[08:37:21]   ℹ️ 1RZ6.pdb 分区 pocket=121/312 core=78 surface=153
[08:37:21]   ℹ️ 1CRM.pdb 分区 pocket=40/256 core=108 surface=120
[08:37:21]   ℹ️ 1KDR.pdb 分区 pocket=83/442 core=162 surface=224
[08:37:22]   ℹ️ 1LRJ.pdb 分区 pocket=96/338 core=130 surface=145
[08:37:22]   ℹ️ 1K97.pdb 分区 pocket=26/433 core=183 surface=228
[08:37:22]   ℹ️ 1GDV.pdb 分区 pocket=40/85 core=10 surface=56
[08:37:22]   ℹ️ 1KNT.pdb 分区 pocket=12/55 core=12 surface=40
[08:37:22]   ℹ️ 1P2X.pdb 分区 pocket=58/153 core=50 surface=81
[08:37:23]   ℹ️ 1LFA.pdb 分区 pocket=32/365 core=167 surface=181
[08:37:23]   ℹ️ 1EYT.pdb 分区 pocket=32/83 core=8 surface=56
[08:37:23]   ℹ️ 1EWO.pdb resnum 对齐 196/215（19 个非标准/parse独有残基 frac=0）
[08:37:23]   ℹ️ 1EWO.pdb 分区 pocket=30/215 core=109 surface=87
[08:37:24]   ℹ️ 1NZD.pdb 分区 pocket=54/351 core=156 surface=158
[08:37:24]   ℹ️ 1G12.pdb 分区 pocket=27/167 core=68 surface=84
[08:37:24]   ℹ️ 1HFP.pdb 分区 pocket=64/186 core=50 surface=102
[08:37:24]   ℹ️ 1DXD.pdb 分区 pocket=74/153 core=31 surface=87
[08:37:24]   ℹ️ 1L80.pdb 分区 pocket=26/162 core=58 surface=90
[08:37:25]   ℹ️ 1FK2.pdb 分区 pocket=40/93 core=13 surface=62
[08:37:26]   ℹ️ 1H62.pdb 分区 pocket=43/364 core=185 surface=148
[08:37:26]   ℹ️ 1NW8.pdb 分区 pocket=22/272 core=121 surface=138
[08:37:26]   ℹ️ 1BT8.pdb 分区 pocket=20/402 core=180 surface=202
[08:37:27]   ℹ️ 1J6Z.pdb 分区 pocket=92/368 core=140 surface=180
[08:37:27]   ℹ️ 1OIK.pdb 分区 pocket=56/494 core=235 surface=217
[08:37:28]   ℹ️ 1LYF.pdb 分区 pocket=23/162 core=62 surface=88
[08:37:28]   ℹ️ 1PXB.pdb 分区 pocket=68/394 core=162 surface=180
[08:37:28]   ℹ️ 1I0R.pdb 分区 pocket=35/329 core=151 surface=157
[08:37:29]   ℹ️ 1PZM.pdb 分区 pocket=56/340 core=167 surface=140
[08:37:30]   ℹ️ 1KGI.pdb 分区 pocket=63/481 core=213 surface=211
[08:37:30]   ℹ️ 1HTW.pdb 分区 pocket=117/474 core=171 surface=231
[08:37:31]   ℹ️ 1AOC.pdb 分区 pocket=14/304 core=149 surface=148
[08:37:31]   ℹ️ 1L8L.pdb 分区 pocket=46/444 core=191 surface=220
[08:37:31]   ℹ️ 1DHR.pdb 分区 pocket=44/236 core=92 surface=116
[08:37:32]   ℹ️ 1AY2.pdb 分区 pocket=13/158 core=55 surface=100
[08:37:32]   ℹ️ 13ZD.pdb 分区 pocket=141/457 core=172 surface=224
[08:37:33]   ℹ️ 1G58.pdb 分区 pocket=29/392 core=214 surface=160
[08:37:33]   ℹ️ 1F77.pdb 分区 pocket=55/424 core=199 surface=204
[08:37:33]   ℹ️ 1AAL.pdb 分区 pocket=7/115 core=36 surface=77
[08:37:34]   ℹ️ 1RC0.pdb 分区 pocket=59/400 core=179 surface=188
[08:37:35]   ℹ️ 1LML.pdb 分区 pocket=12/465 core=245 surface=210
[08:37:35]   ℹ️ 1GII.pdb 分区 pocket=30/279 core=121 surface=139
[08:37:35]   ℹ️ 1BU3.pdb 分区 pocket=25/108 core=27 surface=71
[08:37:35]   ℹ️ 1IA5.pdb 分区 pocket=57/339 core=156 surface=162
[08:37:35]   ℹ️ 1LKP.pdb 分区 pocket=48/190 core=56 surface=111
[08:37:36]   ℹ️ 1HBY.pdb 分区 pocket=15/122 core=45 surface=68
[08:37:36]   ℹ️ 1AAW.pdb 分区 pocket=28/396 core=186 surface=186
[08:37:36]   ℹ️ 1OSS.pdb resnum 对齐 202/223（21 个非标准/parse独有残基 frac=0）
[08:37:36]   ℹ️ 1OSS.pdb 分区 pocket=44/223 core=108 surface=87
[08:37:37]   ℹ️ 1OXS.pdb 分区 pocket=144/352 core=111 surface=179
[08:37:37]   ℹ️ 1LUE.pdb 分区 pocket=39/154 core=47 surface=91
[08:37:37]   ℹ️ 1JF9.pdb 分区 pocket=30/405 core=208 surface=173
[08:37:37]   ℹ️ 1C3W.pdb 分区 pocket=120/222 core=51 surface=107
[08:37:38]   ℹ️ 1F5V.pdb 分区 pocket=67/480 core=250 surface=186
[08:37:39]   ℹ️ 1KKH.pdb 分区 pocket=28/317 core=163 surface=133
[08:37:39]   ℹ️ 1BHT.pdb 分区 pocket=60/350 core=145 surface=177
[08:37:39]   ℹ️ 1BGP.pdb 分区 pocket=75/309 core=121 surface=133
[08:37:39]   ℹ️ 1B6P.pdb 分区 pocket=94/194 core=41 surface=98
[08:37:40]   ℹ️ 1DQN.pdb 分区 pocket=73/460 core=214 surface=204
[08:37:41]   ℹ️ 1GS7.pdb 分区 pocket=33/334 core=154 surface=154
[08:37:41]   ℹ️ 1CJ3.pdb 分区 pocket=66/392 core=165 surface=175
[08:37:41]   ℹ️ 1J5L.pdb 分区 pocket=28/30 core=0 surface=23
[08:37:41]   ℹ️ 1CCP.pdb 分区 pocket=48/293 core=133 surface=126
[08:37:42]   ℹ️ 1E9A.pdb 分区 pocket=49/209 core=75 surface=101
[08:37:42]   ℹ️ 1MY6.pdb 分区 pocket=24/396 core=182 surface=190
[08:37:43]   ℹ️ 1BE4.pdb 分区 pocket=57/453 core=213 surface=204
[08:37:43]   ℹ️ 1E3R.pdb 分区 pocket=48/251 core=98 surface=119
[08:37:43]   ℹ️ 1EW6.pdb 分区 pocket=81/274 core=78 surface=156
[08:37:43]   ℹ️ 1CVE.pdb 分区 pocket=24/255 core=116 surface=120
[08:37:44]   ℹ️ 1JVL.pdb 分区 pocket=61/256 core=86 surface=134
[08:37:44]   ℹ️ 1NNF.pdb 分区 pocket=19/308 core=160 surface=135
[08:37:45]   ℹ️ 1GNW.pdb 分区 pocket=75/420 core=186 surface=186
[08:37:45]   ℹ️ 1MKQ.pdb 分区 pocket=60/294 core=129 surface=123
[08:37:46]   ℹ️ 1KRM.pdb 分区 pocket=30/349 core=176 surface=145
[08:37:46]   ℹ️ 13PJ.pdb 分区 pocket=51/313 core=142 surface=149
[08:37:46]   ℹ️ 1PPV.pdb 分区 pocket=55/356 core=145 surface=158
[08:37:46]   ℹ️ 1N6N.pdb 分区 pocket=51/167 core=59 surface=83
[08:37:46]   ℹ️ 1NWN.pdb 分区 pocket=65/290 core=104 surface=142
[08:37:47]   ℹ️ 1C2H.pdb resnum 对齐 217/223（6 个非标准/parse独有残基 frac=0）
[08:37:47]   ℹ️ 1C2H.pdb 分区 pocket=51/223 core=88 surface=100
[08:37:47]   ℹ️ 1B74.pdb 分区 pocket=23/252 core=111 surface=122
[08:37:47]   ℹ️ 1GRP.pdb 分区 pocket=17/414 core=211 surface=195
[08:37:48]   ℹ️ 1C3I.pdb 分区 pocket=119/343 core=121 surface=155
[08:37:48]   ℹ️ 1KDO.pdb 分区 pocket=107/446 core=146 surface=228
[08:37:48]   ℹ️ 1M7V.pdb 分区 pocket=42/362 core=158 surface=175
[08:37:48]   ℹ️ 11QE.pdb 分区 pocket=33/168 core=57 surface=96
[08:37:48]   ℹ️ 1CC8.pdb 分区 pocket=26/72 core=19 surface=45
[08:37:49]   ℹ️ 1GZA.pdb 分区 pocket=95/336 core=117 surface=149
[08:37:49]   ℹ️ 1N68.pdb 分区 pocket=53/464 core=236 surface=183
[08:37:49]   ℹ️ 1DQV.pdb 分区 pocket=27/275 core=108 surface=161
[08:37:49]   ℹ️ 1J5D.pdb 分区 pocket=23/98 core=21 surface=63
[08:37:49]   ℹ️ 1J1T.pdb 分区 pocket=20/228 core=111 surface=107
[08:37:50]   ℹ️ 1RBZ.pdb 分区 pocket=85/400 core=155 surface=200
[08:37:50]   ℹ️ 1E31.pdb 分区 pocket=40/274 core=64 surface=178
[08:37:51]   ℹ️ 1F8Y.pdb 分区 pocket=56/312 core=127 surface=136
[08:37:51]   ℹ️ 1I27.pdb 分区 pocket=8/73 core=17 surface=53
[08:37:51]   ℹ️ 1HVS.pdb 分区 pocket=41/198 core=75 surface=100
[08:37:51]   ℹ️ 1LCE.pdb 分区 pocket=36/316 core=140 surface=154
[08:37:52]   ℹ️ 1LUG.pdb 分区 pocket=55/259 core=100 surface=118
[08:37:52]   ℹ️ 1BAG.pdb 分区 pocket=64/425 core=214 surface=166
[08:37:52]   ℹ️ 1OFJ.pdb 分区 pocket=39/154 core=48 surface=91
[08:37:52]   ℹ️ 1EBY.pdb 分区 pocket=43/198 core=69 surface=100
[08:37:53]   ℹ️ 1CZM.pdb 分区 pocket=47/260 core=104 surface=122
[08:37:53]   ℹ️ 1H08.pdb 分区 pocket=51/283 core=117 surface=139
[08:37:53]   ℹ️ 1H7T.pdb 分区 pocket=35/486 core=251 surface=214
[08:37:54]   ℹ️ 1BIF.pdb 分区 pocket=81/432 core=168 surface=200
[08:37:54]   ℹ️ 1B56.pdb 分区 pocket=25/133 core=38 surface=79
[08:37:54]   ℹ️ 1MRJ.pdb 分区 pocket=21/247 core=117 surface=113
[08:37:55]   ℹ️ 1DMW.pdb 分区 pocket=36/307 core=138 surface=141
[08:37:55]   ℹ️ 1LQP.pdb 分区 pocket=59/268 core=106 surface=126
[08:37:56]   ℹ️ 1C9O.pdb 分区 pocket=26/132 core=39 surface=88
[08:37:56]   ℹ️ 1KEA.pdb 分区 pocket=43/217 core=88 surface=109
[08:37:56]   ℹ️ 1MJK.pdb 分区 pocket=10/208 core=88 surface=116
[08:37:56]   ℹ️ 1BP1.pdb 分区 pocket=110/456 core=147 surface=239
[08:37:57]   ℹ️ 1J8U.pdb 分区 pocket=35/307 core=138 surface=143
[08:37:57]   ℹ️ 1OUK.pdb 分区 pocket=46/348 core=140 surface=178
[08:37:57]   ℹ️ 1HF6.pdb 分区 pocket=57/300 core=146 surface=124
[08:37:58]   ℹ️ 1DPX.pdb 分区 pocket=17/129 core=50 surface=69
[08:37:58]   ℹ️ 1R8A.pdb 分区 pocket=27/437 core=191 surface=230
[08:37:58]   ℹ️ 1DR4.pdb 分区 pocket=61/186 core=51 surface=101
[08:37:59]   ℹ️ 1JQF.pdb 分区 pocket=32/329 core=153 surface=148
[08:37:59]   ℹ️ 1D6Q.pdb 分区 pocket=25/130 core=46 surface=70
[08:37:59]   ℹ️ 1GB9.pdb 分区 pocket=0/130 core=60 surface=70
[08:38:00]   ℹ️ 1JXJ.pdb 分区 pocket=38/495 core=266 surface=197
[08:38:00]   ℹ️ 1O32.pdb resnum 对齐 212/223（11 个非标准/parse独有残基 frac=0）
[08:38:00]   ℹ️ 1O32.pdb 分区 pocket=33/223 core=109 surface=96
[08:38:00]   ℹ️ 1F9F.pdb 分区 pocket=25/311 core=132 surface=164
[08:38:01]   ℹ️ 1A72.pdb 分区 pocket=62/374 core=166 surface=166
[08:38:01]   ℹ️ 1N6P.pdb 分区 pocket=38/164 core=61 surface=81
[08:38:01]   ℹ️ 1ITG.pdb 分区 pocket=22/142 core=51 surface=77
[08:38:02]   ℹ️ 1DQI.pdb 分区 pocket=49/486 core=260 surface=186
[08:38:03]   ℹ️ 1PT6.pdb 分区 pocket=55/387 core=198 surface=156
[08:38:03]   ℹ️ 1HKJ.pdb 分区 pocket=38/364 core=185 surface=147
[08:38:04]   ℹ️ 1CWV.pdb 分区 pocket=13/484 core=199 surface=280
[08:38:04]   ℹ️ 1BQO.pdb 分区 pocket=116/342 core=114 surface=160
[08:38:04]   ℹ️ 1C6A.pdb 分区 pocket=41/162 core=47 surface=90
[08:38:04]   ℹ️ 1CNE.pdb 分区 pocket=40/260 core=107 surface=132
[08:38:05]   ℹ️ 1O2J.pdb resnum 对齐 212/223（11 个非标准/parse独有残基 frac=0）
[08:38:05]   ℹ️ 1O2J.pdb 分区 pocket=56/223 core=95 surface=97
[08:38:05]   ℹ️ 1NGF.pdb 分区 pocket=44/382 core=175 surface=172
[08:38:05]   ℹ️ 1K0J.pdb 分区 pocket=82/394 core=171 surface=172
[08:38:06]   ℹ️ 1G4J.pdb 分区 pocket=49/258 core=103 surface=120
[08:38:06]   ℹ️ 1H63.pdb 分区 pocket=34/364 core=188 surface=148
[08:38:06]   ℹ️ 1C9Q.pdb 分区 pocket=18/117 core=22 surface=84
[08:38:07]   ℹ️ 1G3U.pdb 分区 pocket=47/208 core=69 surface=103
[08:38:07]   ℹ️ 1CHZ.pdb 分区 pocket=3/64 core=24 surface=40
[08:38:07]   ℹ️ 1SM2.pdb 分区 pocket=70/486 core=192 surface=248
[08:38:08]   ℹ️ 1FS9.pdb 分区 pocket=152/471 core=154 surface=224
[08:38:08]   ℹ️ 1F4P.pdb 分区 pocket=38/147 core=51 surface=79
[08:38:09]   ℹ️ 1ME7.pdb 分区 pocket=53/365 core=164 surface=173
[08:38:09]   ℹ️ 1SED.pdb 分区 pocket=127/334 core=105 surface=175
[08:38:09]   ℹ️ 1EPP.pdb resnum 对齐 311/330（19 个非标准/parse独有残基 frac=0）
[08:38:09]   ℹ️ 1EPP.pdb 分区 pocket=50/330 core=156 surface=143
[08:38:09]   ℹ️ 1BPQ.pdb 分区 pocket=11/123 core=42 surface=74
[08:38:10]   ℹ️ 1NJC.pdb 分区 pocket=22/316 core=149 surface=153
[08:38:10]   ℹ️ 1DXY.pdb 分区 pocket=57/330 core=132 surface=165
[08:38:10]   ℹ️ 1FKH.pdb 分区 pocket=20/107 core=34 surface=61
[08:38:10]   ℹ️ 1MQI.pdb 分区 pocket=27/260 core=107 surface=131
[08:38:11]   ℹ️ 1GAZ.pdb 分区 pocket=0/130 core=61 surface=69
[08:38:12]   ℹ️ 1PPI.pdb 分区 pocket=52/496 core=258 surface=199
[08:38:12]   ℹ️ 10GS.pdb 分区 pocket=90/416 core=174 surface=190
[08:38:13]   ℹ️ 1MWD.pdb 分区 pocket=70/306 core=92 surface=176
[08:38:13]   ℹ️ 1S2A.pdb 分区 pocket=61/315 core=127 surface=142
FreeSASA: warning: atom 'UNK  N  ' unknown, guessing element is ' N', and radius 1.550 A
FreeSASA: warning: atom 'UNK  CA ' unknown, guessing element is ' C', and radius 1.700 A
FreeSASA: warning: atom 'UNK  C  ' unknown, guessing element is ' C', and radius 1.700 A
FreeSASA: warning: atom 'UNK  O  ' unknown, guessing element is ' O', and radius 1.520 A
FreeSASA: warning: atom 'UNK  N  ' unknown, guessing element is ' N', and radius 1.550 A
FreeSASA: warning: atom 'UNK  CA ' unknown, guessing element is ' C', and radius 1.700 A
FreeSASA: warning: atom 'UNK  C  ' unknown, guessing element is ' C', and radius 1.700 A
FreeSASA: warning: atom 'UNK  O  ' unknown, guessing element is ' O', and radius 1.520 A
FreeSASA: warning: atom 'UNK  N  ' unknown, guessing element is ' N', and radius 1.550 A
FreeSASA: warning: atom 'UNK  CA ' unknown, guessing element is ' C', and radius 1.700 A
FreeSASA: warning: atom 'UNK  C  ' unknown, guessing element is ' C', and radius 1.700 A
FreeSASA: warning: atom 'UNK  O  ' unknown, guessing element is ' O', and radius 1.520 A
FreeSASA: warning: atom 'UNK  N  ' unknown, guessing element is ' N', and radius 1.550 A
FreeSASA: warning: atom 'UNK  CA ' unknown, guessing element is ' C', and radius 1.700 A
FreeSASA: warning: atom 'UNK  C  ' unknown, guessing element is ' C', and radius 1.700 A
FreeSASA: warning: atom 'UNK  O  ' unknown, guessing element is ' O', and radius 1.520 A
FreeSASA: warning: atom 'UNK  N  ' unknown, guessing element is ' N', and radius 1.550 A
FreeSASA: warning: atom 'UNK  CA ' unknown, guessing element is ' C', and radius 1.700 A
FreeSASA: warning: atom 'UNK  C  ' unknown, guessing element is ' C', and radius 1.700 A
FreeSASA: warning: atom 'UNK  O  ' unknown, guessing element is ' O', and radius 1.520 A
FreeSASA: warning: atom 'UNK  N  ' unknown, guessing element is ' N', and radius 1.550 A
FreeSASA: warning: atom 'UNK  CA ' unknown, guessing element is ' C', and radius 1.700 A
FreeSASA: warning: atom 'UNK  C  ' unknown, guessing element is ' C', and radius 1.700 A
FreeSASA: warning: atom 'UNK  O  ' unknown, guessing element is ' O', and radius 1.520 A
FreeSASA: warning: atom 'UNK  N  ' unknown, guessing element is ' N', and radius 1.550 A
FreeSASA: warning: atom 'UNK  CA ' unknown, guessing element is ' C', and radius 1.700 A
FreeSASA: warning: atom 'UNK  C  ' unknown, guessing element is ' C', and radius 1.700 A
FreeSASA: warning: atom 'UNK  O  ' unknown, guessing element is ' O', and radius 1.520 A
FreeSASA: warning: atom 'UNK  N  ' unknown, guessing element is ' N', and radius 1.550 A
FreeSASA: warning: atom 'UNK  CA ' unknown, guessing element is ' C', and radius 1.700 A
FreeSASA: warning: atom 'UNK  C  ' unknown, guessing element is ' C', and radius 1.700 A
FreeSASA: warning: atom 'UNK  O  ' unknown, guessing element is ' O', and radius 1.520 A
FreeSASA: warning: atom 'UNK  N  ' unknown, guessing element is ' N', and radius 1.550 A
FreeSASA: warning: atom 'UNK  CA ' unknown, guessing element is ' C', and radius 1.700 A
FreeSASA: warning: atom 'UNK  C  ' unknown, guessing element is ' C', and radius 1.700 A
FreeSASA: warning: atom 'UNK  O  ' unknown, guessing element is ' O', and radius 1.520 A
FreeSASA: warning: atom 'UNK  N  ' unknown, guessing element is ' N', and radius 1.550 A
FreeSASA: warning: atom 'UNK  CA ' unknown, guessing element is ' C', and radius 1.700 A
FreeSASA: warning: atom 'UNK  C  ' unknown, guessing element is ' C', and radius 1.700 A
FreeSASA: warning: atom 'UNK  O  ' unknown, guessing element is ' O', and radius 1.520 A
FreeSASA: warning: atom 'UNK  N  ' unknown, guessing element is ' N', and radius 1.550 A
FreeSASA: warning: atom 'UNK  CA ' unknown, guessing element is ' C', and radius 1.700 A
FreeSASA: warning: atom 'UNK  C  ' unknown, guessing element is ' C', and radius 1.700 A
FreeSASA: warning: atom 'UNK  O  ' unknown, guessing element is ' O', and radius 1.520 A
FreeSASA: warning: atom 'UNK  N  ' unknown, guessing element is ' N', and radius 1.550 A
FreeSASA: warning: atom 'UNK  CA ' unknown, guessing element is ' C', and radius 1.700 A
FreeSASA: warning: atom 'UNK  C  ' unknown, guessing element is ' C', and radius 1.700 A
FreeSASA: warning: atom 'UNK  O  ' unknown, guessing element is ' O', and radius 1.520 A
FreeSASA: warning: atom 'UNK  N  ' unknown, guessing element is ' N', and radius 1.550 A
FreeSASA: warning: atom 'UNK  CA ' unknown, guessing element is ' C', and radius 1.700 A
FreeSASA: warning: atom 'UNK  C  ' unknown, guessing element is ' C', and radius 1.700 A
FreeSASA: warning: atom 'UNK  O  ' unknown, guessing element is ' O', and radius 1.520 A
FreeSASA: warning: atom 'UNK  OXT' unknown, guessing element is ' O', and radius 1.520 A
[08:38:13]   ⚠️ 155C.pdb SASA/pocket 分区失败: freesasa 计算失败: Error: Radius is <= 0 (-1.0) for the residue: UNK, atom:  N  （跳过 v12 监督）
[08:38:14]   ℹ️ 1JFC.pdb 分区 pocket=62/399 core=162 surface=193
[08:38:14]   ℹ️ 1KVS.pdb 分区 pocket=92/338 core=129 surface=146
[08:38:15]   ℹ️ 1DGL.pdb 分区 pocket=76/474 core=230 surface=196
[08:38:15]   预解析+encode 200/1364（跳过 0）
[08:38:16]   ℹ️ 1IX6.pdb 分区 pocket=37/396 core=184 surface=186
[08:38:16]   ℹ️ 1JSE.pdb 分区 pocket=12/129 core=53 surface=70
[08:38:16]   ℹ️ 1OAL.pdb 分区 pocket=26/150 core=44 surface=83
[08:38:16]   ℹ️ 1MAU.pdb 分区 pocket=104/328 core=99 surface=161
[08:38:16]   ℹ️ 1A2S.pdb 分区 pocket=39/89 core=12 surface=58
[08:38:17]   ℹ️ 1DT6.pdb 分区 pocket=73/449 core=195 surface=208
[08:38:17]   ℹ️ 1D3F.pdb 分区 pocket=25/162 core=60 surface=89
[08:38:18]   ℹ️ 1I13.pdb 分区 pocket=74/380 core=172 surface=145
[08:38:18]   ℹ️ 1DMC.pdb 分区 pocket=26/31 core=0 surface=25
[08:38:18]   ℹ️ 1RXY.pdb 分区 pocket=73/500 core=239 surface=208
[08:38:18]   ℹ️ 1IBD.pdb 分区 pocket=26/148 core=43 surface=82
[08:38:19]   ℹ️ 1IVN.pdb 分区 pocket=36/178 core=72 surface=90
[08:38:19]   ℹ️ 1BLU.pdb 分区 pocket=46/80 core=5 surface=51
[08:38:19]   ℹ️ 1RR7.pdb 分区 pocket=5/94 core=18 surface=76
[08:38:19]   ℹ️ 1E0S.pdb 分区 pocket=31/173 core=67 surface=86
[08:38:19]   ℹ️ 1KUX.pdb 分区 pocket=43/166 core=51 surface=94
[08:38:19]   ℹ️ 1Q11.pdb 分区 pocket=54/329 core=139 surface=153
[08:38:19]   ℹ️ 1BFX.pdb 分区 pocket=34/94 core=14 surface=65
[08:38:20]   ℹ️ 1EXX.pdb 分区 pocket=60/236 core=76 surface=119
[08:38:20]   ℹ️ 1OKN.pdb 分区 pocket=44/256 core=106 surface=119
[08:38:20]   ℹ️ 1NHK.pdb 分区 pocket=34/287 core=141 surface=127
[08:38:20]   ℹ️ 1CSS.pdb 分区 pocket=48/435 core=193 surface=211
[08:38:21]   ℹ️ 1IE4.pdb 分区 pocket=65/480 core=218 surface=208
[08:38:21]   ℹ️ 1KJO.pdb 分区 pocket=53/317 core=142 surface=140
[08:38:22]   ℹ️ 1E30.pdb 分区 pocket=41/306 core=125 surface=148
[08:38:22]   ℹ️ 1P6O.pdb 分区 pocket=78/317 core=131 surface=123
[08:38:23]   ℹ️ 1IOM.pdb 分区 pocket=50/374 core=169 surface=174
[08:38:23]   ℹ️ 1KKK.pdb 分区 pocket=54/317 core=141 surface=139
[08:38:24]   ℹ️ 1G9U.pdb 分区 pocket=126/353 core=120 surface=173
[08:38:24]   ℹ️ 1HYV.pdb 分区 pocket=51/142 core=35 surface=85
[08:38:24]   ℹ️ 1HLQ.pdb 分区 pocket=102/223 core=41 surface=133
[08:38:25]   ℹ️ 1N46.pdb 分区 pocket=84/487 core=195 surface=220
[08:38:25]   ℹ️ 1O8H.pdb 分区 pocket=14/352 core=195 surface=150
[08:38:25]   ℹ️ 1AEM.pdb 分区 pocket=52/291 core=129 surface=124
[08:38:26]   ℹ️ 1KVK.pdb 分区 pocket=37/378 core=180 surface=175
[08:38:26]   ℹ️ 1L0S.pdb 分区 pocket=83/348 core=114 surface=200
[08:38:26]   ℹ️ 1N0Q.pdb 分区 pocket=13/184 core=80 surface=100
[08:38:27]   ℹ️ 1LG2.pdb 分区 pocket=54/359 core=173 surface=150
[08:38:27]   ℹ️ 1SKB.pdb 分区 pocket=71/435 core=216 surface=181
[08:38:28]   ℹ️ 1G19.pdb 分区 pocket=10/311 core=135 surface=170
[08:38:28]   ℹ️ 1CZ3.pdb 分区 pocket=31/332 core=157 surface=156
[08:38:28]   ℹ️ 1M2R.pdb 分区 pocket=36/327 core=161 surface=144
[08:38:29]   ℹ️ 1DK8.pdb 分区 pocket=57/147 core=39 surface=90
[08:38:29]   ℹ️ 1ENT.pdb resnum 对齐 311/330（19 个非标准/parse独有残基 frac=0）
[08:38:29]   ℹ️ 1ENT.pdb 分区 pocket=51/330 core=156 surface=143
[08:38:29]   ℹ️ 1B2R.pdb 分区 pocket=48/295 core=122 surface=145
[08:38:30]   ℹ️ 1AEF.pdb 分区 pocket=51/291 core=130 surface=124
[08:38:30]   ℹ️ 1LID.pdb 分区 pocket=25/131 core=29 surface=87
[08:38:30]   ℹ️ 1QTV.pdb 分区 pocket=22/164 core=62 surface=90
[08:38:30]   ℹ️ 1O2L.pdb resnum 对齐 212/223（11 个非标准/parse独有残基 frac=0）
[08:38:30]   ℹ️ 1O2L.pdb 分区 pocket=40/223 core=103 surface=97
[08:38:30]   ℹ️ 1SEG.pdb 分区 pocket=26/64 core=15 surface=38
[08:38:30]   ℹ️ 1A54.pdb 分区 pocket=45/321 core=151 surface=139
[08:38:31]   ℹ️ 1IB0.pdb 分区 pocket=65/272 core=100 surface=138
[08:38:31]   ℹ️ 13ZM.pdb 分区 pocket=140/457 core=167 surface=226
[08:38:31]   ℹ️ 1ID0.pdb 分区 pocket=37/146 core=44 surface=81
[08:38:31]   ℹ️ 1BLV.pdb 分区 pocket=34/94 core=12 surface=66
[08:38:32]   ℹ️ 1F5J.pdb 分区 pocket=12/398 core=212 surface=182
[08:38:32]   ℹ️ 1B7E.pdb 分区 pocket=23/372 core=176 surface=186
[08:38:32]   ℹ️ 1AG6.pdb 分区 pocket=16/99 core=32 surface=59
[08:38:33]   ℹ️ 1LZN.pdb 分区 pocket=51/129 core=34 surface=72
[08:38:33]   ℹ️ 122L.pdb 分区 pocket=24/162 core=61 surface=88
[08:38:33]   ℹ️ 1A53.pdb 分区 pocket=27/247 core=115 surface=109
[08:38:34]   ℹ️ 1BWC.pdb 分区 pocket=70/461 core=191 surface=224
[08:38:34]   ℹ️ 1GFI.pdb 分区 pocket=42/313 core=132 surface=150
[08:38:34]   ℹ️ 1Q5H.pdb 分区 pocket=108/405 core=148 surface=190
[08:38:34]   ℹ️ 1LXI.pdb 分区 pocket=14/104 core=25 surface=73
[08:38:35]   ℹ️ 1BYS.pdb 分区 pocket=6/152 core=72 surface=77
[08:38:35]   ℹ️ 1S52.pdb 分区 pocket=86/454 core=174 surface=214
[08:38:36]   ℹ️ 1HPM.pdb 分区 pocket=68/378 core=163 surface=168
[08:38:36]   ℹ️ 1G1D.pdb 分区 pocket=44/258 core=106 surface=120
[08:38:36]   ℹ️ 1FR9.pdb 分区 pocket=10/185 core=90 surface=90
[08:38:37]   ℹ️ 1PHR.pdb 分区 pocket=15/154 core=64 surface=79
[08:38:37]   ℹ️ 13SC.pdb 分区 pocket=161/283 core=41 surface=158
[08:38:37]   ℹ️ 1AVM.pdb 分区 pocket=32/402 core=174 surface=202
[08:38:38]   ℹ️ 1QMQ.pdb 分区 pocket=110/406 core=153 surface=181
[08:38:38]   ℹ️ 1KM4.pdb 分区 pocket=32/212 core=85 surface=104
[08:38:38]   ℹ️ 1LKD.pdb 分区 pocket=61/287 core=117 surface=127
[08:38:38]   ℹ️ 1C8W.pdb 分区 pocket=23/124 core=37 surface=78
[08:38:39]   ℹ️ 1ELS.pdb 分区 pocket=23/436 core=242 surface=174
[08:38:39]   ℹ️ 1AES.pdb 分区 pocket=51/291 core=129 surface=123
[08:38:40]   ℹ️ 1EXW.pdb 分区 pocket=53/279 core=120 surface=130
[08:38:40]   ℹ️ 1DUG.pdb 分区 pocket=45/468 core=237 surface=194
[08:38:41]   ℹ️ 1NC3.pdb 分区 pocket=69/465 core=228 surface=179
[08:38:41]   ℹ️ 1JHY.pdb 分区 pocket=41/346 core=171 surface=144
[08:38:42]   ℹ️ 1EHW.pdb 分区 pocket=29/285 core=145 surface=125
[08:38:42]   ℹ️ 1OS8.pdb resnum 对齐 202/223（21 个非标准/parse独有残基 frac=0）
[08:38:42]   ℹ️ 1OS8.pdb 分区 pocket=22/223 core=124 surface=87
[08:38:42]   ℹ️ 1CFB.pdb 分区 pocket=39/205 core=65 surface=123
[08:38:42]   ℹ️ 107L.pdb 分区 pocket=24/162 core=60 surface=89
[08:38:42]   ℹ️ 1ABA.pdb 分区 pocket=13/87 core=23 surface=56
[08:38:42]   ℹ️ 1R3U.pdb 分区 pocket=28/357 core=166 surface=171
[08:38:43]   ℹ️ 1I5Z.pdb 分区 pocket=116/408 core=128 surface=202
[08:38:43]   ℹ️ 1IOW.pdb 分区 pocket=53/306 core=119 surface=140
[08:38:44]   ℹ️ 1ROS.pdb 分区 pocket=150/318 core=72 surface=160
[08:38:44]   ℹ️ 10XP.pdb 分区 pocket=20/173 core=62 surface=107
[08:38:44]   ℹ️ 1CSC.pdb 分区 pocket=46/429 core=192 surface=207
[08:38:44]   ℹ️ 1CXA.pdb 分区 pocket=50/124 core=26 surface=69
[08:38:45]   ℹ️ 1K70.pdb 分区 pocket=18/423 core=226 surface=179
[08:38:45]   ℹ️ 1AKR.pdb 分区 pocket=37/147 core=51 surface=76
[08:38:45]   ℹ️ 1BJU.pdb resnum 对齐 217/223（6 个非标准/parse独有残基 frac=0）
[08:38:45]   ℹ️ 1BJU.pdb 分区 pocket=42/223 core=100 surface=99
[08:38:45]   ℹ️ 1FKV.pdb 分区 pocket=10/121 core=49 surface=67
[08:38:46]   ℹ️ 1KDN.pdb 分区 pocket=73/450 core=210 surface=198
[08:38:46]   ℹ️ 1LCA.pdb 分区 pocket=35/316 core=144 surface=151
[08:38:47]   ℹ️ 1EMN.pdb 分区 pocket=31/82 core=12 surface=61
[08:38:47]   ℹ️ 1BN8.pdb 分区 pocket=11/399 core=212 surface=177
[08:38:48]   ℹ️ 1PU6.pdb 分区 pocket=72/432 core=165 surface=226
[08:38:48]   ℹ️ 1KQR.pdb 分区 pocket=30/160 core=66 surface=80
[08:38:48]   ℹ️ 1DZP.pdb 分区 pocket=59/296 core=89 surface=154
[08:38:49]   ℹ️ 1OXL.pdb 分区 pocket=46/242 core=87 surface=128
[08:38:49]   ℹ️ 1KSD.pdb 分区 pocket=13/433 core=263 surface=161
[08:38:49]   ℹ️ 1D3J.pdb 分区 pocket=24/162 core=59 surface=90
[08:38:50]   ℹ️ 1FCA.pdb 分区 pocket=45/55 core=0 surface=38
[08:38:50]   ℹ️ 1OV5.pdb 分区 pocket=50/162 core=46 surface=89
[08:38:50]   ℹ️ 1NZJ.pdb 分区 pocket=10/273 core=135 surface=132
[08:38:50]   ℹ️ 1FLA.pdb 分区 pocket=31/138 core=54 surface=72
[08:38:50]   ℹ️ 1F0P.pdb 分区 pocket=74/284 core=114 surface=126
[08:38:50]   ℹ️ 1JHQ.pdb 分区 pocket=43/346 core=170 surface=143
[08:38:51]   ℹ️ 1FM7.pdb 分区 pocket=83/424 core=194 surface=184
[08:38:51]   ℹ️ 1MOS.pdb 分区 pocket=78/367 core=165 surface=161
[08:38:52]   ℹ️ 10XE.pdb 分区 pocket=44/182 core=73 surface=94
[08:38:52]   ℹ️ 1KQ0.pdb 分区 pocket=35/354 core=170 surface=156
[08:38:53]   ℹ️ 1GED.pdb 分区 pocket=64/399 core=155 surface=194
[08:38:53]   ℹ️ 1FD0.pdb 分区 pocket=63/235 core=75 surface=117
[08:38:53]   ℹ️ 1MJA.pdb 分区 pocket=47/272 core=105 surface=142
[08:38:54]   ℹ️ 1KHZ.pdb 分区 pocket=50/407 core=209 surface=165
[08:38:54]   ℹ️ 1DAD.pdb 分区 pocket=28/224 core=97 surface=113
[08:38:54]   ℹ️ 1IIT.pdb 分区 pocket=0/222 core=111 surface=111
[08:38:54]   ℹ️ 1OEW.pdb 分区 pocket=59/330 core=162 surface=151
[08:38:55]   ℹ️ 1BNN.pdb 分区 pocket=33/257 core=115 surface=117
[08:38:55]   ℹ️ 1OXC.pdb 分区 pocket=87/456 core=237 surface=168
[08:38:56]   ℹ️ 1R4Z.pdb 分区 pocket=42/358 core=167 surface=164
[08:38:56]   ℹ️ 1NNB.pdb 分区 pocket=37/387 core=207 surface=154
[08:38:57]   ℹ️ 1FKW.pdb 分区 pocket=26/349 core=191 surface=134
[08:38:57]   ℹ️ 1JDW.pdb 分区 pocket=19/360 core=204 surface=137
[08:38:58]   ℹ️ 1GRH.pdb 分区 pocket=75/461 core=192 surface=222
[08:38:59]   ℹ️ 1FS7.pdb 分区 pocket=160/471 core=151 surface=223
[08:38:59]   ℹ️ 1CAO.pdb 分区 pocket=33/259 core=118 surface=117
[08:38:59]   ℹ️ 1ND1.pdb 分区 pocket=14/201 core=92 surface=103
[08:38:59]   ℹ️ 1RGZ.pdb 分区 pocket=51/363 core=173 surface=161
[08:39:00]   ℹ️ 1PG2.pdb 分区 pocket=32/489 core=266 surface=201
[08:39:00]   ℹ️ 1MOF.pdb 分区 pocket=5/53 core=3 surface=50
[08:39:00]   ℹ️ 1LPC.pdb 分区 pocket=20/254 core=114 surface=126
[08:39:01]   ℹ️ 1DO4.pdb 分区 pocket=67/153 core=34 surface=87
[08:39:01]   ℹ️ 1CNK.pdb 分区 pocket=32/257 core=113 surface=117
[08:39:01]   ℹ️ 1LRL.pdb 分区 pocket=67/338 core=152 surface=143
[08:39:01]   ℹ️ 1L90.pdb 分区 pocket=25/162 core=60 surface=88
[08:39:01]   ℹ️ 1ANN.pdb 分区 pocket=22/311 core=148 surface=157
[08:39:02]   ℹ️ 1G3E.pdb resnum 对齐 212/223（11 个非标准/parse独有残基 frac=0）
[08:39:02]   ℹ️ 1G3E.pdb 分区 pocket=43/223 core=105 surface=96
[08:39:03]   ℹ️ 1P18.pdb 分区 pocket=75/381 core=163 surface=160
[08:39:03]   ℹ️ 1CZO.pdb 分区 pocket=44/169 core=59 surface=86
[08:39:03]   ℹ️ 1CCU.pdb 分区 pocket=32/255 core=109 surface=119
[08:39:04]   ℹ️ 1DY4.pdb 分区 pocket=80/433 core=197 surface=185
[08:39:04]   ℹ️ 1AJZ.pdb 分区 pocket=22/282 core=137 surface=133
[08:39:04]   ℹ️ 1GP0.pdb 分区 pocket=10/133 core=51 surface=79
[08:39:05]   ℹ️ 1OYC.pdb 分区 pocket=36/399 core=215 surface=152
[08:39:05]   ℹ️ 1ISC.pdb 分区 pocket=33/384 core=179 surface=178
[08:39:06]   ℹ️ 1HIY.pdb 分区 pocket=62/450 core=217 surface=201
[08:39:07]   ℹ️ 1GWF.pdb 分区 pocket=130/493 core=153 surface=257
[08:39:07]   ℹ️ 1K5C.pdb 分区 pocket=37/333 core=167 surface=156
[08:39:07]   ℹ️ 1NOM.pdb 分区 pocket=9/242 core=105 surface=131
[08:39:08]   ℹ️ 1KWY.pdb 分区 pocket=81/447 core=184 surface=231
[08:39:08]   ℹ️ 158L.pdb 分区 pocket=24/162 core=60 surface=89
[08:39:09]   ℹ️ 1HBI.pdb 分区 pocket=66/290 core=104 surface=142
[08:39:10]   ℹ️ 1E43.pdb 分区 pocket=51/483 core=254 surface=194
[08:39:10]   ⚠️ 跳过坏域 1OBP.pdb: index 0 is out of bounds for dimension 1 with size 0
[08:39:10]   ℹ️ 1HVF.pdb 分区 pocket=35/313 core=140 surface=164
[08:39:10]   ℹ️ 1PMJ.pdb 分区 pocket=32/185 core=79 surface=90
[08:39:10]   ℹ️ 1IP2.pdb 分区 pocket=0/130 core=63 surface=67
[08:39:10]   ℹ️ 1DRY.pdb 分区 pocket=85/316 core=136 surface=135
[08:39:11]   ℹ️ 1NVK.pdb 分区 pocket=35/351 core=172 surface=157
[08:39:11]   ℹ️ 1G35.pdb 分区 pocket=42/198 core=71 surface=98
[08:39:11]   ℹ️ 1HFZ.pdb resnum 对齐 486/491（5 个非标准/parse独有残基 frac=0）
[08:39:12]   ℹ️ 1HFZ.pdb 分区 pocket=60/491 core=199 surface=259
[08:39:12]   ℹ️ 1AAN.pdb 分区 pocket=14/105 core=38 surface=60
[08:39:12]   ℹ️ 1ADD.pdb 分区 pocket=28/349 core=188 surface=135
[08:39:13]   ℹ️ 1EU8.pdb 分区 pocket=60/407 core=202 surface=165
[08:39:13]   ℹ️ 1HRS.pdb 分区 pocket=26/174 core=67 surface=97
[08:39:13]   ℹ️ 1D2T.pdb 分区 pocket=19/222 core=100 surface=106
[08:39:14]   ℹ️ 1OI6.pdb 分区 pocket=64/404 core=187 surface=174
[08:39:14]   ℹ️ 1L3F.pdb 分区 pocket=49/316 core=151 surface=135
[08:39:14]   ℹ️ 1PPL.pdb 分区 pocket=62/323 core=139 surface=146
[08:39:15]   ℹ️ 1KV7.pdb 分区 pocket=35/463 core=244 surface=184
[08:39:15]   ℹ️ 1LII.pdb 分区 pocket=73/331 core=131 surface=146
[08:39:16]   ℹ️ 1FW8.pdb 分区 pocket=52/415 core=214 surface=175
[08:39:16]   ℹ️ 1BVW.pdb 分区 pocket=44/360 core=182 surface=156
[08:39:17]   ℹ️ 1AR5.pdb 分区 pocket=22/402 core=180 surface=200
[08:39:18]   ℹ️ 1JHA.pdb 分区 pocket=43/346 core=169 surface=145
[08:39:18]   ℹ️ 1AUQ.pdb 分区 pocket=6/208 core=106 surface=100
[08:39:18]   ℹ️ 1DJ5.pdb 分区 pocket=47/291 core=134 surface=125
[08:39:19]   ℹ️ 1FL2.pdb 分区 pocket=85/310 core=116 surface=145
[08:39:19]   ℹ️ 1NCH.pdb 分区 pocket=13/198 core=84 surface=112
[08:39:19]   ℹ️ 1O3D.pdb resnum 对齐 212/223（11 个非标准/parse独有残基 frac=0）
[08:39:19]   ℹ️ 1O3D.pdb 分区 pocket=45/223 core=101 surface=98
[08:39:19]   ℹ️ 1J15.pdb resnum 对齐 217/223（6 个非标准/parse独有残基 frac=0）
[08:39:19]   ℹ️ 1J15.pdb 分区 pocket=49/223 core=97 surface=96
[08:39:19]   ℹ️ 1L9K.pdb 分区 pocket=52/261 core=109 surface=123
[08:39:19]   ℹ️ 1GDJ.pdb 分区 pocket=38/153 core=44 surface=88
[08:39:20]   ℹ️ 1R85.pdb 分区 pocket=148/371 core=131 surface=164
[08:39:20]   ℹ️ 1LQK.pdb 分区 pocket=38/268 core=114 surface=128
[08:39:20]   ℹ️ 1GJV.pdb 分区 pocket=79/313 core=120 surface=149
[08:39:20]   ℹ️ 1GVD.pdb 分区 pocket=12/52 core=13 surface=34
[08:39:21]   ℹ️ 1LF2.pdb 分区 pocket=31/329 core=158 surface=148
[08:39:21]   ℹ️ 1CRH.pdb 分区 pocket=60/107 core=14 surface=58
[08:39:21]   ℹ️ 1H9J.pdb 分区 pocket=28/145 core=41 surface=92
[08:39:22]   ℹ️ 1K4Q.pdb 分区 pocket=81/459 core=190 surface=219
[08:39:22]   预解析+encode 399/1364（跳过 1）
[08:39:22]   ℹ️ 1E25.pdb resnum 对齐 269/278（9 个非标准/parse独有残基 frac=0）
[08:39:22]   ℹ️ 1E25.pdb 分区 pocket=15/278 core=150 surface=116
[08:39:22]   ℹ️ 1OTB.pdb 分区 pocket=23/125 core=46 surface=66
[08:39:22]   ℹ️ 1D3G.pdb 分区 pocket=103/360 core=138 surface=151
[08:39:23]   ℹ️ 1LJG.pdb 分区 pocket=71/258 core=91 surface=132
[08:39:23]   ℹ️ 1EUS.pdb 分区 pocket=27/358 core=191 surface=145
[08:39:23]   ℹ️ 1JSZ.pdb 分区 pocket=47/291 core=128 surface=136
[08:39:24]   ℹ️ 1GIR.pdb 分区 pocket=35/411 core=193 surface=199
[08:39:24]   ℹ️ 1FFH.pdb 分区 pocket=3/287 core=149 surface=138
[08:39:25]   ℹ️ 1AQ6.pdb 分区 pocket=39/490 core=266 surface=188
[08:39:26]   ℹ️ 1KBB.pdb 分区 pocket=37/495 core=265 surface=198
[08:39:26]   ℹ️ 1OFC.pdb 分区 pocket=23/266 core=101 surface=159
[08:39:26]   ℹ️ 1R3C.pdb 分区 pocket=6/349 core=174 surface=173
[08:39:27]   ℹ️ 1OHP.pdb 分区 pocket=85/500 core=186 surface=258
[08:39:27]   ℹ️ 1GTK.pdb 分区 pocket=42/294 core=126 surface=136
[08:39:27]   ℹ️ 1RB3.pdb 分区 pocket=117/318 core=96 surface=158
[08:39:28]   ℹ️ 1HXB.pdb 分区 pocket=43/198 core=72 surface=102
[08:39:28]   ℹ️ 1ABS.pdb 分区 pocket=39/154 core=47 surface=89
[08:39:28]   ℹ️ 1IR0.pdb 分区 pocket=41/81 core=13 surface=51
[08:39:28]   ℹ️ 1BXV.pdb 分区 pocket=17/91 core=25 surface=56
[08:39:28]   ℹ️ 1FRQ.pdb 分区 pocket=52/296 core=126 surface=141
[08:39:28]   ℹ️ 1MG4.pdb 分区 pocket=25/101 core=34 surface=57
[08:39:29]   ℹ️ 1RMY.pdb 分区 pocket=52/418 core=174 surface=204
[08:39:29]   ℹ️ 1MEW.pdb 分区 pocket=47/344 core=166 surface=152
[08:39:30]   ℹ️ 1P39.pdb 分区 pocket=55/291 core=126 surface=134
[08:39:30]   ℹ️ 1NZ7.pdb 分区 pocket=44/282 core=136 surface=122
[08:39:30]   ℹ️ 1F4B.pdb 分区 pocket=51/263 core=114 surface=122
[08:39:30]   ℹ️ 1GCA.pdb 分区 pocket=35/309 core=146 surface=136
[08:39:31]   ℹ️ 1GCB.pdb 分区 pocket=86/448 core=183 surface=207
[08:39:31]   ℹ️ 1DZX.pdb 分区 pocket=37/208 core=80 surface=106
[08:39:31]   ℹ️ 1ESK.pdb 分区 pocket=31/42 core=0 surface=31
[08:39:31]   ℹ️ 1H4E.pdb 分区 pocket=12/188 core=90 surface=94
[08:39:31]   ℹ️ 1FKD.pdb 分区 pocket=23/107 core=31 surface=63
[08:39:32]   ℹ️ 1AU1.pdb 分区 pocket=22/329 core=147 surface=175
[08:39:32]   ℹ️ 1E99.pdb 分区 pocket=54/209 core=73 surface=100
[08:39:32]   ℹ️ 1CAM.pdb 分区 pocket=31/258 core=114 surface=118
[08:39:33]   ℹ️ 1I58.pdb 分区 pocket=74/364 core=131 surface=185
[08:39:33]   ℹ️ 1CC3.pdb 分区 pocket=42/260 core=94 surface=137
[08:39:33]   ℹ️ 1OTD.pdb 分区 pocket=70/210 core=54 surface=110
[08:39:34]   ℹ️ 1KK1.pdb 分区 pocket=46/397 core=188 surface=190
[08:39:34]   ℹ️ 1KT7.pdb 分区 pocket=37/175 core=58 surface=93
[08:39:34]   ℹ️ 1O2T.pdb resnum 对齐 212/223（11 个非标准/parse独有残基 frac=0）
[08:39:34]   ℹ️ 1O2T.pdb 分区 pocket=45/223 core=104 surface=95
[08:39:34]   ℹ️ 1OS0.pdb 分区 pocket=63/316 core=138 surface=141
[08:39:35]   ℹ️ 16PK.pdb 分区 pocket=47/415 core=201 surface=182
[08:39:35]   ℹ️ 1BQU.pdb 分区 pocket=77/423 core=153 surface=239
[08:39:36]   ℹ️ 1P2P.pdb 分区 pocket=16/124 core=38 surface=76
[08:39:36]   ℹ️ 1A70.pdb 分区 pocket=22/97 core=28 surface=58
[08:39:36]   ℹ️ 1EKO.pdb 分区 pocket=64/314 core=133 surface=138
[08:39:37]   ℹ️ 1KV5.pdb 分区 pocket=108/498 core=233 surface=202
[08:39:37]   ℹ️ 1GLM.pdb 分区 pocket=112/470 core=243 surface=174
[08:39:38]   ℹ️ 1M6C.pdb 分区 pocket=75/306 core=87 surface=178
[08:39:39]   ℹ️ 1M0S.pdb 分区 pocket=50/438 core=216 surface=182
[08:39:39]   ℹ️ 1F2C.pdb resnum 对齐 196/215（19 个非标准/parse独有残基 frac=0）
[08:39:39]   ℹ️ 1F2C.pdb 分区 pocket=34/215 core=107 surface=88
[08:39:40]   ℹ️ 13ZH.pdb 分区 pocket=139/457 core=170 surface=226
[08:39:40]   ℹ️ 1SKJ.pdb 分区 pocket=25/102 core=30 surface=62
[08:39:40]   ℹ️ 1MMK.pdb 分区 pocket=59/309 core=127 surface=136
[08:39:41]   ℹ️ 13YG.pdb 分区 pocket=157/457 core=164 surface=227
[08:39:41]   ℹ️ 1GUU.pdb 分区 pocket=11/50 core=10 surface=36
[08:39:41]   ℹ️ 1F75.pdb 分区 pocket=24/429 core=225 surface=187
[08:39:42]   ℹ️ 1GRG.pdb 分区 pocket=75/460 core=191 surface=225
[08:39:43]   ℹ️ 1M2N.pdb 分区 pocket=123/498 core=198 surface=232
[08:39:43]   ℹ️ 1E1T.pdb 分区 pocket=111/485 core=174 surface=238
[08:39:44]   ℹ️ 1I8U.pdb 分区 pocket=38/189 core=75 surface=90
[08:39:44]   ℹ️ 1MNO.pdb 分区 pocket=74/306 core=88 surface=174
[08:39:44]   ℹ️ 1F7Q.pdb 分区 pocket=57/347 core=153 surface=162
[08:39:45]   ℹ️ 1BSM.pdb 分区 pocket=20/402 core=182 surface=200
[08:39:45]   ℹ️ 1PMI.pdb 分区 pocket=11/440 core=233 surface=196
[08:39:46]   ℹ️ 1GSU.pdb 分区 pocket=60/434 core=202 surface=184
[08:39:46]   ℹ️ 1MC2.pdb 分区 pocket=19/122 core=49 surface=64
[08:39:46]   ℹ️ 1G3Q.pdb 分区 pocket=38/237 core=109 surface=105
[08:39:46]   ℹ️ 1DAF.pdb 分区 pocket=46/224 core=90 surface=112
[08:39:47]   ℹ️ 1K6R.pdb 分区 pocket=53/474 core=228 surface=217
[08:39:47]   ℹ️ 1G2N.pdb 分区 pocket=45/246 core=90 surface=127
[08:39:47]   ℹ️ 1DUC.pdb 分区 pocket=17/118 core=34 surface=78
[08:39:47]   ℹ️ 1C45.pdb 分区 pocket=0/130 core=61 surface=69
[08:39:48]   ℹ️ 1MBC.pdb 分区 pocket=43/153 core=44 surface=88
[08:39:48]   ℹ️ 1DHJ.pdb 分区 pocket=84/318 core=113 surface=158
[08:39:49]   ℹ️ 1AR4.pdb 分区 pocket=22/402 core=182 surface=198
[08:39:49]   ℹ️ 1MUA.pdb 分区 pocket=37/256 core=110 surface=118
[08:39:49]   ℹ️ 1JVJ.pdb 分区 pocket=66/263 core=110 surface=117
[08:39:49]   ℹ️ 1GGZ.pdb 分区 pocket=44/144 core=26 surface=99
[08:39:50]   ℹ️ 1N1G.pdb 分区 pocket=47/346 core=163 surface=156
[08:39:50]   ℹ️ 1BV3.pdb 分区 pocket=37/257 core=111 surface=118
[08:39:50]   ℹ️ 1PHF.pdb 分区 pocket=61/405 core=186 surface=168
[08:39:50]   ℹ️ 1C8S.pdb 分区 pocket=115/196 core=35 surface=101
[08:39:51]   ℹ️ 1BT3.pdb 分区 pocket=14/336 core=177 surface=146
[08:39:51]   ℹ️ 1DKT.pdb 分区 pocket=15/143 core=49 surface=89
[08:39:51]   ℹ️ 1FP2.pdb 分区 pocket=46/345 core=129 surface=191
[08:39:52]   ℹ️ 1RLZ.pdb 分区 pocket=39/344 core=142 surface=179
[08:39:52]   ℹ️ 1OEU.pdb 分区 pocket=28/279 core=134 surface=124
[08:39:52]   ℹ️ 1HNU.pdb 分区 pocket=45/248 core=97 surface=124
[08:39:53]   ℹ️ 1M7J.pdb 分区 pocket=29/474 core=261 surface=184
[08:39:53]   ℹ️ 1O3K.pdb resnum 对齐 212/223（11 个非标准/parse独有残基 frac=0）
[08:39:53]   ℹ️ 1O3K.pdb 分区 pocket=43/223 core=103 surface=97
[08:39:54]   ℹ️ 10EF.pdb 分区 pocket=53/351 core=133 surface=184
[08:39:54]   ℹ️ 1LCV.pdb 分区 pocket=55/239 core=79 surface=126
[08:39:54]   ℹ️ 1K1U.pdb 分区 pocket=46/198 core=72 surface=100
[08:39:54]   ℹ️ 1KS7.pdb 分区 pocket=53/316 core=141 surface=140
[08:39:55]   ℹ️ 1AOB.pdb 分区 pocket=39/264 core=115 surface=125
[08:39:55]   ℹ️ 1K4H.pdb 分区 pocket=54/371 core=175 surface=155
[08:39:56]   ℹ️ 1DMY.pdb 分区 pocket=53/474 core=229 surface=206
[08:39:56]   ℹ️ 1EM1.pdb 分区 pocket=45/396 core=172 surface=194
[08:39:57]   ℹ️ 1MJ5.pdb 分区 pocket=26/297 core=163 surface=120
[08:39:57]   ℹ️ 1KWX.pdb 分区 pocket=73/447 core=183 surface=237
[08:39:57]   ℹ️ 1KLZ.pdb 分区 pocket=37/209 core=79 surface=103
[08:39:58]   ℹ️ 1ORO.pdb 分区 pocket=17/419 core=214 surface=195
[08:39:59]   ℹ️ 1GW1.pdb 分区 pocket=64/375 core=176 surface=153
[08:39:59]   ℹ️ 1FQ6.pdb resnum 对齐 325/329（4 个非标准/parse独有残基 frac=0）
[08:39:59]   ℹ️ 1FQ6.pdb 分区 pocket=65/329 core=147 surface=149
[08:39:59]   ℹ️ 1I9P.pdb 分区 pocket=34/258 core=114 surface=121
[08:40:00]   ℹ️ 1BN3.pdb 分区 pocket=35/257 core=114 surface=116
[08:40:00]   ℹ️ 1MUY.pdb 分区 pocket=69/225 core=68 surface=118
[08:40:01]   ℹ️ 1MWO.pdb 分区 pocket=63/434 core=226 surface=171
[08:40:01]   ℹ️ 1K27.pdb 分区 pocket=42/270 core=122 surface=116
[08:40:01]   ℹ️ 1B49.pdb 分区 pocket=28/482 core=260 surface=200
[08:40:02]   ℹ️ 1PT2.pdb 分区 pocket=33/440 core=229 surface=180
[08:40:03]   ℹ️ 1BS0.pdb 分区 pocket=25/382 core=188 surface=182
[08:40:03]   ℹ️ 1DXJ.pdb 分区 pocket=8/242 core=123 surface=116
[08:40:03]   ℹ️ 1IWW.pdb 分区 pocket=18/130 core=53 surface=68
[08:40:04]   ℹ️ 1SN5.pdb 分区 pocket=76/463 core=192 surface=210
[08:40:04]   ℹ️ 1CXU.pdb 分区 pocket=20/143 core=57 surface=78
[08:40:04]   ℹ️ 1LTV.pdb 分区 pocket=12/275 core=139 surface=127
[08:40:04]   ℹ️ 1GYE.pdb 分区 pocket=52/315 core=142 surface=136
[08:40:05]   ℹ️ 1AEJ.pdb 分区 pocket=53/291 core=128 surface=124
[08:40:05]   ℹ️ 1IJI.pdb 分区 pocket=31/354 core=166 surface=164
[08:40:05]   ℹ️ 10SD.pdb 分区 pocket=65/160 core=0 surface=160
[08:40:06]   ℹ️ 1IA3.pdb 分区 pocket=114/384 core=126 surface=198
[08:40:06]   ℹ️ 1DYK.pdb 分区 pocket=24/374 core=188 surface=175
[08:40:07]   ℹ️ 1PWC.pdb 分区 pocket=26/345 core=188 surface=136
[08:40:07]   ℹ️ 1OQJ.pdb 分区 pocket=21/179 core=70 surface=101
[08:40:07]   ℹ️ 1GQ5.pdb 分区 pocket=17/91 core=30 surface=57
[08:40:07]   ℹ️ 1HYE.pdb 分区 pocket=37/307 core=140 surface=144
[08:40:08]   ℹ️ 1KGW.pdb 分区 pocket=35/495 core=274 surface=196
[08:40:08]   ℹ️ 1C0E.pdb 分区 pocket=33/308 core=133 surface=147
[08:40:08]   ℹ️ 1GIH.pdb 分区 pocket=32/276 core=117 surface=138
[08:40:09]   ℹ️ 1P92.pdb 分区 pocket=11/216 core=85 surface=127
[08:40:09]   ℹ️ 1D3W.pdb 分区 pocket=48/106 core=17 surface=60
[08:40:09]   ℹ️ 1INC.pdb resnum 对齐 228/240（12 个非标准/parse独有残基 frac=0）
[08:40:09]   ℹ️ 1INC.pdb 分区 pocket=54/240 core=112 surface=100
[08:40:09]   ℹ️ 1GF5.pdb 分区 pocket=0/130 core=62 surface=68
[08:40:10]   ℹ️ 1S9Q.pdb 分区 pocket=74/440 core=175 surface=225
[08:40:10]   ℹ️ 1IU6.pdb 分区 pocket=22/51 core=12 surface=33
[08:40:10]   ℹ️ 13XN.pdb 分区 pocket=155/457 core=162 surface=226
[08:40:11]   ℹ️ 1O3B.pdb resnum 对齐 212/223（11 个非标准/parse独有残基 frac=0）
[08:40:11]   ℹ️ 1O3B.pdb 分区 pocket=46/223 core=102 surface=97
[08:40:11]   ℹ️ 1H5E.pdb 分区 pocket=81/306 core=106 surface=139
[08:40:11]   ℹ️ 1CWR.pdb 分区 pocket=24/177 core=67 surface=93
[08:40:11]   ℹ️ 1R94.pdb 分区 pocket=18/194 core=66 surface=126
[08:40:11]   ℹ️ 1M67.pdb 分区 pocket=42/346 core=163 surface=159
[08:40:12]   ℹ️ 1M4A.pdb 分区 pocket=31/114 core=30 surface=69
[08:40:12]   ℹ️ 1KU5.pdb 分区 pocket=32/132 core=48 surface=70
[08:40:12]   ℹ️ 1H5V.pdb 分区 pocket=85/301 core=140 surface=125
[08:40:12]   ℹ️ 1RAO.pdb 分区 pocket=36/158 core=52 surface=86
[08:40:12]   ℹ️ 1LG5.pdb 分区 pocket=15/257 core=125 surface=118
[08:40:12]   ℹ️ 1BB7.pdb 分区 pocket=22/129 core=47 surface=69
[08:40:13]   ℹ️ 1Q6E.pdb 分区 pocket=54/490 core=264 surface=190
[08:40:14]   ℹ️ 1C57.pdb 分区 pocket=24/237 core=104 surface=116
[08:40:14]   ℹ️ 1BPJ.pdb 分区 pocket=29/316 core=144 surface=150
[08:40:15]   ℹ️ 1H57.pdb 分区 pocket=93/306 core=101 surface=140
[08:40:15]   ℹ️ 1JFX.pdb 分区 pocket=56/217 core=88 surface=107
[08:40:15]   ℹ️ 10XB.pdb 分区 pocket=23/99 core=29 surface=61
[08:40:15]   ℹ️ 13ZP.pdb 分区 pocket=153/457 core=160 surface=228
[08:40:16]   ℹ️ 1AS0.pdb 分区 pocket=42/308 core=137 surface=140
[08:40:16]   ℹ️ 1AVE.pdb 分区 pocket=18/239 core=70 surface=161
[08:40:17]   ℹ️ 1DNC.pdb 分区 pocket=80/460 core=186 surface=229
[08:40:17]   ℹ️ 1PE5.pdb 分区 pocket=56/317 core=141 surface=141
[08:40:18]   ℹ️ 1DEL.pdb 分区 pocket=99/472 core=180 surface=232
[08:40:18]   ℹ️ 1D7Y.pdb 分区 pocket=59/401 core=168 surface=191
[08:40:19]   ℹ️ 1G0F.pdb 分区 pocket=34/258 core=113 surface=121
[08:40:19]   ℹ️ 1K6S.pdb 分区 pocket=97/487 core=191 surface=217
[08:40:20]   ℹ️ 13PR.pdb 分区 pocket=36/313 core=144 surface=152
[08:40:21]   ℹ️ 1NLQ.pdb 分区 pocket=18/490 core=282 surface=205
[08:40:21]   ℹ️ 1MCX.pdb 分区 pocket=56/304 core=128 surface=155
[08:40:22]   ℹ️ 1K2Y.pdb 分区 pocket=20/459 core=253 surface=190
[08:40:22]   ℹ️ 1ELL.pdb 分区 pocket=39/305 core=157 surface=125
[08:40:23]   ℹ️ 1Q8V.pdb 分区 pocket=118/480 core=180 surface=220
[08:40:23]   ℹ️ 1LR4.pdb 分区 pocket=27/327 core=153 surface=155
[08:40:23]   ℹ️ 1Q0E.pdb 分区 pocket=61/302 core=100 surface=160
[08:40:24]   ℹ️ 1E0C.pdb 分区 pocket=71/270 core=108 surface=118
[08:40:24]   ℹ️ 1OKT.pdb 分区 pocket=53/422 core=179 surface=210
[08:40:24]   ℹ️ 1A7W.pdb 分区 pocket=11/68 core=11 surface=55
[08:40:25]   ℹ️ 1AMS.pdb 分区 pocket=35/395 core=184 surface=183
[08:40:25]   ℹ️ 1OXA.pdb 分区 pocket=59/403 core=179 surface=179
[08:40:26]   ℹ️ 1FTG.pdb 分区 pocket=16/168 core=75 surface=82
[08:40:26]   ℹ️ 1EQT.pdb 分区 pocket=15/134 core=50 surface=78
[08:40:26]   ℹ️ 1HJ9.pdb resnum 对齐 217/223（6 个非标准/parse独有残基 frac=0）
[08:40:26]   ℹ️ 1HJ9.pdb 分区 pocket=61/223 core=89 surface=100
[08:40:26]   ℹ️ 1ALQ.pdb 分区 pocket=10/259 core=142 surface=114
[08:40:26]   ℹ️ 1OPR.pdb 分区 pocket=27/213 core=83 surface=115
[08:40:26]   ℹ️ 1NSF.pdb 分区 pocket=32/247 core=103 surface=123
[08:40:26]   ℹ️ 1KX9.pdb 分区 pocket=39/210 core=73 surface=124
[08:40:27]   ℹ️ 1CC2.pdb 分区 pocket=66/498 core=243 surface=194
[08:40:27]   ℹ️ 1FXY.pdb resnum 对齐 218/227（9 个非标准/parse独有残基 frac=0）
[08:40:27]   ℹ️ 1FXY.pdb 分区 pocket=32/227 core=101 surface=104
[08:40:28]   ℹ️ 1GS6.pdb 分区 pocket=33/332 core=154 surface=154
[08:40:28]   ℹ️ 1G8O.pdb 分区 pocket=28/287 core=146 surface=119
[08:40:28]   ℹ️ 1IVB.pdb 分区 pocket=51/390 core=203 surface=151
[08:40:29]   ℹ️ 1P0B.pdb 分区 pocket=45/368 core=178 surface=155
[08:40:30]   ℹ️ 1KJX.pdb 分区 pocket=33/431 core=226 surface=180
[08:40:30]   ℹ️ 1CIG.pdb 分区 pocket=58/107 core=13 surface=62
[08:40:30]   ℹ️ 1G6T.pdb 分区 pocket=123/427 core=187 surface=172
[08:40:30]   ℹ️ 1ESE.pdb 分区 pocket=26/302 core=147 surface=132
[08:40:31]   ℹ️ 1DZK.pdb 分区 pocket=51/296 core=96 surface=154
[08:40:31]   ℹ️ 1LDM.pdb 分区 pocket=59/329 core=133 surface=156
[08:40:31]   ℹ️ 13SF.pdb 分区 pocket=124/276 core=61 surface=156
[08:40:32]   ℹ️ 1NSA.pdb resnum 对齐 393/394（1 个非标准/parse独有残基 frac=0）
[08:40:32]   ℹ️ 1NSA.pdb 分区 pocket=50/394 core=202 surface=148
[08:40:32]   ℹ️ 1HCH.pdb 分区 pocket=81/306 core=107 surface=139
[08:40:32]   预解析+encode 599/1364（跳过 1）
[08:40:32]   ℹ️ 1EX7.pdb 分区 pocket=43/186 core=51 surface=110
[08:40:33]   ℹ️ 1HQL.pdb 分区 pocket=93/465 core=212 surface=199
[08:40:33]   ℹ️ 1IGS.pdb 分区 pocket=13/247 core=132 surface=105
[08:40:33]   ℹ️ 1NL1.pdb 分区 pocket=41/137 core=49 surface=81
[08:40:34]   ℹ️ 1S3L.pdb 分区 pocket=14/330 core=174 surface=146
[08:40:34]   ℹ️ 1F5B.pdb 分区 pocket=47/106 core=19 surface=59
[08:40:35]   ℹ️ 1MSK.pdb 分区 pocket=38/327 core=147 surface=157
[08:40:35]   ℹ️ 1EA1.pdb 分区 pocket=58/447 core=204 surface=197
[08:40:36]   ℹ️ 13MM.pdb 分区 pocket=34/313 core=148 surface=151
[08:40:36]   ℹ️ 1CAN.pdb 分区 pocket=51/259 core=107 surface=116
[08:40:36]   ℹ️ 1H9R.pdb 分区 pocket=55/278 core=99 surface=132
[08:40:36]   ℹ️ 1NGC.pdb 分区 pocket=48/378 core=169 surface=170
[08:40:37]   ℹ️ 1GCZ.pdb 分区 pocket=141/350 core=109 surface=152
[08:40:37]   ℹ️ 1FTN.pdb 分区 pocket=36/174 core=63 surface=87
[08:40:37]   ℹ️ 1HZ1.pdb 分区 pocket=24/104 core=36 surface=62
[08:40:37]   ℹ️ 1GKC.pdb 分区 pocket=150/315 core=85 surface=149
[08:40:37]   ℹ️ 1DUR.pdb 分区 pocket=45/55 core=0 surface=39
[08:40:38]   ℹ️ 1K6D.pdb 分区 pocket=39/436 core=207 surface=212
[08:40:38]   ℹ️ 1N2S.pdb 分区 pocket=46/298 core=122 surface=149
[08:40:39]   ℹ️ 1HPO.pdb 分区 pocket=39/198 core=77 surface=96
[08:40:39]   ℹ️ 1IIR.pdb 分区 pocket=22/382 core=185 surface=187
[08:40:39]   ℹ️ 1AW9.pdb 分区 pocket=20/215 core=95 surface=113
[08:40:40]   ℹ️ 1LP6.pdb 分区 pocket=49/418 core=214 surface=173
[08:40:40]   ℹ️ 1MWE.pdb resnum 对齐 383/388（5 个非标准/parse独有残基 frac=0）
[08:40:40]   ℹ️ 1MWE.pdb 分区 pocket=71/388 core=195 surface=152
[08:40:41]   ℹ️ 1RK5.pdb 分区 pocket=28/474 core=258 surface=188
[08:40:42]   ℹ️ 1ERM.pdb 分区 pocket=39/262 core=119 surface=118
[08:40:42]   ℹ️ 1CNI.pdb 分区 pocket=35/257 core=115 surface=117
[08:40:42]   ℹ️ 1IY1.pdb resnum 对齐 233/234（1 个非标准/parse独有残基 frac=0）
[08:40:42]   ℹ️ 1IY1.pdb 分区 pocket=30/234 core=99 surface=121
[08:40:42]   ℹ️ 1PHD.pdb 分区 pocket=62/405 core=183 surface=172
[08:40:43]   ℹ️ 1L4L.pdb 分区 pocket=42/347 core=174 surface=142
[08:40:43]   ℹ️ 1OVH.pdb 分区 pocket=62/162 core=37 surface=88
[08:40:43]   ℹ️ 1I05.pdb 分区 pocket=52/156 core=47 surface=79
[08:40:43]   ℹ️ 1ES1.pdb 分区 pocket=32/82 core=12 surface=58
[08:40:44]   ℹ️ 1MSA.pdb 分区 pocket=232/436 core=111 surface=180
[08:40:44]   ℹ️ 1N3O.pdb 分区 pocket=74/482 core=216 surface=216
[08:40:45]   ℹ️ 1N4F.pdb 分区 pocket=78/129 core=24 surface=68
[08:40:45]   ℹ️ 1OPD.pdb 分区 pocket=20/85 core=20 surface=49
[08:40:45]   ℹ️ 1EYE.pdb 分区 pocket=32/256 core=98 surface=130
[08:40:45]   ℹ️ 1JB9.pdb 分区 pocket=38/307 core=135 surface=150
[08:40:45]   ℹ️ 1KUF.pdb 分区 pocket=60/201 core=83 surface=93
[08:40:46]   ℹ️ 1OJT.pdb 分区 pocket=66/482 core=206 surface=229
[08:40:46]   ℹ️ 1C39.pdb 分区 pocket=65/304 core=128 surface=152
[08:40:46]   ℹ️ 1C1M.pdb resnum 对齐 228/240（12 个非标准/parse独有残基 frac=0）
[08:40:46]   ℹ️ 1C1M.pdb 分区 pocket=34/240 core=120 surface=106
[08:40:47]   ℹ️ 1NNL.pdb 分区 pocket=69/412 core=153 surface=208
[08:40:48]   ℹ️ 1E1O.pdb 分区 pocket=78/485 core=195 surface=243
[08:40:48]   ℹ️ 1RHC.pdb 分区 pocket=70/330 core=145 surface=134
[08:40:48]   ℹ️ 1KNL.pdb 分区 pocket=29/126 core=43 surface=71
[08:40:49]   ℹ️ 1M17.pdb 分区 pocket=29/311 core=131 surface=163
[08:40:49]   ℹ️ 1L5K.pdb 分区 pocket=42/346 core=173 surface=142
[08:40:49]   ℹ️ 1N6C.pdb 分区 pocket=29/283 core=106 surface=161
[08:40:49]   ℹ️ 1IJ0.pdb 分区 pocket=41/93 core=15 surface=60
[08:40:50]   ℹ️ 1JUG.pdb 分区 pocket=13/125 core=49 surface=70
[08:40:50]   ℹ️ 1AL6.pdb 分区 pocket=49/435 core=193 surface=210
[08:40:50]   ℹ️ 1JZF.pdb 分区 pocket=46/128 core=31 surface=71
[08:40:51]   ℹ️ 1N0I.pdb 分区 pocket=34/309 core=142 surface=144
[08:40:51]   ℹ️ 1DDE.pdb 分区 pocket=19/310 core=146 surface=157
[08:40:51]   ℹ️ 1DR1.pdb 分区 pocket=54/186 core=52 surface=102
[08:40:52]   ℹ️ 1E3C.pdb 分区 pocket=28/481 core=282 surface=178
[08:40:52]   ℹ️ 1RE9.pdb 分区 pocket=111/404 core=154 surface=179
[08:40:53]   ℹ️ 1NYY.pdb 分区 pocket=21/263 core=132 surface=118
[08:40:53]   ℹ️ 1D5J.pdb 分区 pocket=123/342 core=113 surface=159
[08:40:53]   ℹ️ 11BG.pdb 分区 pocket=95/248 core=60 surface=134
[08:40:54]   ℹ️ 1AGM.pdb 分区 pocket=137/470 core=226 surface=174
[08:40:54]   ℹ️ 1H12.pdb 分区 pocket=29/404 core=227 surface=161
[08:40:55]   ℹ️ 1DR5.pdb 分区 pocket=52/186 core=61 surface=100
[08:40:55]   ℹ️ 1KMJ.pdb 分区 pocket=38/404 core=203 surface=174
[08:40:56]   ℹ️ 13YH.pdb 分区 pocket=160/457 core=161 surface=223
[08:40:56]   ℹ️ 1FK4.pdb 分区 pocket=51/93 core=10 surface=62
[08:40:56]   ℹ️ 1DR9.pdb 分区 pocket=23/200 core=73 surface=121
[08:40:56]   ℹ️ 1KOU.pdb 分区 pocket=46/119 core=31 surface=65
[08:40:57]   ℹ️ 1RCQ.pdb 分区 pocket=42/356 core=163 surface=161
[08:40:57]   ℹ️ 1MLU.pdb 分区 pocket=42/154 core=46 surface=90
[08:40:57]   ℹ️ 1N3L.pdb 分区 pocket=54/332 core=138 surface=167
[08:40:58]   ℹ️ 1OHR.pdb 分区 pocket=40/198 core=77 surface=98
[08:40:58]   ℹ️ 1QK5.pdb 分区 pocket=65/432 core=223 surface=163
[08:40:59]   ℹ️ 1LJ5.pdb 分区 pocket=53/379 core=194 surface=164
[08:40:59]   ℹ️ 1DBF.pdb 分区 pocket=103/381 core=150 surface=171
[08:41:00]   ℹ️ 1O42.pdb 分区 pocket=27/106 core=33 surface=59
[08:41:00]   ℹ️ 1MIH.pdb 分区 pocket=34/256 core=95 surface=142
[08:41:00]   ℹ️ 1OKR.pdb 分区 pocket=26/242 core=94 surface=138
[08:41:00]   ℹ️ 1E4B.pdb 分区 pocket=38/206 core=79 surface=103
[08:41:00]   ℹ️ 1H6H.pdb 分区 pocket=25/143 core=40 surface=94
[08:41:00]   ℹ️ 1FIK.pdb 分区 pocket=7/139 core=63 surface=74
[08:41:01]   ℹ️ 1NF9.pdb 分区 pocket=29/207 core=91 surface=100
[08:41:01]   ℹ️ 1IFS.pdb 分区 pocket=20/258 core=119 surface=122
[08:41:02]   ℹ️ 1B4S.pdb 分区 pocket=71/450 core=220 surface=189
[08:41:02]   ℹ️ 1AZ1.pdb 分区 pocket=57/314 core=139 surface=136
[08:41:03]   ℹ️ 1K7I.pdb 分区 pocket=82/462 core=201 surface=215
[08:41:03]   ℹ️ 1C86.pdb 分区 pocket=26/296 core=149 surface=126
[08:41:03]   ℹ️ 1IGB.pdb 分区 pocket=25/291 core=155 surface=118
[08:41:03]   ℹ️ 1N29.pdb 分区 pocket=21/117 core=42 surface=63
[08:41:04]   ℹ️ 1Q65.pdb 分区 pocket=45/368 core=182 surface=152
[08:41:04]   ℹ️ 1JMG.pdb 分区 pocket=25/316 core=148 surface=149
[08:41:04]   ℹ️ 1MZS.pdb 分区 pocket=56/316 core=133 surface=147
[08:41:05]   ℹ️ 1E9B.pdb 分区 pocket=57/209 core=72 surface=100
[08:41:05]   ℹ️ 1COJ.pdb 分区 pocket=11/211 core=83 surface=119
[08:41:05]   ℹ️ 1MT0.pdb 分区 pocket=12/241 core=116 surface=118
[08:41:06]   ℹ️ 1EVX.pdb 分区 pocket=113/324 core=75 surface=172
[08:41:06]   ℹ️ 1MZV.pdb 分区 pocket=27/216 core=90 surface=110
[08:41:06]   ℹ️ 1B92.pdb 分区 pocket=38/144 core=44 surface=80
[08:41:06]   ℹ️ 1CPQ.pdb 分区 pocket=45/129 core=24 surface=85
[08:41:06]   ℹ️ 1IMJ.pdb 分区 pocket=11/208 core=104 surface=95
[08:41:06]   ℹ️ 1L4G.pdb 分区 pocket=42/346 core=172 surface=143
[08:41:07]   ℹ️ 1MOZ.pdb 分区 pocket=58/356 core=152 surface=170
[08:41:07]   ℹ️ 1CAI.pdb 分区 pocket=33/258 core=113 surface=117
[08:41:07]   ℹ️ 1MLM.pdb 分区 pocket=40/154 core=47 surface=89
[08:41:07]   ℹ️ 1I5A.pdb 分区 pocket=70/358 core=132 surface=184
[08:41:08]   ℹ️ 1ARU.pdb 分区 pocket=89/336 core=118 surface=151
[08:41:08]   ℹ️ 1GEY.pdb 分区 pocket=35/335 core=152 surface=157
[08:41:08]   ℹ️ 1BAP.pdb 分区 pocket=20/305 core=149 surface=136
[08:41:09]   ℹ️ 1O4R.pdb 分区 pocket=18/105 core=33 surface=62
[08:41:09]   ℹ️ 1B3V.pdb 分区 pocket=44/301 core=152 surface=128
[08:41:09]   ℹ️ 151L.pdb 分区 pocket=4/162 core=67 surface=93
[08:41:10]   ℹ️ 1FSU.pdb 分区 pocket=58/474 core=246 surface=179
[08:41:10]   ℹ️ 1C6P.pdb 分区 pocket=27/162 core=59 surface=89
[08:41:10]   ℹ️ 1EJE.pdb 分区 pocket=52/192 core=51 surface=113
[08:41:10]   ℹ️ 1HJ8.pdb resnum 对齐 216/220（4 个非标准/parse独有残基 frac=0）
[08:41:10]   ℹ️ 1HJ8.pdb 分区 pocket=42/220 core=95 surface=100
[08:41:11]   ℹ️ 1PXC.pdb 分区 pocket=66/394 core=162 surface=180
[08:41:12]   ℹ️ 18GS.pdb 分区 pocket=91/416 core=180 surface=186
[08:41:12]   ℹ️ 1LSV.pdb 分区 pocket=47/117 core=16 surface=75
[08:41:12]   ℹ️ 195L.pdb 分区 pocket=27/162 core=59 surface=88
[08:41:12]   ℹ️ 1IGO.pdb resnum 对齐 407/410（3 个非标准/parse独有残基 frac=0）
[08:41:12]   ℹ️ 1IGO.pdb 分区 pocket=7/410 core=219 surface=189
[08:41:13]   ℹ️ 1Q36.pdb 分区 pocket=108/427 core=189 surface=172
[08:41:13]   ℹ️ 1E81.pdb resnum 对齐 311/330（19 个非标准/parse独有残基 frac=0）
[08:41:13]   ℹ️ 1E81.pdb 分区 pocket=40/330 core=162 surface=141
[08:41:14]   ℹ️ 1R6W.pdb 分区 pocket=30/321 core=149 surface=149
[08:41:14]   ℹ️ 1BCJ.pdb 分区 pocket=93/462 core=171 surface=252
[08:41:15]   ℹ️ 1M0Q.pdb 分区 pocket=51/431 core=214 surface=183
[08:41:15]   ℹ️ 1FJW.pdb 分区 pocket=81/316 core=122 surface=142
[08:41:15]   ℹ️ 1BWO.pdb 分区 pocket=106/180 core=20 surface=120
[08:41:16]   ℹ️ 1DFX.pdb 分区 pocket=32/125 core=36 surface=75
[08:41:16]   ℹ️ 1H2F.pdb 分区 pocket=36/207 core=82 surface=98
[08:41:16]   ℹ️ 1S51.pdb 分区 pocket=84/454 core=174 surface=214
[08:41:17]   ℹ️ 1IQ7.pdb 分区 pocket=25/341 core=170 surface=157
[08:41:17]   ℹ️ 1O4H.pdb 分区 pocket=15/106 core=40 surface=58
[08:41:17]   ℹ️ 1BLZ.pdb 分区 pocket=38/327 core=150 surface=147
[08:41:17]   ℹ️ 1NHI.pdb 分区 pocket=66/333 core=123 surface=170
[08:41:18]   ℹ️ 1H5D.pdb 分区 pocket=81/306 core=107 surface=138
[08:41:18]   ℹ️ 1GEW.pdb 分区 pocket=35/333 core=154 surface=154
[08:41:19]   ℹ️ 1CNW.pdb 分区 pocket=46/256 core=106 surface=116
[08:41:19]   ℹ️ 13ZS.pdb 分区 pocket=133/457 core=175 surface=224
[08:41:20]   ℹ️ 1BC2.pdb 分区 pocket=50/432 core=204 surface=198
[08:41:20]   ℹ️ 1MEA.pdb 分区 pocket=20/28 core=0 surface=21
[08:41:20]   ℹ️ 1E3B.pdb 分区 pocket=9/172 core=88 surface=81
[08:41:21]   ℹ️ 1LUW.pdb 分区 pocket=43/396 core=174 surface=192
[08:41:22]   ℹ️ 1E1L.pdb 分区 pocket=81/455 core=186 surface=220
[08:41:22]   ℹ️ 1R9Q.pdb 分区 pocket=17/309 core=140 surface=153
[08:41:22]   ℹ️ 1HNA.pdb 分区 pocket=16/217 core=95 surface=111
[08:41:22]   ℹ️ 1IOC.pdb 分区 pocket=5/133 core=64 surface=67
[08:41:22]   ℹ️ 1K1I.pdb resnum 对齐 217/223（6 个非标准/parse独有残基 frac=0）
[08:41:22]   ℹ️ 1K1I.pdb 分区 pocket=36/223 core=103 surface=99
[08:41:22]   ℹ️ 1BTU.pdb resnum 对齐 228/240（12 个非标准/parse独有残基 frac=0）
[08:41:22]   ℹ️ 1BTU.pdb 分区 pocket=53/240 core=113 surface=103
[08:41:23]   ℹ️ 1LSQ.pdb 分区 pocket=32/246 core=93 surface=136
[08:41:23]   ℹ️ 1CC4.pdb 分区 pocket=67/391 core=163 surface=178
[08:41:23]   ℹ️ 13OD.pdb 分区 pocket=37/313 core=145 surface=153
[08:41:24]   ℹ️ 1NFP.pdb 分区 pocket=60/228 core=79 surface=124
[08:41:24]   ℹ️ 1L0C.pdb 分区 pocket=44/166 core=52 surface=93
[08:41:24]   ℹ️ 1GB7.pdb 分区 pocket=0/130 core=61 surface=69
[08:41:24]   ℹ️ 1FXA.pdb 分区 pocket=40/196 core=64 surface=110
[08:41:24]   ℹ️ 1MOB.pdb 分区 pocket=37/154 core=50 surface=89
[08:41:24]   ℹ️ 1IBH.pdb 分区 pocket=28/151 core=44 surface=84
[08:41:25]   ℹ️ 1MJX.pdb 分区 pocket=7/350 core=165 surface=180
[08:41:25]   ℹ️ 1J4N.pdb 分区 pocket=22/249 core=115 surface=128
[08:41:25]   ℹ️ 1NWW.pdb 分区 pocket=46/291 core=122 surface=133
[08:41:26]   ℹ️ 1SBP.pdb 分区 pocket=26/309 core=159 surface=127
[08:41:27]   ℹ️ 1E7M.pdb 分区 pocket=6/485 core=261 surface=220
[08:41:27]   ℹ️ 1IWJ.pdb 分区 pocket=61/405 core=184 surface=172
[08:41:27]   ℹ️ 1LG9.pdb 分区 pocket=55/377 core=158 surface=179
[08:41:28]   ℹ️ 1LVG.pdb 分区 pocket=55/190 core=52 surface=98
[08:41:28]   ℹ️ 1IN5.pdb 分区 pocket=31/301 core=129 surface=151
[08:41:28]   ℹ️ 1O3N.pdb resnum 对齐 212/223（11 个非标准/parse独有残基 frac=0）
[08:41:28]   ℹ️ 1O3N.pdb 分区 pocket=36/223 core=105 surface=97
[08:41:28]   ℹ️ 1LJN.pdb 分区 pocket=34/129 core=42 surface=69
[08:41:28]   ℹ️ 11BA.pdb 分区 pocket=65/248 core=72 surface=142
[08:41:28]   ℹ️ 1FSC.pdb 分区 pocket=7/61 core=16 surface=42
[08:41:29]   ℹ️ 1L8J.pdb 分区 pocket=77/170 core=30 surface=99
[08:41:29]   ℹ️ 1LCN.pdb 分区 pocket=31/258 core=109 surface=134
[08:41:29]   ℹ️ 103L.pdb resnum 对齐 157/159（2 个非标准/parse独有残基 frac=0）
[08:41:29]   ℹ️ 103L.pdb 分区 pocket=22/159 core=65 surface=83
[08:41:29]   ℹ️ 1GRO.pdb 分区 pocket=17/414 core=212 surface=193
[08:41:29]   ℹ️ 1J53.pdb 分区 pocket=46/174 core=59 surface=89
[08:41:30]   ℹ️ 1NUU.pdb 分区 pocket=109/425 core=160 surface=195
[08:41:31]   ℹ️ 12GS.pdb 分区 pocket=90/416 core=184 surface=184
[08:41:32]   ℹ️ 1I59.pdb 分区 pocket=74/368 core=129 surface=190
[08:41:32]   ℹ️ 1COT.pdb 分区 pocket=45/121 core=24 surface=69
[08:41:32]   ℹ️ 1MJL.pdb 分区 pocket=46/208 core=65 surface=112
[08:41:32]   ℹ️ 1L6Z.pdb 分区 pocket=38/203 core=60 surface=129
[08:41:32]   ℹ️ 1NID.pdb 分区 pocket=27/333 core=159 surface=154
[08:41:32]   ℹ️ 1FFM.pdb 分区 pocket=8/46 core=4 surface=40
[08:41:33]   ℹ️ 1KRJ.pdb 分区 pocket=59/294 core=126 surface=126
[08:41:33]   ℹ️ 1GJM.pdb 分区 pocket=80/405 core=171 surface=171
[08:41:33]   ℹ️ 1HE5.pdb 分区 pocket=49/205 core=76 surface=96
[08:41:33]   ℹ️ 1EWM.pdb resnum 对齐 196/215（19 个非标准/parse独有残基 frac=0）
[08:41:33]   ℹ️ 1EWM.pdb 分区 pocket=26/215 core=108 surface=90
[08:41:34]   ℹ️ 1CET.pdb resnum 对齐 293/305（12 个非标准/parse独有残基 frac=0）
[08:41:34]   ℹ️ 1CET.pdb 分区 pocket=21/305 core=157 surface=134
[08:41:34]   ℹ️ 1OUE.pdb 分区 pocket=0/130 core=63 surface=67
[08:41:34]   ℹ️ 1O3O.pdb resnum 对齐 212/223（11 个非标准/parse独有残基 frac=0）
[08:41:34]   ℹ️ 1O3O.pdb 分区 pocket=36/223 core=106 surface=96
[08:41:34]   ℹ️ 1OW4.pdb 分区 pocket=54/239 core=74 surface=123
[08:41:35]   ℹ️ 1H56.pdb 分区 pocket=15/312 core=140 surface=164
[08:41:35]   ℹ️ 1KVR.pdb 分区 pocket=102/338 core=130 surface=140
[08:41:35]   ℹ️ 1MDN.pdb 分区 pocket=71/306 core=93 surface=172
[08:41:36]   ℹ️ 1C8Q.pdb 分区 pocket=38/495 core=264 surface=198
[08:41:37]   ℹ️ 1JPU.pdb 分区 pocket=16/361 core=196 surface=155
[08:41:37]   ℹ️ 1JFB.pdb 分区 pocket=60/399 core=163 surface=193
[08:41:38]   ℹ️ 1KWH.pdb 分区 pocket=13/492 core=271 surface=218
[08:41:38]   预解析+encode 799/1364（跳过 1）
[08:41:39]   ℹ️ 1FIH.pdb 分区 pocket=106/462 core=163 surface=252
[08:41:39]   ℹ️ 1A40.pdb 分区 pocket=29/321 core=161 surface=136
[08:41:39]   ℹ️ 1MTB.pdb 分区 pocket=42/198 core=71 surface=104
[08:41:40]   ℹ️ 1JE5.pdb 分区 pocket=16/363 core=150 surface=211
[08:41:40]   ℹ️ 1BXA.pdb 分区 pocket=15/105 core=37 surface=60
[08:41:42]   ℹ️ 1GOX.pdb 分区 pocket=46/350 core=161 surface=148
[08:41:43]   ℹ️ 1OZL.pdb 分区 pocket=67/428 core=190 surface=198
[08:41:43]   ℹ️ 1BKY.pdb 分区 pocket=47/291 core=128 surface=134
[08:41:43]   ℹ️ 1L03.pdb 分区 pocket=5/164 core=73 surface=89
[08:41:43]   ℹ️ 1LM6.pdb 分区 pocket=26/190 core=74 surface=97
[08:41:44]   ℹ️ 1LH0.pdb 分区 pocket=58/419 core=195 surface=184
[08:41:44]   ℹ️ 1AOX.pdb 分区 pocket=37/402 core=187 surface=188
[08:41:45]   ℹ️ 1FGG.pdb 分区 pocket=67/496 core=237 surface=210
[08:41:46]   ℹ️ 1JN1.pdb 分区 pocket=64/471 core=220 surface=201
[08:41:46]   ℹ️ 1NZ5.pdb 分区 pocket=33/153 core=45 surface=93
[08:41:47]   ℹ️ 1CGF.pdb 分区 pocket=106/324 core=98 surface=166
[08:41:47]   ℹ️ 1DKP.pdb 分区 pocket=53/410 core=199 surface=176
[08:41:47]   ℹ️ 1NMY.pdb 分区 pocket=54/209 core=71 surface=102
[08:41:47]   ℹ️ 1LDS.pdb 分区 pocket=8/97 core=31 surface=64
[08:41:48]   ℹ️ 1I6I.pdb 分区 pocket=50/333 core=135 surface=167
[08:41:48]   ℹ️ 1HE4.pdb 分区 pocket=49/205 core=76 surface=97
[08:41:48]   ℹ️ 1I8A.pdb 分区 pocket=54/189 core=67 surface=88
[08:41:49]   ℹ️ 1RJR.pdb 分区 pocket=27/474 core=261 surface=186
[08:41:49]   ℹ️ 1CNY.pdb 分区 pocket=48/256 core=105 surface=116
[08:41:50]   ℹ️ 1NV0.pdb 分区 pocket=44/329 core=149 surface=151
[08:41:50]   ℹ️ 1EDO.pdb 分区 pocket=50/244 core=85 surface=127
[08:41:50]   ℹ️ 1S5N.pdb 分区 pocket=53/386 core=148 surface=198
[08:41:51]   ℹ️ 1DM2.pdb 分区 pocket=74/274 core=102 surface=130
[08:41:51]   ℹ️ 1HQJ.pdb 分区 pocket=102/168 core=34 surface=84
[08:41:51]   ℹ️ 1LJE.pdb 分区 pocket=49/258 core=107 surface=130
[08:41:51]   ℹ️ 1MRH.pdb 分区 pocket=20/246 core=116 surface=115
[08:41:52]   ℹ️ 1B7S.pdb 分区 pocket=0/130 core=60 surface=70
[08:41:53]   ℹ️ 1QIS.pdb 分区 pocket=44/396 core=182 surface=181
[08:41:53]   ℹ️ 1H7G.pdb 分区 pocket=29/486 core=254 surface=214
[08:41:54]   ℹ️ 1PO5.pdb 分区 pocket=47/465 core=201 surface=236
[08:41:54]   ℹ️ 1E8A.pdb 分区 pocket=48/175 core=60 surface=95
[08:41:54]   ℹ️ 1JBC.pdb 分区 pocket=26/237 core=105 surface=113
[08:41:55]   ℹ️ 13NE.pdb 分区 pocket=32/313 core=152 surface=150
[08:41:55]   ℹ️ 1CAA.pdb 分区 pocket=19/53 core=12 surface=35
[08:41:55]   ℹ️ 1DZ0.pdb 分区 pocket=16/129 core=43 surface=75
[08:41:55]   ℹ️ 1GNM.pdb 分区 pocket=48/198 core=71 surface=100
[08:41:55]   ℹ️ 1CPN.pdb 分区 pocket=11/208 core=102 surface=99
[08:41:56]   ℹ️ 1S2D.pdb 分区 pocket=71/499 core=234 surface=226
[08:41:56]   ℹ️ 1M7Q.pdb 分区 pocket=41/348 core=144 surface=180
[08:41:56]   ℹ️ 1JD3.pdb 分区 pocket=24/164 core=60 surface=83
[08:41:57]   ℹ️ 1AMK.pdb 分区 pocket=29/250 core=117 surface=114
[08:41:58]   ℹ️ 1E1Z.pdb 分区 pocket=30/481 core=277 surface=182
[08:41:58]   ℹ️ 1QZ5.pdb 分区 pocket=88/358 core=141 surface=160
[08:41:58]   ℹ️ 1IAM.pdb 分区 pocket=11/185 core=77 surface=105
[08:41:59]   ℹ️ 1PHZ.pdb 分区 pocket=9/403 core=213 surface=182
[08:41:59]   ℹ️ 1PUI.pdb 分区 pocket=49/333 core=145 surface=167
[08:42:00]   ℹ️ 1S55.pdb 分区 pocket=30/468 core=249 surface=195
[08:42:01]   ℹ️ 1SN0.pdb 分区 pocket=74/463 core=199 surface=206
[08:42:01]   ℹ️ 1H8Y.pdb 分区 pocket=84/494 core=230 surface=212
[08:42:02]   ℹ️ 1A7X.pdb 分区 pocket=40/214 core=81 surface=110
[08:42:02]   ℹ️ 1DJ9.pdb 分区 pocket=46/383 core=170 surface=185
[08:42:02]   ℹ️ 1KJR.pdb 分区 pocket=27/138 core=47 surface=77
[08:42:03]   ℹ️ 1GF9.pdb 分区 pocket=0/130 core=61 surface=69
[08:42:03]   ℹ️ 1NPF.pdb 分区 pocket=50/152 core=41 surface=91
[08:42:03]   ℹ️ 1AL3.pdb 分区 pocket=18/237 core=109 surface=110
[08:42:03]   ℹ️ 1BRK.pdb 分区 pocket=13/323 core=149 surface=173
[08:42:03]   ℹ️ 1GNQ.pdb 分区 pocket=38/166 core=63 surface=86
[08:42:03]   ℹ️ 1I3F.pdb 分区 pocket=24/104 core=35 surface=62
[08:42:04]   ℹ️ 1ASA.pdb 分区 pocket=37/396 core=185 surface=181
[08:42:04]   ℹ️ 1LZJ.pdb 分区 pocket=58/263 core=85 surface=143
[08:42:05]   ℹ️ 1OX0.pdb 分区 pocket=25/414 core=226 surface=167
[08:42:05]   ℹ️ 1S39.pdb 分区 pocket=46/364 core=175 surface=153
[08:42:06]   ℹ️ 1DVR.pdb 分区 pocket=76/440 core=168 surface=234
[08:42:06]   ℹ️ 1JH8.pdb 分区 pocket=40/348 core=176 surface=143
[08:42:06]   ℹ️ 1IDR.pdb 分区 pocket=96/253 core=52 surface=159
[08:42:06]   ℹ️ 1Q1U.pdb 分区 pocket=20/138 core=58 surface=73
[08:42:06]   ℹ️ 1C52.pdb 分区 pocket=43/128 core=34 surface=67
[08:42:07]   ℹ️ 1IHK.pdb 分区 pocket=13/157 core=66 surface=85
[08:42:07]   ℹ️ 1JHR.pdb 分区 pocket=43/341 core=170 surface=137
[08:42:07]   ℹ️ 1DRB.pdb 分区 pocket=93/318 core=109 surface=158
[08:42:08]   ℹ️ 1FT9.pdb 分区 pocket=56/416 core=155 surface=228
[08:42:08]   ℹ️ 1FE0.pdb 分区 pocket=21/134 core=43 surface=80
[08:42:09]   ℹ️ 1NAH.pdb 分区 pocket=94/338 core=128 surface=144
[08:42:09]   ℹ️ 1D4L.pdb 分区 pocket=94/194 core=45 surface=100
[08:42:09]   ℹ️ 1F2Q.pdb 分区 pocket=26/167 core=58 surface=99
[08:42:09]   ℹ️ 1QUI.pdb 分区 pocket=31/321 core=160 surface=140
[08:42:09]   ℹ️ 1BT0.pdb 分区 pocket=28/73 core=16 surface=47
[08:42:09]   ℹ️ 1GKX.pdb 分区 pocket=27/308 core=142 surface=154
[08:42:09]   ℹ️ 1D4H.pdb 分区 pocket=44/198 core=70 surface=98
[08:42:10]   ℹ️ 1HP4.pdb 分区 pocket=53/499 core=273 surface=196
[08:42:11]   ℹ️ 1O5R.pdb 分区 pocket=39/349 core=182 surface=141
[08:42:11]   ℹ️ 1MRB.pdb 分区 pocket=26/31 core=0 surface=24
[08:42:11]   ℹ️ 1KWW.pdb 分区 pocket=76/447 core=175 surface=243
[08:42:12]   ℹ️ 1F63.pdb 分区 pocket=37/154 core=49 surface=88
[08:42:13]   ℹ️ 13YO.pdb 分区 pocket=140/457 core=167 surface=225
[08:42:13]   ℹ️ 1DMG.pdb 分区 pocket=9/166 core=74 surface=89
[08:42:13]   ℹ️ 1LI9.pdb 分区 pocket=12/263 core=141 surface=118
[08:42:13]   ℹ️ 1MJH.pdb 分区 pocket=76/287 core=84 surface=148
[08:42:14]   ℹ️ 1DJE.pdb 分区 pocket=44/383 core=173 surface=186
[08:42:14]   ℹ️ 1O7Y.pdb 分区 pocket=43/254 core=84 surface=153
[08:42:14]   ℹ️ 1QRR.pdb 分区 pocket=95/390 core=147 surface=168
[08:42:15]   ℹ️ 1O8L.pdb 分区 pocket=14/352 core=188 surface=155
[08:42:15]   ℹ️ 1GNK.pdb 分区 pocket=17/210 core=62 surface=146
[08:42:15]   ℹ️ 1OZN.pdb 分区 pocket=41/284 core=127 surface=144
[08:42:15]   ℹ️ 1GYW.pdb 分区 pocket=5/254 core=96 surface=156
[08:42:15]   ℹ️ 1C6F.pdb 分区 pocket=44/162 core=44 surface=90
[08:42:16]   ℹ️ 1C6L.pdb 分区 pocket=32/162 core=55 surface=91
[08:42:16]   ℹ️ 1J1F.pdb 分区 pocket=22/191 core=76 surface=100
[08:42:16]   ℹ️ 1LFM.pdb 分区 pocket=86/206 core=40 surface=114
[08:42:16]   ℹ️ 1NJ2.pdb 分区 pocket=20/452 core=219 surface=224
[08:42:17]   ℹ️ 1J3R.pdb 分区 pocket=57/372 core=150 surface=172
[08:42:18]   ℹ️ 1D6F.pdb 分区 pocket=40/389 core=199 surface=164
[08:42:18]   ℹ️ 1LI0.pdb 分区 pocket=30/263 core=131 surface=114
[08:42:18]   ℹ️ 1E6U.pdb 分区 pocket=78/315 core=121 surface=150
[08:42:18]   ℹ️ 1JYJ.pdb 分区 pocket=50/174 core=47 surface=93
[08:42:18]   ℹ️ 1IQ6.pdb 分区 pocket=8/265 core=133 surface=131
[08:42:19]   ℹ️ 1IQR.pdb 分区 pocket=73/415 core=178 surface=179
[08:42:20]   ℹ️ 1BIU.pdb 分区 pocket=22/439 core=179 surface=247
[08:42:20]   ℹ️ 1M6E.pdb 分区 pocket=55/359 core=158 surface=159
[08:42:21]   ℹ️ 1QR2.pdb 分区 pocket=127/460 core=180 surface=192
[08:42:21]   ℹ️ 1DKH.pdb 分区 pocket=49/172 core=54 surface=99
[08:42:21]   ℹ️ 1GB5.pdb 分区 pocket=0/130 core=61 surface=69
[08:42:21]   ℹ️ 1AZV.pdb 分区 pocket=56/306 core=108 surface=156
[08:42:21]   ℹ️ 1BCW.pdb 分区 pocket=41/318 core=143 surface=159
[08:42:22]   ℹ️ 1GUT.pdb 分区 pocket=93/402 core=177 surface=150
[08:42:22]   ℹ️ 1GPL.pdb resnum 对齐 419/424（5 个非标准/parse独有残基 frac=0）
[08:42:23]   ℹ️ 1GPL.pdb 分区 pocket=15/424 core=237 surface=176
[08:42:23]   ℹ️ 1L63.pdb 分区 pocket=25/162 core=60 surface=88
[08:42:23]   ℹ️ 1NNC.pdb resnum 对齐 386/388（2 个非标准/parse独有残基 frac=0）
[08:42:23]   ℹ️ 1NNC.pdb 分区 pocket=56/388 core=200 surface=153
[08:42:23]   ℹ️ 1J01.pdb 分区 pocket=21/312 core=164 surface=132
[08:42:24]   ℹ️ 1JTN.pdb 分区 pocket=17/351 core=157 surface=189
[08:42:24]   ℹ️ 1IZ8.pdb 分区 pocket=41/294 core=153 surface=112
[08:42:24]   ℹ️ 1CJ7.pdb 分区 pocket=16/130 core=53 surface=70
[08:42:25]   ℹ️ 1CCE.pdb 分区 pocket=43/291 core=136 surface=126
[08:42:25]   ℹ️ 1K12.pdb 分区 pocket=32/158 core=55 surface=85
[08:42:25]   ℹ️ 13SE.pdb 分区 pocket=125/282 core=64 surface=157
[08:42:25]   ℹ️ 1GE3.pdb 分区 pocket=0/130 core=62 surface=68
[08:42:25]   ℹ️ 1EFD.pdb 分区 pocket=26/262 core=116 surface=129
[08:42:26]   ℹ️ 1KEQ.pdb 分区 pocket=84/476 core=211 surface=210
[08:42:26]   ℹ️ 1NM2.pdb 分区 pocket=27/305 core=149 surface=137
[08:42:26]   ℹ️ 1MER.pdb 分区 pocket=38/198 core=74 surface=100
[08:42:27]   ℹ️ 1ESA.pdb 分区 pocket=35/240 core=105 surface=114
[08:42:27]   ℹ️ 1N49.pdb 分区 pocket=83/396 core=165 surface=184
[08:42:27]   ℹ️ 1MBI.pdb 分区 pocket=40/153 core=44 surface=91
[08:42:28]   ℹ️ 1L61.pdb 分区 pocket=20/162 core=64 surface=88
[08:42:28]   ℹ️ 1J54.pdb 分区 pocket=48/174 core=58 surface=89
[08:42:28]   ℹ️ 1LVL.pdb 分区 pocket=94/458 core=177 surface=223
[08:42:29]   ℹ️ 1PVM.pdb 分区 pocket=36/362 core=188 surface=160
[08:42:29]   ℹ️ 1LJU.pdb 分区 pocket=35/130 core=34 surface=75
[08:42:29]   ℹ️ 1OME.pdb 分区 pocket=14/481 core=269 surface=201
[08:42:30]   ℹ️ 1AC5.pdb 分区 pocket=19/483 core=267 surface=207
[08:42:30]   ℹ️ 1LRK.pdb 分区 pocket=104/338 core=126 surface=145
[08:42:30]   ℹ️ 13SB.pdb 分区 pocket=136/283 core=57 surface=158
[08:42:32]   ℹ️ 1DZM.pdb 分区 pocket=62/296 core=94 surface=148
[08:42:33]   ℹ️ 1K1M.pdb resnum 对齐 217/223（6 个非标准/parse独有残基 frac=0）
[08:42:33]   ℹ️ 1K1M.pdb 分区 pocket=42/223 core=98 surface=99
[08:42:33]   ℹ️ 1IUV.pdb 分区 pocket=65/394 core=161 surface=181
[08:42:33]   ℹ️ 1PY5.pdb 分区 pocket=41/301 core=135 surface=142
[08:42:34]   ℹ️ 1BOZ.pdb 分区 pocket=57/186 core=52 surface=100
[08:42:34]   ℹ️ 1K0N.pdb 分区 pocket=18/445 core=200 surface=236
[08:42:34]   ℹ️ 1L0J.pdb 分区 pocket=22/162 core=62 surface=88
[08:42:34]   ℹ️ 1OQ5.pdb 分区 pocket=34/256 core=110 surface=119
[08:42:34]   ℹ️ 1DD9.pdb 分区 pocket=9/310 core=148 surface=156
[08:42:35]   ℹ️ 1DKW.pdb 分区 pocket=24/472 core=249 surface=210
[08:42:35]   ℹ️ 1IIH.pdb 分区 pocket=30/498 core=277 surface=198
[08:42:36]   ℹ️ 1JG5.pdb 分区 pocket=59/415 core=201 surface=185
[08:42:36]   ℹ️ 1OHS.pdb 分区 pocket=63/500 core=191 surface=258
[08:42:36]   ℹ️ 1OSA.pdb 分区 pocket=44/148 core=23 surface=106
[08:42:37]   ℹ️ 1K03.pdb 分区 pocket=44/399 core=205 surface=161
[08:42:37]   ℹ️ 1PZ7.pdb 分区 pocket=24/375 core=170 surface=195
[08:42:38]   ℹ️ 1S1F.pdb 分区 pocket=87/397 core=142 surface=191
[08:42:38]   ℹ️ 1PMN.pdb 分区 pocket=37/344 core=151 surface=174
[08:42:39]   ℹ️ 1BQY.pdb resnum 对齐 418/468（50 个非标准/parse独有残基 frac=0）
[08:42:39]   ℹ️ 1BQY.pdb 分区 pocket=58/468 core=241 surface=186
[08:42:39]   ℹ️ 1HJG.pdb 分区 pocket=18/264 core=125 surface=125
[08:42:39]   ℹ️ 1CAQ.pdb 分区 pocket=74/168 core=46 surface=83
[08:42:39]   ℹ️ 1M0N.pdb 分区 pocket=50/431 core=214 surface=185
[08:42:40]   ℹ️ 1G5F.pdb 分区 pocket=59/293 core=140 surface=116
[08:42:40]   ℹ️ 1H30.pdb 分区 pocket=25/391 core=197 surface=183
[08:42:41]   ℹ️ 1INF.pdb 分区 pocket=49/390 core=206 surface=151
[08:42:41]   ℹ️ 1E38.pdb resnum 对齐 228/240（12 个非标准/parse独有残基 frac=0）
[08:42:41]   ℹ️ 1E38.pdb 分区 pocket=48/240 core=115 surface=104
[08:42:41]   ℹ️ 1M5D.pdb 分区 pocket=40/258 core=108 surface=127
[08:42:41]   ℹ️ 1IBF.pdb 分区 pocket=26/147 core=44 surface=80
[08:42:41]   ℹ️ 1HB4.pdb 分区 pocket=49/329 core=148 surface=145
[08:42:42]   ℹ️ 1D7S.pdb 分区 pocket=51/431 core=211 surface=188
[08:42:42]   ℹ️ 1HKK.pdb 分区 pocket=80/364 core=161 surface=150
[08:42:42]   ℹ️ 1ICN.pdb 分区 pocket=33/131 core=33 surface=78
[08:42:43]   ℹ️ 1MJ9.pdb 分区 pocket=37/273 core=112 surface=141
[08:42:43]   ℹ️ 1LHT.pdb 分区 pocket=34/153 core=49 surface=87
[08:42:43]   ℹ️ 1HJO.pdb 分区 pocket=52/380 core=171 surface=173
[08:42:43]   ℹ️ 1F57.pdb 分区 pocket=29/305 core=155 surface=131
[08:42:44]   ℹ️ 1MQH.pdb 分区 pocket=27/260 core=110 surface=127
[08:42:44]   ℹ️ 1D8U.pdb 分区 pocket=80/330 core=104 surface=174
[08:42:44]   ℹ️ 1O82.pdb 分区 pocket=33/280 core=130 surface=136
[08:42:44]   ℹ️ 1R9O.pdb 分区 pocket=73/455 core=192 surface=204
[08:42:45]   ℹ️ 1N0Y.pdb 分区 pocket=74/166 core=22 surface=116
[08:42:45]   ℹ️ 1JDO.pdb 分区 pocket=40/154 core=47 surface=88
[08:42:45]   ℹ️ 1G64.pdb 分区 pocket=78/359 core=143 surface=175
[08:42:46]   ℹ️ 1F8B.pdb resnum 对齐 383/388（5 个非标准/parse独有残基 frac=0）
[08:42:46]   ℹ️ 1F8B.pdb 分区 pocket=56/388 core=202 surface=151
[08:42:46]   ℹ️ 1CR2.pdb 分区 pocket=37/239 core=91 surface=132
[08:42:46]   ℹ️ 1NPL.pdb 分区 pocket=55/109 core=17 surface=73
[08:42:46]   ℹ️ 1OVB.pdb resnum 对齐 143/159（16 个非标准/parse独有残基 frac=0）
[08:42:46]   ℹ️ 1OVB.pdb 分区 pocket=17/159 core=80 surface=69
[08:42:46]   ℹ️ 1DET.pdb 分区 pocket=30/103 core=25 surface=63
[08:42:46]   ℹ️ 1AKB.pdb 分区 pocket=36/401 core=190 surface=184
[08:42:47]   ℹ️ 1RKU.pdb 分区 pocket=94/412 core=165 surface=182
[08:42:47]   ℹ️ 157L.pdb 分区 pocket=25/162 core=59 surface=89
[08:42:47]   ℹ️ 1H6Y.pdb 分区 pocket=28/314 core=138 surface=164
[08:42:47]   ℹ️ 1FF5.pdb 分区 pocket=52/438 core=141 surface=262
[08:42:47]   预解析+encode 999/1364（跳过 1）
[08:42:48]   ℹ️ 1OXR.pdb 分区 pocket=20/119 core=37 surface=73
[08:42:48]   ℹ️ 1A28.pdb 分区 pocket=67/500 core=211 surface=230
[08:42:48]   ℹ️ 1G15.pdb 分区 pocket=16/141 core=58 surface=73
[08:42:49]   ℹ️ 1N0R.pdb 分区 pocket=11/126 core=50 surface=71
[08:42:49]   ℹ️ 1QNR.pdb 分区 pocket=56/344 core=174 surface=143
[08:42:49]   ℹ️ 1P53.pdb 分区 pocket=31/500 core=197 surface=296
[08:42:50]   ℹ️ 1N55.pdb 分区 pocket=56/249 core=109 surface=111
[08:42:50]   ℹ️ 1R14.pdb 分区 pocket=25/145 core=49 surface=89
[08:42:50]   ℹ️ 1JAH.pdb 分区 pocket=35/166 core=66 surface=81
[08:42:50]   ℹ️ 1MX3.pdb 分区 pocket=48/326 core=135 surface=160
[08:42:50]   ℹ️ 1IWT.pdb 分区 pocket=18/130 core=53 surface=68
[08:42:51]   ℹ️ 1I4G.pdb 分区 pocket=23/450 core=214 surface=220
[08:42:51]   ℹ️ 1NB0.pdb 分区 pocket=30/147 core=52 surface=84
[08:42:51]   ℹ️ 1CKF.pdb 分区 pocket=16/130 core=54 surface=68
[08:42:51]   ℹ️ 1G8S.pdb 分区 pocket=0/231 core=120 surface=111
[08:42:51]   ℹ️ 1MPT.pdb 分区 pocket=27/269 core=143 surface=108
[08:42:52]   ℹ️ 1PGN.pdb 分区 pocket=55/473 core=208 surface=233
[08:42:52]   ℹ️ 1O3F.pdb resnum 对齐 212/223（11 个非标准/parse独有残基 frac=0）
[08:42:52]   ℹ️ 1O3F.pdb 分区 pocket=45/223 core=103 surface=97
[08:42:52]   ℹ️ 1LMA.pdb 分区 pocket=4/129 core=61 surface=68
[08:42:52]   ℹ️ 1O41.pdb 分区 pocket=18/106 core=37 surface=59
[08:42:52]   ℹ️ 1G3Y.pdb 分区 pocket=10/212 core=83 surface=122
[08:42:52]   ℹ️ 1AKD.pdb 分区 pocket=70/405 core=174 surface=175
[08:42:53]   ℹ️ 1QLM.pdb 分区 pocket=34/316 core=165 surface=133
[08:42:53]   ℹ️ 1IJ6.pdb 分区 pocket=43/305 core=136 surface=152
[08:42:53]   ℹ️ 1JHX.pdb 分区 pocket=40/346 core=172 surface=143
[08:42:53]   ℹ️ 1LS9.pdb 分区 pocket=43/91 core=12 surface=56
[08:42:54]   ℹ️ 1E9L.pdb 分区 pocket=27/372 core=194 surface=155
[08:42:54]   ℹ️ 1M4L.pdb 分区 pocket=13/307 core=166 surface=130
[08:42:54]   ℹ️ 1EPQ.pdb resnum 对齐 311/330（19 个非标准/parse独有残基 frac=0）
[08:42:54]   ℹ️ 1EPQ.pdb 分区 pocket=46/330 core=154 surface=146
[08:42:54]   ℹ️ 1CAL.pdb 分区 pocket=23/258 core=121 surface=119
[08:42:55]   ℹ️ 1CCA.pdb 分区 pocket=44/291 core=137 surface=123
[08:42:55]   ℹ️ 1RZ5.pdb 分区 pocket=101/309 core=89 surface=153
[08:42:55]   ℹ️ 1L9G.pdb 分区 pocket=37/191 core=71 surface=97
[08:42:55]   ℹ️ 1GOY.pdb 分区 pocket=52/216 core=70 surface=118
[08:42:55]   ℹ️ 1AH0.pdb 分区 pocket=60/315 core=135 surface=136
[08:42:56]   ℹ️ 1BTW.pdb resnum 对齐 212/223（11 个非标准/parse独有残基 frac=0）
[08:42:56]   ℹ️ 1BTW.pdb 分区 pocket=38/223 core=107 surface=94
[08:42:56]   ℹ️ 1CQ8.pdb 分区 pocket=42/396 core=181 surface=183
[08:42:56]   ℹ️ 1F7L.pdb 分区 pocket=26/118 core=36 surface=68
[08:42:56]   ℹ️ 1DTH.pdb 分区 pocket=92/404 core=164 surface=184
[08:42:57]   ℹ️ 1QHF.pdb 分区 pocket=60/480 core=221 surface=220
[08:42:57]   ℹ️ 1N3P.pdb 分区 pocket=76/482 core=217 surface=216
[08:42:57]   ℹ️ 1NV5.pdb 分区 pocket=50/331 core=146 surface=153
[08:42:58]   ℹ️ 1I52.pdb 分区 pocket=43/225 core=82 surface=114
[08:42:58]   ℹ️ 1NYW.pdb 分区 pocket=66/389 core=179 surface=159
[08:42:59]   ℹ️ 1IUB.pdb 分区 pocket=78/312 core=130 surface=134
[08:42:59]   ℹ️ 1N84.pdb 分区 pocket=22/329 core=163 surface=144
[08:42:59]   ℹ️ 1JHF.pdb 分区 pocket=13/308 core=131 surface=173
[08:43:00]   ℹ️ 1NUT.pdb 分区 pocket=77/424 core=183 surface=194
[08:43:00]   ℹ️ 1EPO.pdb resnum 对齐 311/330（19 个非标准/parse独有残基 frac=0）
[08:43:00]   ℹ️ 1EPO.pdb 分区 pocket=39/330 core=160 surface=146
[08:43:00]   ℹ️ 1BWS.pdb 分区 pocket=37/314 core=136 surface=156
[08:43:00]   ℹ️ 1JP6.pdb 分区 pocket=44/152 core=46 surface=91
[08:43:00]   ℹ️ 1EBT.pdb 分区 pocket=30/142 core=44 surface=83
[08:43:00]   ℹ️ 1JRL.pdb 分区 pocket=18/178 core=83 surface=89
[08:43:01]   ℹ️ 1RQE.pdb 分区 pocket=22/472 core=252 surface=204
[08:43:01]   ℹ️ 1E86.pdb 分区 pocket=54/125 core=21 surface=83
[08:43:01]   ℹ️ 1IN6.pdb 分区 pocket=42/300 core=124 surface=151
[08:43:02]   ℹ️ 1CI1.pdb 分区 pocket=27/497 core=299 surface=187
[08:43:02]   ℹ️ 1AQQ.pdb 分区 pocket=36/40 core=1 surface=29
[08:43:02]   ℹ️ 1LC5.pdb 分区 pocket=30/355 core=176 surface=161
[08:43:02]   ℹ️ 1FY9.pdb 分区 pocket=12/193 core=88 surface=100
[08:43:02]   ℹ️ 1B2L.pdb 分区 pocket=61/254 core=90 surface=126
[08:43:03]   ℹ️ 13YF.pdb 分区 pocket=150/457 core=165 surface=225
[08:43:03]   ℹ️ 1JQW.pdb 分区 pocket=57/149 core=42 surface=76
[08:43:03]   ℹ️ 1C7Q.pdb 分区 pocket=4/442 core=234 surface=208
[08:43:03]   ℹ️ 1DWR.pdb 分区 pocket=47/152 core=40 surface=90
[08:43:03]   ℹ️ 1LI3.pdb 分区 pocket=49/162 core=45 surface=89
[08:43:04]   ℹ️ 1BEJ.pdb 分区 pocket=46/291 core=135 surface=126
[08:43:04]   ℹ️ 1E22.pdb 分区 pocket=91/486 core=186 surface=245
[08:43:04]   ℹ️ 1Q54.pdb 分区 pocket=63/356 core=140 surface=158
[08:43:05]   ℹ️ 1GV3.pdb 分区 pocket=34/426 core=220 surface=178
[08:43:05]   ℹ️ 1GWT.pdb 分区 pocket=97/307 core=99 surface=140
[08:43:05]   ℹ️ 1EJ1.pdb 分区 pocket=33/368 core=186 surface=168
[08:43:05]   ℹ️ 1IKJ.pdb 分区 pocket=50/184 core=53 surface=95
[08:43:06]   ℹ️ 1OBG.pdb 分区 pocket=56/305 core=117 surface=154
[08:43:06]   ℹ️ 1A80.pdb 分区 pocket=41/277 core=122 surface=125
[08:43:06]   ℹ️ 1EOW.pdb 分区 pocket=19/124 core=40 surface=71
[08:43:06]   ℹ️ 1DFF.pdb 分区 pocket=14/164 core=64 surface=87
[08:43:07]   ℹ️ 1BQS.pdb 分区 pocket=10/209 core=77 surface=130
[08:43:07]   ℹ️ 1BU8.pdb resnum 对齐 439/446（7 个非标准/parse独有残基 frac=0）
[08:43:07]   ℹ️ 1BU8.pdb 分区 pocket=8/446 core=254 surface=186
[08:43:07]   ℹ️ 1AIR.pdb 分区 pocket=12/352 core=193 surface=151
[08:43:07]   ℹ️ 1FE4.pdb 分区 pocket=32/136 core=40 surface=84
[08:43:08]   ℹ️ 1DVI.pdb 分区 pocket=86/346 core=138 surface=154
[08:43:08]   ℹ️ 1IUA.pdb 分区 pocket=51/83 core=4 surface=56
[08:43:08]   ℹ️ 1LYE.pdb 分区 pocket=25/162 core=62 surface=87
[08:43:09]   ℹ️ 1H1Z.pdb 分区 pocket=80/438 core=220 surface=168
[08:43:09]   ℹ️ 1N69.pdb 分区 pocket=45/236 core=58 surface=164
[08:43:09]   ℹ️ 1LAN.pdb 分区 pocket=74/485 core=235 surface=195
[08:43:10]   ℹ️ 1SMD.pdb 分区 pocket=37/495 core=265 surface=199
[08:43:10]   ℹ️ 1GMM.pdb 分区 pocket=30/126 core=41 surface=67
[08:43:10]   ℹ️ 1FTH.pdb 分区 pocket=56/346 core=141 surface=170
[08:43:10]   ℹ️ 1E82.pdb resnum 对齐 311/330（19 个非标准/parse独有残基 frac=0）
[08:43:10]   ℹ️ 1E82.pdb 分区 pocket=40/330 core=157 surface=146
[08:43:11]   ℹ️ 1I1W.pdb 分区 pocket=79/302 core=128 surface=131
[08:43:11]   ℹ️ 1KBK.pdb 分区 pocket=40/495 core=263 surface=201
[08:43:11]   ℹ️ 1ELD.pdb 分区 pocket=45/240 core=98 surface=111
[08:43:12]   ℹ️ 1JBW.pdb 分区 pocket=80/409 core=176 surface=172
[08:43:12]   ℹ️ 1QV0.pdb 分区 pocket=59/185 core=51 surface=98
[08:43:12]   ℹ️ 1OM8.pdb 分区 pocket=72/452 core=212 surface=205
[08:43:12]   ℹ️ 1JAW.pdb 分区 pocket=19/440 core=225 surface=199
[08:43:12]   ℹ️ 1LR7.pdb 分区 pocket=11/73 core=18 surface=54
[08:43:13]   ℹ️ 1IS9.pdb 分区 pocket=98/358 core=134 surface=141
[08:43:13]   ℹ️ 1L1G.pdb 分区 pocket=100/240 core=66 surface=109
[08:43:13]   ℹ️ 1N9I.pdb 分区 pocket=43/154 core=46 surface=87
[08:43:13]   ℹ️ 1K59.pdb 分区 pocket=14/122 core=50 surface=70
[08:43:14]   ℹ️ 1LPD.pdb 分区 pocket=15/254 core=118 surface=125
[08:43:14]   ℹ️ 1DPW.pdb 分区 pocket=38/129 core=38 surface=70
[08:43:14]   ℹ️ 1CU2.pdb 分区 pocket=28/162 core=59 surface=87
[08:43:14]   ℹ️ 1ECN.pdb 分区 pocket=30/136 core=42 surface=80
[08:43:14]   ℹ️ 1J9B.pdb 分区 pocket=39/137 core=40 surface=79
[08:43:14]   ℹ️ 1CBQ.pdb 分区 pocket=34/137 core=44 surface=80
[08:43:15]   ℹ️ 13ZR.pdb 分区 pocket=143/457 core=165 surface=229
[08:43:15]   ℹ️ 138L.pdb 分区 pocket=18/162 core=65 surface=88
[08:43:15]   ℹ️ 1OEP.pdb 分区 pocket=48/422 core=213 surface=174
[08:43:15]   ℹ️ 1B1B.pdb 分区 pocket=26/140 core=46 surface=77
[08:43:15]   ℹ️ 1L98.pdb 分区 pocket=10/164 core=68 surface=90
[08:43:15]   ℹ️ 1AZ2.pdb 分区 pocket=50/314 core=137 surface=136
[08:43:16]   ℹ️ 1HUV.pdb 分区 pocket=57/349 core=152 surface=152
[08:43:16]   ℹ️ 1KK2.pdb 分区 pocket=45/396 core=188 surface=188
[08:43:17]   ℹ️ 1GUS.pdb 分区 pocket=55/402 core=200 surface=150
[08:43:17]   ℹ️ 1OAG.pdb 分区 pocket=57/249 core=106 surface=110
[08:43:17]   ℹ️ 1LIC.pdb 分区 pocket=44/130 core=24 surface=86
[08:43:17]   ℹ️ 1FJV.pdb 分区 pocket=53/316 core=144 surface=141
[08:43:17]   ℹ️ 1IMX.pdb 分区 pocket=25/56 core=7 surface=42
[08:43:17]   ℹ️ 1GI3.pdb resnum 对齐 212/223（11 个非标准/parse独有残基 frac=0）
[08:43:17]   ℹ️ 1GI3.pdb 分区 pocket=35/223 core=106 surface=97
[08:43:18]   ℹ️ 1GIL.pdb 分区 pocket=40/310 core=132 surface=148
[08:43:18]   ℹ️ 1LLH.pdb 分区 pocket=18/162 core=62 surface=91
[08:43:18]   ℹ️ 1PEA.pdb 分区 pocket=14/368 core=213 surface=143
[08:43:18]   ℹ️ 1FJU.pdb 分区 pocket=59/316 core=140 surface=141
[08:43:19]   ℹ️ 1OCQ.pdb 分区 pocket=50/300 core=149 surface=123
[08:43:19]   ℹ️ 1HSR.pdb 分区 pocket=90/336 core=118 surface=150
[08:43:19]   ℹ️ 1BU5.pdb 分区 pocket=71/294 core=114 surface=152
[08:43:19]   ℹ️ 1H0S.pdb 分区 pocket=51/137 core=42 surface=72
[08:43:20]   ℹ️ 1JAQ.pdb 分区 pocket=52/158 core=47 surface=81
[08:43:20]   ℹ️ 1J16.pdb resnum 对齐 217/223（6 个非标准/parse独有残基 frac=0）
[08:43:20]   ℹ️ 1J16.pdb 分区 pocket=86/223 core=82 surface=96
[08:43:20]   ℹ️ 1LAH.pdb 分区 pocket=25/238 core=103 surface=111
[08:43:20]   ℹ️ 1AKU.pdb 分区 pocket=48/147 core=49 surface=78
[08:43:21]   ℹ️ 1NX6.pdb 分区 pocket=35/356 core=154 surface=177
[08:43:21]   ℹ️ 1E12.pdb 分区 pocket=77/239 core=81 surface=112
[08:43:21]   ℹ️ 1DY1.pdb 分区 pocket=15/183 core=87 surface=90
[08:43:21]   ℹ️ 1H4K.pdb 分区 pocket=47/271 core=124 surface=120
[08:43:21]   ℹ️ 1JIN.pdb 分区 pocket=69/403 core=167 surface=182
[08:43:22]   ℹ️ 1K8T.pdb 分区 pocket=45/498 core=199 surface=274
[08:43:22]   ℹ️ 1BL4.pdb 分区 pocket=56/214 core=60 surface=122
[08:43:22]   ℹ️ 1PPM.pdb 分区 pocket=60/323 core=142 surface=146
[08:43:22]   ℹ️ 1HIP.pdb 分区 pocket=29/85 core=11 surface=55
[08:43:22]   ℹ️ 1QNO.pdb 分区 pocket=37/344 core=187 surface=140
[08:43:23]   ℹ️ 1BH2.pdb 分区 pocket=42/315 core=138 surface=146
[08:43:23]   ℹ️ 1EYQ.pdb 分区 pocket=87/424 core=205 surface=174
[08:43:23]   ℹ️ 1MOH.pdb 分区 pocket=30/142 core=41 surface=86
[08:43:24]   ℹ️ 1G8I.pdb 分区 pocket=153/368 core=67 surface=228
[08:43:24]   ℹ️ 11CG.pdb 分区 pocket=86/139 core=22 surface=74
[08:43:24]   ℹ️ 1CGD.pdb 分区 pocket=60/60 core=0 surface=60
[08:43:24]   ℹ️ 1INO.pdb 分区 pocket=13/175 core=80 surface=87
[08:43:24]   ℹ️ 1BQ6.pdb 分区 pocket=62/387 core=182 surface=167
[08:43:25]   ℹ️ 1AEH.pdb 分区 pocket=52/291 core=129 surface=124
[08:43:25]   ℹ️ 1HZI.pdb 分区 pocket=23/127 core=51 surface=66
[08:43:25]   ℹ️ 1M0K.pdb 分区 pocket=120/222 core=48 surface=111
[08:43:25]   ℹ️ 1BL8.pdb 分区 pocket=28/388 core=192 surface=176
[08:43:25]   ℹ️ 1BQ5.pdb 分区 pocket=22/333 core=162 surface=153
[08:43:26]   ℹ️ 1AQH.pdb 分区 pocket=29/448 core=233 surface=191
[08:43:26]   ℹ️ 1NHJ.pdb 分区 pocket=46/333 core=133 surface=168
[08:43:26]   ℹ️ 1F42.pdb 分区 pocket=36/297 core=108 surface=176
[08:43:27]   ℹ️ 1QF5.pdb 分区 pocket=73/431 core=207 surface=172
[08:43:27]   ℹ️ 1E6S.pdb 分区 pocket=176/499 core=221 surface=194
[08:43:28]   ℹ️ 1S1A.pdb 分区 pocket=111/478 core=188 surface=214
[08:43:28]   ℹ️ 1HT9.pdb 分区 pocket=52/152 core=38 surface=90
[08:43:28]   ℹ️ 1AOE.pdb 分区 pocket=105/384 core=125 surface=192
[08:43:28]   ℹ️ 1GJO.pdb 分区 pocket=9/280 core=129 surface=146
[08:43:28]   ℹ️ 1L73.pdb 分区 pocket=46/162 core=49 surface=89
[08:43:29]   ℹ️ 1C09.pdb 分区 pocket=44/159 core=41 surface=93
[08:43:29]   ℹ️ 1PBB.pdb 分区 pocket=63/391 core=163 surface=178
[08:43:30]   ℹ️ 1IZD.pdb 分区 pocket=11/323 core=170 surface=149
[08:43:30]   ℹ️ 13GH.pdb 分区 pocket=3/186 core=82 surface=104
[08:43:30]   ℹ️ 1A2N.pdb 分区 pocket=44/418 core=218 surface=170
[08:43:30]   ℹ️ 1FY3.pdb 分区 pocket=27/219 core=108 surface=104
[08:43:31]   ℹ️ 1JBV.pdb 分区 pocket=63/403 core=178 surface=181
[08:43:31]   ℹ️ 1NW7.pdb 分区 pocket=36/271 core=111 surface=138
[08:43:31]   ℹ️ 1F7P.pdb 分区 pocket=55/347 core=154 surface=163
[08:43:31]   ℹ️ 1A26.pdb 分区 pocket=19/351 core=173 surface=167
[08:43:32]   ℹ️ 1DOG.pdb 分区 pocket=140/470 core=223 surface=174
[08:43:32]   ℹ️ 1PJX.pdb 分区 pocket=157/314 core=104 surface=125
[08:43:32]   ℹ️ 1IQZ.pdb 分区 pocket=32/81 core=17 surface=51
[08:43:32]   ℹ️ 1Q9H.pdb 分区 pocket=43/429 core=222 surface=185
[08:43:33]   ℹ️ 1DIF.pdb 分区 pocket=40/198 core=72 surface=104
[08:43:33]   ℹ️ 1G4P.pdb 分区 pocket=65/437 core=196 surface=196
[08:43:33]   ℹ️ 1HUR.pdb 分区 pocket=67/360 core=149 surface=172
[08:43:34]   ℹ️ 1BLI.pdb 分区 pocket=37/481 core=264 surface=188
[08:43:34]   ℹ️ 1FE3.pdb 分区 pocket=27/131 core=38 surface=77
[08:43:34]   ℹ️ 1LN8.pdb 分区 pocket=13/119 core=37 surface=75
[08:43:34]   ℹ️ 1DKA.pdb 分区 pocket=56/431 core=209 surface=188
[08:43:34]   ℹ️ 1H53.pdb 分区 pocket=21/121 core=43 surface=68
[08:43:34]   ℹ️ 1J25.pdb 分区 pocket=6/133 core=54 surface=74
[08:43:35]   ℹ️ 1IPC.pdb 分区 pocket=12/186 core=83 surface=97
[08:43:35]   ℹ️ 1NCO.pdb 分区 pocket=68/226 core=52 surface=138
[08:43:35]   ℹ️ 13YX.pdb 分区 pocket=148/457 core=167 surface=224
[08:43:35]   ℹ️ 1L48.pdb 分区 pocket=10/164 core=68 surface=90
[08:43:36]   ℹ️ 1A8H.pdb 分区 pocket=13/500 core=281 surface=215
[08:43:36]   ℹ️ 1IAQ.pdb 分区 pocket=85/453 core=198 surface=213
[08:43:37]   ℹ️ 1E32.pdb 分区 pocket=30/436 core=195 surface=221
[08:43:37]   ℹ️ 1OQH.pdb 分区 pocket=31/329 core=153 surface=149
[08:43:37]   ℹ️ 1JZE.pdb 分区 pocket=38/128 core=36 surface=67
[08:43:37]   预解析+encode 1199/1364（跳过 1）
[08:43:37]   ℹ️ 1OFN.pdb 分区 pocket=60/404 core=188 surface=170
[08:43:37]   ℹ️ 1K63.pdb 分区 pocket=45/295 core=148 surface=118
[08:43:38]   ℹ️ 1LON.pdb 分区 pocket=74/431 core=198 surface=178
[08:43:38]   ℹ️ 1P4F.pdb 分区 pocket=28/269 core=119 surface=135
[08:43:38]   ℹ️ 1KE9.pdb 分区 pocket=33/281 core=125 surface=134
[08:43:38]   ℹ️ 1NAZ.pdb 分区 pocket=53/154 core=46 surface=88
[08:43:39]   ℹ️ 1IL9.pdb 分区 pocket=27/267 core=114 surface=131
[08:43:39]   ℹ️ 1C8I.pdb 分区 pocket=100/336 core=110 surface=150
[08:43:39]   ℹ️ 1CZE.pdb 分区 pocket=41/396 core=185 surface=182
[08:43:40]   ℹ️ 1HK7.pdb 分区 pocket=38/495 core=236 surface=252
[08:43:40]   ℹ️ 13PH.pdb 分区 pocket=32/313 core=149 surface=153
[08:43:40]   ℹ️ 1FDR.pdb 分区 pocket=37/244 core=112 surface=113
[08:43:40]   ℹ️ 1OE8.pdb 分区 pocket=42/409 core=181 surface=199
[08:43:41]   ℹ️ 1DF8.pdb 分区 pocket=61/238 core=81 surface=120
[08:43:41]   ℹ️ 1E0B.pdb 分区 pocket=6/120 core=49 surface=70
[08:43:41]   ℹ️ 1IHP.pdb 分区 pocket=6/434 core=249 surface=183
[08:43:41]   ℹ️ 1NV4.pdb 分区 pocket=45/329 core=151 surface=149
[08:43:42]   ℹ️ 1GT1.pdb 分区 pocket=74/313 core=102 surface=153
[08:43:42]   ℹ️ 1MFT.pdb 分区 pocket=35/102 core=18 surface=60
[08:43:42]   ℹ️ 1JDL.pdb 分区 pocket=45/118 core=21 surface=68
[08:43:42]   ℹ️ 1CZR.pdb 分区 pocket=36/169 core=63 surface=88
[08:43:42]   ℹ️ 1E3J.pdb 分区 pocket=51/348 core=160 surface=159
[08:43:42]   ℹ️ 1Q4W.pdb 分区 pocket=45/363 core=175 surface=155
[08:43:43]   ℹ️ 1D07.pdb 分区 pocket=29/293 core=155 surface=114
[08:43:43]   ℹ️ 1IYB.pdb 分区 pocket=37/416 core=186 surface=204
[08:43:43]   ℹ️ 1KGG.pdb 分区 pocket=17/257 core=134 surface=110
[08:43:43]   ℹ️ 1LQW.pdb 分区 pocket=32/363 core=160 surface=177
[08:43:44]   ℹ️ 1SD0.pdb 分区 pocket=46/357 core=162 surface=158
[08:43:44]   ℹ️ 1AZ8.pdb resnum 对齐 212/223（11 个非标准/parse独有残基 frac=0）
[08:43:44]   ℹ️ 1AZ8.pdb 分区 pocket=31/223 core=113 surface=94
[08:43:45]   ℹ️ 1PVF.pdb 分区 pocket=54/356 core=155 surface=154
[08:43:45]   ℹ️ 1F8D.pdb resnum 对齐 383/388（5 个非标准/parse独有残基 frac=0）
[08:43:45]   ℹ️ 1F8D.pdb 分区 pocket=57/388 core=202 surface=151
[08:43:45]   ℹ️ 1L92.pdb 分区 pocket=24/162 core=61 surface=89
[08:43:45]   ℹ️ 1LOL.pdb 分区 pocket=69/418 core=196 surface=174
[08:43:46]   ℹ️ 1KMV.pdb 分区 pocket=73/185 core=51 surface=95
[08:43:46]   ℹ️ 1G7G.pdb 分区 pocket=28/297 core=153 surface=125
[08:43:46]   ℹ️ 1P2U.pdb 分区 pocket=44/162 core=61 surface=81
[08:43:46]   ℹ️ 1E9F.pdb 分区 pocket=49/202 core=70 surface=101
[08:43:46]   ℹ️ 1A7I.pdb 分区 pocket=35/60 core=1 surface=45
[08:43:46]   ℹ️ 1MD3.pdb 分区 pocket=70/416 core=182 surface=188
[08:43:47]   ℹ️ 1NN0.pdb 分区 pocket=49/209 core=74 surface=101
[08:43:47]   ℹ️ 1OI0.pdb 分区 pocket=55/426 core=172 surface=226
[08:43:47]   ℹ️ 1CLK.pdb 分区 pocket=23/387 core=168 surface=201
[08:43:47]   ℹ️ 1MYJ.pdb 分区 pocket=80/306 core=91 surface=176
[08:43:48]   ℹ️ 1GOJ.pdb 分区 pocket=32/354 core=150 surface=184
[08:43:48]   ℹ️ 1D8M.pdb 分区 pocket=115/342 core=115 surface=164
[08:43:48]   ℹ️ 1H87.pdb 分区 pocket=43/129 core=40 surface=71
[08:43:49]   ℹ️ 1E93.pdb 分区 pocket=78/475 core=180 surface=241
[08:43:49]   ℹ️ 1G0P.pdb 分区 pocket=24/164 core=62 surface=89
[08:43:49]   ℹ️ 1L86.pdb 分区 pocket=23/162 core=62 surface=88
[08:43:49]   ℹ️ 1HVV.pdb 分区 pocket=20/256 core=79 surface=168
[08:43:50]   ℹ️ 1GRV.pdb 分区 pocket=21/337 core=175 surface=141
[08:43:50]   ℹ️ 1QBN.pdb 分区 pocket=43/223 core=98 surface=101
[08:43:50]   ℹ️ 1NPA.pdb 分区 pocket=43/198 core=73 surface=96
[08:43:50]   ℹ️ 1G9H.pdb 分区 pocket=47/448 core=227 surface=186
[08:43:51]   ℹ️ 1B23_P.pdb 分区 pocket=110/405 core=170 surface=163
[08:43:51]   ℹ️ 1BHM_B.pdb 分区 pocket=46/208 core=81 surface=99
[08:43:51]   ℹ️ 1I6J_A.pdb 分区 pocket=17/256 core=108 surface=138
[08:43:51]   ℹ️ 1U1N_A.pdb 分区 pocket=37/183 core=56 surface=103
[08:43:52]   ℹ️ 2BX2_L.pdb 分区 pocket=50/500 core=204 surface=271
[08:43:52]   ℹ️ 2IH5_A.pdb 分区 pocket=102/390 core=155 surface=165
[08:43:53]   ℹ️ 2JLY_A.pdb 分区 pocket=111/451 core=191 surface=184
[08:43:53]   ℹ️ 2V3C_C.pdb 分区 pocket=73/403 core=166 surface=204
[08:43:54]   ℹ️ 2V3C_D.pdb 分区 pocket=42/401 core=175 surface=208
[08:43:54]   ℹ️ 2W42_A.pdb 分区 pocket=52/395 core=188 surface=171
[08:43:55]   ℹ️ 3BSX_B.pdb 分区 pocket=64/340 core=132 surface=158
[08:43:55]   ℹ️ 3R2C_A.pdb 分区 pocket=85/138 core=31 surface=61
[08:43:55]   ℹ️ 3V9W_A.pdb 分区 pocket=54/202 core=67 surface=102
[08:43:55]   ℹ️ 3V9W_C.pdb 分区 pocket=52/206 core=71 surface=103
[08:43:55]   ℹ️ 3VAG_A.pdb 分区 pocket=63/174 core=43 surface=107
[08:43:55]   ℹ️ 3WVK_A.pdb 分区 pocket=75/298 core=105 surface=163
[08:43:56]   ℹ️ 3ZVM_B.pdb 分区 pocket=139/379 core=114 surface=186
[08:43:56]   ℹ️ 4JNG_D.pdb 分区 pocket=68/223 core=63 surface=123
[08:43:56]   ℹ️ 4N48_A.pdb 分区 pocket=73/401 core=183 surface=171
[08:43:56]   ℹ️ 4NGD_A.pdb 分区 pocket=47/280 core=110 surface=146
[08:43:57]   ℹ️ 4NOD_A.pdb 分区 pocket=75/190 core=26 surface=135
[08:43:57]   ℹ️ 4QZ9_A.pdb 分区 pocket=79/351 core=123 surface=176
[08:43:57]   ℹ️ 4S0N_C.pdb 分区 pocket=34/124 core=39 surface=70
[08:43:57]   ℹ️ 4S0N_D.pdb 分区 pocket=43/126 core=33 surface=73
[08:43:57]   ℹ️ 4V4T_AE.pdb 分区 pocket=65/150 core=40 surface=65
[08:43:57]   ℹ️ 4V4T_AF.pdb 分区 pocket=25/101 core=31 surface=61
[08:43:58]   ℹ️ 4V4T_AL.pdb 分区 pocket=86/124 core=14 surface=64
[08:43:58]   ℹ️ 4V4T_AS.pdb 分区 pocket=44/80 core=11 surface=41
[08:43:58]   ℹ️ 4V4T_BG.pdb 分区 pocket=84/122 core=8 surface=77
[08:43:58]   ℹ️ 4V4T_BH.pdb 分区 pocket=36/164 core=49 surface=96
[08:43:58]   ℹ️ 4V4T_BK.pdb 分区 pocket=56/133 core=28 surface=69
[08:43:59]   ℹ️ 4V4T_BS.pdb 分区 pocket=75/113 core=17 surface=52
[08:43:59]   ℹ️ 4V4T_BT.pdb 分区 pocket=25/52 core=7 surface=40
[08:43:59]   ℹ️ 4V4T_BW.pdb 分区 pocket=66/108 core=17 surface=49
[08:43:59]   ℹ️ 4V4T_BX.pdb 分区 pocket=46/76 core=13 surface=37
[08:44:00]   ℹ️ 4V4T_BZ.pdb 分区 pocket=61/177 core=41 surface=107
[08:44:00]   ℹ️ 4YBB_AD.pdb 分区 pocket=92/205 core=64 surface=83
[08:44:00]   ℹ️ 4YBB_AE.pdb 分区 pocket=62/155 core=45 surface=70
[08:44:00]   ℹ️ 4YBB_AP.pdb 分区 pocket=60/82 core=9 surface=32
[08:44:00]   ℹ️ 4YBB_AQ.pdb 分区 pocket=47/80 core=16 surface=45
[08:44:01]   ℹ️ 4YBB_AU.pdb 分区 pocket=17/56 core=5 surface=47
[08:44:01]   ℹ️ 4YBB_BE.pdb 分区 pocket=66/150 core=42 surface=66
[08:44:01]   ℹ️ 4YBB_BJ.pdb 分区 pocket=48/98 core=15 surface=52
[08:44:01]   ℹ️ 4YBB_C2.pdb 分区 pocket=31/50 core=4 surface=29
[08:44:01]   ℹ️ 4YBB_C4.pdb 分区 pocket=59/64 core=1 surface=31
[08:44:02]   ℹ️ 4YBB_CF.pdb 分区 pocket=76/177 core=46 surface=80
[08:44:02]   ℹ️ 4YBB_CG.pdb 分区 pocket=53/176 core=50 surface=96
[08:44:02]   ℹ️ 4YBB_CH.pdb 分区 pocket=15/149 core=40 surface=102
[08:44:02]   ℹ️ 4YBB_CL.pdb 分区 pocket=57/122 core=38 surface=53
[08:44:03]   ℹ️ 4YBB_CM.pdb 分区 pocket=98/144 core=17 surface=75
[08:44:03]   ℹ️ 4YBB_CQ.pdb 分区 pocket=47/114 core=24 surface=66
[08:44:03]   ℹ️ 4YBB_CT.pdb 分区 pocket=70/110 core=16 surface=48
[08:44:03]   ℹ️ 4YBB_CV.pdb 分区 pocket=56/102 core=17 surface=57
[08:44:04]   ℹ️ 4YBB_CZ.pdb 分区 pocket=27/62 core=8 surface=38
[08:44:04]   ℹ️ 4YBB_D2.pdb 分区 pocket=32/51 core=5 surface=29
[08:44:04]   ℹ️ 4YBB_DI.pdb 分区 pocket=39/135 core=43 surface=70
[08:44:04]   ℹ️ 4YBB_DX.pdb 分区 pocket=60/76 core=8 surface=30
[08:44:05]   ℹ️ 4ZDP_B.pdb 分区 pocket=50/443 core=211 surface=203
[08:44:05]   ℹ️ 5BTE_A.pdb 分区 pocket=60/365 core=147 surface=176
[08:44:05]   ℹ️ 5GKR_D.pdb resnum 对齐 198/206（8 个非标准/parse独有残基 frac=0）
[08:44:05]   ℹ️ 5GKR_D.pdb 分区 pocket=1/206 core=88 surface=117
[08:44:05]   ℹ️ 5HNK_A.pdb 分区 pocket=39/272 core=123 surface=129
[08:44:05]   ℹ️ 5KKQ_D.pdb 分区 pocket=115/145 core=0 surface=102
[08:44:06]   ℹ️ 5VVL_D.pdb 分区 pocket=20/271 core=125 surface=137
[08:44:06]   ℹ️ 5W5H_C.pdb 分区 pocket=74/446 core=180 surface=210
[08:44:06]   ℹ️ 5ZR1_E.pdb 分区 pocket=64/460 core=175 surface=259
[08:44:07]   ℹ️ 5ZR1_F.pdb 分区 pocket=5/160 core=55 surface=104
[08:44:07]   ℹ️ 6D0Z_A.pdb 分区 pocket=110/430 core=155 surface=214
[08:44:07]   ℹ️ 6IFL_E.pdb 分区 pocket=69/217 core=65 surface=111
[08:44:08]   ℹ️ 6IFL_H.pdb 分区 pocket=84/348 core=126 surface=163
[08:44:08]   ℹ️ 6PUN_C.pdb 分区 pocket=64/388 core=159 surface=184
[08:44:08]   ℹ️ 6Q1H_G.pdb 分区 pocket=16/239 core=108 surface=123
[08:44:08]   ℹ️ 6X1B_B.pdb 分区 pocket=45/346 core=155 surface=168
[08:44:09]   ℹ️ 6XJQ_D.pdb 分区 pocket=27/214 core=75 surface=130
[08:44:09]   ℹ️ 6XJQ_H.pdb 分区 pocket=23/228 core=87 surface=131
[08:44:09]   ℹ️ 7ABS_A.pdb 分区 pocket=46/359 core=163 surface=168
[08:44:09]   ℹ️ 7B4E_A.pdb 分区 pocket=54/190 core=63 surface=104
[08:44:09]   ℹ️ 7K5D_A.pdb 分区 pocket=12/123 core=41 surface=75
[08:44:10]   ℹ️ 7KFN_A.pdb 分区 pocket=93/384 core=154 surface=160
[08:44:10]   ℹ️ 7L4X_B.pdb 分区 pocket=63/165 core=53 surface=80
[08:44:10]   ℹ️ 7P9Z_A.pdb 分区 pocket=44/242 core=111 surface=106
[08:44:10]   ℹ️ 7UYO_A.pdb 分区 pocket=16/247 core=105 surface=132
[08:44:10]   ℹ️ 7V9X_C.pdb 分区 pocket=18/132 core=42 surface=87
[08:44:11]   ℹ️ 7VN4_C.pdb 分区 pocket=74/437 core=182 surface=219
[08:44:11]   ℹ️ 7XPL_E.pdb 分区 pocket=56/231 core=89 surface=107
[08:44:11]   ℹ️ 7YCM_A.pdb 分区 pocket=107/456 core=197 surface=182
[08:44:12]   ℹ️ 7ZNJ_B.pdb 分区 pocket=0/144 core=55 surface=89
[08:44:12]   ℹ️ 8DR1_C.pdb 分区 pocket=53/330 core=112 surface=185
[08:44:12]   ℹ️ 8DR1_D.pdb 分区 pocket=52/343 core=115 surface=198
[08:44:12]   ℹ️ 8DR1_H.pdb 分区 pocket=1/255 core=127 surface=128
[08:44:12]   ℹ️ 8GWB_B.pdb 分区 pocket=17/187 core=38 surface=144
[08:44:13]   ℹ️ 8KBC_D.pdb 分区 pocket=13/131 core=28 surface=100
[08:44:13]   ℹ️ 8KBC_E.pdb 分区 pocket=10/130 core=27 surface=99
[08:44:13]   ℹ️ 8OIV_A.pdb 分区 pocket=62/293 core=122 surface=130
[08:44:13]   ℹ️ 9ASH_J.pdb 分区 pocket=67/311 core=112 surface=154
[08:44:13]   ℹ️ 9RVC_2.pdb 分区 pocket=63/65 core=2 surface=26
[08:44:14]   ℹ️ 9RVC_B.pdb 分区 pocket=40/226 core=103 surface=101
[08:44:14]   ℹ️ 9RVC_C.pdb 分区 pocket=52/203 core=72 surface=101
[08:44:14]   ℹ️ 9RVC_F.pdb 分区 pocket=24/95 core=33 surface=50
[08:44:14]   ℹ️ 9RVC_J.pdb 分区 pocket=79/145 core=38 surface=66
[08:44:15]   ℹ️ 9RVC_N.pdb 分区 pocket=41/60 core=7 surface=28
[08:44:15]   ℹ️ 9RVC_P.pdb 分区 pocket=63/87 core=10 surface=40
[08:44:16]   ℹ️ 9RVC_c.pdb 分区 pocket=184/273 core=57 surface=93
[08:44:16]   ℹ️ 9RVC_d.pdb 分区 pocket=127/215 core=48 surface=75
[08:44:17]   ℹ️ 9RVC_g.pdb 分区 pocket=48/175 core=55 surface=93
[08:44:17]   ℹ️ 9RVC_k.pdb 分区 pocket=97/146 core=19 surface=72
[08:44:17]   ℹ️ 9RVC_o.pdb 分区 pocket=42/109 core=24 surface=64
[08:44:18]   ℹ️ 9RVC_t.pdb 分区 pocket=51/90 core=16 surface=48
[08:44:18]   ℹ️ 9RVC_u.pdb 分区 pocket=34/93 core=23 surface=51
[08:44:18]   ℹ️ 9RVC_v.pdb 分区 pocket=68/81 core=6 surface=37
[08:44:18]   ℹ️ 9RVC_y.pdb 分区 pocket=43/56 core=5 surface=24
[08:44:18] ⚠️ 共跳过 1 个坏域（prody 无法解析），实际训练 1363 域
[08:44:18] 预解析完成，缓存 encode 特征 ~6.30GB
[08:44:18] 开始训练：16 epochs × 1363 域/epoch = 21808 steps
[08:46:33] epoch 1/16  total=6.7267  ce=1.3790  charge=6.8160  kl=0.0555  keep=0.6032  [cd self=6.162  mild=6.550  extreme=8.695]  elapsed=2.2min
[08:48:45] epoch 2/16  total=6.1765  ce=1.4318  charge=5.8341  kl=0.1033  keep=0.6871  [cd self=5.259  mild=5.293  extreme=7.568]  elapsed=4.4min
[08:50:55] epoch 3/16  total=6.0116  ce=1.4560  charge=5.5280  kl=0.1244  keep=0.7328  [cd self=5.032  mild=5.147  extreme=7.108]  elapsed=6.6min
[08:53:05] epoch 4/16  total=5.8232  ce=1.4758  charge=5.2241  kl=0.1416  keep=0.7379  [cd self=4.676  mild=4.627  extreme=6.889]  elapsed=8.8min
[08:55:14] epoch 5/16  total=5.7616  ce=1.4974  charge=5.0928  kl=0.1588  keep=0.7614  [cd self=4.481  mild=4.010  extreme=6.993]  elapsed=10.9min
[08:57:24] epoch 6/16  total=5.6345  ce=1.5056  charge=4.8743  kl=0.1664  keep=0.7757  [cd self=4.316  mild=4.150  extreme=6.608]  elapsed=13.1min
[08:59:31] epoch 7/16  total=5.5757  ce=1.5216  charge=4.7517  kl=0.1796  keep=0.8036  [cd self=4.284  mild=4.077  extreme=6.242]  elapsed=15.2min
[09:01:39] epoch 8/16  total=5.5056  ce=1.5250  charge=4.6351  kl=0.1817  keep=0.7945  [cd self=4.122  mild=4.065  extreme=6.166]  elapsed=17.4min
[09:03:50] epoch 9/16  total=5.5142  ce=1.5336  charge=4.6383  kl=0.1885  keep=0.7995  [cd self=4.076  mild=4.044  extreme=6.303]  elapsed=19.5min
[09:05:59] epoch 10/16  total=5.4598  ce=1.5395  charge=4.5236  kl=0.1927  keep=0.8191  [cd self=4.072  mild=4.123  extreme=5.891]  elapsed=21.7min
[09:08:08] epoch 11/16  total=5.4307  ce=1.5494  charge=4.4829  kl=0.2017  keep=0.8255  [cd self=3.986  mild=3.769  extreme=6.005]  elapsed=23.8min
[09:10:14] epoch 12/16  total=5.4253  ce=1.5444  charge=4.4972  kl=0.1974  keep=0.8102  [cd self=4.042  mild=4.117  extreme=5.786]  elapsed=25.9min
[09:12:20] epoch 13/16  total=5.3454  ce=1.5520  charge=4.3360  kl=0.2035  keep=0.8333  [cd self=3.839  mild=3.896  extreme=5.815]  elapsed=28.0min
[09:14:19] epoch 14/16  total=5.3733  ce=1.5595  charge=4.3873  kl=0.2099  keep=0.8324  [cd self=3.887  mild=3.883  extreme=5.861]  elapsed=30.0min
[09:16:26] epoch 15/16  total=5.3381  ce=1.5592  charge=4.3343  kl=0.2098  keep=0.8359  [cd self=3.828  mild=3.384  extreme=5.914]  elapsed=32.1min
[09:18:36] epoch 16/16  total=5.3204  ce=1.5564  charge=4.3216  kl=0.2070  keep=0.8307  [cd self=3.865  mild=3.876  extreme=5.684]  elapsed=34.3min
[09:18:36] 训练完成。总耗时 34.3min。checkpoint 在 /data/nfs/IC/baokun_yu/ConfuMPNN/ablation/runs/lig/run_noph/
